02-23 03:38:43.523  2545  6892 D SGM:GameManager: identifyGamePackage. com.google.android.packageinstaller, mCurrentUserId: 0, callerUserId: 0, callingMethodInfo: com.samsung.android.game.IGameManagerService$Stub.onTransact(IGameManagerService.java:228)
02-23 03:38:44.023  2545  2789 D SGM:GameManager: identifyGamePackage. com.google.android.packageinstaller, mCurrentUserId: 0, callerUserId: 0, callingMethodInfo: com.samsung.android.game.SemGameManager.isGamePackage(SemGameManager.java:105)
02-23 03:38:44.023  2545  2789 D SGM:SemGameManager: isGamePackage(), pkgName=com.google.android.packageinstaller, ret=false
02-23 03:38:44.024  2545  4361 D SGM:GameManager: identifyGamePackage. com.sec.android.app.launcher, mCurrentUserId: 0, callerUserId: 0, callingMethodInfo: com.samsung.android.game.IGameManagerService$Stub.onTransact(IGameManagerService.java:228)
02-23 03:38:44.037  2545  2789 D SGM:GameManager: identifyGamePackage. com.sec.android.app.launcher, mCurrentUserId: 0, callerUserId: 0, callingMethodInfo: com.samsung.android.game.SemGameManager.isGamePackage(SemGameManager.java:105)
02-23 03:38:44.037  2545  2789 D SGM:SemGameManager: isGamePackage(), pkgName=com.sec.android.app.launcher, ret=false
02-23 03:38:44.230  2545  3717 D SGM:GameManager: identifyGamePackage. com.sikwin.app, mCurrentUserId: 0, callerUserId: 0, callingMethodInfo: com.samsung.android.game.SemGameManager.isGamePackage(SemGameManager.java:105)
02-23 03:38:44.230  2545  3717 D SGM:SemGameManager: isGamePackage(), pkgName=com.sikwin.app, ret=false
02-23 03:38:44.367  2545  2960 I SGM:GameManager: PkgUpdateReceiver, onReceive(), action=android.intent.action.PACKAGE_REMOVED, userId=0
02-23 03:38:44.367  2545  2960 I SGM:GameManager: PkgUpdateReceiver, onPackageRemoved(). pkgName=com.sikwin.app, userId=0
02-23 03:38:44.411  2545  3801 D SGM:GameManager: identifyGamePackage. com.sec.android.app.launcher, mCurrentUserId: 0, callerUserId: 0, callingMethodInfo: com.samsung.android.game.SemGameManager.isGamePackage(SemGameManager.java:105)
02-23 03:38:44.411  2545  3801 D SGM:SemGameManager: isGamePackage(), pkgName=com.sec.android.app.launcher, ret=false
02-23 03:38:44.479  2545  3717 D SGM:GameManager: identifyGamePackage. com.sikwin.app, mCurrentUserId: 0, callerUserId: 0, callingMethodInfo: com.samsung.android.game.SemGameManager.isGamePackage(SemGameManager.java:105)
02-23 03:38:44.479  2545  3717 D SGM:SemGameManager: isGamePackage(), pkgName=com.sikwin.app, ret=false
02-23 03:38:45.045  2545  2960 I SGM:GameManager: PkgUpdateReceiver, onReceive(), action=android.intent.action.PACKAGE_REMOVED, userId=95
02-23 03:38:45.045  2545  2960 I SGM:GameManager: PkgUpdateReceiver, onPackageRemoved(). pkgName=com.sikwin.app, userId=95
02-23 03:38:47.365  2545  3801 D SGM:GameManager: identifyGamePackage. com.sec.android.app.launcher, mCurrentUserId: 0, callerUserId: 0, callingMethodInfo: com.samsung.android.game.SemGameManager.isGamePackage(SemGameManager.java:105)
02-23 03:38:47.365  2545  3801 D SGM:SemGameManager: isGamePackage(), pkgName=com.sec.android.app.launcher, ret=false
02-23 03:38:49.946  2545  3717 D SGM:GameManager: identifyGamePackage. com.sikwin.app, mCurrentUserId: 0, callerUserId: 0, callingMethodInfo: com.samsung.android.game.SemGameManager.isGamePackage(SemGameManager.java:105)
02-23 03:38:49.946  2545  3717 D SGM:SemGameManager: isGamePackage(), pkgName=com.sikwin.app, ret=false
02-23 03:38:49.952  2545  3808 D SGM:GameManager: identifyGamePackage. com.sikwin.app, mCurrentUserId: 0, callerUserId: 0, callingMethodInfo: com.samsung.android.game.SemGameManager.isGamePackage(SemGameManager.java:105)
02-23 03:38:49.952  2545  3808 D SGM:SemGameManager: isGamePackage(), pkgName=com.sikwin.app, ret=false
02-23 03:38:49.954  2545  2545 V GameManagerService_GamePackageConfiguration: No android.game_mode_config meta-data found for package com.sikwin.app
02-23 03:38:49.954  2545  2545 V GameManagerService: Inactive package config for com.sikwin.app:[Name:com.sikwin.app Modes: {}]
02-23 03:38:49.954  2545  2545 I GameManagerService: removeConfigOverride for package com.sikwin.app
02-23 03:38:49.955  2545  2545 V GameManagerService: Package configuration not found for com.sikwin.app
02-23 03:38:49.958  2545  3906 D SGM:GameManager: identifyGamePackage. com.sikwin.app, mCurrentUserId: 0, callerUserId: 0, callingMethodInfo: com.samsung.android.game.SemGameManager.isGamePackage(SemGameManager.java:105)
02-23 03:38:49.958  2545  3906 D SGM:SemGameManager: isGamePackage(), pkgName=com.sikwin.app, ret=false
02-23 03:38:49.958  2545  3906 D SGM:GameManager: identifyGamePackage. com.sikwin.app, mCurrentUserId: 0, callerUserId: 0, callingMethodInfo: com.samsung.android.game.SemGameManager.isGamePackage(SemGameManager.java:105)
02-23 03:38:49.959  2545  3906 D SGM:SemGameManager: isGamePackage(), pkgName=com.sikwin.app, ret=false
02-23 03:38:50.012  2545  3717 D SGM:GameManager: identifyGamePackage. com.sikwin.app, mCurrentUserId: 0, callerUserId: 0, callingMethodInfo: com.samsung.android.game.SemGameManager.isGamePackage(SemGameManager.java:105)
02-23 03:38:50.012  2545  3717 D SGM:SemGameManager: isGamePackage(), pkgName=com.sikwin.app, ret=false
02-23 03:38:50.048  2545  2960 I SGM:GameManager: PkgUpdateReceiver, onReceive(), action=android.intent.action.PACKAGE_ADDED, userId=0
02-23 03:38:50.048  2545  2960 I SGM:GameManager: PkgUpdateReceiver, onPackageAdded : com.sikwin.app userHandle : UserHandle{0} userId : 0
02-23 03:38:50.049  2545  2960 I SGM:GameManager: PkgUpdateReceiver, com.samsung.android.game.gos is enabled : true
02-23 03:38:50.062  2545  6787 D SGM:GameManager: identifyGamePackage. com.sikwin.app, mCurrentUserId: 0, callerUserId: 0, callingMethodInfo: com.samsung.android.game.IGameManagerService$Stub.onTransact(IGameManagerService.java:228)
02-23 03:38:50.139  2545  2789 D SGM:GameManager: identifyGamePackage. com.sec.android.app.launcher, mCurrentUserId: 0, callerUserId: 0, callingMethodInfo: com.samsung.android.game.SemGameManager.isGamePackage(SemGameManager.java:105)
02-23 03:38:50.139  2545  2789 D SGM:SemGameManager: isGamePackage(), pkgName=com.sec.android.app.launcher, ret=false
02-23 03:38:50.147  2545  6892 D SGM:GameManager: getVersion.
02-23 03:38:50.165  2545  2960 I SGM:GameManager: PkgUpdateReceiver, onReceive(), action=android.intent.action.PACKAGE_ADDED, userId=95
02-23 03:38:50.166  2545  2960 I SGM:GameManager: PkgUpdateReceiver, onPackageAdded : com.sikwin.app userHandle : UserHandle{95} userId : 95
02-23 03:38:50.167  2545  2960 I SGM:GameManager: PkgUpdateReceiver, com.samsung.android.game.gos is enabled : true
02-23 03:38:50.210  2545  2787 V GameManagerService: setDefaultFrameRateOverride : 10741 , 0.0
02-23 03:38:50.215  2545  6896 D SGM:GameManager: identifyForegroundApp. com.sec.android.app.launcher, mCurrentUserId: 0, callerUserId: 0
02-23 03:38:50.222  2545  6896 D SGM:GameManager: identifyGamePackage. com.sikwin.app, mCurrentUserId: 0, callerUserId: 0, callingMethodInfo: com.samsung.android.game.IGameManagerService$Stub.onTransact(IGameManagerService.java:228)
02-23 03:38:50.301  2545  6893 D SGM:GameManager: setPackageConfigurations(). mCurrentUserId: 0, callerUserId: 0
02-23 03:38:50.332  2545  6893 D SGM:GameManager: setPackageConfigurations(). category=-1, pkgName=com.sikwin.app
02-23 03:38:50.332  2545  6893 D SGM:GameManager: setPackageConfiguration(). configuration: packageName: com.sikwin.app, performancePolicyForSsrm: null, optimalAspectRatio: 1.7777778, dynamicSurfaceScaling: 1.0, category: -1, categoryByUser: -1, fillBlackSurfaceOnMargins: false, userId: null
02-23 03:38:50.332  2545  6893 D SGM:GameManager: setPackageConfiguration(). pkgName=com.sikwin.app
02-23 03:38:50.333  2545  6893 D SGM:GameManager: setPackageConfiguration(). userIds=[0, 150]
02-23 03:38:50.333  2545  6893 D SGM:GameManager: setPackageConfiguration(). newCategory=-1
02-23 03:38:50.333  2545  6893 D SGM:GameManager: setPackageConfiguration(). userId=0
02-23 03:38:50.334  2545  6893 D SGM:GameManager: setPackageConfiguration(). userId=150
02-23 03:38:50.334  2545  6893 W SGM:GameManager: setPackageConfiguration(). the package is not installed. pkgName=com.sikwin.app, userId=150
02-23 03:38:50.334  2545  6893 D SGM:GameManager: syncAllGameConfigurationsWithSdhms(). sending intent to SDHMS.
02-23 03:38:50.405  2545  3801 D SGM:GameManager: identifyGamePackage. com.sikwin.app, mCurrentUserId: 0, callerUserId: 0, callingMethodInfo: com.samsung.android.game.SemGameManager.isGamePackage(SemGameManager.java:105)
02-23 03:38:50.405  2545  3801 D SGM:SemGameManager: isGamePackage(), pkgName=com.sikwin.app, ret=false
02-23 03:38:50.585  2545  2789 D SGM:GameManager: identifyGamePackage. com.sikwin.app, mCurrentUserId: 0, callerUserId: 0, callingMethodInfo: com.samsung.android.game.SemGameManager.isGamePackage(SemGameManager.java:105)
02-23 03:38:50.586  2545  2789 D SGM:SemGameManager: isGamePackage(), pkgName=com.sikwin.app, ret=false
02-23 03:38:50.644  2545  2789 D SGM:GameManager: identifyGamePackage. com.sikwin.app, mCurrentUserId: 0, callerUserId: 0, callingMethodInfo: com.samsung.android.game.SemGameManager.isGamePackage(SemGameManager.java:105)
02-23 03:38:50.644  2545  2789 D SGM:SemGameManager: isGamePackage(), pkgName=com.sikwin.app, ret=false
02-23 03:38:50.655  2545  5830 D SGM:GameManager: identifyForegroundApp. com.sikwin.app, mCurrentUserId: 0, callerUserId: 0
02-23 03:38:50.656  2545  6893 D SGM:GameManager: identifyGamePackage. com.google.android.permissioncontroller, mCurrentUserId: 0, callerUserId: 0, callingMethodInfo: com.samsung.android.game.IGameManagerService$Stub.onTransact(IGameManagerService.java:228)
02-23 03:38:50.660  2545  2789 D SGM:GameManager: identifyGamePackage. com.google.android.permissioncontroller, mCurrentUserId: 0, callerUserId: 0, callingMethodInfo: com.samsung.android.game.SemGameManager.isGamePackage(SemGameManager.java:105)
02-23 03:38:50.660  2545  2789 D SGM:SemGameManager: isGamePackage(), pkgName=com.google.android.permissioncontroller, ret=false
02-23 03:38:51.054  2545  6893 D SGM:GameManager: identifyGamePackage. com.google.android.permissioncontroller, mCurrentUserId: 0, callerUserId: 0, callingMethodInfo: com.samsung.android.game.IGameManagerService$Stub.onTransact(IGameManagerService.java:228)
02-23 03:38:51.251  2545  2789 D SGM:GameManager: identifyForegroundApp. com.sikwin.app, mCurrentUserId: 0, callerUserId: 0
02-23 03:38:51.251  2545  2789 D SGM:SemGameManager: isForegroundGame(), ret=false
02-23 03:38:52.208  2545  2789 D SGM:GameManager: identifyGamePackage. com.google.android.permissioncontroller, mCurrentUserId: 0, callerUserId: 0, callingMethodInfo: com.samsung.android.game.SemGameManager.isGamePackage(SemGameManager.java:105)
02-23 03:38:52.208  2545  2789 D SGM:SemGameManager: isGamePackage(), pkgName=com.google.android.permissioncontroller, ret=false
02-23 03:38:52.240  2545  2789 D SGM:GameManager: identifyGamePackage. com.sikwin.app, mCurrentUserId: 0, callerUserId: 0, callingMethodInfo: com.samsung.android.game.SemGameManager.isGamePackage(SemGameManager.java:105)
02-23 03:38:52.240  2545  2789 D SGM:SemGameManager: isGamePackage(), pkgName=com.sikwin.app, ret=false
02-23 03:38:52.255  2545  2787 V GameManagerService: Game power mode ON (only games in foreground)
02-23 03:38:52.557  2545  2613 D SGM:GameManager: identifyGamePackage. com.sikwin.app, mCurrentUserId: 0, callerUserId: 0, callingMethodInfo: com.samsung.android.game.IGameManagerService$Stub.onTransact(IGameManagerService.java:228)
02-23 03:38:52.735  2545  2789 D SGM:GameManager: identifyForegroundApp. com.sikwin.app, mCurrentUserId: 0, callerUserId: 0
02-23 03:38:52.735  2545  2789 D SGM:SemGameManager: isForegroundGame(), ret=false
02-23 03:38:53.449  2545  3801 D SGM:GameManager: identifyGamePackage. com.sikwin.app, mCurrentUserId: 0, callerUserId: 0, callingMethodInfo: com.samsung.android.game.SemGameManager.isGamePackage(SemGameManager.java:105)
02-23 03:38:53.449  2545  3801 D SGM:SemGameManager: isGamePackage(), pkgName=com.sikwin.app, ret=false
02-23 03:38:55.002  2545  2789 D SGM:GameManager: identifyForegroundApp. com.sikwin.app, mCurrentUserId: 0, callerUserId: 0
02-23 03:38:55.002  2545  2789 D SGM:SemGameManager: isForegroundGame(), ret=false
02-23 03:38:56.011  2545  2789 D SGM:GameManager: identifyForegroundApp. com.sikwin.app, mCurrentUserId: 0, callerUserId: 0
02-23 03:38:56.012  2545  2789 D SGM:SemGameManager: isForegroundGame(), ret=false
02-23 03:38:56.425  2545  3801 D SGM:GameManager: identifyGamePackage. com.sikwin.app, mCurrentUserId: 0, callerUserId: 0, callingMethodInfo: com.samsung.android.game.SemGameManager.isGamePackage(SemGameManager.java:105)
02-23 03:38:56.425  2545  3801 D SGM:SemGameManager: isGamePackage(), pkgName=com.sikwin.app, ret=false
02-23 03:38:57.723  2545  2545 D SGM:GameManager: onDisplayChanged. displyId: 0, state: 2
02-23 03:38:57.723  2545  2545 D SGM:GameManager: dpi: 600, longPixel: 3120, shortPixel: 1440
02-23 03:38:59.450  2545  3801 D SGM:GameManager: identifyGamePackage. com.sikwin.app, mCurrentUserId: 0, callerUserId: 0, callingMethodInfo: com.samsung.android.game.SemGameManager.isGamePackage(SemGameManager.java:105)
02-23 03:38:59.450  2545  3801 D SGM:SemGameManager: isGamePackage(), pkgName=com.sikwin.app, ret=false
02-23 03:39:01.134  2545  2545 D SGM:GameManager: onDisplayChanged. displyId: 0, state: 2
02-23 03:39:01.134  2545  2545 D SGM:GameManager: dpi: 600, longPixel: 3120, shortPixel: 1440
02-23 03:39:02.481  2545  3801 D SGM:GameManager: identifyGamePackage. com.sikwin.app, mCurrentUserId: 0, callerUserId: 0, callingMethodInfo: com.samsung.android.game.SemGameManager.isGamePackage(SemGameManager.java:105)
02-23 03:39:02.482  2545  3801 D SGM:SemGameManager: isGamePackage(), pkgName=com.sikwin.app, ret=false
02-23 03:39:02.743  2545  2545 D SGM:GameManager: onDisplayChanged. displyId: 0, state: 2
02-23 03:39:02.744  2545  2545 D SGM:GameManager: dpi: 600, longPixel: 3120, shortPixel: 1440
02-23 03:39:03.176  2545  2545 D SGM:GameManager: onDisplayChanged. displyId: 0, state: 2
02-23 03:39:03.176  2545  2545 D SGM:GameManager: dpi: 600, longPixel: 3120, shortPixel: 1440
02-23 03:39:04.487  2545  2545 D SGM:GameManager: onDisplayChanged. displyId: 0, state: 2
02-23 03:39:04.487  2545  2545 D SGM:GameManager: dpi: 600, longPixel: 3120, shortPixel: 1440
02-23 03:39:05.503  2545  3801 D SGM:GameManager: identifyGamePackage. com.sikwin.app, mCurrentUserId: 0, callerUserId: 0, callingMethodInfo: com.samsung.android.game.SemGameManager.isGamePackage(SemGameManager.java:105)
02-23 03:39:05.503  2545  3801 D SGM:SemGameManager: isGamePackage(), pkgName=com.sikwin.app, ret=false
02-23 03:39:07.118  2545  2545 D SGM:GameManager: onDisplayChanged. displyId: 0, state: 2
02-23 03:39:07.118  2545  2545 D SGM:GameManager: dpi: 600, longPixel: 3120, shortPixel: 1440
02-23 03:39:07.780  2545  2545 D SGM:GameManager: onDisplayChanged. displyId: 0, state: 2
02-23 03:39:07.780  2545  2545 D SGM:GameManager: dpi: 600, longPixel: 3120, shortPixel: 1440
02-23 03:39:08.430  2545  2545 D SGM:GameManager: onDisplayChanged. displyId: 0, state: 2
02-23 03:39:08.431  2545  2545 D SGM:GameManager: dpi: 600, longPixel: 3120, shortPixel: 1440
02-23 03:39:08.508  2545  3801 D SGM:GameManager: identifyGamePackage. com.sikwin.app, mCurrentUserId: 0, callerUserId: 0, callingMethodInfo: com.samsung.android.game.SemGameManager.isGamePackage(SemGameManager.java:105)
02-23 03:39:08.508  2545  3801 D SGM:SemGameManager: isGamePackage(), pkgName=com.sikwin.app, ret=false
02-23 03:39:10.068  2545  2789 D SGM:GameManager: identifyForegroundApp. com.sikwin.app, mCurrentUserId: 0, callerUserId: 0
02-23 03:39:10.068  2545  2789 D SGM:SemGameManager: isForegroundGame(), ret=false
02-23 03:39:10.271  2545  2789 D SGM:GameManager: identifyGamePackage. com.sikwin.app, mCurrentUserId: 0, callerUserId: 0, callingMethodInfo: com.samsung.android.game.SemGameManager.isGamePackage(SemGameManager.java:105)
02-23 03:39:10.271  2545  2789 D SGM:SemGameManager: isGamePackage(), pkgName=com.sikwin.app, ret=false
02-23 03:39:10.619  2545  6905 D SGM:GameManager: identifyGamePackage. com.sikwin.app, mCurrentUserId: 0, callerUserId: 0, callingMethodInfo: com.samsung.android.game.IGameManagerService$Stub.onTransact(IGameManagerService.java:228)
02-23 03:39:10.619  3940  4693 D SGM:SemGameManager: isGamePackage(), pkgName=com.sikwin.app, ret=false
02-23 03:39:10.724  2545  6898 D SGM:GameManager: getVersion.
02-23 03:39:10.724 30343 30343 I GameManager: isGameServiceBindingNeeded() : version of game manager is 150.012
02-23 03:39:10.916  2545  2789 D SGM:GameManager: identifyForegroundApp. com.sikwin.app, mCurrentUserId: 0, callerUserId: 0
02-23 03:39:10.916  2545  2789 D SGM:SemGameManager: isForegroundGame(), ret=false
02-23 03:39:10.989  2545  2545 D SGM:GameManager: onDisplayChanged. displyId: 0, state: 2
02-23 03:39:10.990  2545  2545 D SGM:GameManager: dpi: 600, longPixel: 3120, shortPixel: 1440
02-23 03:39:11.383  2545  2545 D SGM:GameManager: onDisplayChanged. displyId: 0, state: 2
02-23 03:39:11.387  2545  2545 D SGM:GameManager: dpi: 600, longPixel: 3120, shortPixel: 1440
02-23 03:39:11.516  2545  3801 D SGM:GameManager: identifyGamePackage. com.sikwin.app, mCurrentUserId: 0, callerUserId: 0, callingMethodInfo: com.samsung.android.game.SemGameManager.isGamePackage(SemGameManager.java:105)
02-23 03:39:11.516  2545  3801 D SGM:SemGameManager: isGamePackage(), pkgName=com.sikwin.app, ret=false
02-23 03:39:11.681  2545  6901 D SGM:GameManager: identifyGamePackage. com.samsung.android.app.omcagent, mCurrentUserId: 0, callerUserId: 0, callingMethodInfo: com.samsung.android.game.SemGameManager.isGamePackage(SemGameManager.java:105)
02-23 03:39:11.681  2545  6901 D SGM:SemGameManager: isGamePackage(), pkgName=com.samsung.android.app.omcagent, ret=false
02-23 03:39:12.223  2545  2545 D SGM:GameManager: onDisplayChanged. displyId: 0, state: 2
02-23 03:39:12.223  2545  2545 D SGM:GameManager: dpi: 600, longPixel: 3120, shortPixel: 1440
02-23 03:39:12.560  2545  2789 D SGM:GameManager: identifyGamePackage. com.sikwin.app, mCurrentUserId: 0, callerUserId: 0, callingMethodInfo: com.samsung.android.game.SemGameManager.isGamePackage(SemGameManager.java:105)
02-23 03:39:12.560  2545  2789 D SGM:SemGameManager: isGamePackage(), pkgName=com.sikwin.app, ret=false
02-23 03:39:13.120  2545  2789 D SGM:GameManager: identifyForegroundApp. com.sikwin.app, mCurrentUserId: 0, callerUserId: 0
02-23 03:39:13.120  2545  2789 D SGM:SemGameManager: isForegroundGame(), ret=false
02-23 03:39:14.535  2545  3801 D SGM:GameManager: identifyGamePackage. com.sikwin.app, mCurrentUserId: 0, callerUserId: 0, callingMethodInfo: com.samsung.android.game.SemGameManager.isGamePackage(SemGameManager.java:105)
02-23 03:39:14.536  2545  3801 D SGM:SemGameManager: isGamePackage(), pkgName=com.sikwin.app, ret=false
02-23 03:39:14.637  2545  6905 D SGM:GameManager: identifyGamePackage. com.samsung.android.app.omcagent, mCurrentUserId: 0, callerUserId: 0, callingMethodInfo: com.samsung.android.game.SemGameManager.isGamePackage(SemGameManager.java:105)
02-23 03:39:14.637  2545  6905 D SGM:SemGameManager: isGamePackage(), pkgName=com.samsung.android.app.omcagent, ret=false
02-23 03:39:15.625  2545  2545 D SGM:GameManager: onDisplayChanged. displyId: 0, state: 2
02-23 03:39:15.625  2545  2545 D SGM:GameManager: dpi: 600, longPixel: 3120, shortPixel: 1440
02-23 03:39:17.553  2545  3801 D SGM:GameManager: identifyGamePackage. com.sikwin.app, mCurrentUserId: 0, callerUserId: 0, callingMethodInfo: com.samsung.android.game.SemGameManager.isGamePackage(SemGameManager.java:105)
02-23 03:39:17.554  2545  3801 D SGM:SemGameManager: isGamePackage(), pkgName=com.sikwin.app, ret=false
