02-23 03:38:33.440  2545  6787 D WindowManager: rotationForOrientation, orientationSource=ActivityRecord{15382e0 u0 com.sikwin.app/com.unity3d.player.UnityPlayerGameActivity t2345}
02-23 03:38:33.442  2545  6787 V WindowManager: Collecting in transition 6138: ActivityRecord{15382e0 u0 com.sikwin.app/com.unity3d.player.UnityPlayerGameActivity t2345}, caller=com.android.server.wm.TransitionController.collect:7 com.android.server.wm.ActivityRecord.setVisibility:189 com.android.server.wm.ActivityTaskSupervisor.realStartActivityLocked:234 com.android.server.wm.ActivityTaskSupervisor.startSpecificActivity:27 com.android.server.wm.TaskFragment.resumeTopActivity:2204 
02-23 03:38:33.442  2545  6787 D InputDispatcher: Focused application(0): ActivityRecord{15382e0 u0 com.sikwin.app/com.unity3d.player.UnityPlayerGameActivity t2345}
02-23 03:38:33.443  2545  6787 D ActivityTaskManager: scheduleTopResumedActivityChanged, onTop=true, r=ActivityRecord{15382e0 u0 com.sikwin.app/com.unity3d.player.UnityPlayerGameActivity t2345}, caller=com.android.server.wm.ActivityTaskSupervisor.updateTopResumedActivityIfNeeded:62 com.android.server.wm.TaskFragment.setResumedActivity:29 com.android.server.wm.ActivityRecord.setState:104 com.android.server.wm.ActivityTaskSupervisor.realStartActivityLocked:949 com.android.server.wm.ActivityTaskSupervisor.startSpecificActivity:27 com.android.server.wm.TaskFragment.resumeTopActivity:2204 
02-23 03:38:33.443  2545  6787 D WindowManagerServiceExt: updateTaskbarTargetIfNeeded: cn=ComponentInfo{com.sikwin.app/com.unity3d.player.UnityPlayerGameActivity} occludesParent=true isInSplitScreenMode=false styleFloating=false
02-23 03:38:33.443  2545  6787 D BLASTSyncEngine: SyncGroup 6138:  Unfinished container: ActivityRecord{15382e0 u0 com.sikwin.app/com.unity3d.player.UnityPlayerGameActivity t2345} mSyncState=2
02-23 03:38:33.453  4505  4505 I HoneySpace.EdgePanel.EdgeContainerViewModel: cocktailHostRepository.edgePanelOperation NoteResumeComponent(componentName=ComponentInfo{com.sikwin.app/com.unity3d.player.UnityPlayerGameActivity})
02-23 03:38:33.469 29057 29057 D nativeloader: Load /data/app/~~NPCd0LM1dSVdAo3K5GfrKA==/com.sikwin.app-sx90u8ZdXH-AxPNZMGsD7A==/lib/arm64/libunity.so using ns clns-7 from class loader (caller=/data/app/~~NPCd0LM1dSVdAo3K5GfrKA==/com.sikwin.app-sx90u8ZdXH-AxPNZMGsD7A==/base.apk!classes2.dex): ok
02-23 03:38:33.474 29057 29057 D UnityPlayerGameActivity: onCreateSurfaceView - Initializing Unity player
02-23 03:38:33.478 29057 29057 D UnityPlayerGameActivity: Creating UnityPlayerForGameActivity instance
02-23 03:38:33.479 29057 29057 V Unity   : Context Type: GameActivity
02-23 03:38:33.481 29057 29057 D UnityPlayerGameActivity: Unity player created successfully
02-23 03:38:33.483 29057 29185 I Unity   : UnityApplication::CreateInstance
02-23 03:38:33.483 29057 29185 I Unity   : GameActivity Package Version '3.0.5'
02-23 03:38:33.484 29057 29185 I Unity   : Starting Game Loop
02-23 03:38:33.485 29057 29057 D UnityPlayerGameActivity: onCreate - Ensuring tokens are synced
02-23 03:38:33.491 29057 29057 D UnityTokenPass: Wrote tokens to PlayerPrefs (accessLen=233, refreshLen=235, prefs=8)
02-23 03:38:33.492 29057 29057 D UnityPlayerGameActivity: onStart - Ensuring tokens are synced
02-23 03:38:33.492 29057 29185 I Unity   : Handle cmd APP_CMD_START(11)
02-23 03:38:33.493 29057 29057 D UnityTokenPass: Wrote tokens to PlayerPrefs (accessLen=233, refreshLen=235, prefs=8)
02-23 03:38:33.493 29057 29057 D UnityPlayerGameActivity: onResume - Proactively injecting credentials and tokens
02-23 03:38:33.494 29057 29057 D UnityTokenPass: Wrote tokens to PlayerPrefs (accessLen=233, refreshLen=235, prefs=8)
02-23 03:38:33.495 29057 29057 D UnityLoginBypass: sendLoginDataToUnity called
02-23 03:38:33.495 29057 29057 D UnityLoginBypass: Using tokens from UnityTokenHolder
02-23 03:38:33.495 29057 29057 D UnityTokenPass: sendLoginDataToUnity: accessLen=233 refreshLen=235
02-23 03:38:33.496 29057 29057 D UnityTokenPass: PlayerPrefs updated (len=233)
02-23 03:38:33.496 29057 29185 I Unity   : Handle cmd APP_CMD_RESUME(12)
02-23 03:38:33.499 29057 29057 I InsetsController: setRequestedVisibleTypes: visible=false, mask=statusBars navigationBars, host=com.sikwin.app/com.unity3d.player.UnityPlayerGameActivity, from=android.view.InsetsController.controlAnimationUnchecked:1498 android.view.InsetsController.applyAnimation:2228 android.view.InsetsController.applyAnimation:2159 android.view.InsetsController.hide:1452 android.view.InsetsController.hide:1368 android.view.PendingInsetsController$HideRequest.replay:277 android.view.PendingInsetsController.replayAndAttach:192 android.view.ViewRootImpl.setView:1941 android.view.WindowManagerGlobal.addView:578 android.view.WindowManagerImpl.addView:158 
02-23 03:38:33.499 29057 29057 I InsetsController: setRequestedVisibleTypes: visible=false, mask=captionBar, host=com.sikwin.app/com.unity3d.player.UnityPlayerGameActivity, from=android.view.InsetsController.controlAnimationUnchecked:1498 android.view.InsetsController.applyAnimation:2228 android.view.InsetsController.applyAnimation:2159 android.view.InsetsController.hide:1452 android.view.InsetsController.hide:1368 android.view.ViewRootImpl.controlInsetsForCompatibility:3953 android.view.ViewRootImpl.setView:1955 android.view.WindowManagerGlobal.addView:578 android.view.WindowManagerImpl.addView:158 android.app.ActivityThread.handleResumeActivity:6060 
02-23 03:38:33.500  2545  6787 D WindowManager: prepareSync <SYNC_STATE_WAITING_FOR_DRAW>, mPrepareSyncSeqId=0, win=Window{9b9f140 u0 com.sikwin.app/com.unity3d.player.UnityPlayerGameActivity}
02-23 03:38:33.500  1656  1820 I SurfaceFlinger: id=89842 createSurf, flag=84004, 9b9f140 com.sikwin.app/com.unity3d.player.UnityPlayerGameActivity#89842
02-23 03:38:33.502 29057 29057 I InsetsController: onStateChanged: host=com.sikwin.app/com.unity3d.player.UnityPlayerGameActivity, from=android.view.ViewRootImpl.setView:1999, state=InsetsState: {mDisplayFrame=Rect(0, 0 - 1440, 3120), mDisplayCutout=DisplayCutout{insets=Rect(0, 112 - 0, 0) waterfall=Insets{left=0, top=0, right=0, bottom=0} boundingRect={Bounds=[Rect(0, 0 - 0, 0), Rect(686, 0 - 754, 112), Rect(0, 0 - 0, 0), Rect(0, 0 - 0, 0)]} cutoutPathParserInfo={CutoutPathParserInfo{displayWidth=1440 displayHeight=3120 physicalDisplayWidth=1440 physicalDisplayHeight=3120 density={3.75} cutoutSpec={M 0,0 H -9.066666666666667 V 29.86666666666667 H 9.066666666666667 V 0 H 0 Z @dp} rotation={0} scale={1.0} physicalPixelDisplaySizeRatio={1.0}}} sideOverrides={}}, mRoundedCorners=RoundedCorners{[RoundedCorner{position=TopLeft, radius=8, center=Point(8, 8)}, RoundedCorner{position=TopRight, radius=8, center=Point(1432, 8)}, RoundedCorner{position=BottomRight, radius=8, center=Point(1432, 3112)}, RoundedCorner{position=BottomLeft, radius=8, center=Point(8, 3112)}]}  mRoundedCornerFrame=Rect(0, 0 - 1440, 3120), mPrivacyIndicatorBounds=PrivacyIndicatorBounds {static bounds=Rect(1275, 0 - 1440, 113) rotation=0}, mDisplayShape=DisplayShape{ spec=1406003047 displayWidth=1440 displayHeight=3120 physicalPixelDisplaySizeRatio=1.0 rotation=0 offsetX=0 offsetY=0 scale=1.0}, mSources= { InsetsSource: {9f5d0000 mType=statusBars mFrame=[0,0][1440,113] mVisible=true mFlags= mSideHint=TOP mBoundingRects=null}, InsetsSource: {9f5d0005 mType=mandatorySystemGestures mFrame=[0,0][1440,157] mVisible=true mFlags= mSideHint=TOP mBoundingRects=null}, InsetsSource: {9f5d0006 mType=tappableElement mFrame=[0,0][1440,113] mVisible=true mFlags= mSideHint=TOP mBoundingRects=null}, InsetsSource: {e2030001 mType=navigationBars mFrame=[0,3064][1440,3120] mVisible=true mFlags=SUPPRESS_SCRIM mSideHint=BOTTOM mBoundingRects=null}, InsetsSource: {e2030004 mType=systemGestures mFrame=[0,0][112,3120] mVisible=true mFlags= mSideHint=LEFT mBoundingRects=null}, InsetsSource: {e2030005 mType=mandatorySystemGestures mFrame=[0,3000][1440,3120] mVisible=true mFlags= mSideHint=BOTTOM mBoundingRects=null}, InsetsSource: {e2030006 mType=tappableElement mFrame=[0,0][0,0] mVisible=true mFlags= mSideHint=NONE mBoundingRects=null}, InsetsSource: {e2030024 mType=systemGestures mFrame=[1328,0][1440,3120] mVisible=true mFlags= mSideHint=RIGHT mBoundingRects=null}, InsetsSource: {3 mType=ime mFrame=[0,0][0,0] mVisible=false mFlags= mSideHint=NONE mBoundingRects=null}, InsetsSource: {27 mType=displayCutout mFrame=[0,0][1440,112] mVisible=true mFlags= mSideHint=TOP mBoundingRects=null} }
02-23 03:38:33.502 29057 29057 I VRI[UnityPlayerGameActivity]@579670d: synced displayState. AttachInfo displayState=2
02-23 03:38:33.502 29057 29057 I VRI[UnityPlayerGameActivity]@579670d: setView = com.android.internal.policy.DecorView@ee09010 IsHRR=false TM=true
02-23 03:38:33.505  1656  1656 I SurfaceFlinger: [9b9f140 com.sikwin.app/com.unity3d.player.UnityPlayerGameActivity#89842] attach to parent LayerHierarchy{RequestedLayerState{ActivityRecord{15382e0 u0 com.sikwin.app/com.unity3d.player.UnityPlayerGameActivity t2345}#89841 parentId=89814 z=1} 1 children}
02-23 03:38:33.511 29057 29057 I SurfaceView@4df63f1: onWindowVisibilityChanged(0) true com.unity3d.player.UnityPlayerGameActivity$GameActivitySurfaceView{4df63f1 V.E...... ......I. 0,0-0,0 #7f0a0177 app:id/unitySurfaceView} of VRI[UnityPlayerGameActivity]@579670d
02-23 03:38:33.513 29057 29185 I Unity   : Handle cmd APP_CMD_WINDOW_INSETS_CHANGED(17)
02-23 03:38:33.513  2545  4121 D CoreBackPreview: Window{9b9f140 u0 com.sikwin.app/com.unity3d.player.UnityPlayerGameActivity}: Setting back callback OnBackInvokedCallbackInfo{mCallback=android.window.IOnBackInvokedCallback$Stub$Proxy@e6ba1f, mPriority=0, mIsAnimationCallback=false}
02-23 03:38:33.514  2545  4121 V WindowManager: Relayout Window{9b9f140 u0 com.sikwin.app/com.unity3d.player.UnityPlayerGameActivity}: viewVisibility=0 req=1440x3120 ty=1 d0
02-23 03:38:33.514  1656  2141 I SurfaceFlinger: id=89843 createSurf, flag=44004, com.sikwin.app/com.unity3d.player.UnityPlayerGameActivity$_29057#89843
02-23 03:38:33.514  2545  4121 D WindowManager: makeSurface duration=0 name=com.sikwin.app/com.unity3d.player.UnityPlayerGameActivity$_29057
02-23 03:38:33.514  2545  4121 D BLASTSyncEngine: SyncGroup 6138:  Unfinished container: ActivityRecord{15382e0 u0 com.sikwin.app/com.unity3d.player.UnityPlayerGameActivity t2345} mSyncState=2
02-23 03:38:33.515  2545  4121 D WindowManager: Changing focus from null to Window{9b9f140 u0 com.sikwin.app/com.unity3d.player.UnityPlayerGameActivity} displayId=0 Callers=com.android.server.wm.WindowManagerService.relayoutWindowInner:142 com.android.server.wm.WindowManagerService.relayoutWindow:6 com.android.server.wm.Session.relayout:27 android.view.IWindowSession$Stub.onTransact:861 
02-23 03:38:33.515  2545  4121 D InsetsSourceProvider: updateControlForTarget: control=InsetsSourceControl: {e2030001 mType=navigationBars initiallyVisible mSurfacePosition=Point(0, 2940) mInsetsHint=Insets{left=0, top=0, right=0, bottom=56}}, target=Window{9b9f140 u0 com.sikwin.app/com.unity3d.player.UnityPlayerGameActivity}, from=com.android.server.wm.InsetsStateController.onControlTargetChanged:81 com.android.server.wm.InsetsPolicy.updateBarControlTarget:188 com.android.server.wm.DisplayPolicy.updateSystemBarAttributes:269 com.android.server.wm.WindowManagerService.updateFocusedWindowLocked:375 com.android.server.wm.WindowManagerService.relayoutWindowInner:142 
02-23 03:38:33.516  2545  4121 D InsetsSourceProvider: updateControlForTarget: control=InsetsSourceControl: {9f5d0000 mType=statusBars initiallyVisible mSurfacePosition=Point(0, 0) mInsetsHint=Insets{left=0, top=113, right=0, bottom=0}}, target=Window{9b9f140 u0 com.sikwin.app/com.unity3d.player.UnityPlayerGameActivity}, from=com.android.server.wm.InsetsStateController.onControlTargetChanged:81 com.android.server.wm.InsetsPolicy.updateBarControlTarget:175 com.android.server.wm.DisplayPolicy.updateSystemBarAttributes:269 com.android.server.wm.WindowManagerService.updateFocusedWindowLocked:375 com.android.server.wm.WindowManagerService.relayoutWindowInner:142 
02-23 03:38:33.517  2545  4121 D WindowManager: updateSystemBarAttributes: displayId=0, focusedCanBeNavColorWin=false, win=Window{9b9f140 u0 com.sikwin.app/com.unity3d.player.UnityPlayerGameActivity}, navColorWin=Window{daf7aea u0 com.sikwin.app/com.sikwin.app.MainActivity}, caller=com.android.server.wm.WindowManagerService.updateFocusedWindowLocked:375 com.android.server.wm.WindowManagerService.relayoutWindowInner:142 com.android.server.wm.WindowManagerService.relayoutWindow:6 
02-23 03:38:33.518  2545  4121 V SystemKeyManager: updateFocusedWindow() is called, com.sikwin.app/com.unity3d.player.UnityPlayerGameActivity
02-23 03:38:33.519 29057 29057 I BLASTBufferQueue_Java: new BLASTBufferQueue, mName= VRI[UnityPlayerGameActivity]@579670d mNativeObject= 0xb400007da3f51f50 sc.mNativeObject= 0xb400007d43f1b050 caller= android.view.ViewRootImpl.updateBlastSurfaceIfNeeded:3397 android.view.ViewRootImpl.relayoutWindow:11361 android.view.ViewRootImpl.performTraversals:4544 android.view.ViewRootImpl.doTraversal:3708 android.view.ViewRootImpl$TraversalRunnable.run:12542 android.view.Choreographer$CallbackRecord.run:1751 android.view.Choreographer$CallbackRecord.run:1760 android.view.Choreographer.doCallbacks:1216 android.view.Choreographer.doFrame:1142 android.view.Choreographer$FrameDisplayEventReceiver.run:1707 
02-23 03:38:33.519 29057 29057 I BLASTBufferQueue_Java: update, w= 1440 h= 3120 mName = VRI[UnityPlayerGameActivity]@579670d mNativeObject= 0xb400007da3f51f50 sc.mNativeObject= 0xb400007d43f1b050 format= -3 caller= android.graphics.BLASTBufferQueue.<init>:88 android.view.ViewRootImpl.updateBlastSurfaceIfNeeded:3397 android.view.ViewRootImpl.relayoutWindow:11361 android.view.ViewRootImpl.performTraversals:4544 android.view.ViewRootImpl.doTraversal:3708 android.view.ViewRootImpl$TraversalRunnable.run:12542 
02-23 03:38:33.520 29057 29057 I VRI[UnityPlayerGameActivity]@579670d: Relayout returned: old=(0,0,1440,3120) new=(0,0,1440,3120) relayoutAsync=false req=(1440,3120)0 dur=6 res=0x3 s={true 0xb400007dc3f75100} ch=true seqId=0
02-23 03:38:33.520 29057 29057 I VRI[UnityPlayerGameActivity]@579670d: performConfigurationChange setNightDimText nightDimLevel=0
02-23 03:38:33.520 29057 29185 I Unity   : Handle cmd APP_CMD_WINDOW_INSETS_CHANGED(17)
02-23 03:38:33.521 29057 29057 D VRI[UnityPlayerGameActivity]@579670d: mThreadedRenderer.initialize() mSurface={isValid=true 0xb400007dc3f75100} hwInitialized=true
02-23 03:38:33.521 29057 29057 I SurfaceView@4df63f1: windowStopped(false) true com.unity3d.player.UnityPlayerGameActivity$GameActivitySurfaceView{4df63f1 V.E...... ......ID 0,0-1440,3120 #7f0a0177 app:id/unitySurfaceView} of VRI[UnityPlayerGameActivity]@579670d
02-23 03:38:33.521 29057 29185 I Unity   : Handle cmd APP_CMD_WINDOW_INSETS_CHANGED(17)
02-23 03:38:33.521 29057 29185 I Unity   : Handle cmd APP_CMD_WINDOW_INSETS_CHANGED(17)
02-23 03:38:33.521 29057 29185 I Unity   : Handle cmd APP_CMD_CONTENT_RECT_CHANGED(5)
02-23 03:38:33.521 29057 29057 D VRI[UnityPlayerGameActivity]@579670d: reportNextDraw android.view.ViewRootImpl.performTraversals:5193 android.view.ViewRootImpl.doTraversal:3708 android.view.ViewRootImpl$TraversalRunnable.run:12542 android.view.Choreographer$CallbackRecord.run:1751 android.view.Choreographer$CallbackRecord.run:1760 
02-23 03:38:33.521  1656  1820 I SurfaceFlinger: id=89846 createSurf, flag=20004, Bounds for - com.sikwin.app/com.unity3d.player.UnityPlayerGameActivity@0#89846
02-23 03:38:33.522  1656  2141 I SurfaceFlinger: id=89847 createSurf, flag=84004, SurfaceView[com.sikwin.app/com.unity3d.player.UnityPlayerGameActivity]@0#89847
02-23 03:38:33.522  1656  1820 I SurfaceFlinger: id=89848 createSurf, flag=44400, SurfaceView[com.sikwin.app/com.unity3d.player.UnityPlayerGameActivity]@0(BLAST)#89848
02-23 03:38:33.522  1656  2141 I SurfaceFlinger: id=89849 createSurf, flag=20404, Background for SurfaceView[com.sikwin.app/com.unity3d.player.UnityPlayerGameActivity]@0#89849
02-23 03:38:33.522  1656  1656 I SurfaceFlinger: [com.sikwin.app/com.unity3d.player.UnityPlayerGameActivity$_29057#89843] attach to parent LayerHierarchy{RequestedLayerState{9b9f140 com.sikwin.app/com.unity3d.player.UnityPlayerGameActivity#89842 parentId=89841} 1 children}
02-23 03:38:33.522  1656  1656 I SurfaceFlinger: [Bounds for - com.sikwin.app/com.unity3d.player.UnityPlayerGameActivity@0#89846] attach to parent LayerHierarchy{RequestedLayerState{com.sikwin.app/com.unity3d.player.UnityPlayerGameActivity$_29057#89843 parentId=89842} 1 children}
02-23 03:38:33.522  1656  1656 I SurfaceFlinger: [SurfaceView[com.sikwin.app/com.unity3d.player.UnityPlayerGameActivity]@0#89847] attach to parent LayerHierarchy{RequestedLayerState{Bounds for - com.sikwin.app/com.unity3d.player.UnityPlayerGameActivity@0#89846 parentId=89843} 1 children}
02-23 03:38:33.522  1656  1656 I SurfaceFlinger: [SurfaceView[com.sikwin.app/com.unity3d.player.UnityPlayerGameActivity]@0(BLAST)#89848] attach to parent LayerHierarchy{RequestedLayerState{SurfaceView[com.sikwin.app/com.unity3d.player.UnityPlayerGameActivity]@0#89847 parentId=89846} 1 children}
02-23 03:38:33.523 29057 29057 I SurfaceView@4df63f1: surfaceCreated 2 #8 com.unity3d.player.UnityPlayerGameActivity$GameActivitySurfaceView{4df63f1 V.E...... ......ID 0,0-1440,3120 #7f0a0177 app:id/unitySurfaceView}
02-23 03:38:33.523 29057 29185 I Unity   : Handle cmd APP_CMD_INIT_WINDOW(1)
02-23 03:38:33.523 29057 29057 I SurfaceView@4df63f1: surfaceChanged (1440,3120) 2 #8 com.unity3d.player.UnityPlayerGameActivity$GameActivitySurfaceView{4df63f1 V.E...... ......ID 0,0-1440,3120 #7f0a0177 app:id/unitySurfaceView}
02-23 03:38:33.524 29057 29057 D VRI[UnityPlayerGameActivity]@579670d: Setup new sync=wmsSync-VRI[UnityPlayerGameActivity]@579670d#9
02-23 03:38:33.524 29057 29057 I VRI[UnityPlayerGameActivity]@579670d: Creating new active sync group VRI[UnityPlayerGameActivity]@579670d#10
02-23 03:38:33.524 29057 29057 D VRI[UnityPlayerGameActivity]@579670d: registerCallbacksForSync syncBuffer=false
02-23 03:38:33.524  2545  2790 D InsetsSourceProvider: updateVisibility: serverVisible=true, clientVisible=false, source=InsetsSource: {e2030001 mType=navigationBars mFrame=[0,3064][1440,3120] mVisible=false mFlags=SUPPRESS_SCRIM mSideHint=BOTTOM mBoundingRects=null}, controlTarget=Window{9b9f140 u0 com.sikwin.app/com.unity3d.player.UnityPlayerGameActivity}, from=com.android.server.wm.InsetsSourceProvider.setClientVisible:8 com.android.server.wm.InsetsSourceProvider.updateClientVisibility:20 com.android.server.wm.InsetsStateController.onRequestedVisibleTypesChanged:20 com.android.server.wm.InsetsStateController$$ExternalSyntheticLambda0.run:87 com.android.server.wm.WindowAnimator.animate:469 com.android.server.wm.WindowAnimator$$ExternalSyntheticLambda1.doFrame:14 android.view.Choreographer$CallbackRecord.run:1749 android.view.Choreographer$CallbackRecord.run:1760 android.view.Choreographer.doCallbacks:1216 android.view.Choreographer.doFrame:1132 
02-23 03:38:33.524  2545  2790 D InsetsSourceProvider: updateVisibility: serverVisible=true, clientVisible=false, source=InsetsSource: {9f5d0000 mType=statusBars mFrame=[0,0][1440,113] mVisible=false mFlags= mSideHint=TOP mBoundingRects=null}, controlTarget=Window{9b9f140 u0 com.sikwin.app/com.unity3d.player.UnityPlayerGameActivity}, from=com.android.server.wm.InsetsSourceProvider.setClientVisible:8 com.android.server.wm.InsetsSourceProvider.updateClientVisibility:20 com.android.server.wm.InsetsStateController.onRequestedVisibleTypesChanged:20 com.android.server.wm.InsetsStateController$$ExternalSyntheticLambda0.run:87 com.android.server.wm.WindowAnimator.animate:469 com.android.server.wm.WindowAnimator$$ExternalSyntheticLambda1.doFrame:14 android.view.Choreographer$CallbackRecord.run:1749 android.view.Choreographer$CallbackRecord.run:1760 android.view.Choreographer.doCallbacks:1216 android.view.Choreographer.doFrame:1132 
02-23 03:38:33.525 29057 29078 I SurfaceView@4df63f1: aOrMT: VRI[UnityPlayerGameActivity]@579670d t = android.view.SurfaceControl$Transaction@bc16ac5 fN = 1 android.view.SurfaceView.-$$Nest$mapplyOrMergeTransaction:0 android.view.SurfaceView$SurfaceViewPositionUpdateListener.positionChanged:1792 android.graphics.RenderNode$CompositePositionUpdateListener.positionChanged:398 
02-23 03:38:33.525 29057 29078 I VRI[UnityPlayerGameActivity]@579670d: mWNT: t=0xb400007dd3f70750 mBlastBufferQueue=0xb400007da3f51f50 fn= 1 HdrRenderState mRenderHdrSdrRatio=1.0 caller= android.view.SurfaceView.applyOrMergeTransaction:1723 android.view.SurfaceView.-$$Nest$mapplyOrMergeTransaction:0 android.view.SurfaceView$SurfaceViewPositionUpdateListener.positionChanged:1792 
02-23 03:38:33.525 29057 29085 D VRI[UnityPlayerGameActivity]@579670d: Received frameDrawingCallback syncResult=0 frameNum=1.
02-23 03:38:33.525 29057 29085 I VRI[UnityPlayerGameActivity]@579670d: mWNT: t=0xb400007dd3f72dd0 mBlastBufferQueue=0xb400007da3f51f50 fn= 1 HdrRenderState mRenderHdrSdrRatio=1.0 caller= android.view.ViewRootImpl$11.onFrameDraw:15016 android.view.ThreadedRenderer$1.onFrameDraw:761 <bottom of call stack> 
02-23 03:38:33.525 29057 29085 I VRI[UnityPlayerGameActivity]@579670d: Setting up sync and frameCommitCallback
02-23 03:38:33.525 29057 29078 I BLASTBufferQueue: [VRI[UnityPlayerGameActivity]@579670d#3](f:0,a:0,s:0) onFrameAvailable the first frame is available
02-23 03:38:33.526 29057 29078 I VRI[UnityPlayerGameActivity]@579670d: Received frameCommittedCallback lastAttemptedDrawFrameNum=1 didProduceBuffer=true
02-23 03:38:33.526  2545  4796 D BLASTSyncEngine: SyncGroup 6138:  Unfinished container: ActivityRecord{15382e0 u0 com.sikwin.app/com.unity3d.player.UnityPlayerGameActivity t2345} mSyncState=2
02-23 03:38:33.526  1656  1820 I SurfaceFlinger: [com.sikwin.app/com.unity3d.player.UnityPlayerGameActivity$_29057#89843] setTransactionState with the first frame. bufferData(ID: 124798864719955, frameNumber: 1)
02-23 03:38:33.526 29057 29057 D VRI[UnityPlayerGameActivity]@579670d: reportDrawFinished seqId=0
02-23 03:38:33.526  2545  2790 D BLASTSyncEngine: SyncGroup 6138:  Unfinished container: ActivityRecord{15382e0 u0 com.sikwin.app/com.unity3d.player.UnityPlayerGameActivity t2345} mSyncState=2
02-23 03:38:33.526  2545  6787 D WindowManager: finishDrawingWindow: Window{9b9f140 u0 com.sikwin.app/com.unity3d.player.UnityPlayerGameActivity} mDrawState=DRAW_PENDING seqId=0
02-23 03:38:33.527  2545  2790 V WindowManager: performShowLocked: mDrawState=HAS_DRAWN in Window{9b9f140 u0 com.sikwin.app/com.unity3d.player.UnityPlayerGameActivity}
02-23 03:38:33.527  2545  2790 V WindowManager: Start calculating TransitionInfo based on participants: {ActivityRecord{15382e0 u0 com.sikwin.app/com.unity3d.player.UnityPlayerGameActivity t2345}, ActivityRecord{7daf047 u0 com.sikwin.app/.MainActivity t2345}}
02-23 03:38:33.527  2545  2790 V WindowManager:   Final targets: [ActivityRecord{15382e0 u0 com.sikwin.app/com.unity3d.player.UnityPlayerGameActivity t2345}, ActivityRecord{7daf047 u0 com.sikwin.app/.MainActivity t2345}]
02-23 03:38:33.527  1656  1820 I SurfaceFlinger: id=89850 createSurf, flag=84004, Transition Root: ActivityRecord{15382e0 u0 com.sikwin.app/com.unity3d.player.UnityPlayerGameActivity t2345}#89850
02-23 03:38:33.527  2545  2790 I SurfaceControlRegistry: show, t=StartTransaction_SyncId<6138> sc=ActivityRecord{15382e0 u0 com.sikwin.app/com.unity3d.player.UnityPlayerGameActivity t2345}, caller=android.view.SurfaceControl$Transaction.show:3232 com.android.server.wm.Transition.onTransactionReady:2273 com.android.server.wm.BLASTSyncEngine$SyncGroup.finishNow:195 com.android.server.wm.BLASTSyncEngine.onSurfacePlacement:269 com.android.server.wm.RootWindowContainer.performSurfacePlacementNoTrace:471 com.android.server.wm.RootWindowContainer.performSurfacePlacement:9 
02-23 03:38:33.528  2545  2790 V WindowManager:         {null m=OPEN f=FILLS_TASK|IS_ACTIVITY|EDGE_EXTENSION_RESTRICTION leash=Surface(name=ActivityRecord{15382e0 u0 com.sikwin.app/com.unity3d.player.UnityPlayerGameActivity t2345})/@0xb6eadb1 sb=Rect(0, 0 - 0, 0) eb=Rect(0, 0 - 1440, 3120) d=-1->0 r=-1->0:-1 bc=fffafafa component=com.sikwin.app/com.unity3d.player.UnityPlayerGameActivity inset=Rect(0, 0 - 0, 0) dim=true taskIdForActivity=2345},
02-23 03:38:33.528  2545  2790 I ActivityTaskManager: done cause=notifyTransitionStarting drawn timestamp=138447443584840 info=TransitionInfo{4bfce17 a=ActivityRecord{15382e0 u0 com.sikwin.app/com.unity3d.player.UnityPlayerGameActivity t2345} d=true}
02-23 03:38:33.528  2545  2786 I ActivityTaskManager: Displayed com.sikwin.app/com.unity3d.player.UnityPlayerGameActivity for user 0: +150ms
02-23 03:38:33.529  2545  2786 V WindowManager: Sent Transition (#6138) createdAt=02-23 03:38:33.378 via request=TransitionRequestInfo { type = OPEN, triggerTask = TaskInfo{userId=0 taskId=2345 displayId=0 isRunning=true baseIntent=Intent { act=android.intent.action.MAIN cat=[android.intent.category.LAUNCHER] flg=0x10200000 cmp=com.sikwin.app/.MainActivity } baseActivity=ComponentInfo{com.sikwin.app/com.sikwin.app.MainActivity} topActivity=ComponentInfo{com.sikwin.app/com.unity3d.player.UnityPlayerGameActivity} origActivity=null realActivity=ComponentInfo{com.sikwin.app/com.sikwin.app.MainActivity} numActivities=2 lastActiveTime=200569664 supportsMultiWindow=true resizeMode=1 isResizeable=true minWidth=-1 minHeight=-1 maxWidth=-1 maxHeight=-1 defaultMinSize=220 token=WCT{RemoteToken{ada7937 Task{b582074 #2345 type=standard A=10740:com.sikwin.app}}} topActivityType=1 pictureInPictureParams=null shouldDockBigOverlays=false launchIntoPipHostTaskId=-1 lastParentTaskIdBeforePip=-1 displayCutoutSafeInsets=Rect(0, 112 - 0, 0) topActivityInfo=ActivityInfo{33ff204 com.unity3d.player.UnityPlayerGameActivity} launchCookies=[android.os.BinderProxy@45b3fc2] positionInParent=Point(0, 0) parentTaskId=-1 isFocused=true isVisible=true isVisibleRequested=true isSleeping=false topActivityInSizeCompat=false locusId=null displayAreaFeatureId=1 isTopActivityTransparent=false isTopActivityStyleFloating=false appCompatTaskInfo=AppCompatTaskInfo { topActivityInSizeCompat=false eligibleForLetterboxEducation= false isLetterboxEducationEnabled= false isLetterboxDoubleTapEnabled= false eligibleForUserAspectRatioButton= false topActivityBoundsLetterboxed= false isFromLetterboxDoubleTap= false topActivityLetterboxVerticalPosition= -1 topActivityLetterboxHorizontalPosition= -1 topActivityLetterboxWidth=1440 topActivityLetterboxHeight=3120 topActivityLetterboxAppWidth=1440 topActivityLetterboxAppHeight=2952 isUserFullscreenOverrideEnabled=false isSystemFullscreenOverrideEnabled=false hasMinAspectRatioOverride=false cameraCompatTaskInfo=CameraCompatTaskInfo { freeformCameraCompatMode=inactive} topActivityBounds=null topActivityInDisplayCompat=false} originallySupportedMultiWindow=true hasWallpaper=false rootAffinity=10740:com.sikwin.app isTopTaskInStage=false topActivityUiMode=33 CoverLauncherWidgetTask=false isAllowedSeamlessRotation=false isTopTransparentActivity=true snappingGuideBounds=Rect(108, 808 - 1332, 2368) isAliasManaged=false hasConfigChanged=false isAiKeyRemoveAppTask=false}, pipTask = null, remoteTransition = null, displayChange = null, flags = 0, debugId = 6138 }
02-23 03:38:33.529  2545  2786 V WindowManager:         {null m=OPEN f=FILLS_TASK|IS_ACTIVITY|EDGE_EXTENSION_RESTRICTION leash=Surface(name=ActivityRecord{15382e0 u0 com.sikwin.app/com.unity3d.player.UnityPlayerGameActivity t2345})/@0xb6eadb1 sb=Rect(0, 0 - 0, 0) eb=Rect(0, 0 - 1440, 3120) d=-1->0 r=-1->0:-1 bc=fffafafa component=com.sikwin.app/com.unity3d.player.UnityPlayerGameActivity inset=Rect(0, 0 - 0, 0) dim=true taskIdForActivity=2345},
02-23 03:38:33.530 29057 29057 D UnityTokenPass: Sending tokens to Unity at delay 0ms: {"accessToken":"eyJhbGciOiJIUzI1NiIsInR5cCI6IkpXVCJ9.eyJ0b2tlbl90eXBlIjoiYWNjZXNzIiwiZXhwIjoxNzcxODg0MzgwLCJpYXQiOjE3NzE3OTc5ODAsImp0aSI6IjY4ODE3NWYxMTA5OTQ1Y2M4NWIyMGIwODRlODdjZTFmIiwidXNlcl9pZCI6MTEwMzF9.-yBP6Lvs390nkh_adSm94GRPK8ZiECdF-nAMl17SDfk","refreshToken":"eyJhbGciOiJIUzI1NiIsInR5cCI6IkpXVCJ9.eyJ0b2tlbl90eXBlIjoicmVmcmVzaCIsImV4cCI6MTc3NDM4OTk4MCwiaWF0IjoxNzcxNzk3OTgwLCJqdGkiOiI0NjA3NjNmMWY0ZjQ0NGZlYWJiZGZhNGRkMGY4ZmNmYiIsInVzZXJfaWQiOjExMDMxfQ.zYPideYmb4Jzd6mpmjB-VeZ6mZQ85IxN5ZrxDtz0Xyc","access":"eyJhbGciOiJIUzI1NiIsInR5cCI6IkpXVCJ9.eyJ0b2tlbl90eXBlIjoiYWNjZXNzIiwiZXhwIjoxNzcxODg0MzgwLCJpYXQiOjE3NzE3OTc5ODAsImp0aSI6IjY4ODE3NWYxMTA5OTQ1Y2M4NWIyMGIwODRlODdjZTFmIiwidXNlcl9pZCI6MTEwMzF9.-yBP6Lvs390nkh_adSm94GRPK8ZiECdF-nAMl17SDfk","refresh":"eyJhbGciOiJIUzI1NiIsInR5cCI6IkpXVCJ9.eyJ0b2tlbl90eXBlIjoicmVmcmVzaCIsImV4cCI6MTc3NDM4OTk4MCwiaWF0IjoxNzcxNzk3OTgwLCJqdGkiOiI0NjA3NjNmMWY0ZjQ0NGZlYWJiZGZhNGRkMGY4ZmNmYiIsInVzZXJfaWQiOjExMDMxfQ.zYPideYmb4Jzd6mpmjB-VeZ6mZQ85IxN5ZrxDtz0Xyc","auth_token":"eyJhbGciOiJIUzI1NiIsInR5cCI6IkpXVCJ9.eyJ0b2tlbl90eXBlIjoiYWNjZXNzIiwiZXhwIjoxNzcxODg0MzgwLCJpYXQiOjE3NzE3OTc5ODAsImp0aSI6IjY4ODE3NWYxMTA5OTQ1Y2M4NWIyMGIwODRlODdjZTFmIiwidXNlcl9pZCI6MTEwMzF9.-yBP6Lvs390nkh_adSm94GRPK8ZiECdF-nAMl17SDfk","access_token":"eyJhbGciOiJIUzI1NiIsInR5cCI6IkpXVCJ9.eyJ0b2tlbl90eXBlIjoiYWNjZXNzIiwiZXhwIjoxNzcxODg0MzgwLCJpYXQiOjE3NzE3OTc5ODAsImp0aSI6IjY4ODE3NWYxMTA5OTQ1Y2M4NWIyMGIwODRlODdjZTFmIiwidXNlcl9pZCI6MTEwMzF9.-yBP6Lvs390nkh_adSm94GRPK8ZiECdF-nAMl17SDfk","refresh_token":"eyJhbGciOiJIUzI1NiIsInR5cCI6IkpXVCJ9.eyJ0b2tlbl90eXBlIjoicmVmcmVzaCIsImV4cCI6MTc3NDM4OTk4MCwiaWF0IjoxNzcxNzk3OTgwLCJqdGkiOiI0NjA3NjNmMWY0ZjQ0NGZlYWJiZGZhNGRkMGY4ZmNmYiIsInVzZXJfaWQiOjExMDMxfQ.zYPideYmb4Jzd6mpmjB-VeZ6mZQ85IxN5ZrxDtz0Xyc"}
02-23 03:38:33.530  1656  4850 I SurfaceFlinger: id=89851 createSurf, flag=84000, da7e912 ActivityRecordInputSink com.sikwin.app/com.unity3d.player.UnityPlayerGameActivity#89851
02-23 03:38:33.531  1656  1656 I SurfaceFlinger: Layer [Bounds for - com.sikwin.app/com.unit[...]ayer.UnityPlayerGameActivity@0#89846] hidden!! flag(0)
02-23 03:38:33.531  1656  1656 I SurfaceFlinger: Layer [Background for SurfaceView[com.sikwi[...]yer.UnityPlayerGameActivity]@0#89849] hidden!! flag(0)
02-23 03:38:33.531  1656  1656 I SurfaceFlinger: Layer [SurfaceView[com.sikwin.app/com.unity[...]yer.UnityPlayerGameActivity]@0#89847] hidden!! flag(0)
02-23 03:38:33.531  1656  1656 I SurfaceFlinger: [LayerHierarchy{RequestedLayerState{SurfaceView[com.sikwin.app/com.unity3d.player.UnityPlayerGameActivity]@0#89847 parentId=89846 relativeParentId=89843 z=-2} 1 children}] RelativeParent to LayerHierarchy{RequestedLayerState{com.sikwin.app/com.unity3d.player.UnityPlayerGameActivity$_29057#89843 parentId=89842} 2 children}
02-23 03:38:33.531  1656  1656 I SurfaceFlinger: [Background for SurfaceView[com.sikwin.app/com.unity3d.player.UnityPlayerGameActivity]@0#89849] attach to parent LayerHierarchy{RequestedLayerState{SurfaceView[com.sikwin.app/com.unity3d.player.UnityPlayerGameActivity]@0#89847 parentId=89846 relativeParentId=89843 z=-2} 2 children}
02-23 03:38:33.531  1656  1656 I SurfaceFlinger: [Transition Root: ActivityRecord{15382e0 u0 com.sikwin.app/com.unity3d.player.UnityPlayerGameActivity t2345}#89850] attach to parent LayerHierarchy{RequestedLayerState{Task=2345#89814 parentId=11 z=4} 3 children}
02-23 03:38:33.531  1656  1656 I SurfaceFlinger: [da7e912 ActivityRecordInputSink com.sikwin.app/com.unity3d.player.UnityPlayerGameActivity#89851] attach to parent LayerHierarchy{RequestedLayerState{ActivityRecord{15382e0 u0 com.sikwin.app/com.unity3d.player.UnityPlayerGameActivity t2345}#89841 parentId=89814 z=1} 2 children}
02-23 03:38:33.531  3940  4029 V WindowManagerShell: onTransitionReady (#6138) android.os.BinderProxy@54a16cb: {id=6138 t=OPEN f=0x0 trk=0 opt={t=FROM_STYLE} r=[0@Point(0, 0)] c=[{null m=OPEN f=FILLS_TASK|IS_ACTIVITY|EDGE_EXTENSION_RESTRICTION leash=Surface(name=ActivityRecord{15382e0 u0 com.sikwin.app/com.unity3d.player.UnityPlayerGameActivity t2345})/@0xe425966 sb=Rect(0, 0 - 0, 0) eb=Rect(0, 0 - 1440, 3120) d=-1->0 r=-1->0:-1 bc=fffafafa component=com.sikwin.app/com.unity3d.player.UnityPlayerGameActivity inset=Rect(0, 0 - 0, 0) dim=true taskIdForActivity=2345},{null m=TO_BACK f=FILLS_TASK|IS_ACTIVITY|EDGE_EXTENSION_RESTRICTION leash=Surface(name=ActivityRecord{7daf047 u0 com.sikwin.app/.MainActivity t2345})/@0x46154a7 sb=Rect(0, 0 - 1440, 3120) eb=Rect(0, 0 - 1440, 3120) d=0 bc=fffafafa component=com.sikwin.app/.MainActivity inset=Rect(0, 0 - 0, 0) taskIdForActivity=2345}]}
02-23 03:38:33.531  3940  4029 I SurfaceControlRegistry: show, t=StartTransaction_SyncId<6138> sc=ActivityRecord{15382e0 u0 com.sikwin.app/com.unity3d.player.UnityPlayerGameActivity t2345}, caller=android.view.SurfaceControl$Transaction.show:3232 com.android.wm.shell.transition.Transitions.dispatchReady:934 com.android.wm.shell.transition.Transitions.onTransitionReady:243 com.android.wm.shell.transition.Transitions$TransitionPlayerImpl$$ExternalSyntheticLambda0.run:13 android.os.Handler.handleCallback:959 android.os.Handler.dispatchMessage:100 
02-23 03:38:33.532  3940  4029 I SurfaceControlRegistry: show, t=FinishTransaction_SyncId<6138> sc=ActivityRecord{15382e0 u0 com.sikwin.app/com.unity3d.player.UnityPlayerGameActivity t2345}, caller=android.view.SurfaceControl$Transaction.show:3232 com.android.wm.shell.transition.Transitions.dispatchReady:988 com.android.wm.shell.transition.Transitions.onTransitionReady:243 com.android.wm.shell.transition.Transitions$TransitionPlayerImpl$$ExternalSyntheticLambda0.run:13 android.os.Handler.handleCallback:959 android.os.Handler.dispatchMessage:100 
02-23 03:38:33.532  3940  4029 I SurfaceControlRegistry: show, t=StartTransaction_SyncId<6138> sc=Transition Root: ActivityRecord{15382e0 u0 com.sikwin.app/com.unity3d.player.UnityPlayerGameActivity t2345}, caller=android.view.SurfaceControl$Transaction.show:3232 com.android.wm.shell.transition.Transitions.playTransition:81 com.android.wm.shell.transition.Transitions.processReadyQueue:250 com.android.wm.shell.transition.Transitions.dispatchReady:1007 com.android.wm.shell.transition.Transitions.onTransitionReady:243 com.android.wm.shell.transition.Transitions$TransitionPlayerImpl$$ExternalSyntheticLambda0.run:13 
02-23 03:38:33.532  3940  4029 V WindowManagerShell: Transition doesn't have explicit remote, search filters for match for {id=6138 t=OPEN f=0x0 trk=0 opt={t=FROM_STYLE} r=[0@Point(0, 0)] c=[{null m=OPEN f=FILLS_TASK|IS_ACTIVITY|EDGE_EXTENSION_RESTRICTION leash=Surface(name=ActivityRecord{15382e0 u0 com.sikwin.app/com.unity3d.player.UnityPlayerGameActivity t2345})/@0xe425966 sb=Rect(0, 0 - 0, 0) eb=Rect(0, 0 - 1440, 3120) d=-1->0 r=-1->0:-1 bc=fffafafa component=com.sikwin.app/com.unity3d.player.UnityPlayerGameActivity inset=Rect(0, 0 - 0, 0) dim=true taskIdForActivity=2345},{null m=TO_BACK f=FILLS_TASK|IS_ACTIVITY|EDGE_EXTENSION_RESTRICTION leash=Surface(name=ActivityRecord{7daf047 u0 com.sikwin.app/.MainActivity t2345})/@0x46154a7 sb=Rect(0, 0 - 1440, 3120) eb=Rect(0, 0 - 1440, 3120) d=0 bc=fffafafa component=com.sikwin.app/.MainActivity inset=Rect(0, 0 - 0, 0) taskIdForActivity=2345}]}
02-23 03:38:33.532  3940  4029 V WindowManagerShell: start default transition animation, info = {id=6138 t=OPEN f=0x0 trk=0 opt={t=FROM_STYLE} r=[0@Point(0, 0)] c=[{null m=OPEN f=FILLS_TASK|IS_ACTIVITY|EDGE_EXTENSION_RESTRICTION leash=Surface(name=ActivityRecord{15382e0 u0 com.sikwin.app/com.unity3d.player.UnityPlayerGameActivity t2345})/@0xe425966 sb=Rect(0, 0 - 0, 0) eb=Rect(0, 0 - 1440, 3120) d=-1->0 r=-1->0:-1 bc=fffafafa component=com.sikwin.app/com.unity3d.player.UnityPlayerGameActivity inset=Rect(0, 0 - 0, 0) dim=true taskIdForActivity=2345},{null m=TO_BACK f=FILLS_TASK|IS_ACTIVITY|EDGE_EXTENSION_RESTRICTION leash=Surface(name=ActivityRecord{7daf047 u0 com.sikwin.app/.MainActivity t2345})/@0x46154a7 sb=Rect(0, 0 - 1440, 3120) eb=Rect(0, 0 - 1440, 3120) d=0 bc=fffafafa component=com.sikwin.app/.MainActivity inset=Rect(0, 0 - 0, 0) taskIdForActivity=2345}]}
02-23 03:38:33.533  3940  4029 V WindowManagerShell:    change={null m=OPEN f=FILLS_TASK|IS_ACTIVITY|EDGE_EXTENSION_RESTRICTION leash=Surface(name=ActivityRecord{15382e0 u0 com.sikwin.app/com.unity3d.player.UnityPlayerGameActivity t2345})/@0xe425966 sb=Rect(0, 0 - 0, 0) eb=Rect(0, 0 - 1440, 3120) d=-1->0 r=-1->0:-1 bc=fffafafa component=com.sikwin.app/com.unity3d.player.UnityPlayerGameActivity inset=Rect(0, 0 - 0, 0) dim=true taskIdForActivity=2345}
02-23 03:38:33.533  1656  1820 I SurfaceFlinger: id=89852 createSurf, flag=20004, DimTransitionLayer for Surface(name=ActivityRecord{15382e0 u0 com.sikwin.app/com.unity3d.player.UnityPlayerGameActivity t2345})/@0xe425966#89852
02-23 03:38:33.535  1656  2063 D SurfaceFlinger: [input] setFocusedWindow: 9b9f140 com.sikwin.app/com.unity3d.player.UnityPlayerGameActivity
02-23 03:38:33.535  2545  4121 D InputDispatcher: Once focus requested (0): 9b9f140 com.sikwin.app/com.unity3d.player.UnityPlayerGameActivity
02-23 03:38:33.535  2545  4121 D InputDispatcher: Focus request (0): 9b9f140 com.sikwin.app/com.unity3d.player.UnityPlayerGameActivity but waiting because NOT_VISIBLE
02-23 03:38:33.535 29057 29185 I Unity   : MemoryManager: Using 'Dynamic Heap' Allocator.
02-23 03:38:33.537  3940  4029 I SurfaceControlRegistry: show, t=StartTransaction_SyncId<6138> sc=DimTransitionLayer for Surface(name=ActivityRecord{15382e0 u0 com.sikwin.app/com.unity3d.player.UnityPlayerGameActivity t2345})/@0xe425966, caller=android.view.SurfaceControl$Transaction.show:3232 com.android.wm.shell.transition.DefaultTransitionHandler.startAnimation:2540 com.android.wm.shell.transition.Transitions.dispatchTransition:93 com.android.wm.shell.transition.Transitions.playTransition:700 com.android.wm.shell.transition.Transitions.processReadyQueue:250 com.android.wm.shell.transition.Transitions.dispatchReady:1007 
02-23 03:38:33.537  3940  4029 V WindowManagerShell: attach dim transition, change={null m=OPEN f=FILLS_TASK|IS_ACTIVITY|EDGE_EXTENSION_RESTRICTION leash=Surface(name=ActivityRecord{15382e0 u0 com.sikwin.app/com.unity3d.player.UnityPlayerGameActivity t2345})/@0xe425966 sb=Rect(0, 0 - 0, 0) eb=Rect(0, 0 - 1440, 3120) d=-1->0 r=-1->0:-1 bc=fffafafa component=com.sikwin.app/com.unity3d.player.UnityPlayerGameActivity inset=Rect(0, 0 - 0, 0) dim=true taskIdForActivity=2345}
02-23 03:38:33.539  1656  1656 E SurfaceFlinger: alpha changed 1.000 -> 0.000 - DimTransitionLayer for Surface(name=ActivityRecord{15382e0 u0 com.sikwin.app/com.unity3d.player.UnityPlayerGameActivity t2345})/@0xe425966#89852
02-23 03:38:33.539  1656  1656 I SurfaceFlinger: Layer [ActivityRecord{15382e0 u0 com.sikwin[...]UnityPlayerGameActivity t2345}#89841] hidden!! flag(0)
02-23 03:38:33.539  1656  1656 E SurfaceFlinger: alpha changed 1.000 -> 0.000 - ActivityRecord{15382e0 u0 com.sikwin.app/com.unity3d.player.UnityPlayerGameActivity t2345}#89841
02-23 03:38:33.539  1656  1656 I SurfaceFlinger: Layer [9b9f140 com.sikwin.app/com.unity3d.player.UnityPlayerGameActivity#89842] hidden!! flag(0)
02-23 03:38:33.539  1656  1656 I SurfaceFlinger: Layer [Transition Root: ActivityRecord{1538[...]UnityPlayerGameActivity t2345}#89850] hidden!! flag(0)
02-23 03:38:33.539  1656  1656 I SurfaceFlinger: Layer [com.sikwin.app/com.unity3d.player.UnityPlayerGameActivity$_29057#89843] hidden!! flag(0)
02-23 03:38:33.539  1656  1656 E SurfaceFlinger: alpha changed 0.000 -> 1.000 - ActivityRecord{15382e0 u0 com.sikwin.app/com.unity3d.player.UnityPlayerGameActivity t2345}#89841
02-23 03:38:33.539  1656  1656 E SurfaceFlinger: alpha changed 0.000 -> 0.000 - DimTransitionLayer for Surface(name=ActivityRecord{15382e0 u0 com.sikwin.app/com.unity3d.player.UnityPlayerGameActivity t2345})/@0xe425966#89852
02-23 03:38:33.539  1656  1656 I SurfaceFlinger: [DimTransitionLayer for Surface(name=ActivityRecord{15382e0 u0 com.sikwin.app/com.unity3d.player.UnityPlayerGameActivity t2345})/@0xe425966#89852] attach to parent LayerHierarchy{RequestedLayerState{Transition Root: ActivityRecord{15382e0 u0 com.sikwin.app/com.unity3d.player.UnityPlayerGameActivity t2345}#89850 parentId=89814 z=1} 1 children}
02-23 03:38:33.539  1656  1656 I SurfaceFlinger: [LayerHierarchy{RequestedLayerState{ActivityRecord{7daf047 u0 com.sikwin.app/.MainActivity t2345}#89815 parentId=89850 z=2} 3 children}] reparent to LayerHierarchy{RequestedLayerState{Transition Root: ActivityRecord{15382e0 u0 com.sikwin.app/com.unity3d.player.UnityPlayerGameActivity t2345}#89850 parentId=89814 z=1} 2 children}
02-23 03:38:33.539  1656  1656 I SurfaceFlinger: [LayerHierarchy{RequestedLayerState{ActivityRecord{15382e0 u0 com.sikwin.app/com.unity3d.player.UnityPlayerGameActivity t2345}#89841 parentId=89850 z=5} 3 children}] reparent to LayerHierarchy{RequestedLayerState{Transition Root: ActivityRecord{15382e0 u0 com.sikwin.app/com.unity3d.player.UnityPlayerGameActivity t2345}#89850 parentId=89814 z=1} 3 children}
02-23 03:38:33.542 29057 29057 I InsetsController: onStateChanged: host=com.sikwin.app/com.unity3d.player.UnityPlayerGameActivity, from=android.view.ViewRootImpl.handleInsetsControlChanged:2888, state=InsetsState: {mDisplayFrame=Rect(0, 0 - 1440, 3120), mDisplayCutout=DisplayCutout{insets=Rect(0, 112 - 0, 0) waterfall=Insets{left=0, top=0, right=0, bottom=0} boundingRect={Bounds=[Rect(0, 0 - 0, 0), Rect(686, 0 - 754, 112), Rect(0, 0 - 0, 0), Rect(0, 0 - 0, 0)]} cutoutPathParserInfo={CutoutPathParserInfo{displayWidth=1440 displayHeight=3120 physicalDisplayWidth=1440 physicalDisplayHeight=3120 density={3.75} cutoutSpec={M 0,0 H -9.066666666666667 V 29.86666666666667 H 9.066666666666667 V 0 H 0 Z @dp} rotation={0} scale={1.0} physicalPixelDisplaySizeRatio={1.0}}} sideOverrides={}}, mRoundedCorners=RoundedCorners{[RoundedCorner{position=TopLeft, radius=8, center=Point(8, 8)}, RoundedCorner{position=TopRight, radius=8, center=Point(1432, 8)}, RoundedCorner{position=BottomRight, radius=8, center=Point(1432, 3112)}, RoundedCorner{position=BottomLeft, radius=8, center=Point(8, 3112)}]}  mRoundedCornerFrame=Rect(0, 0 - 1440, 3120), mPrivacyIndicatorBounds=PrivacyIndicatorBounds {static bounds=Rect(1275, 0 - 1440, 113) rotation=0}, mDisplayShape=DisplayShape{ spec=1406003047 displayWidth=1440 displayHeight=3120 physicalPixelDisplaySizeRatio=1.0 rotation=0 offsetX=0 offsetY=0 scale=1.0}, mSources= { InsetsSource: {9f5d0000 mType=statusBars mFrame=[0,0][1440,113] mVisible=true mFlags= mSideHint=TOP mBoundingRects=null}, InsetsSource: {9f5d0005 mType=mandatorySystemGestures mFrame=[0,0][1440,157] mVisible=true mFlags= mSideHint=TOP mBoundingRects=null}, InsetsSource: {9f5d0006 mType=tappableElement mFrame=[0,0][1440,113] mVisible=true mFlags= mSideHint=TOP mBoundingRects=null}, InsetsSource: {e2030001 mType=navigationBars mFrame=[0,3064][1440,3120] mVisible=true mFlags=SUPPRESS_SCRIM mSideHint=BOTTOM mBoundingRects=null}, InsetsSource: {e2030004 mType=systemGestures mFrame=[0,0][112,3120] mVisible=true mFlags= mSideHint=LEFT mBoundingRects=null}, InsetsSource: {e2030005 mType=mandatorySystemGestures mFrame=[0,3000][1440,3120] mVisible=true mFlags= mSideHint=BOTTOM mBoundingRects=null}, InsetsSource: {e2030006 mType=tappableElement mFrame=[0,0][0,0] mVisible=true mFlags= mSideHint=NONE mBoundingRects=null}, InsetsSource: {e2030024 mType=systemGestures mFrame=[1328,0][1440,3120] mVisible=true mFlags= mSideHint=RIGHT mBoundingRects=null}, InsetsSource: {3 mType=ime mFrame=[0,0][0,0] mVisible=false mFlags= mSideHint=NONE mBoundingRects=null}, InsetsSource: {27 mType=displayCutout mFrame=[0,0][1440,112] mVisible=true mFlags= mSideHint=TOP mBoundingRects=null} }
02-23 03:38:33.543  2545  6787 D InputDispatcher: Focus entered window (0): 9b9f140 com.sikwin.app/com.unity3d.player.UnityPlayerGameActivity
02-23 03:38:33.545  7114 10326 I [AirCmd]_ActivitySwitchDetector: onTaskStackChanged : componentName - ComponentInfo{com.sikwin.app/com.unity3d.player.UnityPlayerGameActivity}
02-23 03:38:33.546 29057 29185 I Unity   : SystemInfo CPU = ARM64 FP ASIMD AES, Cores = 8, Memory = 11089mb
02-23 03:38:33.546 29057 29185 I Unity   : SystemInfo ARM big.LITTLE configuration: 6 big (mask: 0xfc), 2 little (mask: 0x3)
02-23 03:38:33.546 29057 29185 I Unity   : ApplicationInfo 'com.sikwin.app', Version '1.0', Min API Level '25', Target API Level '34'
02-23 03:38:33.546 29057 29185 I Unity   : Built from '6000.3/staging' branch, Version '6000.3.8f1 (1c7db571dde0)', Build type 'Release', Scripting Backend 'il2cpp', CPU 'arm64-v8a', Stripping 'Enabled'
02-23 03:38:33.546 29057 29057 I InsetsController: controlAnimationUncheckedInner: Added types=statusBars navigationBars, animType=1, host=com.sikwin.app/com.unity3d.player.UnityPlayerGameActivity, from=android.view.InsetsController.controlAnimationUnchecked:1502 android.view.InsetsController.applyAnimation:2228 android.view.InsetsController.applyAnimation:2159 
02-23 03:38:33.546 29057 29185 I Unity   : Device Model 'samsung SM-S928B', OS 'Android OS 15 (API 35)'
02-23 03:38:33.546 29057 29057 I VRI[UnityPlayerGameActivity]@579670d: handleResized, frames=ClientWindowFrames{frame=[0,0][1440,3120] display=[0,0][1440,3120] parentFrame=[0,0][0,0]} displayId=0 dragResizing=false compatScale=1.0 frameChanged=false attachedFrameChanged=false configChanged=false displayChanged=false compatScaleChanged=false dragResizingChanged=false
02-23 03:38:33.546 29057 29057 I VRI[UnityPlayerGameActivity]@579670d: handleResized mSyncSeqId = 0
02-23 03:38:33.546 29057 29057 D VRI[UnityPlayerGameActivity]@579670d: reportNextDraw android.view.ViewRootImpl.handleResized:2864 android.view.ViewRootImpl.-$$Nest$mhandleResized:0 android.view.ViewRootImpl$W.resized:13691 android.app.servertransaction.WindowStateResizeItem.execute:64 android.app.servertransaction.WindowStateTransactionItem.execute:59 
02-23 03:38:33.555  1656  1656 E SurfaceFlinger: alpha changed 0.000 -> 0.011 - DimTransitionLayer for Surface(name=ActivityRecord{15382e0 u0 com.sikwin.app/com.unity3d.player.UnityPlayerGameActivity t2345})/@0xe425966#89852
02-23 03:38:33.557 29057 29057 D VRI[UnityPlayerGameActivity]@579670d: Setup new sync=wmsSync-VRI[UnityPlayerGameActivity]@579670d#11
02-23 03:38:33.557 29057 29057 I VRI[UnityPlayerGameActivity]@579670d: Creating new active sync group VRI[UnityPlayerGameActivity]@579670d#12
02-23 03:38:33.557  1656  1656 D SurfaceFlinger:   SOLID_COLOR |                      | 0003 | Unknown      |    0.0    0.0    0.0    0.0 | 1366    0 1440 3120 | Background for SurfaceView[com.sikwi[...]yer.UnityPlayerGameActivity]@0#89849
02-23 03:38:33.557  1656  1656 D SurfaceFlinger: 66    0 1440 3120 | com.sikwin.app/com.unity3d.player.UnityPlayerGameActivity$_29057#89843 (1)
02-23 03:38:33.557 29057 29057 D VRI[UnityPlayerGameActivity]@579670d: registerCallbacksForSync syncBuffer=false
02-23 03:38:33.557 29057 29086 D VRI[UnityPlayerGameActivity]@579670d: Received frameDrawingCallback syncResult=0 frameNum=2.
02-23 03:38:33.557 29057 29086 I VRI[UnityPlayerGameActivity]@579670d: Setting up sync and frameCommitCallback
02-23 03:38:33.557 29057 29078 I VRI[UnityPlayerGameActivity]@579670d: Received frameCommittedCallback lastAttemptedDrawFrameNum=2 didProduceBuffer=false
02-23 03:38:33.558 29057 29078 I BLASTBufferQueue_Java: gatherPendingTransactions, mName= VRI[UnityPlayerGameActivity]@579670d mNativeObject= 0xb400007da3f51f50 frameNumber= 2 caller= android.view.ViewRootImpl$11.lambda$onFrameDraw$3:15100 android.view.ViewRootImpl$11.$r8$lambda$lOIKKNnrcWn9ZndeJebfX4H5mOg:0 android.view.ViewRootImpl$11$$ExternalSyntheticLambda3.onFrameCommit:0 android.view.ThreadedRenderer$1.lambda$onFrameDraw$0:773 android.view.ThreadedRenderer$1$$ExternalSyntheticLambda0.onFrameCommit:0 <bottom of call stack> 
02-23 03:38:33.558 29057 29057 D VRI[UnityPlayerGameActivity]@579670d: reportDrawFinished seqId=0
02-23 03:38:33.558  2545  6787 D WindowManager: finishDrawingWindow: Window{9b9f140 u0 com.sikwin.app/com.unity3d.player.UnityPlayerGameActivity} mDrawState=HAS_DRAWN seqId=0
02-23 03:38:33.558 29057 29057 D VRI[UnityPlayerGameActivity]@579670d: mThreadedRenderer.initializeIfNeeded()#2 mSurface={isValid=true 0xb400007dc3f75100}
02-23 03:38:33.561  2545  6787 D InsetsSourceProvider: updateControlForTarget: control=InsetsSourceControl: {3 mType=ime mSurfacePosition=Point(0, 113) mInsetsHint=Insets{left=0, top=0, right=0, bottom=1345}}, target=Window{9b9f140 u0 com.sikwin.app/com.unity3d.player.UnityPlayerGameActivity}, from=com.android.server.wm.ImeInsetsSourceProvider.updateControlForTarget:17 com.android.server.wm.InsetsStateController.onControlTargetChanged:81 com.android.server.wm.DisplayContent.updateImeControlTarget:21 com.android.server.wm.DisplayContent.updateImeInputAndControlTarget:81 com.android.server.wm.WindowManagerService$LocalService.updateInputMethodTargetWindow:21 
02-23 03:38:33.569  2545  4796 V WindowManager: Relayout Window{9b9f140 u0 com.sikwin.app/com.unity3d.player.UnityPlayerGameActivity}: viewVisibility=0 req=1440x3120 ty=1 d0
02-23 03:38:33.569 29057 29057 I BLASTBufferQueue_Java: update, w= 1440 h= 3120 mName = VRI[UnityPlayerGameActivity]@579670d mNativeObject= 0xb400007da3f51f50 sc.mNativeObject= 0xb400007d43f1b050 format= -3 caller= android.view.ViewRootImpl.updateBlastSurfaceIfNeeded:3386 android.view.ViewRootImpl.relayoutWindow:11361 android.view.ViewRootImpl.performTraversals:4544 android.view.ViewRootImpl.doTraversal:3708 android.view.ViewRootImpl$TraversalRunnable.run:12542 android.view.Choreographer$CallbackRecord.run:1751 
02-23 03:38:33.570 29057 29057 I VRI[UnityPlayerGameActivity]@579670d: Relayout returned: old=(0,0,1440,3120) new=(0,0,1440,3120) relayoutAsync=true req=(1440,3120)0 dur=0 res=0x0 s={true 0xb400007dc3f75100} ch=false seqId=0
02-23 03:38:33.570 29057 29057 I VRI[UnityPlayerGameActivity]@579670d: updateBoundsLayer: t=android.view.SurfaceControl$Transaction@88095be sc=Surface(name=Bounds for - com.sikwin.app/com.unity3d.player.UnityPlayerGameActivity@0)/@0xb53d61f frame=2
02-23 03:38:33.570 29057 29057 I VRI[UnityPlayerGameActivity]@579670d: registerCallbackForPendingTransactions
