02-19 10:57:05.263  2557  2905 V WindowManager: Sent Transition (#2030) createdAt=02-19 10:57:05.229 via request=TransitionRequestInfo { type = OPEN, triggerTask = TaskInfo{userId=0 taskId=619 displayId=0 isRunning=true baseIntent=Intent { act=android.intent.action.MAIN cat=[android.intent.category.LAUNCHER] flg=0x10200000 cmp=com.sikwin.app/.MainActivity } baseActivity=ComponentInfo{com.sikwin.app/com.sikwin.app.MainActivity} topActivity=ComponentInfo{com.sikwin.app/com.unity3d.player.UnityPlayerGameActivity} origActivity=null realActivity=ComponentInfo{com.sikwin.app/com.sikwin.app.MainActivity} numActivities=2 lastActiveTime=71724843 supportsMultiWindow=true resizeMode=1 isResizeable=true minWidth=-1 minHeight=-1 maxWidth=-1 maxHeight=-1 defaultMinSize=220 token=WCT{RemoteToken{dfba49 Task{26f93c1 #619 type=standard A=10685:com.sikwin.app}}} topActivityType=1 pictureInPictureParams=null shouldDockBigOverlays=false launchIntoPipHostTaskId=-1 lastParentTaskIdBeforePip=-1 displayCutoutSafeInsets=Rect(0, 112 - 0, 0) topActivityInfo=ActivityInfo{c0e7f28 com.unity3d.player.UnityPlayerGameActivity} launchCookies=[] positionInParent=Point(0, 0) parentTaskId=-1 isFocused=true isVisible=true isVisibleRequested=true isSleeping=false topActivityInSizeCompat=false locusId=null displayAreaFeatureId=1 isTopActivityTransparent=false isTopActivityStyleFloating=false appCompatTaskInfo=AppCompatTaskInfo { topActivityInSizeCompat=false eligibleForLetterboxEducation= false isLetterboxEducationEnabled= false isLetterboxDoubleTapEnabled= false eligibleForUserAspectRatioButton= false topActivityBoundsLetterboxed= false isFromLetterboxDoubleTap= false topActivityLetterboxVerticalPosition= -1 topActivityLetterboxHorizontalPosition= -1 topActivityLetterboxWidth=1440 topActivityLetterboxHeight=3120 topActivityLetterboxAppWidth=1440 topActivityLetterboxAppHeight=2952 isUserFullscreenOverrideEnabled=false isSystemFullscreenOverrideEnabled=false hasMinAspectRatioOverride=false cameraCompatTaskInfo=CameraCompatTaskInfo { freeformCameraCompatMode=inactive} topActivityBounds=null topActivityInDisplayCompat=false} originallySupportedMultiWindow=true hasWallpaper=false rootAffinity=10685:com.sikwin.app isTopTaskInStage=false topActivityUiMode=33 CoverLauncherWidgetTask=false isAllowedSeamlessRotation=false isTopTransparentActivity=true snappingGuideBounds=Rect(108, 808 - 1332, 2368) isAliasManaged=false hasConfigChanged=false isAiKeyRemoveAppTask=false}, pipTask = null, remoteTransition = null, displayChange = null, flags = 0, debugId = 2030 }
02-19 10:57:05.266  2557  2905 V WindowManager:     startWCT=WindowContainerTransaction { changes = {} hops = [] errorCallbackToken=null taskFragmentOrganizer=null }
02-19 10:57:05.266  2557  2909 I WindowManager: Cancelling animation restarting=true, leash=Surface(name=Surface(name=29212b3 StatusBar)/@0x6501fb9 - animation-leash of insets_animation)/@0x3fd01f3
02-19 10:57:05.266  2557  2909 I WindowManager: Reparenting to original parent: Surface(name=WindowToken{49e5822 type=2000 android.os.BinderProxy@60e1804})/@0xbde0ffe, destroy=false, syncState=0, syncCommitDepth=0, surface=Surface(name=29212b3 StatusBar)/@0x6501fb9
02-19 10:57:05.267  2557  2909 I WindowManager: Reparenting to leash, surface=Surface(name=29212b3 StatusBar)/@0x6501fb9, syncState=0, syncCommitDepth=0, leashParent=Surface(name=WindowToken{49e5822 type=2000 android.os.BinderProxy@60e1804})/@0xbde0ffe
02-19 10:57:05.267  1642  1781 I SurfaceFlinger: id=27773 createSurf, flag=24000, Surface(name=29212b3 StatusBar)/@0x6501fb9 - animation-leash of insets_animation#27773
02-19 10:57:05.267  2557  2905 V WindowManager:     info={id=2030 t=OPEN f=0x0 trk=0 r=[0@Point(0, 0)] c=[
02-19 10:57:05.267  2557  2905 V WindowManager:         {null m=OPEN f=FILLS_TASK|IS_BEHIND_STARTING_WINDOW|IS_ACTIVITY leash=Surface(name=ActivityRecord{5cbcedc u0 com.sikwin.app/com.unity3d.player.UnityPlayerGameActivity t619})/@0x95daa1a sb=Rect(0, 0 - 0, 0) eb=Rect(0, 0 - 1440, 3120) d=-1->0 r=-1->0:-1 bc=fffafafa component=com.sikwin.app/com.unity3d.player.UnityPlayerGameActivity inset=Rect(0, 0 - 0, 0) dim=true taskIdForActivity=619},
02-19 10:57:05.267  2557  2905 V WindowManager:         {null m=TO_BACK f=FILLS_TASK|IS_BEHIND_STARTING_WINDOW|IS_ACTIVITY|EDGE_EXTENSION_RESTRICTION leash=Surface(name=ActivityRecord{3981ca8 u0 com.sikwin.app/.MainActivity t619})/@0xd8bbc61 sb=Rect(0, 0 - 1440, 3120) eb=Rect(0, 0 - 1440, 3120) d=0 bc=fffafafa component=com.sikwin.app/.MainActivity inset=Rect(0, 0 - 0, 0) taskIdForActivity=619}
02-19 10:57:05.267  2557  2905 V WindowManager:     ]}
02-19 10:57:05.267  3927  4019 I SurfaceControlRegistry: show, t=StartTransaction_SyncId<2030> sc=DimTransitionLayer for Surface(name=ActivityRecord{5cbcedc u0 com.sikwin.app/com.unity3d.player.UnityPlayerGameActivity t619})/@0x1463e0f, caller=android.view.SurfaceControl$Transaction.show:3232 com.android.wm.shell.transition.DefaultTransitionHandler.startAnimation:2540 com.android.wm.shell.transition.Transitions.dispatchTransition:93 com.android.wm.shell.transition.Transitions.playTransition:700 com.android.wm.shell.transition.Transitions.processReadyQueue:250 com.android.wm.shell.transition.Transitions.dispatchReady:1007 
02-19 10:57:05.267  2557  2909 D WindowManager: makeSurface duration=0 leash=Surface(name=Surface(name=29212b3 StatusBar)/@0x6501fb9 - animation-leash of insets_animation)/@0x7cf6272
02-19 10:57:05.267  3927  4019 V WindowManagerShell: attach dim transition, change={null m=OPEN f=FILLS_TASK|IS_BEHIND_STARTING_WINDOW|IS_ACTIVITY leash=Surface(name=ActivityRecord{5cbcedc u0 com.sikwin.app/com.unity3d.player.UnityPlayerGameActivity t619})/@0x1463e0f sb=Rect(0, 0 - 0, 0) eb=Rect(0, 0 - 1440, 3120) d=-1->0 r=-1->0:-1 bc=fffafafa component=com.sikwin.app/com.unity3d.player.UnityPlayerGameActivity inset=Rect(0, 0 - 0, 0) dim=true taskIdForActivity=619}
02-19 10:57:05.267  2557  2909 D InsetsSourceProvider: updateControlForTarget: control=InsetsSourceControl: {5dc60000 mType=statusBars initiallyVisible mSurfacePosition=Point(0, 0) mInsetsHint=Insets{left=0, top=113, right=0, bottom=0}}, target=Window{d811d74 u0 Splash Screen com.sikwin.app}, from=com.android.server.wm.InsetsStateController.onControlTargetChanged:81 com.android.server.wm.InsetsPolicy.updateBarControlTarget:175 com.android.server.wm.DisplayPolicy.updateSystemBarAttributes:269 com.android.server.wm.DisplayPolicy.finishPostLayoutPolicyLw:17 com.android.server.wm.RootWindowContainer.applySurfaceChangesTransaction$1:194 
02-19 10:57:05.267  2557  2909 I WindowManager: Cancelling animation restarting=true, leash=Surface(name=Surface(name=b6f87e5 NavigationBar0)/@0x24b71ac - animation-leash of insets_animation)/@0xb941129
02-19 10:57:05.267  2557  2909 I WindowManager: Reparenting to original parent: Surface(name=WindowToken{870134f type=2019 android.os.BinderProxy@7c2f229})/@0xdc9fe75, destroy=false, syncState=0, syncCommitDepth=0, surface=Surface(name=b6f87e5 NavigationBar0)/@0x24b71ac
02-19 10:57:05.267  2557  2909 I WindowManager: Reparenting to leash, surface=Surface(name=b6f87e5 NavigationBar0)/@0x24b71ac, syncState=0, syncCommitDepth=0, leashParent=Surface(name=WindowToken{870134f type=2019 android.os.BinderProxy@7c2f229})/@0xdc9fe75
02-19 10:57:05.268  1642  4819 I SurfaceFlinger: id=27774 createSurf, flag=24000, Surface(name=b6f87e5 NavigationBar0)/@0x24b71ac - animation-leash of insets_animation#27774
02-19 10:57:05.268  2557  2909 D WindowManager: makeSurface duration=1 leash=Surface(name=Surface(name=b6f87e5 NavigationBar0)/@0x24b71ac - animation-leash of insets_animation)/@0x9480b40
02-19 10:57:05.268  3927  4019 I SurfaceControlRegistry: apply, t=StartTransaction_SyncId<2030>, caller=android.view.SurfaceControl$Transaction.apply:3135 android.view.SurfaceControl$Transaction.apply:3122 android.view.SurfaceControl$Transaction.apply:3078 com.android.wm.shell.transition.DefaultTransitionHandler.startAnimation:2823 com.android.wm.shell.transition.Transitions.dispatchTransition:93 com.android.wm.shell.transition.Transitions.playTransition:700 
02-19 10:57:05.268  2557  2909 D InsetsSourceProvider: updateControlForTarget: control=InsetsSourceControl: {f940001 mType=navigationBars initiallyVisible mSurfacePosition=Point(0, 2940) mInsetsHint=Insets{left=0, top=0, right=0, bottom=56}}, target=Window{d811d74 u0 Splash Screen com.sikwin.app}, from=com.android.server.wm.InsetsStateController.onControlTargetChanged:81 com.android.server.wm.InsetsPolicy.updateBarControlTarget:188 com.android.server.wm.DisplayPolicy.updateSystemBarAttributes:269 com.android.server.wm.DisplayPolicy.finishPostLayoutPolicyLw:17 com.android.server.wm.RootWindowContainer.applySurfaceChangesTransaction$1:194 
02-19 10:57:05.268  3927  4019 V WindowManagerShell:  animated by com.android.wm.shell.transition.DefaultTransitionHandler@39c6c92
02-19 10:57:05.269  1642  1781 I SurfaceFlinger: id=27775 createSurf, flag=84000, a29fdae ActivityRecordInputSink com.sikwin.app/com.unity3d.player.UnityPlayerGameActivity#27775
02-19 10:57:05.270  3927  4031 I InsetsSourceConsumer: applyRequestedVisibilityToControl: visible=true, type=statusBars, host=Splash Screen com.sikwin.app
02-19 10:57:05.270  3927  4031 I InsetsSourceConsumer: applyRequestedVisibilityToControl: visible=true, type=navigationBars, host=Splash Screen com.sikwin.app
02-19 10:57:05.272  1642  1642 I SurfaceFlinger: Layer [DimTransitionLayer for Surface(name=[...]GameActivity t619})/@0x1463e0f#27772] hidden!! flag(0)
02-19 10:57:05.272  1642  1642 E SurfaceFlinger: alpha changed 1.000 -> 0.000 - DimTransitionLayer for Surface(name=ActivityRecord{5cbcedc u0 com.sikwin.app/com.unity3d.player.UnityPlayerGameActivity t619})/@0x1463e0f#27772
02-19 10:57:05.272  1642  1642 I SurfaceFlinger: Layer [Transition Root: ActivityRecord{5cbc[...].UnityPlayerGameActivity t619}#27771] hidden!! flag(0)
02-19 10:57:05.272  1642  1642 I SurfaceFlinger: Layer [Splash Screen com.sikwin.app$_3927#27770] hidden!! flag(0)
02-19 10:57:05.272  1642  1642 I SurfaceFlinger: Layer [d811d74 Splash Screen com.sikwin.app#27769] hidden!! flag(0)
02-19 10:57:05.272  1642  1642 I SurfaceFlinger: Layer [ActivityRecord{5cbcedc u0 com.sikwin[...].UnityPlayerGameActivity t619}#27768] hidden!! flag(0)
02-19 10:57:05.272  1642  1642 E SurfaceFlinger: alpha changed 1.000 -> 0.000 - ActivityRecord{5cbcedc u0 com.sikwin.app/com.unity3d.player.UnityPlayerGameActivity t619}#27768
02-19 10:57:05.272  1642  1642 E SurfaceFlinger: alpha changed 0.000 -> 1.000 - ActivityRecord{5cbcedc u0 com.sikwin.app/com.unity3d.player.UnityPlayerGameActivity t619}#27768
02-19 10:57:05.272  1642  1642 E SurfaceFlinger: alpha changed 0.000 -> 0.000 - DimTransitionLayer for Surface(name=ActivityRecord{5cbcedc u0 com.sikwin.app/com.unity3d.player.UnityPlayerGameActivity t619})/@0x1463e0f#27772
02-19 10:57:05.272  1642  1642 I SurfaceFlinger: [LayerHierarchy{RequestedLayerState{b6f87e5 NavigationBar0#80 parentId=27774} 1 children}] reparent to LayerHierarchy{RequestedLayerState{Surface(name=b6f87e5 NavigationBar0)/@0x24b71ac - animation-leash of insets_animation#27774 parentId=79} 1 children}
02-19 10:57:05.272  1642  1642 I SurfaceFlinger: [LayerHierarchy{RequestedLayerState{29212b3 StatusBar#87 parentId=27773} 1 children}] reparent to LayerHierarchy{RequestedLayerState{Surface(name=29212b3 StatusBar)/@0x6501fb9 - animation-leash of insets_animation#27773 parentId=86} 1 children}
02-19 10:57:05.272  1642  1642 I SurfaceFlinger: [LayerHierarchy{RequestedLayerState{ActivityRecord{3981ca8 u0 com.sikwin.app/.MainActivity t619}#27751 parentId=27771 z=2} 3 children}] reparent to LayerHierarchy{RequestedLayerState{Transition Root: ActivityRecord{5cbcedc u0 com.sikwin.app/com.unity3d.player.UnityPlayerGameActivity t619}#27771 parentId=27750 z=1} 1 children}
02-19 10:57:05.272  1642  1642 I SurfaceFlinger: [LayerHierarchy{RequestedLayerState{Surface(name=b6f87e5 NavigationBar0)/@0x24b71ac - animation-leash of insets_animation#27761} no children}] reparent to OffscreenRoot
02-19 10:57:05.272  1642  1642 I SurfaceFlinger: [LayerHierarchy{RequestedLayerState{Surface(name=b6f87e5 NavigationBar0)/@0x24b71ac - animation-leash of insets_animation#27761} no children}] RelativeParent to null
02-19 10:57:05.272  1642  1642 I SurfaceFlinger: [LayerHierarchy{RequestedLayerState{Surface(name=29212b3 StatusBar)/@0x6501fb9 - animation-leash of insets_animation#27760} no children}] reparent to OffscreenRoot
02-19 10:57:05.272  1642  1642 I SurfaceFlinger: [LayerHierarchy{RequestedLayerState{Surface(name=29212b3 StatusBar)/@0x6501fb9 - animation-leash of insets_animation#27760} no children}] RelativeParent to null
02-19 10:57:05.272  1642  1642 I SurfaceFlinger: [LayerHierarchy{RequestedLayerState{ActivityRecord{5cbcedc u0 com.sikwin.app/com.unity3d.player.UnityPlayerGameActivity t619}#27768 parentId=27771 z=5} 1 children}] reparent to LayerHierarchy{RequestedLayerState{Transition Root: ActivityRecord{5cbcedc u0 com.sikwin.app/com.unity3d.player.UnityPlayerGameActivity t619}#27771 parentId=27750 z=1} 2 children}
02-19 10:57:05.272  1642  1642 I SurfaceFlinger: [DimTransitionLayer for Surface(name=ActivityRecord{5cbcedc u0 com.sikwin.app/com.unity3d.player.UnityPlayerGameActivity t619})/@0x1463e0f#27772] attach to parent LayerHierarchy{RequestedLayerState{Transition Root: ActivityRecord{5cbcedc u0 com.sikwin.app/com.unity3d.player.UnityPlayerGameActivity t619}#27771 parentId=27750 z=1} 3 children}
02-19 10:57:05.272  1642  1642 I SurfaceFlinger: [Surface(name=29212b3 StatusBar)/@0x6501fb9 - animation-leash of insets_animation#27773] attach to parent LayerHierarchy{RequestedLayerState{WindowToken{49e5822 type=2000 android.os.BinderProxy@60e1804}#86 parentId=19} 1 children}
02-19 10:57:05.272  1642  1642 I SurfaceFlinger: [Surface(name=b6f87e5 NavigationBar0)/@0x24b71ac - animation-leash of insets_animation#27774] attach to parent LayerHierarchy{RequestedLayerState{WindowToken{870134f type=2019 android.os.BinderProxy@7c2f229}#79 parentId=31} 1 children}
02-19 10:57:05.272  1642  1642 I SurfaceFlinger: [a29fdae ActivityRecordInputSink com.sikwin.app/com.unity3d.player.UnityPlayerGameActivity#27775] attach to parent LayerHierarchy{RequestedLayerState{ActivityRecord{5cbcedc u0 com.sikwin.app/com.unity3d.player.UnityPlayerGameActivity t619}#27768 parentId=27771 z=5} 3 children}
02-19 10:57:05.273  1642  1642 I SurfaceFlinger: id=27761 Removed Surface(name=b6f87e5 NavigationBar0)/@0x24b71ac - animation-leash of insets_animation#27761 (171)
02-19 10:57:05.273  1642  1642 I SurfaceFlinger: id=27760 Removed Surface(name=29212b3 StatusBar)/@0x6501fb9 - animation-leash of insets_animation#27760 (171)
02-19 10:57:05.275 13690 13690 I ikwin.app:unity: Using CollectorTypeCMC GC.
02-19 10:57:05.277 13396 13402 I adbd    : jdwp connection from 13690
02-19 10:57:05.279 13690 13690 D nativeloader: Load libframework-connectivity-tiramisu-jni.so using APEX ns com_android_tethering for caller /apex/com.android.tethering/javalib/framework-connectivity-t.jar: ok
02-19 10:57:05.280 13690 13690 D ActivityThread: setConscryptValidator
02-19 10:57:05.280  1642  1642 I SurfaceFlinger: destroyed Surface(name=b6f87e5 NavigationBar0)/@0x24b71ac - animation-leash of insets_animation#27761
02-19 10:57:05.280  1642  1642 I SurfaceFlinger: destroyed Surface(name=29212b3 StatusBar)/@0x6501fb9 - animation-leash of insets_animation#27760
02-19 10:57:05.280 13690 13690 D ActivityThread: setConscryptValidator - put
02-19 10:57:05.281  1642  1642 I Layer   : id=27761 Destroyed Surface(name=b6f87e5 NavigationBar0)/@0x24b71ac - animation-leash of insets_animation#27761
02-19 10:57:05.281  1642  1642 I Layer   : id=27760 Destroyed Surface(name=29212b3 StatusBar)/@0x6501fb9 - animation-leash of insets_animation#27760
02-19 10:57:05.284  2557  2906 D PkgPredictorService-SecIpmManagerServiceImpl: onForegroundActivitiesChanged pid:13690 uid:10685
02-19 10:57:05.285  2557  2906 D NetworkPolicy: already checked 10685
02-19 10:57:05.287  2557  6897 W UserManagerService: Requested status bar icon for non-badged user 0
02-19 10:57:05.289 13690 13690 D CompatChangeReporter: Compat change id reported: 242716250; UID 10685; state: ENABLED
02-19 10:57:05.289  1642  1642 E SurfaceFlinger: alpha changed 0.000 -> 0.010 - DimTransitionLayer for Surface(name=ActivityRecord{5cbcedc u0 com.sikwin.app/com.unity3d.player.UnityPlayerGameActivity t619})/@0x1463e0f#27772
02-19 10:57:05.290  1642  1642 D SurfaceFlinger: Display 4630946315032985731 HWC layers:
02-19 10:57:05.290  1642  1642 D SurfaceFlinger:        DEVICE |   0xb4000074565533b0 | 0002 | 0x7fa30c06   |    0.0    0.0  478.0  850.0 |  369 1529 1029 2702 | SurfaceView[com.sikwin.app/com.sikwin.app.MainActivity]@0(BLAST)#27764 (47)
02-19 10:57:05.290  1642  1642 D SurfaceFlinger:        DEVICE |   0xb40000745655adc0 | 0001 | RGBA_8888    |   21.0    0.0 1440.0 3120.0 |    0    0 1419 3120 | com.sikwin.app/com.sikwin.app.MainActivity$_12198#27757 (63)
02-19 10:57:05.290  1642  1642 D SurfaceFlinger:   SOLID_COLOR |                      | 0001 | Unknown      |    0.0    0.0    0.0    0.0 |    0    0 1440 3120 | DimTransitionLayer for Surface(name=[...]GameActivity t619})/@0x1463e0f#27772
02-19 10:57:05.290  1642  1642 D SurfaceFlinger:        DEVICE |   0xb400007456542eb0 | 0001 | RGBA_8888    |    0.0    0.0   66.0 3120.0 | 1374    0 1440 3120 | Splash Screen com.sikwin.app$_3927#27770 (1)
02-19 10:57:05.290  1642  1642 D SurfaceFlinger:        DEVICE |   0xb400007456553170 | 0001 | RGBA_8888    |    0.0    0.0 1440.0  113.0 |    0    0 1440  113 | StatusBar$_3927#96 (28339)
02-19 10:57:05.290  1642  1642 D SurfaceFlinger:        DEVICE |   0xb4000074565461e0 | 0001 | RGBA_8888    |    0.0    0.0   67.0  454.0 | 1373 1592 1440 2046 | com.sec.android.ap
02-19 10:57:05.290  1642  1642 D SurfaceFlinger: p.launcher/com.sam[...]l.app.CocktailBarService$_4488#27383 (1)
02-19 10:57:05.290  1642  1642 D SurfaceFlinger:        DEVICE |   0xb40000745651f960 | 0001 | RGBA_8888    |    0.0    0.0 1440.0  180.0 |    0 2940 1440 3120 | NavigationBar0$_3927#92 (41148)
02-19 10:57:05.290  1642  1642 D SurfaceFlinger: 
02-19 10:57:05.297 13690 13690 W ziparchive: Unable to open '/data/app/~~xyFYsnKEGi_23vYxbGYh_Q==/com.sikwin.app-yQtutRFtvUigiA-YEkcs8g==/base.dm': No such file or directory
02-19 10:57:05.297 13690 13690 W ziparchive: Unable to open '/data/app/~~xyFYsnKEGi_23vYxbGYh_Q==/com.sikwin.app-yQtutRFtvUigiA-YEkcs8g==/base.dm': No such file or directory
02-19 10:57:05.340  6955  9349 I SDHMS:l : onTaskStackChanged
02-19 10:57:05.340  6955  7285 I SDHMS:l : no app is Resumed!!! mResumedPackages.size = 0
02-19 10:57:05.341  4488 12133 I HoneySpace.RecentTasks: onRecentTasksChanged
02-19 10:57:05.343  4488 12133 I HoneySpace.HistoryViewModel@30671529@OneUI: Illegal access. Unknown type. skip load history items
02-19 10:57:05.345  6611 10748 I [AirCmd]_ActivitySwitchDetector: onTaskStackChanged : componentName - ComponentInfo{com.sikwin.app/com.unity3d.player.UnityPlayerGameActivity}
02-19 10:57:05.345  6611 10748 I [AirCmd]_ActivitySwitchDetector: onTaskStackChanged :top mTopMostActivity - ComponentInfo{com.sikwin.app/com.sikwin.app.MainActivity}
02-19 10:57:05.346  6611 10748 I [AirCmd]_CallbackRepeater: stopRepeat : isWorking=false
02-19 10:57:05.346  6611 10748 I [AirCmd]_MediaControlStateMonitor: isForegroundAppSupportsMediaButton : mediaSession is empty
02-19 10:57:05.346  6611 10748 E [AirCmd]_MediaControlStateMonitor: getActiveNotificationPackageName : notification service monitor is null
02-19 10:57:05.346  6611 10748 I [AirCmd]_ButtonEventDetectionThread: enableDoubleClickDetection: enabled= false
02-19 10:57:05.353 15172 15258 E AbstractLogEventBuilder: The provided ProductIdOrigin 3 is not one of the process-level expected values: 1 or 2
02-19 10:57:05.379  2557  2990 D PowerManagerService: displayReady: false groupId=0
02-19 10:57:05.379  2557  2990 D DisplayPowerController2[0]: animateScreenStateChange: target=ON, mIsEnabled=true
02-19 10:57:05.379  2557  2990 D PowerManagerService: displayReady: true groupId=0
02-19 10:57:05.386  1559  1739 I HYPER-HAL: [RequestManager.cpp]acquire(): Acquired ID : 42913915  [1564 / 7699]    HINT :      list : [TID_LOW_LATENCY / 0] [TID / 4080] [TID / 4081] [TID / 4031] [TID / 4078] 
02-19 10:57:05.387  1559  1739 I HYPER-HAL: [RequestManager.cpp]acquire(): Acquired ID : 42923180  [1564 / 7700]    HINT :      list : [UCLAMP_MIN_BOOST / 0] [TID / 4080] [TID / 4081] [TID / 4031] [TID / 4078] 
02-19 10:57:05.388  1559  1739 I HYPER-HAL: [RequestManager.cpp]releaseLocked(): Released ID : 42913915
02-19 10:57:05.388  1559  1739 I HYPER-HAL: [RequestManager.cpp]releaseLocked(): Released ID : 42923180
02-19 10:57:05.414  2557  3690 D MdnieScenarioControlService:  packageName : com.sikwin.app    className : com.unity3d.player.UnityPlayerGameActivity
02-19 10:57:05.414  2557  3690 V MdnieScenarioControlService: setUIMode from UI function(3)
02-19 10:57:05.425  2557  2743 I system_server: Background concurrent mark compact GC freed 42MB AllocSpace bytes, 243(10MB) LOS objects, 25% free, 142MB/190MB, paused 1.880ms,7.124ms total 328.351ms
02-19 10:57:05.430  2557  2745 W system_server: ApkAssets: Deleting an ApkAssets object '<empty> and /data/app/~~lKF5m03LAHzVtb6eNtOZ2g==/com.google.android.gms-wI51HYMODXB8wNITY0VWBg==/base.apk' with 1 weak references
02-19 10:57:05.430  2557  2745 W system_server: ApkAssets: Deleting an ApkAssets object '<empty> and /data/app/~~lKF5m03LAHzVtb6eNtOZ2g==/com.google.android.gms-wI51HYMODXB8wNITY0VWBg==/split_AdsDynamite_installtime.apk' with 1 weak references
02-19 10:57:05.430  2557  2745 W system_server: ApkAssets: Deleting an ApkAssets object '<empty> and /data/app/~~lKF5m03LAHzVtb6eNtOZ2g==/com.google.android.gms-wI51HYMODXB8wNITY0VWBg==/split_CronetDynamite_installtime.apk' with 1 weak references
02-19 10:57:05.430  2557  2745 W system_server: ApkAssets: Deleting an ApkAssets object '<empty> and /data/app/~~lKF5m03LAHzVtb6eNtOZ2g==/com.google.android.gms-wI51HYMODXB8wNITY0VWBg==/split_DynamiteLoader_installtime.apk' with 1 weak references
02-19 10:57:05.430  2557  2745 W system_server: ApkAssets: Deleting an ApkAssets object '<empty> and /data/app/~~lKF5m03LAHzVtb6eNtOZ2g==/com.google.android.gms-wI51HYMODXB8wNITY0VWBg==/split_DynamiteModulesA_installtime.apk' with 1 weak references
02-19 10:57:05.430  2557  2745 W system_server: ApkAssets: Deleting an ApkAssets object '<empty> and /data/app/~~lKF5m03LAHzVtb6eNtOZ2g==/com.google.android.gms-wI51HYMODXB8wNITY0VWBg==/split_DynamiteModulesC_installtime.apk' with 1 weak references
02-19 10:57:05.430  2557  2745 W system_server: ApkAssets: Deleting an ApkAssets object '<empty> and /data/app/~~lKF5m03LAHzVtb6eNtOZ2g==/com.google.android.gms-wI51HYMODXB8wNITY0VWBg==/split_GoogleCertificates_installtime.apk' with 1 weak references
02-19 10:57:05.431  2557  2745 W system_server: ApkAssets: Deleting an ApkAssets object '<empty> and /data/app/~~lKF5m03LAHzVtb6eNtOZ2g==/com.google.android.gms-wI51HYMODXB8wNITY0VWBg==/split_MapsDynamite_installtime.apk' with 1 weak references
02-19 10:57:05.431  2557  2745 W system_server: ApkAssets: Deleting an ApkAssets object '<empty> and /data/app/~~lKF5m03LAHzVtb6eNtOZ2g==/com.google.android.gms-wI51HYMODXB8wNITY0VWBg==/split_MeasurementDynamite_installtime.apk' with 1 weak references
02-19 10:57:05.431  2557  2745 W system_server: ApkAssets: Deleting an ApkAssets object '<empty> and /data/app/~~lKF5m03LAHzVtb6eNtOZ2g==/com.google.android.gms-wI51HYMODXB8wNITY0VWBg==/split_config.en.apk' with 1 weak references
02-19 10:57:05.431  2557  2745 W system_server: ApkAssets: Deleting an ApkAssets object '<empty> and /data/app/~~lKF5m03LAHzVtb6eNtOZ2g==/com.google.android.gms-wI51HYMODXB8wNITY0VWBg==/split_config.xxhdpi.apk' with 1 weak references
02-19 10:57:05.431  2557  2745 W system_server: ApkAssets: Deleting an ApkAssets object '/product/overlay/GmsQSfastpairOverlay.apk' with 1 weak references
02-19 10:57:05.431  2557  2745 W system_server: ApkAssets: Deleting an ApkAssets object '<empty> and /data/app/~~rdco5neLIugNIiw-5KgI1Q==/com.samsung.knox.securefolder-5vntmj9g38vA1fgszSSL3A==/base.apk' with 1 weak references
02-19 10:57:05.431  2557  2745 W System  : A resource failed to call release. 
02-19 10:57:05.431  2557  2745 W System  : A resource failed to call HardwareBuffer.close. 
02-19 10:57:05.432  2557  2745 W System  : A resource failed to call close. 
02-19 10:57:05.432  2557  2745 W System  : A resource failed to call release. 
02-19 10:57:05.447  2557  3807 D WifiConnectivityMonitor: start WCM Poll.
02-19 10:57:05.447  2557  3803 D WifiConnectivityMonitor: Register WifiLinkQualityMonitorCallback
02-19 10:57:05.447  2557  3768 I SemWifiLinkQualityMonitor: LQ callback registered
02-19 10:57:05.448  2557  3803 I SemWifiLinkQualityMonitor: LQ L2 callback initialized: 0 / Y / Y
02-19 10:57:05.487  2557  2906 I GestureDetector: handleMessage TAP
02-19 10:57:05.487  2557  2557 I GestureDetector: handleMessage TAP
02-19 10:57:05.515  2557  3690 V MdnieScenarioControlService: mAclOffEnabled : false
02-19 10:57:05.565  1559  1739 I HYPER-HAL: [RequestManager.cpp]acquire(): Acquired ID : 42065813  [1564 / 7607]    HINT :      list : [TID_LOW_LATENCY / 0] [TID / 8071] [TID / 8072] [TID / 7614] [TID / 8068] 
02-19 10:57:05.566  1559  1739 I HYPER-HAL: [RequestManager.cpp]acquire(): Acquired ID : 42074986  [1564 / 7608]    HINT :      list : [UCLAMP_MIN_BOOST / 0] [TID / 8071] [TID / 8072] [TID / 7614] [TID / 8068] 
02-19 10:57:05.566  1559  1739 I HYPER-HAL: [RequestManager.cpp]releaseLocked(): Released ID : 42065813
02-19 10:57:05.568  1559  1739 I HYPER-HAL: [RequestManager.cpp]releaseLocked(): Released ID : 42074986
02-19 10:57:05.569 13690 13690 D nativeloader: Configuring clns-7 for other apk /data/app/~~xyFYsnKEGi_23vYxbGYh_Q==/com.sikwin.app-yQtutRFtvUigiA-YEkcs8g==/base.apk. target_sdk_version=34, uses_libraries=, library_path=/data/app/~~xyFYsnKEGi_23vYxbGYh_Q==/com.sikwin.app-yQtutRFtvUigiA-YEkcs8g==/lib/arm64:/data/app/~~xyFYsnKEGi_23vYxbGYh_Q==/com.sikwin.app-yQtutRFtvUigiA-YEkcs8g==/base.apk!/lib/arm64-v8a, permitted_path=/data:/mnt/expand:/data/user/0/com.sikwin.app
02-19 10:57:05.576 13690 13690 V GraphicsEnvironment: Currently set values for:
02-19 10:57:05.576 13690 13690 V GraphicsEnvironment:   angle_gl_driver_selection_pkgs=[]
02-19 10:57:05.576 13690 13690 V GraphicsEnvironment:   angle_gl_driver_selection_values=[]
02-19 10:57:05.576 13690 13690 V GraphicsEnvironment: Global.Settings values are invalid: number of packages: 0, number of values: 0
02-19 10:57:05.576 13690 13690 V GraphicsEnvironment: App is not on the allowlist for updatable production driver.
02-19 10:57:05.580  2557  2990 D PowerManagerService: displayReady: false groupId=0
02-19 10:57:05.580  2557  2990 D DisplayPowerController2[0]: animateScreenStateChange: target=ON, mIsEnabled=true
02-19 10:57:05.580  2557  2990 D PowerManagerService: displayReady: true groupId=0
02-19 10:57:05.595  2557  2749 V WindowManager: Computed rotation=ROTATION_0 (0) for display id=0 based on lastOrientation=SCREEN_ORIENTATION_FULL_USER (13) and oldRotation=ROTATION_0 (0), caller=com.android.server.wm.DisplayRotation.updateOrientation:25 com.android.server.wm.DisplayContent.updateOrientation:65 com.android.server.wm.DisplayContent.updateOrientation:11 com.android.server.wm.RootWindowContainer.ensureVisibilityAndConfig:7 com.android.server.wm.ActivityTaskSupervisor.realStartActivityLocked:213 com.android.server.wm.RootWindowContainer.attachApplication:90 
02-19 10:57:05.596  2557  2749 D SGM:FgCheckThread: notifyAppCreated(), packageName: com.sikwin.app, userId: 0, sendRet: true
02-19 10:57:05.596  2557  3575 D SGM:FgCheckThread: onLooperPrepared(), msg: MSG_APP_CREATE, pkgName: com.sikwin.app, userId: 0
02-19 10:57:05.596  2557  2749 D InputDispatcher: Focused application(0): ActivityRecord{5cbcedc u0 com.sikwin.app/com.unity3d.player.UnityPlayerGameActivity t619}
02-19 10:57:05.596  2557  2749 D ActivityTaskManager: scheduleTopResumedActivityChanged, onTop=true, r=ActivityRecord{5cbcedc u0 com.sikwin.app/com.unity3d.player.UnityPlayerGameActivity t619}, caller=com.android.server.wm.ActivityTaskSupervisor.updateTopResumedActivityIfNeeded:62 com.android.server.wm.TaskFragment.setResumedActivity:29 com.android.server.wm.ActivityRecord.setState:104 com.android.server.wm.ActivityTaskSupervisor.realStartActivityLocked:949 com.android.server.wm.RootWindowContainer.attachApplication:90 com.android.server.wm.ActivityTaskManagerService$LocalService.attachApplication:40 
02-19 10:57:05.603 13690 13690 D nativeloader: Load /data/app/~~xyFYsnKEGi_23vYxbGYh_Q==/com.sikwin.app-yQtutRFtvUigiA-YEkcs8g==/lib/arm64/libgame.so using ns clns-7 from class loader (caller=/data/app/~~xyFYsnKEGi_23vYxbGYh_Q==/com.sikwin.app-yQtutRFtvUigiA-YEkcs8g==/base.apk!classes2.dex): ok
02-19 10:57:05.609  5356 14084 I NearbySharing: Network state changed: NetworkState(isRestricted=false, isOnline=true, isCongested=false, isMetered=false, isWifiConnected=true)
02-19 10:57:05.611  2557  2908 D EnterpriseDeviceManagerService: isMdmAdminPresentInternal() : MDM Admin Found - com.samsung.knox.securefolder
02-19 10:57:05.611  2557  2908 D SGM:FgCheckThread: noteResumeComponent(), received pkgName: com.sikwin.app, userId: 0
02-19 10:57:05.612  2557  3575 D SGM:FgCheckThread: onLooperPrepared(), msg: MSG_APP_RESUME, pkgName: com.sikwin.app, userid: 0
02-19 10:57:05.612  2557  3575 D SGM:FgCheckThread: handleResume().
02-19 10:57:05.612  2557  3575 D SGM:FgCheckThread: sendFocusOutConditionally() - mPrevNotiPkg: (unknown), userId: 0
02-19 10:57:05.612  2557  3575 D SGM:FgCheckThread:   handleResume(). pkgName: com.sikwin.app, userId: 0, category: non-game
02-19 10:57:05.612  2557  3575 D SGM:FgCheckThread: notifyFocusInOut(). of pkg: com.sikwin.app, type: 4, isSecGameFamily: false, userId: 0
02-19 10:57:05.612  2557  3575 D SGM:FgCheckThread:   notifyFocusInOut(). unexpected mPrevNotiType: -1
02-19 10:57:05.612  2557  3575 D SGM:SystemHelper: callReleaseBlock needReleaseBlock:false
02-19 10:57:05.613  2557  3732 I CocktailBarManagerServiceContainer: handleMessage: entry what = 5
02-19 10:57:05.614  4488  4488 I HoneySpace.EdgePanel.CocktailHostRepositoryImpl: onNoteResume
02-19 10:57:05.615  4488  4488 I HoneySpace.EdgePanel.EdgeContainerViewModel: cocktailHostRepository.edgePanelOperation NoteResumeComponent(componentName=ComponentInfo{com.sikwin.app/com.unity3d.player.UnityPlayerGameActivity})
02-19 10:57:05.616  4488 12121 I HoneySpace.EdgePanel.ActivityUtils: HomePackage : com.sec.android.app.launcher, resumePackageName : com.sikwin.app
02-19 10:57:05.617  6955  9349 I SDHMS:l : handleResumeComponent : put = com.sikwin.app, userid = 0 instanceid =183913445
02-19 10:57:05.619 13690 13690 D AppCompatDelegate: Checking for metadata for AppLocalesMetadataHolderService : Service not found
02-19 10:57:05.623 13690 13690 D UnityPlayerPatch: UnityPlayerGameActivity.onCreate called
02-19 10:57:05.626 13690 13690 D gti.InputConnection: InputConnection created
02-19 10:57:05.631 13690 13690 I DecorView: setWindowBackground: isPopOver=false color=ff000000 d=android.graphics.drawable.ColorDrawable@3c377e5
02-19 10:57:05.634 13690 13690 W ikwin.app:unity: Accessing hidden method Landroid/view/View;->computeFitSystemWindows(Landroid/graphics/Rect;Landroid/graphics/Rect;)Z (unsupported, reflection, allowed)
02-19 10:57:05.634 13690 13690 W ikwin.app:unity: Accessing hidden method Landroid/view/ViewGroup;->makeOptionalFitsSystemWindows()V (unsupported, reflection, allowed)
02-19 10:57:05.637 13690 13690 D nativeloader: Load /data/app/~~xyFYsnKEGi_23vYxbGYh_Q==/com.sikwin.app-yQtutRFtvUigiA-YEkcs8g==/lib/arm64/libil2cpp.so using ns clns-7 from class loader (caller=/data/app/~~xyFYsnKEGi_23vYxbGYh_Q==/com.sikwin.app-yQtutRFtvUigiA-YEkcs8g==/base.apk!classes2.dex): ok
02-19 10:57:05.638 13690 13690 I IL2CPP  : JNI_OnLoad
02-19 10:57:05.638 13690 13690 D nativeloader: Load /data/app/~~xyFYsnKEGi_23vYxbGYh_Q==/com.sikwin.app-yQtutRFtvUigiA-YEkcs8g==/lib/arm64/libmain.so using ns clns-7 from class loader (caller=/data/app/~~xyFYsnKEGi_23vYxbGYh_Q==/com.sikwin.app-yQtutRFtvUigiA-YEkcs8g==/base.apk!classes2.dex): ok
02-19 10:57:05.645 13690 13690 D nativeloader: Load /data/app/~~xyFYsnKEGi_23vYxbGYh_Q==/com.sikwin.app-yQtutRFtvUigiA-YEkcs8g==/lib/arm64/libunity.so using ns clns-7 from class loader (caller=/data/app/~~xyFYsnKEGi_23vYxbGYh_Q==/com.sikwin.app-yQtutRFtvUigiA-YEkcs8g==/base.apk!classes2.dex): ok
02-19 10:57:05.645 13690 13690 W ikwin.app:unity: CheckJNI: method to register "nativeMuteMasterAudio" not in the given class. This is slow, consider changing your RegisterNatives calls.
02-19 10:57:05.645 13690 13690 E ikwin.app:unity: ----- class 'Lcom/unity3d/player/UnityPlayer;' cl=0x14f68b68 -----
02-19 10:57:05.645 13690 13690 E ikwin.app:unity:   objectSize=128 (224 from super)
02-19 10:57:05.645 13690 13690 E ikwin.app:unity:   access=0x0000.0401
02-19 10:57:05.645 13690 13690 E ikwin.app:unity:   super='java.lang.Class<java.lang.Object>' (cl=0x0)
02-19 10:57:05.645 13690 13690 E ikwin.app:unity:   interfaces (1):
02-19 10:57:05.645 13690 13690 E ikwin.app:unity:      0: java.lang.Class<com.unity3d.player.IUnityPlayerLifecycleEvents> (cl=0x14f68b68)
02-19 10:57:05.645 13690 13690 E ikwin.app:unity:   vtable (33 entries, 11 in super):
02-19 10:57:05.645 13690 13690 E ikwin.app:unity:      0: void com.unity3d.player.UnityPlayer.addPermissionRequest(com.unity3d.player.PermissionRequest)
02-19 10:57:05.645 13690 13690 E ikwin.app:unity:      1: boolean com.unity3d.player.UnityPlayer.addViewToPlayer(android.view.View, boolean)
02-19 10:57:05.645 13690 13690 E ikwin.app:unity:      2: void com.unity3d.player.UnityPlayer.configurationChanged(android.content.res.Configuration)
02-19 10:57:05.645 13690 13690 E ikwin.app:unity:      3: void com.unity3d.player.UnityPlayer.destroy()
02-19 10:57:05.645 13690 13690 E ikwin.app:unity:      4: android.content.Context com.unity3d.player.UnityPlayer.getContext()
02-19 10:57:05.645 13690 13690 E ikwin.app:unity:      5: android.widget.FrameLayout com.unity3d.player.UnityPlayer.getFrameLayout()
02-19 10:57:05.645 13690 13690 E ikwin.app:unity:      6: java.lang.String com.unity3d.player.UnityPlayer.getNetworkProxySettings(java.lang.String)
02-19 10:57:05.645 13690 13690 E ikwin.app:unity:      7: android.view.SurfaceView com.unity3d.player.UnityPlayer.getSurfaceView()
02-19 10:57:05.645 13690 13690 E ikwin.app:unity:      8: android.view.View com.unity3d.player.UnityPlayer.getView()
02-19 10:57:05.645 13690 13690 E ikwin.app:unity:      9: boolean com.unity3d.player.UnityPlayer.injectEvent(android.view.InputEvent)
02-19 10:57:05.645 13690 13690 E ikwin.app:unity:     10: boolean com.unity3d.player.UnityPlayer.injectEvent(android.view.InputEvent, int)
02-19 10:57:05.645 13690 13690 E ikwin.app:unity:     11: void com.unity3d.player.UnityPlayer.invokeOnMainThread(java.lang.Runnable)
02-19 10:57:05.645 13690 13690 E ikwin.app:unity:     12: void com.unity3d.player.UnityPlayer.newIntent(android.content.Intent)
02-19 10:57:05.645 13690 13690 E ikwin.app:unity:     13: void com.unity3d.player.UnityPlayer.onPause()
02-19 10:57:05.645 13690 13690 E ikwin.app:unity:     14: void com.unity3d.player.UnityPlayer.onResume()
02-19 10:57:05.645 13690 13690 E ikwin.app:unity:     15: void com.unity3d.player.UnityPlayer.onStart()
02-19 10:57:05.645 13690 13690 E ikwin.app:unity:     16: void com.unity3d.player.UnityPlayer.onStop()
02-19 10:57:05.645 13690 13690 E ikwin.app:unity:     17: void com.unity3d.player.UnityPlayer.onUnityPlayerQuitted()
02-19 10:57:05.645 13690 13690 E ikwin.app:unity:     18: void com.unity3d.player.UnityPlayer.onUnityPlayerUnloaded()
02-19 10:57:05.645 13690 13690 E ikwin.app:unity:     19: void com.unity3d.player.UnityPlayer.pause()
02-19 10:57:05.645 13690 13690 E ikwin.app:unity:     20: void com.unity3d.player.UnityPlayer.permissionResponse(android.app.Activity, int, java.lang.String[], int[])
02-19 10:57:05.645 13690 13690 E ikwin.app:unity:     21: void com.unity3d.player.UnityPlayer.removeViewFromPlayer(android.view.View)
02-19 10:57:05.645 13690 13690 E ikwin.app:unity:     22: void com.unity3d.player.UnityPlayer.reportError(java.lang.String, java.lang.String)
02-19 10:57:05.645 13690 13690 E ikwin.app:unity:     23: void com.unity3d.player.UnityPlayer.requestPermissionsFromActivity(java.lang.String[], int)
02-19 10:57:05.645 13690 13690 E ikwin.app:unity:     24: void com.unity3d.player.UnityPlayer.resume()
02-19 10:57:05.645 13690 13690 E ikwin.app:unity:     25: boolean com.unity3d.player.UnityPlayer.runningOnMainThread()
02-19 10:57:05.645 13690 13690 E ikwin.app:unity:     26: void com.unity3d.player.UnityPlayer.setMainSurfaceViewAspectRatio(float)
02-19 10:57:05.645 13690 13690 E ikwin.app:unity:     27: void com.unity3d.player.UnityPlayer.setupNative(android.content.Context, int)
02-19 10:57:05.645 13690 13690 E ikwin.app:unity:     28: boolean com.unity3d.player.UnityPlayer.startOrientationListener(int)
02-19 10:57:05.645 13690 13690 E ikwin.app:unity:     29: boolean com.unity3d.player.UnityPlayer.stopOrientationListener()
02-19 10:57:05.645 13690 13690 E ikwin.app:unity:     30: void com.unity3d.player.UnityPlayer.triggerNextPermissionRequest()
02-19 10:57:05.645 13690 13690 E ikwin.app:unity:     31: void com.unity3d.player.UnityPlayer.unload()
02-19 10:57:05.645 13690 13690 E ikwin.app:unity:     32: void com.unity3d.player.UnityPlayer.windowFocusChanged(boolean)
02-19 10:57:05.645 13690 13690 E ikwin.app:unity:   direct methods (10 entries):
02-19 10:57:05.645 13690 13690 E ikwin.app:unity:      0: void com.unity3d.player.UnityPlayer.<clinit>()
02-19 10:57:05.645 13690 13690 E ikwin.app:unity:      1: void com.unity3d.player.UnityPlayer.<init>(android.content.Context)
02-19 10:57:05.645 13690 13690 E ikwin.app:unity:      2: void com.unity3d.player.UnityPlayer.<init>(android.content.Context, java.lang.Object, com.unity3d.player.IUnityPlayerLifecycleEvents)
02-19 10:57:05.645 13690 13690 E ikwin.app:unity:      3: void com.unity3d.player.UnityPlayer.UnityInitializeFromUIThead(android.content.Context)
02-19 10:57:05.645 13690 13690 E ikwin.app:unity:      4: void com.unity3d.player.UnityPlayer.UnitySendMessage(java.lang.String, java.lang.String, java.lang.String)
02-19 10:57:05.645 13690 13690 E ikwin.app:unity:      5: void com.unity3d.player.UnityPlayer.initJni(android.content.Context, int, java.lang.String)
02-19 10:57:05.645 13690 13690 E ikwin.app:unity:      6: void com.unity3d.player.UnityPlayer.nativeApplicationUnload()
02-19 10:57:05.645 13690 13690 E ikwin.app:unity:      7: boolean com.unity3d.player.UnityPlayer.nativeInjectEvent(android.view.InputEvent, int)
02-19 10:57:05.645 13690 13690 E ikwin.app:unity:      8: boolean com.unity3d.player.UnityPlayer.nativeIsAutorotationOn()
02-19 10:57:05.645 13690 13690 E ikwin.app:unity:      9: void com.unity3d.player.UnityPlayer.nativeUnitySendMessage(java.lang.String, java.lang.String, byte[])
02-19 10:57:05.645 13690 13690 E ikwin.app:unity:   static fields (2 entries):
02-19 10:57:05.645 13690 13690 E ikwin.app:unity:      0: android.app.Activity com.unity3d.player.UnityPlayer.currentActivity
02-19 10:57:05.645 13690 13690 E ikwin.app:unity:      1: android.content.Context com.unity3d.player.UnityPlayer.currentContext
02-19 10:57:05.645 13690 13690 E ikwin.app:unity: Failed to register native method com.unity3d.player.UnityPlayer.nativeMuteMasterAudio(Z)V in /data/app/~~xyFYsnKEGi_23vYxbGYh_Q==/com.sikwin.app-yQtutRFtvUigiA-YEkcs8g==/base.apk!classes2.dex
02-19 10:57:05.645 13690 13690 F ikwin.app:unity: jni_internal.cc:828] JNI FatalError called: com/unity3d/player/UnityPlayer
02-19 10:57:05.657  1554  3896 I sensors-hal: handle_sns_client_event:190, auto_rotation_debug_2 mode,255, type,1,0 acc,0.546,0.297,9.844, ar,0, ver,12, pedo,1,e,1,i,3
02-19 10:57:05.679  1559 13670 I HYPER-HAL: [RequestManager.cpp]releaseLocked(): Released ID : 3339847
02-19 10:57:05.724 13690 13690 F ikwin.app:unity: runtime.cc:708] Runtime aborting...
02-19 10:57:05.724 13690 13690 F ikwin.app:unity: runtime.cc:708] All threads:
02-19 10:57:05.724 13690 13690 F ikwin.app:unity: runtime.cc:708] DALVIK THREADS (13):
02-19 10:57:05.724 13690 13690 F ikwin.app:unity: runtime.cc:708] "main" prio=10 tid=1 Runnable
02-19 10:57:05.724 13690 13690 F ikwin.app:unity: runtime.cc:708]   | group="" sCount=0 ucsCount=0 flags=0 obj=0x7350d5f8 self=0xb4000070e724a380
02-19 10:57:05.724 13690 13690 F ikwin.app:unity: runtime.cc:708]   | sysTid=13690 nice=-10 cgrp=top-app sched=0/0 handle=0x721af21d28
02-19 10:57:05.724 13690 13690 F ikwin.app:unity: runtime.cc:708]   | state=R schedstat=( 362949594 14804016 210 ) utm=28 stm=7 core=7 HZ=100
02-19 10:57:05.724 13690 13690 F ikwin.app:unity: runtime.cc:708]   | stack=0x7fefbf3000-0x7fefbf5000 stackSize=8188KB
02-19 10:57:05.724 13690 13690 F ikwin.app:unity: runtime.cc:708]   | held mutexes= "abort lock" "mutator lock"(shared held)
02-19 10:57:05.724 13690 13690 F ikwin.app:unity: runtime.cc:708]   native: #00 pc 004fc1e0  /apex/com.android.art/lib64/libart.so (art::DumpNativeStack+108) (BuildId: 4ccb65ae9ac5ad5da3af5a342d5b0b92)
02-19 10:57:05.724 13690 13690 F ikwin.app:unity: runtime.cc:708]   native: #01 pc 004fe898  /apex/com.android.art/lib64/libart.so (art::Thread::DumpStack const+376) (BuildId: 4ccb65ae9ac5ad5da3af5a342d5b0b92)
02-19 10:57:05.724 13690 13690 F ikwin.app:unity: runtime.cc:708]   native: #02 pc 0050068c  /apex/com.android.art/lib64/libart.so (art::DumpCheckpoint::Run+216) (BuildId: 4ccb65ae9ac5ad5da3af5a342d5b0b92)
02-19 10:57:05.724 13690 13690 F ikwin.app:unity: runtime.cc:708]   native: #03 pc 00553b2c  /apex/com.android.art/lib64/libart.so (art::ThreadList::RunCheckpoint+684) (BuildId: 4ccb65ae9ac5ad5da3af5a342d5b0b92)
02-19 10:57:05.724 13690 13690 F ikwin.app:unity: runtime.cc:708]   native: #04 pc 004fffc0  /apex/com.android.art/lib64/libart.so (art::ThreadList::Dump+292) (BuildId: 4ccb65ae9ac5ad5da3af5a342d5b0b92)
02-19 10:57:05.724 13690 13690 F ikwin.app:unity: runtime.cc:708]   native: #05 pc 009377bc  /apex/com.android.art/lib64/libart.so (art::AbortState::Dump const+204) (BuildId: 4ccb65ae9ac5ad5da3af5a342d5b0b92)
02-19 10:57:05.724 13690 13690 F ikwin.app:unity: runtime.cc:708]   native: #06 pc 00933c2c  /apex/com.android.art/lib64/libart.so (art::Runtime::Abort+712) (BuildId: 4ccb65ae9ac5ad5da3af5a342d5b0b92)
02-19 10:57:05.724 13690 13690 F ikwin.app:unity: runtime.cc:708]   native: #07 pc 000160fc  /apex/com.android.art/lib64/libbase.so (android::base::SetAborter::$_0::__invoke+80) (BuildId: 1470f61c05962eb04fafe76bd58bf664)
02-19 10:57:05.724 13690 13690 F ikwin.app:unity: runtime.cc:708]   native: #08 pc 000156d0  /apex/com.android.art/lib64/libbase.so (android::base::LogMessage::~LogMessage+516) (BuildId: 1470f61c05962eb04fafe76bd58bf664)
02-19 10:57:05.724 13690 13690 F ikwin.app:unity: runtime.cc:708]   native: #09 pc 008bc58c  /apex/com.android.art/lib64/libart.so (art::JNI<true>::FatalError+196) (BuildId: 4ccb65ae9ac5ad5da3af5a342d5b0b92)
02-19 10:57:05.724 13690 13690 F ikwin.app:unity: runtime.cc:708]   native: #10 pc 00886a14  /apex/com.android.art/lib64/libart.so (art::::CheckJNI::FatalError +228) (BuildId: 4ccb65ae9ac5ad5da3af5a342d5b0b92)
02-19 10:57:05.724 13690 13690 F ikwin.app:unity: runtime.cc:708]   native: #11 pc 0070b660  /data/app/~~xyFYsnKEGi_23vYxbGYh_Q==/com.sikwin.app-yQtutRFtvUigiA-YEkcs8g==/lib/arm64/libunity.so (???) (BuildId: 21da690f45ceacb6)
02-19 10:57:05.724 13690 13690 F ikwin.app:unity: runtime.cc:708]   native: #12 pc 0070b534  /data/app/~~xyFYsnKEGi_23vYxbGYh_Q==/com.sikwin.app-yQtutRFtvUigiA-YEkcs8g==/lib/arm64/libunity.so (JNI_OnLoad+88) (BuildId: 21da690f45ceacb6)
02-19 10:57:05.724 13690 13690 F ikwin.app:unity: runtime.cc:708]   native: #13 pc 00583b40  /apex/com.android.art/lib64/libart.so (art::JavaVMExt::LoadNativeLibrary+1280) (BuildId: 4ccb65ae9ac5ad5da3af5a342d5b0b92)
02-19 10:57:05.724 13690 13690 F ikwin.app:unity: runtime.cc:708]   native: #14 pc 00005914  /apex/com.android.art/lib64/libopenjdkjvm.so (JVM_NativeLoad+356) (BuildId: ee01ddb5e82126991cafcbd31e55fd49)
02-19 10:57:05.724 13690 13690 F ikwin.app:unity: runtime.cc:708]   native: #15 pc 020d4550  /memfd:jit-cache (deleted) (offset 2000000) (art_jni_trampoline+176)
02-19 10:57:05.724 13690 13690 F ikwin.app:unity: runtime.cc:708]   native: #16 pc 020230e8  /memfd:jit-cache (deleted) (offset 2000000) (java.lang.Runtime.loadLibrary0+408)
02-19 10:57:05.724 13690 13690 F ikwin.app:unity: runtime.cc:708]   native: #17 pc 02022850  /memfd:jit-cache (deleted) (offset 2000000) (java.lang.Runtime.loadLibrary0+160)
02-19 10:57:05.724 13690 13690 F ikwin.app:unity: runtime.cc:708]   native: #18 pc 020225e0  /memfd:jit-cache (deleted) (offset 2000000) (java.lang.System.loadLibrary+160)
02-19 10:57:05.724 13690 13690 F ikwin.app:unity: runtime.cc:708]   native: #19 pc 00368a40  /apex/com.android.art/lib64/libart.so (art_quick_invoke_static_stub+640) (BuildId: 4ccb65ae9ac5ad5da3af5a342d5b0b92)
02-19 10:57:05.724 13690 13690 F ikwin.app:unity: runtime.cc:708]   native: #20 pc 00361e5c  /apex/com.android.art/lib64/libart.so (bool art::interpreter::DoCall<false>+2048) (BuildId: 4ccb65ae9ac5ad5da3af5a342d5b0b92)
02-19 10:57:05.724 13690 13690 F ikwin.app:unity: runtime.cc:708]   native: #21 pc 00770ba4  /apex/com.android.art/lib64/libart.so (void art::interpreter::ExecuteSwitchImplCpp<false>+12208) (BuildId: 4ccb65ae9ac5ad5da3af5a342d5b0b92)
02-19 10:57:05.724 13690 13690 F ikwin.app:unity: runtime.cc:708]   native: #22 pc 003815d8  /apex/com.android.art/lib64/libart.so (ExecuteSwitchImplAsm+8) (BuildId: 4ccb65ae9ac5ad5da3af5a342d5b0b92)
02-19 10:57:05.724 13690 13690 F ikwin.app:unity: runtime.cc:708]   native: #23 pc 00007c20  <anonymous:72195c7000> (com.unity3d.player.UnityPlayer.<clinit>)
02-19 10:57:05.724 13690 13690 F ikwin.app:unity: runtime.cc:708]   native: #24 pc 003535dc  /apex/com.android.art/lib64/libart.so (artQuickToInterpreterBridge+1932) (BuildId: 4ccb65ae9ac5ad5da3af5a342d5b0b92)
02-19 10:57:05.724 13690 13690 F ikwin.app:unity: runtime.cc:708]   native: #25 pc 0037f098  /apex/com.android.art/lib64/libart.so (art_quick_to_interpreter_bridge+88) (BuildId: 4ccb65ae9ac5ad5da3af5a342d5b0b92)
02-19 10:57:05.724 13690 13690 F ikwin.app:unity: runtime.cc:708]   native: #26 pc 00368a40  /apex/com.android.art/lib64/libart.so (art_quick_invoke_static_stub+640) (BuildId: 4ccb65ae9ac5ad5da3af5a342d5b0b92)
02-19 10:57:05.724 13690 13690 F ikwin.app:unity: runtime.cc:708]   native: #27 pc 00474d14  /apex/com.android.art/lib64/libart.so (art::ClassLinker::InitializeClass+5260) (BuildId: 4ccb65ae9ac5ad5da3af5a342d5b0b92)
02-19 10:57:05.724 13690 13690 F ikwin.app:unity: runtime.cc:708]   native: #28 pc 00474e00  /apex/com.android.art/lib64/libart.so (art::ClassLinker::InitializeClass+5496) (BuildId: 4ccb65ae9ac5ad5da3af5a342d5b0b92)
02-19 10:57:05.724 13690 13690 F ikwin.app:unity: runtime.cc:708]   native: #29 pc 005784a0  /apex/com.android.art/lib64/libart.so (art::ClassLinker::EnsureInitialized+160) (BuildId: 4ccb65ae9ac5ad5da3af5a342d5b0b92)
02-19 10:57:05.724 13690 13690 F ikwin.app:unity: runtime.cc:708]   native: #30 pc 00361f34  /apex/com.android.art/lib64/libart.so (bool art::interpreter::DoCall<false>+2264) (BuildId: 4ccb65ae9ac5ad5da3af5a342d5b0b92)
02-19 10:57:05.724 13690 13690 F ikwin.app:unity: runtime.cc:708]   native: #31 pc 00770ba4  /apex/com.android.art/lib64/libart.so (void art::interpreter::ExecuteSwitchImplCpp<false>+12208) (BuildId: 4ccb65ae9ac5ad5da3af5a342d5b0b92)
02-19 10:57:05.724 13690 13690 F ikwin.app:unity: runtime.cc:708]   native: #32 pc 003815d8  /apex/com.android.art/lib64/libart.so (ExecuteSwitchImplAsm+8) (BuildId: 4ccb65ae9ac5ad5da3af5a342d5b0b92)
02-19 10:57:05.724 13690 13690 F ikwin.app:unity: runtime.cc:708]   native: #33 pc 000077d4  <anonymous:72195c7000> (com.unity3d.player.UnityPlayerGameActivity.onCreateSurfaceView)
02-19 10:57:05.724 13690 13690 F ikwin.app:unity: runtime.cc:708]   native: #34 pc 00354250  /apex/com.android.art/lib64/libart.so (art::interpreter::Execute +428) (BuildId: 4ccb65ae9ac5ad5da3af5a342d5b0b92)
02-19 10:57:05.724 13690 13690 F ikwin.app:unity: runtime.cc:708]   native: #35 pc 00362678  /apex/com.android.art/lib64/libart.so (bool art::interpreter::DoCall<false>+4124) (BuildId: 4ccb65ae9ac5ad5da3af5a342d5b0b92)
02-19 10:57:05.724 13690 13690 F ikwin.app:unity: runtime.cc:708]   native: #36 pc 00770ba4  /apex/com.android.art/lib64/libart.so (void art::interpreter::ExecuteSwitchImplCpp<false>+12208) (BuildId: 4ccb65ae9ac5ad5da3af5a342d5b0b92)
02-19 10:57:05.724 13690 13690 F ikwin.app:unity: runtime.cc:708]   native: #37 pc 003815d8  /apex/com.android.art/lib64/libart.so (ExecuteSwitchImplAsm+8) (BuildId: 4ccb65ae9ac5ad5da3af5a342d5b0b92)
02-19 10:57:05.724 13690 13690 F ikwin.app:unity: runtime.cc:708]   native: #38 pc 001f3c8c  <anonymous:6e4b519000> (com.google.androidgamesdk.GameActivity.onCreate)
02-19 10:57:05.724 13690 13690 F ikwin.app:unity: runtime.cc:708]   native: #39 pc 00354250  /apex/com.android.art/lib64/libart.so (art::interpreter::Execute +428) (BuildId: 4ccb65ae9ac5ad5da3af5a342d5b0b92)
02-19 10:57:05.724 13690 13690 F ikwin.app:unity: runtime.cc:708]   native: #40 pc 00362678  /apex/com.android.art/lib64/libart.so (bool art::interpreter::DoCall<false>+4124) (BuildId: 4ccb65ae9ac5ad5da3af5a342d5b0b92)
02-19 10:57:05.724 13690 13690 F ikwin.app:unity: runtime.cc:708]   native: #41 pc 00770ba4  /apex/com.android.art/lib64/libart.so (void art::interpreter::ExecuteSwitchImplCpp<false>+12208) (BuildId: 4ccb65ae9ac5ad5da3af5a342d5b0b92)
