02-19 10:57:03.566  1642  1642 I SurfaceFlinger: [LayerHierarchy{RequestedLayerState{ImeContainer#16 parentId=27751 relativeParentId=27755 z=1} 1 children}] RelativeParent to LayerHierarchy{RequestedLayerState{5c61c8b com.sikwin.app/com.sikwin.app.MainActivity#27755 parentId=27751} 2 children}
02-19 10:57:03.566  1642  1642 I SurfaceFlinger: [LayerHierarchy{RequestedLayerState{59a2f4a Splash Screen com.sikwin.app#27752 z=2147483647} 1 children}] reparent to OffscreenRoot
02-19 10:57:03.566  1642  1642 I SurfaceFlinger: [LayerHierarchy{RequestedLayerState{59a2f4a Splash Screen com.sikwin.app#27752 z=2147483647} 1 children}] RelativeParent to null
02-19 10:57:03.566  1642  1642 I SurfaceFlinger: [LayerHierarchy{RequestedLayerState{Splash Screen com.sikwin.app$_3927#27753} no children}] reparent to OffscreenRoot
02-19 10:57:03.566  1642  1642 I SurfaceFlinger: [LayerHierarchy{RequestedLayerState{Splash Screen com.sikwin.app$_3927#27753} no children}] RelativeParent to null
02-19 10:57:03.567  1642  1642 I Layer   : id=27754 Destroyed Transition Root: Task=619#27754
02-19 10:57:03.567  1642  1642 I SurfaceFlinger: id=27752 Removed 59a2f4a Splash Screen com.sikwin.app#27752 (167)
02-19 10:57:03.567  1642  1642 I SurfaceFlinger: id=27753 Removed Splash Screen com.sikwin.app$_3927#27753 (167)
02-19 10:57:03.567  2557  2749 E WindowManager: win=Window{be569d1 u0 com.samsung.android.app.spage} destroySurfaces: appStopped=true cleanupOnResume=false win.mWindowRemovalAllowed=false win.mRemoveOnExit=false win.mViewVisibility=8 caller=com.android.server.wm.WindowState.destroySurface:30 com.android.server.wm.ActivityRecord.destroySurfaces:25 com.android.server.wm.ActivityRecord.activityStopped:204 com.android.server.wm.ActivityClientController.activityStopped:95 android.app.IActivityClientController$Stub.onTransact:722 com.android.server.wm.ActivityClientController.onTransact:1 android.os.Binder.execTransactInternal:1541 
02-19 10:57:03.567  2557  2908 D SGM:FgCheckThread: getForegroundApp(), foregroundPkgName=com.sikwin.app
02-19 10:57:03.567  2557  2749 I WindowManager: Destroying surface Surface(name=$_7614)/@0x4ff59b3 called by com.android.server.wm.WindowStateAnimator.destroySurface:11 com.android.server.wm.WindowStateAnimator.destroySurfaceLocked:54 com.android.server.wm.WindowState.destroySurfaceUnchecked:5 com.android.server.wm.WindowState.destroySurface:126 com.android.server.wm.WindowState.destroySurface:30 com.android.server.wm.ActivityRecord.destroySurfaces:25 com.android.server.wm.ActivityRecord.activityStopped:204 com.android.server.wm.ActivityClientController.activityStopped:95 
02-19 10:57:03.567  2557  2749 E WindowManager: win=Window{9913617 u0 com.sec.android.app.launcher/com.sec.android.app.launcher.activities.LauncherActivity} destroySurfaces: appStopped=true cleanupOnResume=false win.mWindowRemovalAllowed=false win.mRemoveOnExit=false win.mViewVisibility=8 caller=com.android.server.wm.ActivityRecord.destroySurfaces:25 com.android.server.wm.ActivityRecord.activityStopped:204 com.android.server.wm.ActivityClientController.activityStopped:95 android.app.IActivityClientController$Stub.onTransact:722 com.android.server.wm.ActivityClientController.onTransact:1 android.os.Binder.execTransactInternal:1541 android.os.Binder.execTransact:1480 
02-19 10:57:03.567  2557  2749 I WindowManager: Destroying surface Surface(name=com.sec.android.app.launcher/com.sec.android.app.launcher.activities.LauncherActivity$_4488)/@0x17feb70 called by com.android.server.wm.WindowStateAnimator.destroySurface:11 com.android.server.wm.WindowStateAnimator.destroySurfaceLocked:54 com.android.server.wm.WindowState.destroySurfaceUnchecked:5 com.android.server.wm.WindowState.destroySurface:126 com.android.server.wm.ActivityRecord.destroySurfaces:25 com.android.server.wm.ActivityRecord.activityStopped:204 com.android.server.wm.ActivityClientController.activityStopped:95 android.app.IActivityClientController$Stub.onTransact:722 
02-19 10:57:03.567  2557  2908 D SGM:FgCheckThread: pkgName: com.sec.android.app.launcher is not in foreground
02-19 10:57:03.567  2557  2908 D SGM:FgCheckThread: noteStopComponent(), received pkgName: com.sec.android.app.launcher, focusedPkgName: com.sikwin.app, userId: 0
02-19 10:57:03.568  1572  2051 I SDM     : HWCColorModeStc::ApplyCurrentColorModeWithRenderIntent: Applying Stc mode (gamut 1 gamma 1 intent 1), curr mode 7, render intent 0, hdr present 0
02-19 10:57:03.568  1572  2051 I SDM     : ToneMappingCore::set_default_vals():922 Initial enablement signals - bypass adaptive TM: 0, actual panel luma usage: 1, temporal filtering of dynamic meta data: 1, histTM enable: 1, static meta data usage: 1
02-19 10:57:03.568  1572  2051 I SDM     : HdrAlgorithm::SetXMLParameters():288 Override enablement signals - bypass adaptive TM: 0, bypass sdr dimming: 0
02-19 10:57:03.568  2557  2906 D PkgPredictorService-SecIpmManagerServiceImpl: bg information pid:4488 uid:10157 pkgName:com.sec.android.app.launcher
02-19 10:57:03.569  1642  1642 D SurfaceFlinger: Display 4630946315032985731 HWC layers:
02-19 10:57:03.569  1642  1642 D SurfaceFlinger:        DEVICE |   0xb40000745654a440 | 0002 | 0x7fa30c06   |    0.0    0.0  478.0  850.0 |  390 1529 1050 2702 | SurfaceView[com.sikwin.app/com.sikwin.app.MainActivity]@0(BLAST)#27764 (6)
02-19 10:57:03.569  1642  1642 D SurfaceFlinger:        DEVICE |   0xb400007456550d70 | 0001 | RGBA_8888    |    0.0    0.0 1440.0 3120.0 |    0    0 1440 3120 | com.sikwin.app/com.sikwin.app.MainActivity$_12198#27757 (28)
02-19 10:57:03.569  1642  1642 D SurfaceFlinger:        DEVICE |   0xb400007456553170 | 0001 | RGBA_8888    |    0.0    0.0 1440.0  113.0 |    0    0 1440  113 | StatusBar$_3927#96 (28339)
02-19 10:57:03.569  1642  1642 D SurfaceFlinger:        DEVICE |   0xb4000074565461e0 | 0001 | RGBA_8888    |    0.0    0.0   67.0  454.0 | 1373 1592 1440 2046 | com.sec.android.app.launcher/com.sam[...]l.app.CocktailBarService$_4488#27383 (1)
02-19 10:57:03.569  1642  1642 D SurfaceFlinger:        DEVICE |   0xb40000745651f960 | 0001 | RGBA_8888    |    0.0    0.0 1440.0  180.0 |    0 2940 1440 3120 | NavigationBar0$_3927#92 (41148)
02-19 10:57:03.569  1642  1642 D SurfaceFlinger: 
02-19 10:57:03.569  2557  3478 W UserManagerService: Requested status bar icon for non-badged user 0
02-19 10:57:03.570  2557  2557 I WALLPAPER_SVC:SemWallpaperManagerService: isHomeActivityVisible : false 
02-19 10:57:03.570  2557  2557 D WALLPAPER_SVC:WallpaperData: getWallpaperFile: file = /data/system/users/0/wallpaper_orig 
02-19 10:57:03.570  2557  2557 D WALLPAPER_SVC:WallpaperData: getWallpaperFile: file = /data/system/users/0/wallpaper_orig 
02-19 10:57:03.570  2557  2557 D WALLPAPER_SVC:WallpaperManagerService: dispatchHomeVisibilityChanged: visible = false, connection = com.android.server.wallpaper.WallpaperManagerService$WallpaperConnection@e15b804, systemWallpaper = WallpaperData@5faafa8, id: 32, which: 5, file mod: 0, info: WallpaperInfo{com.samsung.android.wallpaper.live.layered.LayeredWallpaperService, settings: null}, engine(s): Proxy@c397ad5, type = 7, userId = 0, uri= null, allowBackup= true, wallpaperComponent = ComponentInfo{com.samsung.android.wallpaper.live/com.samsung.android.wallpaper.live.layered.LayeredWallpaperService}, nextWallpaperComponent = ComponentInfo{com.samsung.android.wallpaper.live/com.samsung.android.wallpaper.live.layered.LayeredWallpaperService} 
02-19 10:57:03.571  2557  2990 D PowerManagerService: displayReady: false groupId=0
02-19 10:57:03.571  2557  2990 D DisplayPowerController2[0]: animateScreenStateChange: target=ON, mIsEnabled=true
02-19 10:57:03.571  2557  2990 D PowerManagerService: displayReady: true groupId=0
02-19 10:57:03.574  1642  1642 I SurfaceFlinger: destroyed 59a2f4a Splash Screen com.sikwin.app#27752
02-19 10:57:03.575  1642  1642 I SurfaceFlinger: destroyed Splash Screen com.sikwin.app$_3927#27753
02-19 10:57:03.575  1642  1642 I SurfaceFlinger: [LayerHierarchy{RequestedLayerState{com.sec.android.app.launcher/com.sec.android.app.launcher.activities.LauncherActivity$_4488#27719} no children}] reparent to OffscreenRoot
02-19 10:57:03.575  1642  1642 I SurfaceFlinger: [LayerHierarchy{RequestedLayerState{com.sec.android.app.launcher/com.sec.android.app.launcher.activities.LauncherActivity$_4488#27719} no children}] RelativeParent to null
02-19 10:57:03.575  1642  1642 I SurfaceFlinger: [LayerHierarchy{RequestedLayerState{$_7614#27713} no children}] reparent to OffscreenRoot
02-19 10:57:03.575  1642  1642 I SurfaceFlinger: [LayerHierarchy{RequestedLayerState{$_7614#27713} no children}] RelativeParent to null
02-19 10:57:03.575  1642  1642 I Layer   : id=27753 Destroyed Splash Screen com.sikwin.app$_3927#27753
02-19 10:57:03.575  1642  1642 I Layer   : id=27752 Destroyed 59a2f4a Splash Screen com.sikwin.app#27752
02-19 10:57:03.575  1642  1642 I SurfaceFlinger: id=27719 Removed com.sec.android.app.launcher/com.sec.android.app.launcher.activities.LauncherActivity$_4488#27719 (165)
02-19 10:57:03.575  1642  1642 I SurfaceFlinger: id=27713 Removed $_7614#27713 (165)
02-19 10:57:03.583  1642  1642 I SurfaceFlinger: destroyed com.sec.android.app.launcher/com.sec.android.app.launcher.activities.LauncherActivity$_4488#27719
02-19 10:57:03.583  1642  1642 I SurfaceFlinger: destroyed $_7614#27713
02-19 10:57:03.583  1642  1642 I Layer   : id=27719 Destroyed com.sec.android.app.launcher/com.sec.android.app.launcher.activities.LauncherActivity$_4488#27719
02-19 10:57:03.584  1642  1642 I Layer   : id=27713 Destroyed $_7614#27713
02-19 10:57:03.665  1559 13640 I HYPER-HAL: [RequestManager.cpp]releaseLocked(): Released ID : 3321773
02-19 10:57:03.699  2557  3690 D MdnieScenarioControlService:  packageName : com.sikwin.app    className : com.sikwin.app.MainActivity
02-19 10:57:03.699  2557  3690 V MdnieScenarioControlService: setUIMode from UI function(3)
02-19 10:57:03.760  3927  3927 I VRI[StatusBar]@6be7187: call setFrameRateCategory for touch hint category=no preference, reason=boost timeout, vri=VRI[StatusBar]@6be7187
02-19 10:57:03.761  2557  2990 D PowerManagerService: UserActivityStateListenerState: 0
02-19 10:57:03.766  1642  1642 I SurfaceFlinger: [StatusBar$_3927#96] setFrameRateCategory: NoPreference
02-19 10:57:03.771  2557  2990 D PowerManagerService: displayReady: false groupId=0
02-19 10:57:03.772  2557  2990 D DisplayPowerController2[0]: animateScreenStateChange: target=ON, mIsEnabled=true
02-19 10:57:03.772  2557  2990 D PowerManagerService: displayReady: true groupId=0
02-19 10:57:03.800  2557  3690 V MdnieScenarioControlService: mAclOffEnabled : false
02-19 10:57:03.860  2557  2908 D SGM:GameManager: identifyForegroundApp. com.sikwin.app, mCurrentUserId: 0, callerUserId: 0
02-19 10:57:03.860  2557  2908 D SGM:SemGameManager: isForegroundGame(), ret=false
02-19 10:57:03.861  2557 13665 D SemInputDeviceManager: setProperty: (0) CMD,GRIP_DATA,1,60,10,20,936
02-19 10:57:03.861  2557 13665 D TspStateManager: wrote command: cmd=1,60,10,20,936, type=1
02-19 10:57:03.861  2557  3734 D SemInputDevice:TSP: SetPropertyTask: CMD,set_grip_data,1,60,10,20,936 [02-19 10:57:03.861]
02-19 10:57:03.867  1608  1701 I sysinput:aidl: onReportInformation:91, 1, cmd@set_grip_data,1,60,10,20,9
02-19 10:57:03.869  2557  3734 D SysinputHAL_AIDL: setProperty(TSP(1)): CMD, set_grip_data,1,60,10,20,936 ret=0
02-19 10:57:03.869  1608  1701 I sysinput:Touch1: operator():237, OK
02-19 10:57:03.880  8468  8468 I InputMethodService: removeImeSurface
02-19 10:57:03.880  8468  8468 I InputMethodService: cancelImeSurfaceRemoval: removeCallbacks
02-19 10:57:03.884  6613  7780 W AiSuggestionModuleProvider: createAiSuggestionApiImplInstance, failed to create instance
02-19 10:57:03.972  2557  2990 D PowerManagerService: displayReady: false groupId=0
02-19 10:57:03.973  2557  2990 D DisplayPowerController2[0]: animateScreenStateChange: target=ON, mIsEnabled=true
02-19 10:57:03.973  2557  2990 D PowerManagerService: displayReady: true groupId=0
02-19 10:57:04.139  1554 20840 I sensors-hal: handle_sns_client_event:375, [0][1204876] accel_sample [ 0.541,  0.306,  9.849] 71723749568852
02-19 10:57:04.173  2557  2990 D PowerManagerService: displayReady: false groupId=0
02-19 10:57:04.173  2557  2990 D DisplayPowerController2[0]: animateScreenStateChange: target=ON, mIsEnabled=true
02-19 10:57:04.174  2557  2990 D PowerManagerService: displayReady: true groupId=0
02-19 10:57:04.174  1559 13574 E HYPER-HAL: [HandlerSysfs.cpp]doResourceHandling(): Couldn't Open Sysfs - /sys/kernel/zram/app_launch
02-19 10:57:04.176  1559 13574 I HYPER-HAL: [RequestManager.cpp]releaseLocked(): Released ID : 3319195
02-19 10:57:04.194  2557  4943 D FreecessController: com.sikwin.app(10685) is important[12]
02-19 10:57:04.374  2557  2990 D PowerManagerService: displayReady: false groupId=0
02-19 10:57:04.374  2557  2990 D DisplayPowerController2[0]: animateScreenStateChange: target=ON, mIsEnabled=true
02-19 10:57:04.374  2557  2990 D PowerManagerService: displayReady: true groupId=0
02-19 10:57:04.388 12198 13590 I okhttp.OkHttpClient: <-- 200 https://gunduata.online/api/auth/profile/ (1191ms)
02-19 10:57:04.388 12198 13590 I okhttp.OkHttpClient: server: nginx/1.24.0 (Ubuntu)
02-19 10:57:04.389 12198 13590 I okhttp.OkHttpClient: date: Thu, 19 Feb 2026 05:27:04 GMT
02-19 10:57:04.389 12198 13590 I okhttp.OkHttpClient: content-type: application/json
02-19 10:57:04.389 12198 13590 I okhttp.OkHttpClient: content-length: 232
02-19 10:57:04.389 12198 13590 I okhttp.OkHttpClient: vary: Accept, origin, Cookie
02-19 10:57:04.389 12198 13590 I okhttp.OkHttpClient: allow: GET, POST, OPTIONS
02-19 10:57:04.390 12198 13590 I okhttp.OkHttpClient: x-frame-options: DENY
02-19 10:57:04.390 12198 13590 I okhttp.OkHttpClient: x-content-type-options: nosniff
02-19 10:57:04.390 12198 13590 I okhttp.OkHttpClient: referrer-policy: same-origin
02-19 10:57:04.390 12198 13590 I okhttp.OkHttpClient: cross-origin-opener-policy: same-origin
02-19 10:57:04.390 12198 13590 I okhttp.OkHttpClient: access-control-allow-origin: *
02-19 10:57:04.390 12198 13590 I okhttp.OkHttpClient: access-control-allow-methods: GET, POST, OPTIONS, PUT, DELETE
02-19 10:57:04.391 12198 13590 I okhttp.OkHttpClient: access-control-allow-headers: DNT,User-Agent,X-Requested-With,If-Modified-Since,Cache-Control,Content-Type,Range,Authorization
02-19 10:57:04.392 12198 13590 I okhttp.OkHttpClient: {"id":10022,"username":"Muktesh","email":"","phone_number":"9182351381","gender":"MALE","telegram":"568998","facebook":null,"address":null,"date_of_birth":null,"is_staff":false,"profile_photo_url":null,"referral_code":"GunduAta106"}
02-19 10:57:04.393 12198 13590 I okhttp.OkHttpClient: <-- END HTTP (232-byte body)
02-19 10:57:04.394 12198 13591 I okhttp.OkHttpClient: <-- 200 https://gunduata.online/api/auth/wallet/ (1196ms)
02-19 10:57:04.394 12198 13591 I okhttp.OkHttpClient: server: nginx/1.24.0 (Ubuntu)
02-19 10:57:04.394 12198 13591 I okhttp.OkHttpClient: date: Thu, 19 Feb 2026 05:27:04 GMT
02-19 10:57:04.394 12198 13591 I okhttp.OkHttpClient: content-type: application/json
02-19 10:57:04.394 12198 13591 I okhttp.OkHttpClient: content-length: 133
02-19 10:57:04.395 12198 13591 I okhttp.OkHttpClient: vary: Accept, origin, Cookie
02-19 10:57:04.395 12198 13591 I okhttp.OkHttpClient: allow: GET, HEAD, OPTIONS
02-19 10:57:04.395 12198 13591 I okhttp.OkHttpClient: x-frame-options: DENY
02-19 10:57:04.395 12198 13591 I okhttp.OkHttpClient: x-content-type-options: nosniff
02-19 10:57:04.395 12198 13591 I okhttp.OkHttpClient: referrer-policy: same-origin
02-19 10:57:04.396 12198 13591 I okhttp.OkHttpClient: cross-origin-opener-policy: same-origin
02-19 10:57:04.396 12198 13591 I okhttp.OkHttpClient: access-control-allow-origin: *
02-19 10:57:04.396 12198 13591 I okhttp.OkHttpClient: access-control-allow-methods: GET, POST, OPTIONS, PUT, DELETE
02-19 10:57:04.396 12198 13591 I okhttp.OkHttpClient: access-control-allow-headers: DNT,User-Agent,X-Requested-With,If-Modified-Since,Cache-Control,Content-Type,Range,Authorization
02-19 10:57:04.397 12198 13591 I okhttp.OkHttpClient: {"id":10015,"balance":"10016.00","unavaliable_balance":"2052000.00","withdrawable_balance":"0.00","unavailable_balance":"2052000.00"}
02-19 10:57:04.397 12198 13591 I okhttp.OkHttpClient: <-- END HTTP (133-byte body)
02-19 10:57:04.398 12198 13667 I okhttp.OkHttpClient: --> GET https://gunduata.online/api/game/round/
02-19 10:57:04.398 12198 13667 I okhttp.OkHttpClient: --> END GET
02-19 10:57:04.404  1554 14006 I sensors-hal: handle_sns_client_event:422, [0][90929] gyro_sample_cal(cal_available:1)(3) [ 0.000, 0.001, 0.001] bias[ 0.002,-0.004,-0.007] 71724003536300
02-19 10:57:04.431  2557  4747 I PackageInstallerSession: START COMMIT SESSION: id{501219967}
02-19 10:57:04.469  2557  3551 D InputReader: Btn_touch(5): value=1 when=56412.710114
02-19 10:57:04.470  2557  3551 I InputReader: Touch event's action is 0x0 (id=6, t=0) [pCnt=1, s=0.15119 ] when=56412.710114
02-19 10:57:04.471  2557  3550 I InputDispatcher: Delivering touch to (3927): action: 0x4, f=0x0, d=0, 'b6f87e5', t=1 
02-19 10:57:04.471  2557  3550 I InputDispatcher: Delivering touch to (12198): action: 0x0, f=0x0, d=0, '5c61c8b', t=1 
02-19 10:57:04.471 12198 12198 I VRI[MainActivity]@5e92904: ViewPostIme pointer 0
02-19 10:57:04.471  4488  4488 I HoneySpace.GestureInputHandler: inputConsumers = [com.honeyspace.gesture.inputconsumer.InputConsumer$Companion$NO_OP$1@601ee75]
02-19 10:57:04.472  4488  4488 I HoneySpace.InputSession: inputConsumers = NO_OP
02-19 10:57:04.472  4488  4488 I HoneySpace.InputSession: open
02-19 10:57:04.473  2557  3550 D PowerManagerService: [api] userActivityFromNative : touch displayId=0 eventTime=56412710
02-19 10:57:04.473  2557  2906 I GestureDetector: obtain mCurrentDownEvent. id: 159916026 caller: com.android.server.wm.SystemGesturesPointerEventListener.onPointerEvent:17 com.android.server.wm.PointerEventDispatcher.onInputEvent:51 android.view.InputEventReceiver.dispatchInputEvent:385 
02-19 10:57:04.473  2557  3550 D PowerManagerService: UserActivityStateListenerState: 1
02-19 10:57:04.474  2557  2906 I GestureDetector: obtain mCurrentDownEvent. id: 159916026 caller: com.android.server.wm.SystemPerformancePointerEventListener.onPointerEvent:13 com.android.server.wm.PointerEventDispatcher.onInputEvent:51 android.view.InputEventReceiver.dispatchInputEvent:385 
02-19 10:57:04.477  1559  1739 I HYPER-HAL: [RequestManager.cpp]releaseLocked(): Released ID : 24363715
02-19 10:57:04.479 12198 12198 I VRI[MainActivity]@5e92904: call setFrameRateCategory for touch hint category=high hint, reason=touch, vri=VRI[MainActivity]@5e92904
02-19 10:57:04.479  2557  2906 I GestureDetector: obtain mCurrentMotionEventRaw. action: 2 id: 55281586
02-19 10:57:04.479  2557  2906 I GestureDetector: obtain mCurrentMotionEventRaw. action: 2 id: 55281586
02-19 10:57:04.482  1642  1642 I SurfaceFlinger: [com.sikwin.app/com.sikwin.app.MainActivity$_12198#27757] setFrameRateCategory: HighHint
02-19 10:57:04.527  1554  3896 I sensors-hal: handle_sns_std_sensor_event:131, [SSC_LIGHT] A: 13(13),c:0,b:33,m:13,cl:0,l:13,s:12,l0:2784,l1:640,s0:2000,s1:0,acl:1,opr:0.16,f(r):87,u(bl):100,if:0,wi:2,si:0,po:167(N:0)
02-19 10:57:04.536  2557  2557 I SemDvfsHyPerManager: acquire hyper - WM_SCROLL_DETECTED/2557@2, type = -999
02-19 10:57:04.537  1559  1739 I HYPER-HAL: [RequestManager.cpp]acquire(): Acquired ID : 3275522  [2557 / 2]    HINT :      list : [CoreNumBigMin / 3] 
02-19 10:57:04.558 12198 12233 D SurfaceView: 69680394 updateSurfacePosition RenderWorker, frameNr = 33, position = [390, 1529, 1050, 2704] surfaceSize = 660x1173
02-19 10:57:04.558 12198 12233 I SurfaceView@4273d0a: uSP: rtp = Rect(390, 1529 - 1050, 2704) rtsw = 660 rtsh = 1173
02-19 10:57:04.558 12198 12233 I SurfaceView@4273d0a: onSSPAndSRT: pl = 390 pt = 1529 sx = 1.0 sy = 1.001705
02-19 10:57:04.558 12198 12233 I SurfaceView@4273d0a: aOrMT: VRI[MainActivity]@5e92904 t = android.view.SurfaceControl$Transaction@5fbf465 fN = 33 android.view.SurfaceView.-$$Nest$mapplyOrMergeTransaction:0 android.view.SurfaceView$SurfaceViewPositionUpdateListener.positionChanged:1792 android.graphics.RenderNode$CompositePositionUpdateListener.positionChanged:398 
02-19 10:57:04.558 12198 12233 I VRI[MainActivity]@5e92904: mWNT: t=0xb400006fd72bd8d0 mBlastBufferQueue=0xb400007067274570 fn= 33 HdrRenderState mRenderHdrSdrRatio=1.0 caller= android.view.SurfaceView.applyOrMergeTransaction:1723 android.view.SurfaceView.-$$Nest$mapplyOrMergeTransaction:0 android.view.SurfaceView$SurfaceViewPositionUpdateListener.positionChanged:1792 
02-19 10:57:04.568  2557  3551 D InputReader: Btn_touch(5): value=0 when=56412.809242
02-19 10:57:04.569  2557  3551 I InputReader: Touch event's action is 0x1 (id=6, t=0) [pCnt=1, s=] when=56412.809242
02-19 10:57:04.569 12198 12233 D SurfaceView: 69680394 updateSurfacePosition RenderWorker, frameNr = 34, position = [390, 1529, 1050, 2706] surfaceSize = 660x1173
02-19 10:57:04.569  2557  3550 I InputDispatcher: Delivering touch to (12198): action: 0x1, f=0x0, d=0, '5c61c8b', t=1 
02-19 10:57:04.569 12198 12233 I SurfaceView@4273d0a: uSP: rtp = Rect(390, 1529 - 1050, 2706) rtsw = 660 rtsh = 1173
02-19 10:57:04.569 12198 12233 I SurfaceView@4273d0a: onSSPAndSRT: pl = 390 pt = 1529 sx = 1.0 sy = 1.0034101
02-19 10:57:04.569 12198 12233 I SurfaceView@4273d0a: aOrMT: VRI[MainActivity]@5e92904 t = android.view.SurfaceControl$Transaction@5fbf465 fN = 34 android.view.SurfaceView.-$$Nest$mapplyOrMergeTransaction:0 android.view.SurfaceView$SurfaceViewPositionUpdateListener.positionChanged:1792 android.graphics.RenderNode$CompositePositionUpdateListener.positionChanged:398 
02-19 10:57:04.569 12198 12233 I VRI[MainActivity]@5e92904: mWNT: t=0xb400006fd72bd8d0 mBlastBufferQueue=0xb400007067274570 fn= 34 HdrRenderState mRenderHdrSdrRatio=1.0 caller= android.view.SurfaceView.applyOrMergeTransaction:1723 android.view.SurfaceView.-$$Nest$mapplyOrMergeTransaction:0 android.view.SurfaceView$SurfaceViewPositionUpdateListener.positionChanged:1792 
02-19 10:57:04.569  4488  4488 I HoneySpace.GestureInputHandler: reset
02-19 10:57:04.569  4488  4488 I HoneySpace.InputSession: close
02-19 10:57:04.569 12198 12198 I VRI[MainActivity]@5e92904: ViewPostIme pointer 1
02-19 10:57:04.570  2557  2557 I SemDvfsHyPerManager: acquire hyper - SMOOTH_SCROLL/2557@25, type = -999
02-19 10:57:04.570  2557  2557 I SemDvfsHyPerManager: acquire hyper - GESTURE_DETECTED_HRR/2557@27, type = -999
02-19 10:57:04.570  2557  2557 I SemDvfsHyPerManager: acquire hyper - GESTURE_DETECTED_HRR/2557@27, type = -999
02-19 10:57:04.571  1559  1739 I HYPER-HAL: [RequestManager.cpp]releaseLocked(): Released ID : 3275522
02-19 10:57:04.571  1559  1739 I HYPER-HAL: [RequestManager.cpp]acquire(): Acquired ID : 3339847  [2557 / 27]    HINT : GESTURE_DETECTED_HRR    list : [TIMEOUT / 1106] 
02-19 10:57:04.571  1559  1739 I HYPER-HAL: [RequestManager.cpp]acquire(): Acquired ID : 3339847  [2557 / 27]    HINT : GESTURE_DETECTED_HRR    list : [TIMEOUT / 1106] 
02-19 10:57:04.574 12198 12233 W qdgralloc: getInterlacedFlag: getMetaData returned 3, defaulting to interlaced_flag = 0
02-19 10:57:04.576  2557  2990 D PowerManagerService: displayReady: false groupId=0
02-19 10:57:04.576  2557  2990 D DisplayPowerController2[0]: animateScreenStateChange: target=ON, mIsEnabled=true
02-19 10:57:04.576  2557  2990 D PowerManagerService: displayReady: true groupId=0
02-19 10:57:04.582 12198 12233 D SurfaceView: 69680394 updateSurfacePosition RenderWorker, frameNr = 36, position = [390, 1529, 1050, 2707] surfaceSize = 660x1173
02-19 10:57:04.582 12198 12233 I SurfaceView@4273d0a: uSP: rtp = Rect(390, 1529 - 1050, 2707) rtsw = 660 rtsh = 1173
02-19 10:57:04.582 12198 12233 I SurfaceView@4273d0a: onSSPAndSRT: pl = 390 pt = 1529 sx = 1.0 sy = 1.0042626
02-19 10:57:04.582 12198 12233 I SurfaceView@4273d0a: aOrMT: VRI[MainActivity]@5e92904 t = android.view.SurfaceControl$Transaction@5fbf465 fN = 36 android.view.SurfaceView.-$$Nest$mapplyOrMergeTransaction:0 android.view.SurfaceView$SurfaceViewPositionUpdateListener.positionChanged:1792 android.graphics.RenderNode$CompositePositionUpdateListener.positionChanged:398 
02-19 10:57:04.582 12198 12233 I VRI[MainActivity]@5e92904: mWNT: t=0xb400006fd72bd8d0 mBlastBufferQueue=0xb400007067274570 fn= 36 HdrRenderState mRenderHdrSdrRatio=1.0 caller= android.view.SurfaceView.applyOrMergeTransaction:1723 android.view.SurfaceView.-$$Nest$mapplyOrMergeTransaction:0 android.view.SurfaceView$SurfaceViewPositionUpdateListener.positionChanged:1792 
02-19 10:57:04.615 12198 12233 D SurfaceView: 69680394 updateSurfacePosition RenderWorker, frameNr = 40, position = [390, 1529, 1050, 2706] surfaceSize = 660x1173
02-19 10:57:04.615 12198 12233 I SurfaceView@4273d0a: uSP: rtp = Rect(390, 1529 - 1050, 2706) rtsw = 660 rtsh = 1173
02-19 10:57:04.615 12198 12233 I SurfaceView@4273d0a: onSSPAndSRT: pl = 390 pt = 1529 sx = 1.0 sy = 1.0034101
02-19 10:57:04.615 12198 12233 I SurfaceView@4273d0a: aOrMT: VRI[MainActivity]@5e92904 t = android.view.SurfaceControl$Transaction@5fbf465 fN = 40 android.view.SurfaceView.-$$Nest$mapplyOrMergeTransaction:0 android.view.SurfaceView$SurfaceViewPositionUpdateListener.positionChanged:1792 android.graphics.RenderNode$CompositePositionUpdateListener.positionChanged:398 
02-19 10:57:04.615 12198 12233 I VRI[MainActivity]@5e92904: mWNT: t=0xb400006fd72bd8d0 mBlastBufferQueue=0xb400007067274570 fn= 40 HdrRenderState mRenderHdrSdrRatio=1.0 caller= android.view.SurfaceView.applyOrMergeTransaction:1723 android.view.SurfaceView.-$$Nest$mapplyOrMergeTransaction:0 android.view.SurfaceView$SurfaceViewPositionUpdateListener.positionChanged:1792 
02-19 10:57:04.640 12198 12233 D SurfaceView: 69680394 updateSurfacePosition RenderWorker, frameNr = 43, position = [390, 1529, 1050, 2705] surfaceSize = 660x1173
02-19 10:57:04.640 12198 12233 I SurfaceView@4273d0a: uSP: rtp = Rect(390, 1529 - 1050, 2705) rtsw = 660 rtsh = 1173
02-19 10:57:04.640 12198 12233 I SurfaceView@4273d0a: onSSPAndSRT: pl = 390 pt = 1529 sx = 1.0 sy = 1.0025575
02-19 10:57:04.640 12198 12233 I SurfaceView@4273d0a: aOrMT: VRI[MainActivity]@5e92904 t = android.view.SurfaceControl$Transaction@5fbf465 fN = 43 android.view.SurfaceView.-$$Nest$mapplyOrMergeTransaction:0 android.view.SurfaceView$SurfaceViewPositionUpdateListener.positionChanged:1792 android.graphics.RenderNode$CompositePositionUpdateListener.positionChanged:398 
02-19 10:57:04.640 12198 12233 I VRI[MainActivity]@5e92904: mWNT: t=0xb400006fd72bd8d0 mBlastBufferQueue=0xb400007067274570 fn= 43 HdrRenderState mRenderHdrSdrRatio=1.0 caller= android.view.SurfaceView.applyOrMergeTransaction:1723 android.view.SurfaceView.-$$Nest$mapplyOrMergeTransaction:0 android.view.SurfaceView$SurfaceViewPositionUpdateListener.positionChanged:1792 
02-19 10:57:04.665 12198 12233 D SurfaceView: 69680394 updateSurfacePosition RenderWorker, frameNr = 46, position = [390, 1529, 1050, 2704] surfaceSize = 660x1173
02-19 10:57:04.665 12198 12233 I SurfaceView@4273d0a: uSP: rtp = Rect(390, 1529 - 1050, 2704) rtsw = 660 rtsh = 1173
02-19 10:57:04.665 12198 12233 I SurfaceView@4273d0a: onSSPAndSRT: pl = 390 pt = 1529 sx = 1.0 sy = 1.001705
02-19 10:57:04.665 12198 12233 I SurfaceView@4273d0a: aOrMT: VRI[MainActivity]@5e92904 t = android.view.SurfaceControl$Transaction@5fbf465 fN = 46 android.view.SurfaceView.-$$Nest$mapplyOrMergeTransaction:0 android.view.SurfaceView$SurfaceViewPositionUpdateListener.positionChanged:1792 android.graphics.RenderNode$CompositePositionUpdateListener.positionChanged:398 
02-19 10:57:04.665 12198 12233 I VRI[MainActivity]@5e92904: mWNT: t=0xb400006fd72bd8d0 mBlastBufferQueue=0xb400007067274570 fn= 46 HdrRenderState mRenderHdrSdrRatio=1.0 caller= android.view.SurfaceView.applyOrMergeTransaction:1723 android.view.SurfaceView.-$$Nest$mapplyOrMergeTransaction:0 android.view.SurfaceView$SurfaceViewPositionUpdateListener.positionChanged:1792 
02-19 10:57:04.669  1559 13573 E HYPER-HAL: [HandlerSysfs.cpp]doResourceHandling(): Couldn't Open Sysfs - /sys/kernel/zram/app_launch
02-19 10:57:04.670  1559 13573 I HYPER-HAL: [RequestManager.cpp]releaseLocked(): Released ID : 24321844
02-19 10:57:04.708 12198 12233 D SurfaceView: 69680394 updateSurfacePosition RenderWorker, frameNr = 51, position = [390, 1529, 1050, 2703] surfaceSize = 660x1173
02-19 10:57:04.708 12198 12233 I SurfaceView@4273d0a: uSP: rtp = Rect(390, 1529 - 1050, 2703) rtsw = 660 rtsh = 1173
02-19 10:57:04.708 12198 12233 I SurfaceView@4273d0a: onSSPAndSRT: pl = 390 pt = 1529 sx = 1.0 sy = 1.0008525
02-19 10:57:04.708 12198 12233 I SurfaceView@4273d0a: aOrMT: VRI[MainActivity]@5e92904 t = android.view.SurfaceControl$Transaction@5fbf465 fN = 51 android.view.SurfaceView.-$$Nest$mapplyOrMergeTransaction:0 android.view.SurfaceView$SurfaceViewPositionUpdateListener.positionChanged:1792 android.graphics.RenderNode$CompositePositionUpdateListener.positionChanged:398 
02-19 10:57:04.708 12198 12233 I VRI[MainActivity]@5e92904: mWNT: t=0xb400006fd72bd8d0 mBlastBufferQueue=0xb400007067274570 fn= 51 HdrRenderState mRenderHdrSdrRatio=1.0 caller= android.view.SurfaceView.applyOrMergeTransaction:1723 android.view.SurfaceView.-$$Nest$mapplyOrMergeTransaction:0 android.view.SurfaceView$SurfaceViewPositionUpdateListener.positionChanged:1792 
02-19 10:57:04.733 12198 12233 D SurfaceView: 69680394 updateSurfacePosition RenderWorker, frameNr = 54, position = [390, 1529, 1050, 2702] surfaceSize = 660x1173
02-19 10:57:04.733 12198 12233 I SurfaceView@4273d0a: uSP: rtp = Rect(390, 1529 - 1050, 2702) rtsw = 660 rtsh = 1173
02-19 10:57:04.733 12198 12233 I SurfaceView@4273d0a: onSSPAndSRT: pl = 390 pt = 1529 sx = 1.0 sy = 1.0
02-19 10:57:04.733 12198 12233 I SurfaceView@4273d0a: aOrMT: VRI[MainActivity]@5e92904 t = android.view.SurfaceControl$Transaction@5fbf465 fN = 54 android.view.SurfaceView.-$$Nest$mapplyOrMergeTransaction:0 android.view.SurfaceView$SurfaceViewPositionUpdateListener.positionChanged:1792 android.graphics.RenderNode$CompositePositionUpdateListener.positionChanged:398 
02-19 10:57:04.733 12198 12233 I VRI[MainActivity]@5e92904: mWNT: t=0xb400006fd72bd8d0 mBlastBufferQueue=0xb400007067274570 fn= 54 HdrRenderState mRenderHdrSdrRatio=1.0 caller= android.view.SurfaceView.applyOrMergeTransaction:1723 android.view.SurfaceView.-$$Nest$mapplyOrMergeTransaction:0 android.view.SurfaceView$SurfaceViewPositionUpdateListener.positionChanged:1792 
02-19 10:57:04.737  2557  4943 D FreecessController: com.instagram.android(10366) is important[18]
02-19 10:57:04.742  1635  1652 D HeatmapThread: wait_for_battery_event : occured : change@/devices/virtual/sec/blk_sec 
02-19 10:57:04.776  2557  2990 D PowerManagerService: displayReady: false groupId=0
02-19 10:57:04.776  2557  2990 D DisplayPowerController2[0]: animateScreenStateChange: target=ON, mIsEnabled=true
02-19 10:57:04.776  2557  2990 D PowerManagerService: displayReady: true groupId=0
02-19 10:57:04.826 12198 13636 I okhttp.OkHttpClient: <-- 200 https://gunduata.online/api/auth/profile/ (1493ms)
02-19 10:57:04.826 12198 13636 I okhttp.OkHttpClient: server: nginx/1.24.0 (Ubuntu)
02-19 10:57:04.826 12198 13636 I okhttp.OkHttpClient: date: Thu, 19 Feb 2026 05:27:04 GMT
02-19 10:57:04.826 12198 13636 I okhttp.OkHttpClient: content-type: application/json
02-19 10:57:04.826 12198 13636 I okhttp.OkHttpClient: content-length: 232
02-19 10:57:04.826 12198 13636 I okhttp.OkHttpClient: vary: Accept, origin, Cookie
02-19 10:57:04.826 12198 13636 I okhttp.OkHttpClient: allow: GET, POST, OPTIONS
02-19 10:57:04.826 12198 13636 I okhttp.OkHttpClient: x-frame-options: DENY
02-19 10:57:04.826 12198 13636 I okhttp.OkHttpClient: x-content-type-options: nosniff
02-19 10:57:04.826 12198 13636 I okhttp.OkHttpClient: referrer-policy: same-origin
02-19 10:57:04.826 12198 13636 I okhttp.OkHttpClient: cross-origin-opener-policy: same-origin
02-19 10:57:04.826 12198 13636 I okhttp.OkHttpClient: access-control-allow-origin: *
02-19 10:57:04.826 12198 13636 I okhttp.OkHttpClient: access-control-allow-methods: GET, POST, OPTIONS, PUT, DELETE
02-19 10:57:04.826 12198 13636 I okhttp.OkHttpClient: access-control-allow-headers: DNT,User-Agent,X-Requested-With,If-Modified-Since,Cache-Control,Content-Type,Range,Authorization
02-19 10:57:04.827 12198 13636 I okhttp.OkHttpClient: {"id":10022,"username":"Muktesh","email":"","phone_number":"9182351381","gender":"MALE","telegram":"568998","facebook":null,"address":null,"date_of_birth":null,"is_staff":false,"profile_photo_url":null,"referral_code":"GunduAta106"}
02-19 10:57:04.827 12198 13636 I okhttp.OkHttpClient: <-- END HTTP (232-byte body)
02-19 10:57:04.829 12198 13632 I okhttp.OkHttpClient: <-- 200 https://gunduata.online/api/game/version/ (1495ms)
02-19 10:57:04.829 12198 13632 I okhttp.OkHttpClient: server: nginx/1.24.0 (Ubuntu)
02-19 10:57:04.829 12198 13632 I okhttp.OkHttpClient: date: Thu, 19 Feb 2026 05:27:04 GMT
02-19 10:57:04.829 12198 13632 I okhttp.OkHttpClient: content-type: application/json
02-19 10:57:04.829 12198 13632 I okhttp.OkHttpClient: content-length: 160
02-19 10:57:04.829 12198 13632 I okhttp.OkHttpClient: vary: Accept, origin, Cookie
02-19 10:57:04.829 12198 13632 I okhttp.OkHttpClient: allow: OPTIONS, GET
02-19 10:57:04.829 12198 13632 I okhttp.OkHttpClient: x-frame-options: DENY
02-19 10:57:04.829 12198 13632 I okhttp.OkHttpClient: x-content-type-options: nosniff
02-19 10:57:04.829 12198 13632 I okhttp.OkHttpClient: referrer-policy: same-origin
02-19 10:57:04.829 12198 13632 I okhttp.OkHttpClient: cross-origin-opener-policy: same-origin
02-19 10:57:04.829 12198 13632 I okhttp.OkHttpClient: access-control-allow-origin: *
02-19 10:57:04.829 12198 13632 I okhttp.OkHttpClient: access-control-allow-methods: GET, POST, OPTIONS, PUT, DELETE
02-19 10:57:04.829 12198 13632 I okhttp.OkHttpClient: access-control-allow-headers: DNT,User-Agent,X-Requested-With,If-Modified-Since,Cache-Control,Content-Type,Range,Authorization
02-19 10:57:04.829 12198 13632 I okhttp.OkHttpClient: {"version_code":1,"version_name":"1.0.0","download_url":"https://gunduata.online/download/","force_update":false,"timestamp":"2026-02-19T05:27:04.925007+00:00"}
02-19 10:57:04.829 12198 13632 I okhttp.OkHttpClient: <-- END HTTP (160-byte body)
02-19 10:57:04.868 12198 13635 I okhttp.OkHttpClient: <-- 200 https://gunduata.online/api/auth/wallet/ (1535ms)
02-19 10:57:04.868 12198 13635 I okhttp.OkHttpClient: server: nginx/1.24.0 (Ubuntu)
02-19 10:57:04.868 12198 13635 I okhttp.OkHttpClient: date: Thu, 19 Feb 2026 05:27:05 GMT
02-19 10:57:04.868 12198 13635 I okhttp.OkHttpClient: content-type: application/json
02-19 10:57:04.868 12198 13635 I okhttp.OkHttpClient: content-length: 133
02-19 10:57:04.868 12198 13635 I okhttp.OkHttpClient: vary: Accept, origin, Cookie
02-19 10:57:04.868 12198 13635 I okhttp.OkHttpClient: allow: GET, HEAD, OPTIONS
02-19 10:57:04.869 12198 13635 I okhttp.OkHttpClient: x-frame-options: DENY
02-19 10:57:04.869 12198 13635 I okhttp.OkHttpClient: x-content-type-options: nosniff
02-19 10:57:04.869 12198 13635 I okhttp.OkHttpClient: referrer-policy: same-origin
02-19 10:57:04.869 12198 13635 I okhttp.OkHttpClient: cross-origin-opener-policy: same-origin
02-19 10:57:04.869 12198 13635 I okhttp.OkHttpClient: access-control-allow-origin: *
02-19 10:57:04.869 12198 13635 I okhttp.OkHttpClient: access-control-allow-methods: GET, POST, OPTIONS, PUT, DELETE
02-19 10:57:04.869 12198 13635 I okhttp.OkHttpClient: access-control-allow-headers: DNT,User-Agent,X-Requested-With,If-Modified-Since,Cache-Control,Content-Type,Range,Authorization
02-19 10:57:04.869 12198 13635 I okhttp.OkHttpClient: {"id":10015,"balance":"10016.00","unavaliable_balance":"2052000.00","withdrawable_balance":"0.00","unavailable_balance":"2052000.00"}
02-19 10:57:04.869 12198 13635 I okhttp.OkHttpClient: <-- END HTTP (133-byte body)
02-19 10:57:04.892 12198 13667 I okhttp.OkHttpClient: <-- 200 https://gunduata.online/api/game/round/ (493ms)
02-19 10:57:04.892 12198 13667 I okhttp.OkHttpClient: server: nginx/1.24.0 (Ubuntu)
02-19 10:57:04.892 12198 13667 I okhttp.OkHttpClient: date: Thu, 19 Feb 2026 05:27:05 GMT
02-19 10:57:04.892 12198 13667 I okhttp.OkHttpClient: content-type: application/json
02-19 10:57:04.892 12198 13667 I okhttp.OkHttpClient: content-length: 720
02-19 10:57:04.892 12198 13667 I okhttp.OkHttpClient: vary: Accept, origin, Cookie
02-19 10:57:04.892 12198 13667 I okhttp.OkHttpClient: allow: GET, OPTIONS
02-19 10:57:04.892 12198 13667 I okhttp.OkHttpClient: x-frame-options: DENY
02-19 10:57:04.892 12198 13667 I okhttp.OkHttpClient: x-content-type-options: nosniff
02-19 10:57:04.892 12198 13667 I okhttp.OkHttpClient: referrer-policy: same-origin
02-19 10:57:04.892 12198 13667 I okhttp.OkHttpClient: cross-origin-opener-policy: same-origin
02-19 10:57:04.892 12198 13667 I okhttp.OkHttpClient: access-control-allow-origin: *
02-19 10:57:04.892 12198 13667 I okhttp.OkHttpClient: access-control-allow-methods: GET, POST, OPTIONS, PUT, DELETE
02-19 10:57:04.892 12198 13667 I okhttp.OkHttpClient: access-control-allow-headers: DNT,User-Agent,X-Requested-With,If-Modified-Since,Cache-Control,Content-Type,Range,Authorization
02-19 10:57:04.892 12198 13667 I okhttp.OkHttpClient: {"type":"timer","round_id":"R1771478776","timer":0,"status":"RESULT","dice_result":"5,6","is_rolling":false,"server_time":1771478824,"end_time":1771478824,"total_round_duration":50,"betting_close_time":30,"dice_roll_time":38,"dice_result_time":43,"settings":{"dice_mode":"random","CHIP_VALUES":"[10, 50, 100, 500, 1000, 5000]","PAYOUT_RATIOS":"{\"1\": 1.0, \"2\": 2.0, \"3\": 3.0, \"4\": 4.0, \"5\": 5.0, \"6\": 6.0}","DICE_ROLL_TIME":38,"DICE_RESULT_TIME":43,"TOTAL_ROUND_DURATION":50,"RESULT_SELECTION_DURATION":8,"RESULT_DISPLAY_DURATION":5,"BETTING_CLOSE_TIME":30,"ROUND_END_TIME":50,"BETTING_DURATION":30},"dice_values":[6,3,6,5,1,5],"dice_1":6,"dice_2":3,"dice_3":6,"dice_4":5,"dice_5":1,"dice_6":5,"result":"5,6"}
02-19 10:57:04.892 12198 13667 I okhttp.OkHttpClient: <-- END HTTP (720-byte body)
02-19 10:57:04.896 12198 12198 D SessionManager: Synced auth data to Unity PlayerPrefs
02-19 10:57:04.977  2557  2990 D PowerManagerService: displayReady: false groupId=0
02-19 10:57:04.977  2557  2990 D DisplayPowerController2[0]: animateScreenStateChange: target=ON, mIsEnabled=true
02-19 10:57:04.977  2557  2990 D PowerManagerService: displayReady: true groupId=0
02-19 10:57:05.093  2557  5879 D SemWifiUsabilityStatsMonitor: onWifiUsabilityStats - seqNum 16137, isSameBssidAndFreq true
02-19 10:57:05.094  2557  3662 D ConnectivityService: notifyType CALLBACK_CAP_CHANGED for [105 WIFI]
02-19 10:57:05.094  2557  3768 I SemWifiLinkQualityMonitor: Link stat: 1165 / 154 / 1.67 (80) / 216 / -60.0 || 100.0 : 216.00 / 0.5 : 0.60 / 0.55 : 0.13 / G (G) || 8a7c8fda2437: 0.323 / 24.770 /  / N || N N / 0 / N 2.0 / N 0 / 56413334 0
02-19 10:57:05.095  2557  3004 I KnoxMUMContainerPolicy: getPackagesFromInstallWhiteList is called...
02-19 10:57:05.096  2557  3004 D ApplicationPolicy: getApplicationStateList: Enforce DOPO permission
02-19 10:57:05.096  2557  3004 D ApplicationPolicy: getApplicationStateList : empty
02-19 10:57:05.096  2557  3004 I PackageManager: isVerificationEnabled :: approvedInstaller : .*
02-19 10:57:05.096  2557  3004 I PackageManager: isVerificationEnabled :: installer policy contains *.
02-19 10:57:05.096  2557  3004 I PackageManager: Samsung verification timeout applied. Set verification timeout to 30000
02-19 10:57:05.096 26953 26953 W JobService: onNetworkChanged() not implemented in androidx.work.impl.background.systemjob.SystemJobService. Must override in a subclass.
02-19 10:57:05.096  2557  3721 D SemWifiApNsd:Client: lpInterface:wlan0
02-19 10:57:05.099  3927  4249 D WifiPickerTracker: updateWifiEntries capabilities
02-19 10:57:05.100  2557  3721 I WifiConnectivityMonitor.NCC: sNetworkCallback(oCC) FULL : 105(valid: true/captive: false)
02-19 10:57:05.101  2557  3721 I WifiConnectivityMonitor.NCC: [ Transports: WIFI Capabilities: NOT_METERED&INTERNET&NOT_RESTRICTED&TRUSTED&NOT_VPN&VALIDATED&NOT_ROAMING&FOREGROUND&NOT_CONGESTED&NOT_SUSPENDED&NOT_VCN_MANAGED&NOT_BANDWIDTH_CONSTRAINED LinkUpBandwidth>=18986Kbps LinkDnBandwidth>=24435Kbps TransportInfo: <SSID: <unknown ssid>, BSSID: 02:00:00:**:**:00, MAC: 02:00:00:**:**:00, IP: /192.***.*.4, Security type: 2, Supplicant state: COMPLETED, Wi-Fi standard: 11ax, RSSI: -60, Link speed: 216Mbps, Tx Link speed: 216Mbps, Max Supported Tx Link speed: 2401Mbps, Rx Link speed: 288Mbps, Max Supported Rx Link speed: 2401Mbps, Frequency: 5200MHz, Net ID: -1, Metered hint: false, score: 60, isUsable: true, CarrierMerged: false, SubscriptionId: -1, IsPrimary: 1, Trusted: true, Restricted: false, Ephemeral: false, OEM paid: false, OEM private: false, OSU AP: false, FQDN: <none>, Provider friendly name: <none>, Requesting package name: <none><none>MLO Information: , Is TID-To-Link negotiation supported by the AP: false, AP MLD Address: <none>, AP MLO Link Id: <none>, AP MLO Affiliated links: <none>, Vendor Data: <none>> SignalStrength: -60 AdminUids: [1000] SSID: "Airtel_FARM HOUSE" UnderlyingNetworks: Null]
02-19 10:57:05.101  2557  3803 D WifiConnectivityMonitor: HANDLE_ON_CAPABILITIES_CHANGED
02-19 10:57:05.101  2557  3803 I WifiConnectivityMonitor: determineMode : MODE_AGG_BY_SWITCH_TO_MOBILE_DATA_OPTION
02-19 10:57:05.101  2557  3803 D OpenNetworkQos[4.00]: updateBssidNoInternet: mBssidNoInternet = false
02-19 10:57:05.101  2557  3803 D OpenNetworkQos[4.00]: getOpenNetworkQosNoInternetStatus: false
02-19 10:57:05.101  2557  3803 D OpenNetworkQos[4.00]: getOpenNetworkQosScores: 26 23 0 
02-19 10:57:05.101  2557  3803 D KNOX_MDM_SettingsProvider: isChangeAllowed() : name = wifi_wcm_qos_sharing_score_summary
02-19 10:57:05.101  2557  3803 I WifiProfileShare: network QoS data was changed (internet), updateQoSData networkType: true, qosData: false
02-19 10:57:05.101  2557  3004 D PackageManager: Sending PACKAGE_NEEDS_VERIFICATION to com.android.vending, vid: 114, sid: 501219967
02-19 10:57:05.102  4229  6066 D txpwrJni: sendNetworkInfo start
02-19 10:57:05.102  4229  6066 D txpwrJni: sendNetworkInfo RatType 0
02-19 10:57:05.102  2557  3803 D WifiConnectivityMonitor: VALIDATED_DETECTED
02-19 10:57:05.102  2557  4952 V WifiProfileShare.Caster: update wips network, size: 0
02-19 10:57:05.102  2557  4952 D WifiProfileShare: nearby scanning settings run
02-19 10:57:05.102  2557  4952 D WifiProfileShare: network score provider settings enabled
02-19 10:57:05.102  2557  4952 D OpenNetworkQos[4.00]: getOpenNetworkQosScores: 26 23 0 
02-19 10:57:05.102  2557  4952 D OpenNetworkQos[4.00]: getOpenNetworkQosNoInternetStatus: false
02-19 10:57:05.102  2557  4952 I WifiProfileShare.Caster: current network type: 0, score: [26, 23, 0]
02-19 10:57:05.103  2557  4952 V WifiProfileShare.Cache: update network score 24:de:8a:**:**:db
02-19 10:57:05.103  2557  4952 D WifiProfileShare.ScanMatcher: getMcfDataList size:2
02-19 10:57:05.103  2557  4952 I WifiProfileShare.Caster: qos data was updated , before:type:QOS, pBssid:a2:05:ff, qosData:73 after:type:QOS, pBssid:a2:05:ff, qosData:73
02-19 10:57:05.103  2557  4952 I [MCFSDK_android_1.2.27006]_4_McfCasterImpl: isNetworkEnabled - type : 1 ret : true
02-19 10:57:05.103  2557  4952 D WifiProfileShare.McfCast: -ME--- mIsNetworkEnabled :true
02-19 10:57:05.103  2557  4952 D WifiProfileShare.McfCast: updateQoSData ignored, same contents
02-19 10:57:05.103  2557  4952 D WifiProfileShare.MCF: success update QosData !
02-19 10:57:05.104  2557  3721 D SemWifiApTrafficPriority: onCapabilitiesChanged Wifi:wlan0,mGapiValue:24.435Uplink: 18.986
02-19 10:57:05.104  2557  4952 I [MCFSDK_android_1.2.27006]_4_McfCasterImpl: isNetworkEnabled - type : 1 ret : true
02-19 10:57:05.104  2557  4952 D WifiProfileShare.McfCast: -ME--- mIsNetworkEnabled :true
02-19 10:57:05.104  2557  4952 D WifiProfileShare.McfCast: -ME--- updatePasswordDate pwdData size:2
02-19 10:57:05.104  8468  9412 I HBD     : i onCapabilitiesChanged network : 105 current network state : wifi 
02-19 10:57:05.108  6667  8109 I BugleRcsEngine: handleMessage processing message:[NOTIFY_UPTIME_IGNORE_STATE_CHANGED] with [non-null]:RcsEngineImpl reference [CONTEXT log_prefix="RcsEngineImpl[DUAL_REG]:[69aab36d-b03c]>Handler" thread_id=122 ]
02-19 10:57:05.108  6667  7765 I BugleRcsEngine: Connected state: [1], networkType: [WIFI] [CONTEXT thread_id=116 ]
02-19 10:57:05.108 15172 15172 I Finsky  : [2] VerifyApps: Install-time verification requested for package com.sikwin.app, PackageManager id = 114, Verifier id = 40214b57-f94b-4ea6-bfdb-ff56b80aa811
02-19 10:57:05.106  2557  3004 D PackageManager: Sending PACKAGE_NEEDS_VERIFICATION to com.samsung.android.sm.devicesecurity, vid: 114, sid: 501219967
02-19 10:57:05.109  3927  4249 D WifiPickerTracker: update AutoHotspot Entries() : bleAccessPoints -> 0
02-19 10:57:05.109  2557  3004 D PackageManager: sendBroadcastAsUser. PACKAGE_INSTALL_STARTED
02-19 10:57:05.109  3927  4249 D WifiPickerTracker: handleNetworkCapabilitiesChanged
02-19 10:57:05.109  3927  4050 D Tile.WifiTile: handleUpdateState isTransient=false transientEnabling =false cb.isTransient=false state.state = 2 mStateBeforeClick.value =false enabled =true
02-19 10:57:05.113 15172 15218 I Finsky  : [3245] RECEIVER_PACKAGE_VERIFICATION#logWorkEndAndFinishGoAsync: SUCCESS
02-19 10:57:05.118 10189 10207 I GOS:GameServiceReceiver: Task.doInBackground(), action : com.samsung.android.intent.action.PACKAGE_INSTALL_STARTED
02-19 10:57:05.118 10189 10207 I GOS:GameServiceReceiver:  PkgInstallStarted for com.sikwin.app UserID : 0
02-19 10:57:05.118  6667  8109 I BugleRcsEngine: Rcs is enabled from user settings: true [CONTEXT log_prefix="ProvisioningEngineDataRetriever" thread_id=122 ]
02-19 10:57:05.119 22276 22318 D txpwrJni: sendNetworkInfo start
02-19 10:57:05.119 22276 22318 D txpwrJni: sendNetworkInfo RatType 0
02-19 10:57:05.121 10189 13675 I GOS:GameIntentService: onHandleIntent. GameIntentService. type: 15, pkgName: null
02-19 10:57:05.121  2557  2749 D SGM:GameManager: getVersion.
02-19 10:57:05.123  2557  3795 D SemApeService: Deducted link capacity (M: R=201 T=151) RSSI=-60
02-19 10:57:05.123  2557  3795 D SemApeService: Deducted link capacity (M: R=201 T=151) on (wlan0) GoogleAPI(M: R=24 T=18) RSSI=-60 isDefault=false isMlo=false
02-19 10:57:05.124  2557  3792 D SGM:GameManager: identifyGamePackage. com.sikwin.app, mCurrentUserId: 0, callerUserId: 0, callingMethodInfo: com.samsung.android.game.SemGameManager.isGamePackage(SemGameManager.java:105)
02-19 10:57:05.124  2557  3792 D SGM:SemGameManager: isGamePackage(), pkgName=com.sikwin.app, ret=false
02-19 10:57:05.127 14031 14031 I SB_Receiver: action : com.samsung.android.sm.security.service.ACTION_SERVICE_STATUS_CHANGED
02-19 10:57:05.127 14031 14031 W ContextImpl: Calling a method in the system process without a qualified user: android.app.ContextImpl.startService:1993 android.content.ContextWrapper.startService:844 android.content.ContextWrapper.startService:844 com.samsung.android.sm.security.model.trigger.SecurityBridgeReceiver.onReceive:77 android.app.ActivityThread.handleReceiver:5377 
02-19 10:57:05.128  2557  3004 I PackageManager: Integrity check passed for file:///data/app/vmdl501219967.tmp
02-19 10:57:05.131 14031 13680 I SecurityBridgeService: action : com.samsung.android.sm.security.ACTION_SECURITY_PROVIDER_CALL
02-19 10:57:05.131 14031 13680 W ContextImpl: Calling a method in the system process without a qualified user: android.app.ContextImpl.startService:1993 android.content.ContextWrapper.startService:844 com.samsung.android.sm.security.model.trigger.SecurityBridgeProvider.call:372 android.content.ContentProvider.call:2744 android.content.ContentProvider$Transport.call:637 
02-19 10:57:05.133 14031 13682 I SB_Processor: action : com.samsung.android.sm.security.service.ACTION_SERVICE_STATUS_CHANGED
02-19 10:57:05.133 14031 13682 I SB_BgScanServiceCompleted : name : app_verification, status  : started
02-19 10:57:05.155 10189 13675 I GOS:GameIntentService: onPackageChanged(). extras: Bundle[{changeType=2, userId=0, type=15, packageName=com.sikwin.app}]
02-19 10:57:05.155 10189 13675 I GOS:GameIntentService: onPackageChanged(). changeType(INSTALL_STARTED), pkgName(com.sikwin.app), UserHandle(0), userId(0), Installed(true)
02-19 10:57:05.158 10189 13675 W GOS:SystemEventReactor: onPackageInstallStarted(). the pkg data already exists. packageName: com.sikwin.app
02-19 10:57:05.162 10189 10189 I GOS:App : onTrimMemory 40
02-19 10:57:05.167  1554 26706 I sensors-hal: handle_sns_std_sensor_event:90, light_cct: ts = 71724775425623 ns; value = [12, 12, 36, 41, 10, 33, 0, 40, 2752, 0]
02-19 10:57:05.169 15172 13672 I Finsky  : [5464] VerifyApps: Anti-malware verification task started for package=com.sikwin.app
02-19 10:57:05.174  1559 13582 I HYPER-HAL: [RequestManager.cpp]releaseLocked(): Released ID : 3492403
02-19 10:57:05.176 15172 13672 E AbstractLogEventBuilder: The provided ProductIdOrigin 3 is not one of the process-level expected values: 1 or 2
02-19 10:57:05.178  2557  2990 D PowerManagerService: displayReady: false groupId=0
02-19 10:57:05.178  2557  2990 D DisplayPowerController2[0]: animateScreenStateChange: target=ON, mIsEnabled=true
02-19 10:57:05.178  2557  2990 D PowerManagerService: displayReady: true groupId=0
02-19 10:57:05.185  2557  3551 D InputReader: Btn_touch(5): value=1 when=56413.425510
02-19 10:57:05.185  2557  3551 I InputReader: Touch event's action is 0x0 (id=6, t=0) [pCnt=1, s=0.15120 ] when=56413.425510
02-19 10:57:05.186 15172 13672 I Finsky  : [5464] Single user settings service is not running, bind it now
02-19 10:57:05.186  2557  3550 I InputDispatcher: Delivering touch to (3927): action: 0x4, f=0x0, d=0, 'b6f87e5', t=1 
02-19 10:57:05.186  2557  3550 I InputDispatcher: Delivering touch to (12198): action: 0x0, f=0x0, d=0, '5c61c8b', t=1 
