02-19 10:57:05.724 13690 13690 F ikwin.app:unity: runtime.cc:708]   at android.app.servertransaction.TransactionExecutor.executeNonLifecycleItem(TransactionExecutor.java:174)
02-19 10:57:05.724 13690 13690 F ikwin.app:unity: runtime.cc:708]   at android.app.servertransaction.TransactionExecutor.executeTransactionItems(TransactionExecutor.java:109)
02-19 10:57:05.724 13690 13690 F ikwin.app:unity: runtime.cc:708]   at android.app.servertransaction.TransactionExecutor.execute(TransactionExecutor.java:81)
02-19 10:57:05.724 13690 13690 F ikwin.app:unity: runtime.cc:708]   at android.app.ActivityThread$H.handleMessage(ActivityThread.java:2895)
02-19 10:57:05.724 13690 13690 F ikwin.app:unity: runtime.cc:708]   at android.os.Handler.dispatchMessage(Handler.java:107)
02-19 10:57:05.724 13690 13690 F ikwin.app:unity: runtime.cc:708]   at android.os.Looper.loopOnce(Looper.java:257)
02-19 10:57:05.724 13690 13690 F ikwin.app:unity: runtime.cc:708]   at android.os.Looper.loop(Looper.java:342)
02-19 10:57:05.724 13690 13690 F ikwin.app:unity: runtime.cc:708]   at android.app.ActivityThread.main(ActivityThread.java:9634)
02-19 10:57:05.724 13690 13690 F ikwin.app:unity: runtime.cc:708]   at java.lang.reflect.Method.invoke(Native method)
02-19 10:57:05.724 13690 13690 F ikwin.app:unity: runtime.cc:708]   at com.android.internal.os.RuntimeInit$MethodAndArgsCaller.run(RuntimeInit.java:619)
02-19 10:57:05.724 13690 13690 F ikwin.app:unity: runtime.cc:708]   at com.android.internal.os.ZygoteInit.main(ZygoteInit.java:929)
02-19 10:57:05.724 13690 13690 F ikwin.app:unity: runtime.cc:708] Pending exception java.lang.NoSuchMethodError: no static or non-static method "Lcom/unity3d/player/UnityPlayer;.nativeMuteMasterAudio(Z)V"
02-19 10:57:05.724 13690 13690 F ikwin.app:unity: runtime.cc:708]   at java.lang.String java.lang.Runtime.nativeLoad(java.lang.String, java.lang.ClassLoader, java.lang.Class) (Runtime.java:-2)
02-19 10:57:05.724 13690 13690 F ikwin.app:unity: runtime.cc:708]   at void java.lang.Runtime.loadLibrary0(java.lang.ClassLoader, java.lang.Class, java.lang.String) (Runtime.java:1079)
02-19 10:57:05.724 13690 13690 F ikwin.app:unity: runtime.cc:708]   at void java.lang.Runtime.loadLibrary0(java.lang.Class, java.lang.String) (Runtime.java:1003)
02-19 10:57:05.724 13690 13690 F ikwin.app:unity: runtime.cc:708]   at void java.lang.System.loadLibrary(java.lang.String) (System.java:1765)
02-19 10:57:05.724 13690 13690 F ikwin.app:unity: runtime.cc:708]   at void com.unity3d.player.UnityPlayer.<clinit>() (UnityPlayer.java:61)
02-19 10:57:05.724 13690 13690 F ikwin.app:unity: runtime.cc:708]   at void com.unity3d.player.UnityPlayerGameActivity.onCreateSurfaceView() (UnityPlayerGameActivity.java:82)
02-19 10:57:05.724 13690 13690 F ikwin.app:unity: runtime.cc:708]   at void com.google.androidgamesdk.GameActivity.onCreate(android.os.Bundle) (GameActivity.java:304)
02-19 10:57:05.724 13690 13690 F ikwin.app:unity: runtime.cc:708]   at void com.unity3d.player.UnityPlayerGameActivity.onCreate(android.os.Bundle) (UnityPlayerGameActivity.java:55)
02-19 10:57:05.724 13690 13690 F ikwin.app:unity: runtime.cc:708]   at void android.app.Activity.performCreate(android.os.Bundle, android.os.PersistableBundle) (Activity.java:9363)
02-19 10:57:05.724 13690 13690 F ikwin.app:unity: runtime.cc:708]   at void android.app.Activity.performCreate(android.os.Bundle) (Activity.java:9332)
02-19 10:57:05.724 13690 13690 F ikwin.app:unity: runtime.cc:708]   at void android.app.Instrumentation.callActivityOnCreate(android.app.Activity, android.os.Bundle) (Instrumentation.java:1526)
02-19 10:57:05.724 13690 13690 F ikwin.app:unity: runtime.cc:708]   at android.app.Activity android.app.ActivityThread.performLaunchActivity(android.app.ActivityThread$ActivityClientRecord, android.content.Intent) (ActivityThread.java:4436)
02-19 10:57:05.724 13690 13690 F ikwin.app:unity: runtime.cc:708]   at android.app.Activity android.app.ActivityThread.handleLaunchActivity(android.app.ActivityThread$ActivityClientRecord, android.app.servertransaction.PendingTransactionActions, int, android.content.Intent) (ActivityThread.java:4685)
02-19 10:57:05.724 13690 13690 F ikwin.app:unity: runtime.cc:708]   at void android.app.servertransaction.LaunchActivityItem.execute(android.app.ClientTransactionHandler, android.app.servertransaction.PendingTransactionActions) (LaunchActivityItem.java:112)
02-19 10:57:05.724 13690 13690 F ikwin.app:unity: runtime.cc:708]   at void android.app.servertransaction.TransactionExecutor.executeNonLifecycleItem(android.app.servertransaction.ClientTransaction, android.app.servertransaction.ClientTransactionItem, boolean) (TransactionExecutor.java:174)
02-19 10:57:05.724 13690 13690 F ikwin.app:unity: runtime.cc:708]   at void android.app.servertransaction.TransactionExecutor.executeTransactionItems(android.app.servertransaction.ClientTransaction) (TransactionExecutor.java:109)
02-19 10:57:05.724 13690 13690 F ikwin.app:unity: runtime.cc:708]   at void android.app.servertransaction.TransactionExecutor.execute(android.app.servertransaction.ClientTransaction) (TransactionExecutor.java:81)
02-19 10:57:05.724 13690 13690 F ikwin.app:unity: runtime.cc:708]   at void android.app.ActivityThread$H.handleMessage(android.os.Message) (ActivityThread.java:2895)
02-19 10:57:05.724 13690 13690 F ikwin.app:unity: runtime.cc:708]   at void android.os.Handler.dispatchMessage(android.os.Message) (Handler.java:107)
02-19 10:57:05.724 13690 13690 F ikwin.app:unity: runtime.cc:708]   at boolean android.os.Looper.loopOnce(android.os.Looper, long, int) (Looper.java:257)
02-19 10:57:05.724 13690 13690 F ikwin.app:unity: runtime.cc:708]   at void android.os.Looper.loop() (Looper.java:342)
02-19 10:57:05.724 13690 13690 F ikwin.app:unity: runtime.cc:708]   at void android.app.ActivityThread.main(java.lang.String[]) (ActivityThread.java:9634)
02-19 10:57:05.724 13690 13690 F ikwin.app:unity: runtime.cc:708]   at java.lang.Object java.lang.reflect.Method.invoke(java.lang.Object, java.lang.Object[]) (Method.java:-2)
02-19 10:57:05.724 13690 13690 F ikwin.app:unity: runtime.cc:708]   at void com.android.internal.os.RuntimeInit$MethodAndArgsCaller.run() (RuntimeInit.java:619)
02-19 10:57:05.724 13690 13690 F ikwin.app:unity: runtime.cc:708]   at void com.android.internal.os.ZygoteInit.main(java.lang.String[]) (ZygoteInit.java:929)
02-19 10:57:05.724 13690 13690 F ikwin.app:unity: runtime.cc:708] 
--------- beginning of crash
02-19 10:57:05.724 13690 13690 F libc    : Fatal signal 6 (SIGABRT), code -1 (SI_QUEUE) in tid 13690 (ikwin.app:unity), pid 13690 (ikwin.app:unity)
02-19 10:57:05.731  3927  4019 V WindowManagerShell: Transition animation finished (aborted=false), notifying core (#2030) android.os.BinderProxy@559be3b@0
02-19 10:57:05.731  3927  4019 I SurfaceControlRegistry: apply, t=FinishTransaction_SyncId<2030>, caller=android.view.SurfaceControl$Transaction.apply:3135 android.view.SurfaceControl$Transaction.apply:3122 android.view.SurfaceControl$Transaction.apply:3078 com.android.wm.shell.transition.Transitions.onFinish:308 com.android.wm.shell.transition.Transitions$$ExternalSyntheticLambda8.onTransitionFinished:10 com.android.wm.shell.transition.DefaultTransitionHandler$$ExternalSyntheticLambda6.run:36 
02-19 10:57:05.731  2557  2749 V WindowManager: Finish Transition: TransitionRecord{1c0374f id=2030 type=OPEN flags=0x0}, caller=com.android.server.wm.WindowOrganizerController.finishTransitionInner:26 com.android.server.wm.WindowOrganizerController.finishAllTransitions:59 android.window.IWindowOrganizerController$Stub.onTransact:311 
02-19 10:57:05.732  2557  2905 V WindowManager: Finish Transition (#2030): created at 02-19 10:57:05.229 collect-started=0.124ms request-sent=2.778ms started=12.008ms ready=32.091ms sent=33.293ms finished=502.487ms
02-19 10:57:05.732  2557  2749 V WindowManager: Setting visibility of Window{5c61c8b u0 com.sikwin.app/com.sikwin.app.MainActivity}: false, caller=com.android.server.wm.WindowContainer.sendAppVisibilityToClients:19 com.android.server.wm.WindowToken.setClientVisible:49 com.android.server.wm.ActivityRecord.setClientVisible:8 com.android.server.wm.ActivityRecord.commitVisibility:273 com.android.server.wm.TransitionController.finishTransition:766 
02-19 10:57:05.732  2557  2749 D PersonaActivityHelper: token.toString()  Token{cce766 ActivityRecord{3981ca8 u0 com.sikwin.app/.MainActivity t619}}
02-19 10:57:05.732  2557  2749 D PersonaActivityHelper: mLastResumedSFActivity getPackageName  com.android.intentresolver
02-19 10:57:05.732  2557  2749 D PersonaActivityHelper: mLastResumedSFActivity getShortClassName  .ChooserActivityLauncher
02-19 10:57:05.732  2557  2749 D PersonaActivityHelper: token.toString()  Token{af64be5 ActivityRecord{5cbcedc u0 com.sikwin.app/com.unity3d.player.UnityPlayerGameActivity t619}}
02-19 10:57:05.732  2557  2749 D PersonaActivityHelper: mLastResumedSFActivity getPackageName  com.android.intentresolver
02-19 10:57:05.732  2557  2749 D PersonaActivityHelper: mLastResumedSFActivity getShortClassName  .ChooserActivityLauncher
02-19 10:57:05.732  2557  2749 D ChangeTransitionController: onTransitionFinished: TransitionRecord{1c0374f id=2030 type=OPEN flags=0x0}
02-19 10:57:05.732  3927  4019 V WindowManagerShell: Track 0 became idle
02-19 10:57:05.732  3927  4019 V WindowManagerShell: All active transition animations finished
02-19 10:57:05.732 12198 12198 I VRI[MainActivity]@5e92904: handleAppVisibility mAppVisible = true visible = false
02-19 10:57:05.732 12198 12198 D VRI[MainActivity]@5e92904: visibilityChanged oldVisibility=true newVisibility=false
02-19 10:57:05.733  2557  2749 W UserManagerService: Requested status bar icon for non-badged user 0
02-19 10:57:05.733  2557  2749 W UserManagerService: Requested status bar icon for non-badged user 0
02-19 10:57:05.738  1642  1642 I SurfaceFlinger: Layer [ActivityRecord{3981ca8 u0 com.sikwin.app/.MainActivity t619}#27751] hidden!! flag(1)
02-19 10:57:05.738  1642  1642 I SurfaceFlinger: [LayerHierarchy{RequestedLayerState{ActivityRecord{3981ca8 u0 com.sikwin.app/.MainActivity t619}#27751 parentId=27750} 3 children}] reparent to LayerHierarchy{RequestedLayerState{Task=619#27750 parentId=11 z=3} 2 children}
02-19 10:57:05.738  1642  1642 I SurfaceFlinger: [LayerHierarchy{RequestedLayerState{ActivityRecord{5cbcedc u0 com.sikwin.app/com.unity3d.player.UnityPlayerGameActivity t619}#27768 parentId=27750 z=1} 3 children}] reparent to LayerHierarchy{RequestedLayerState{Task=619#27750 parentId=11 z=3} 3 children}
02-19 10:57:05.738  1642  1642 I SurfaceFlinger: [LayerHierarchy{RequestedLayerState{Transition Root: ActivityRecord{5cbcedc u0 com.sikwin.app/com.unity3d.player.UnityPlayerGameActivity t619}#27771 z=1} 1 children}] reparent to OffscreenRoot
02-19 10:57:05.738  1642  1642 I SurfaceFlinger: [LayerHierarchy{RequestedLayerState{Transition Root: ActivityRecord{5cbcedc u0 com.sikwin.app/com.unity3d.player.UnityPlayerGameActivity t619}#27771 z=1} 1 children}] RelativeParent to null
02-19 10:57:05.738  1642  1642 I SurfaceFlinger: [LayerHierarchy{RequestedLayerState{DimTransitionLayer for Surface(name=ActivityRecord{5cbcedc u0 com.sikwin.app/com.unity3d.player.UnityPlayerGameActivity t619})/@0x1463e0f#27772 z=-1} no children}] reparent to OffscreenRoot
02-19 10:57:05.738  1642  1642 I SurfaceFlinger: [LayerHierarchy{RequestedLayerState{DimTransitionLayer for Surface(name=ActivityRecord{5cbcedc u0 com.sikwin.app/com.unity3d.player.UnityPlayerGameActivity t619})/@0x1463e0f#27772 z=-1} no children}] RelativeParent to null
02-19 10:57:05.738 12198 12198 I SurfaceView@4273d0a: onWindowVisibilityChanged(8) false android.view.SurfaceView{4273d0a V.E...... ........ 0,0-660,1173} of VRI[MainActivity]@5e92904
02-19 10:57:05.738 12198 12198 I SurfaceView: 69680394 Changes: creating=false format=false size=false visible=true alpha=false hint=false visible=true left=false top=false z=false attached=true lifecycleStrategy=false
02-19 10:57:05.738 12198 12198 I SurfaceView: 69680394 Cur surface: Surface(name=null mNativeObject=-5476376663846810672)/@0x4814b7c
02-19 10:57:05.738 12198 12198 I SurfaceView@4273d0a: updateSurface: mVisible = false mSurface.isValid() = true
02-19 10:57:05.738 12198 12198 I SurfaceView@4273d0a: updateSurface: mSurfaceCreated = true surfaceChanged = false visibleChanged = true
02-19 10:57:05.738 12198 12198 V SurfaceView: Layout: x=390 y=1529 w=660 h=1173, frame=Rect(0, 0 - 660, 1173)
02-19 10:57:05.738  1642  1642 I SurfaceFlinger: id=27771 Removed Transition Root: ActivityRecord{5cbcedc u0 com.sikwin.app/com.unity3d.player.UnityPlayerGameActivity t619}#27771 (169)
02-19 10:57:05.739 12198 12233 D SurfaceView: 218182172 windowPositionLost, frameNr = 0
02-19 10:57:05.739 12198 12233 I SurfaceView@4273d0a: aOrMT: VRI[MainActivity]@5e92904 t = android.view.SurfaceControl$Transaction@46f0e25 fN = 0 android.view.SurfaceView.-$$Nest$mapplyOrMergeTransaction:0 android.view.SurfaceView$SurfaceViewPositionUpdateListener.positionLost:1870 android.graphics.RenderNode$CompositePositionUpdateListener.positionLost:414 
02-19 10:57:05.739 12198 12233 I VRI[MainActivity]@5e92904: mWNT: t=0xb400006fd729b350 mBlastBufferQueue=0xb400007067274570 fn= 0 HdrRenderState mRenderHdrSdrRatio=1.0 caller= android.view.SurfaceView.applyOrMergeTransaction:1723 android.view.SurfaceView.-$$Nest$mapplyOrMergeTransaction:0 android.view.SurfaceView$SurfaceViewPositionUpdateListener.positionLost:1870 
02-19 10:57:05.740  1642  1642 D SurfaceFlinger: Display 4630946315032985731 HWC layers:
02-19 10:57:05.740  1642  1642 D SurfaceFlinger:        DEVICE |   0xb400007456542eb0 | 0001 | RGBA_8888    |    0.0    0.0 1440.0 3120.0 |    0    0 1440 3120 | Splash Screen com.sikwin.app$_3927#27770 (1)
02-19 10:57:05.740  1642  1642 D SurfaceFlinger:        DEVICE |   0xb400007456553170 | 0001 | RGBA_8888    |    0.0    0.0 1440.0  113.0 |    0    0 1440  113 | StatusBar$_3927#96 (28339)
02-19 10:57:05.740  1642  1642 D SurfaceFlinger:        DEVICE |   0xb4000074565461e0 | 0001 | RGBA_8888    |    0.0    0.0   67.0  454.0 | 1373 1592 1440 2046 | com.sec.android.app.launcher/com.sam[...]l.app.CocktailBarService$_4488#27383 (1)
02-19 10:57:05.740  1642  1642 D SurfaceFlinger:        DEVICE |   0xb40000745651f960 | 0001 | RGBA_8888    |    0.0    0.0 1440.0  180.0 |    0 2940 1440 3120 | NavigationBar0$_3927#92 (41148)
02-19 10:57:05.740  1642  1642 D SurfaceFlinger: 
02-19 10:57:05.740 12198 12233 D HWUI    : CacheManager::trimMemory(20)
02-19 10:57:05.744  2557  2749 V WindowManager: Relayout Window{5c61c8b u0 com.sikwin.app/com.sikwin.app.MainActivity}: viewVisibility=8 req=1440x3120 ty=1 d0
02-19 10:57:05.745  2557  2749 V WindowManager: Relayout hash=5c61c8b, pid=12198, syncId=-1: mAttrs={(0,0)(fillxfill) sim={adjust=resize forwardNavigation} ty=BASE_APPLICATION fmt=TRANSLUCENT wanim=0x1030312
02-19 10:57:05.745  2557  2749 V WindowManager:   fl=81810100
02-19 10:57:05.745  2557  2749 V WindowManager:   pfl=100080c0
02-19 10:57:05.745  2557  2749 V WindowManager:   bhv=1
02-19 10:57:05.745  2557  2749 V WindowManager:   fitSides=0
02-19 10:57:05.745  2557  2749 V WindowManager:   frameRateBoostOnTouch=true
02-19 10:57:05.745  2557  2749 V WindowManager:   dvrrWindowFrameRateHint=true naviIconColor=0}
02-19 10:57:05.746 12198 12198 I VRI[MainActivity]@5e92904: Relayout returned: old=(0,0,1440,3120) new=(0,0,1440,3120) relayoutAsync=false req=(1440,3120)8 dur=1 res=0x2 s={false 0x0} ch=true seqId=0
02-19 10:57:05.746 12198 12198 I SurfaceView@4273d0a: windowStopped(true) false android.view.SurfaceView{4273d0a V.E...... ........ 0,0-660,1173} of VRI[MainActivity]@5e92904
02-19 10:57:05.746 12198 12198 D SurfaceView@4273d0a: updateSurface: surface is not valid
02-19 10:57:05.746 12198 12198 I SurfaceView: 69680394 surfaceDestroyed
02-19 10:57:05.746 12198 12198 I SurfaceView@4273d0a: surfaceDestroyed callback.size 1 #1 android.view.SurfaceView{4273d0a V.E...... ........ 0,0-660,1173}
02-19 10:57:05.746  1642  1642 I SurfaceFlinger: Layer [com.sikwin.app/com.sikwin.app.MainActivity$_12198#27757] hidden!! flag(1)
02-19 10:57:05.746  1642  1642 I SurfaceFlinger: Layer [SurfaceView[com.sikwin.app/com.sikwin.app.MainActivity]@0#27763] hidden!! flag(1)
02-19 10:57:05.746  1642  1642 I SurfaceFlinger: destroyed Transition Root: ActivityRecord{5cbcedc u0 com.sikwin.app/com.unity3d.player.UnityPlayerGameActivity t619}#27771
02-19 10:57:05.746  1642  1642 I SurfaceFlinger: [LayerHierarchy{RequestedLayerState{Bounds for - com.sikwin.app/com.sikwin.app.MainActivity@0#27762} 1 children}] reparent to OffscreenRoot
02-19 10:57:05.746  1642  1642 I SurfaceFlinger: [LayerHierarchy{RequestedLayerState{Bounds for - com.sikwin.app/com.sikwin.app.MainActivity@0#27762} 1 children}] RelativeParent to null
02-19 10:57:05.746 12198 13605 W libc    : Access denied finding property "vendor.display.enable_optimal_refresh_rate"
02-19 10:57:05.746 12198 13605 W libc    : Access denied finding property "vendor.gpp.create_frc_extension"
02-19 10:57:05.747 12198 13608 D SurfaceUtils: connecting to surface 0xb4000070772de8c0, reason connectToSurface
02-19 10:57:05.747 12198 13608 I MediaCodec: [c2.qti.avc.decoder] setting surface generation to 12490763
02-19 10:57:05.747 12198 13608 D SurfaceUtils: disconnecting from surface 0xb4000070772de8c0, reason connectToSurface(reconnect)
02-19 10:57:05.747 12198 13608 D SurfaceUtils: connecting to surface 0xb4000070772de8b0, reason connectToSurface(reconnect-with-listener)
02-19 10:57:05.747  1642  1642 I Layer   : id=27771 Destroyed Transition Root: ActivityRecord{5cbcedc u0 com.sikwin.app/com.unity3d.player.UnityPlayerGameActivity t619}#27771
02-19 10:57:05.747 12198 13608 D Codec2-OutputBufferQueue: C2SurfaceSyncMemory created 20(20)
02-19 10:57:05.747  1642  1642 I SurfaceFlinger: id=27762 Removed Bounds for - com.sikwin.app/com.sikwin.app.MainActivity@0#27762 (168)
02-19 10:57:05.747 12198 13608 D Codec2-OutputBufferQueue: remote graphic buffer migration 16/16
02-19 10:57:05.747  1588  2017 W QC2Interface: [avcD_540] Few parameters failed to configure
02-19 10:57:05.748 12198 13608 D Codec2Client: setOutputSurface -- failed to set consumer usage (6/BAD_INDEX)
02-19 10:57:05.748 12198 13608 D Codec2Client: setOutputSurface -- generation=12490763 consumer usage=0x900 sync
02-19 10:57:05.748  1588  2017 D C2BqBuffer: local generation change 12490763 , bqId: 52390011076616 migrated buffers # 0
02-19 10:57:05.748 12198 13608 D Codec2Client: Surface configure completed
02-19 10:57:05.748 12198 13608 D SurfaceUtils: disconnecting from surface 0xb4000070772785c0, reason disconnectFromSurface
02-19 10:57:05.749 12198 12198 I SurfaceView@4273d0a: releaseSurfaces: viewRoot = VRI[MainActivity]@5e92904
02-19 10:57:05.749 12198 12198 D VRI[MainActivity]@5e92904: applyTransactionOnDraw applyImmediately
02-19 10:57:05.749 12198 12198 D SurfaceView@4273d0a: updateSurface: surface is not valid
02-19 10:57:05.749 12198 12198 I SurfaceView@4273d0a: releaseSurfaces: viewRoot = VRI[MainActivity]@5e92904
02-19 10:57:05.749 12198 12198 D VRI[MainActivity]@5e92904: applyTransactionOnDraw applyImmediately
02-19 10:57:05.750 12198 12198 D VRI[MainActivity]@5e92904: Not drawing due to not visible. Reason=!mAppVisible && !mForceDecorViewVisibility
02-19 10:57:05.750 12198 12198 D VRI[MainActivity]@5e92904: Pending transaction will not be applied in sync with a draw due to view not visible
02-19 10:57:05.750  1588 13618 I QC2CompStore: Setting heap usage to system
02-19 10:57:05.750 12198 12198 D SurfaceView@4273d0a: updateSurface: surface is not valid
02-19 10:57:05.750 12198 12198 I SurfaceView@4273d0a: releaseSurfaces: viewRoot = VRI[MainActivity]@5e92904
02-19 10:57:05.750 12198 12198 D VRI[MainActivity]@5e92904: applyTransactionOnDraw applyImmediately
02-19 10:57:05.754 13720 13720 E crash_dump64: failed to get the guest state header for thread 13690: Bad address
02-19 10:57:05.754 13720 13720 E crash_dump64: failed to get the guest state header for thread 13694: Bad address
02-19 10:57:05.754 13720 13720 E crash_dump64: failed to get the guest state header for thread 13695: Bad address
02-19 10:57:05.754 13720 13720 E crash_dump64: failed to get the guest state header for thread 13697: Bad address
02-19 10:57:05.754 13720 13720 E crash_dump64: failed to get the guest state header for thread 13699: Bad address
02-19 10:57:05.754 13720 13720 E crash_dump64: failed to get the guest state header for thread 13700: Bad address
02-19 10:57:05.754 13720 13720 E crash_dump64: failed to get the guest state header for thread 13702: Bad address
02-19 10:57:05.754 13720 13720 E crash_dump64: failed to get the guest state header for thread 13703: Bad address
02-19 10:57:05.754 13720 13720 E crash_dump64: failed to get the guest state header for thread 13704: Bad address
02-19 10:57:05.755 13720 13720 E crash_dump64: failed to get the guest state header for thread 13705: Bad address
02-19 10:57:05.755 13720 13720 E crash_dump64: failed to get the guest state header for thread 13706: Bad address
02-19 10:57:05.755 13720 13720 E crash_dump64: failed to get the guest state header for thread 13708: Bad address
02-19 10:57:05.755 13720 13720 E crash_dump64: failed to get the guest state header for thread 13714: Bad address
02-19 10:57:05.755  1642  1642 I SurfaceFlinger: destroyed Bounds for - com.sikwin.app/com.sikwin.app.MainActivity@0#27762
02-19 10:57:05.755  1642  1642 I SurfaceFlinger: [LayerHierarchy{RequestedLayerState{Background for SurfaceView[com.sikwin.app/com.sikwin.app.MainActivity]@0#27765 z=-2147483648} no children}] reparent to OffscreenRoot
02-19 10:57:05.755  1642  1642 I SurfaceFlinger: [LayerHierarchy{RequestedLayerState{Background for SurfaceView[com.sikwin.app/com.sikwin.app.MainActivity]@0#27765 z=-2147483648} no children}] RelativeParent to null
02-19 10:57:05.755  1642  1642 I SurfaceFlinger: [LayerHierarchy{RequestedLayerState{SurfaceView[com.sikwin.app/com.sikwin.app.MainActivity]@0(BLAST)#27764} no children}] reparent to OffscreenRoot
02-19 10:57:05.755  1642  1642 I SurfaceFlinger: [LayerHierarchy{RequestedLayerState{SurfaceView[com.sikwin.app/com.sikwin.app.MainActivity]@0(BLAST)#27764} no children}] RelativeParent to null
02-19 10:57:05.755  1642  1642 I SurfaceFlinger: [LayerHierarchy{RequestedLayerState{SurfaceView[com.sikwin.app/com.sikwin.app.MainActivity]@0#27763 z=-2} no children}] reparent to OffscreenRoot
02-19 10:57:05.755  1642  1642 I SurfaceFlinger: [LayerHierarchy{RequestedLayerState{SurfaceView[com.sikwin.app/com.sikwin.app.MainActivity]@0#27763 z=-2} no children}] RelativeParent to null
02-19 10:57:05.756  1642  1642 I Layer   : id=27762 Destroyed Bounds for - com.sikwin.app/com.sikwin.app.MainActivity@0#27762
02-19 10:57:05.756  1642  1642 I SurfaceFlinger: id=27763 Removed SurfaceView[com.sikwin.app/com.sikwin.app.MainActivity]@0#27763 (167)
02-19 10:57:05.756  1642  1642 I SurfaceFlinger: id=27765 Removed Background for SurfaceView[com.sikwin.app/com.sikwin.app.MainActivity]@0#27765 (167)
02-19 10:57:05.756  1642  1642 I SurfaceFlinger: id=27764 Removed SurfaceView[com.sikwin.app/com.sikwin.app.MainActivity]@0(BLAST)#27764 (167)
02-19 10:57:05.763  1642  1642 I SurfaceFlinger: destroyed Background for SurfaceView[com.sikwin.app/com.sikwin.app.MainActivity]@0#27765
02-19 10:57:05.763  1642  1642 I SurfaceFlinger: destroyed SurfaceView[com.sikwin.app/com.sikwin.app.MainActivity]@0(BLAST)#27764
02-19 10:57:05.763  1642  1642 I SurfaceFlinger: destroyed SurfaceView[com.sikwin.app/com.sikwin.app.MainActivity]@0#27763
02-19 10:57:05.764  1642  1642 I Layer   : id=27764 Destroyed SurfaceView[com.sikwin.app/com.sikwin.app.MainActivity]@0(BLAST)#27764
02-19 10:57:05.764  1642  1642 I Layer   : id=27763 Destroyed SurfaceView[com.sikwin.app/com.sikwin.app.MainActivity]@0#27763
02-19 10:57:05.765  1642  1642 I Layer   : id=27765 Destroyed Background for SurfaceView[com.sikwin.app/com.sikwin.app.MainActivity]@0#27765
02-19 10:57:05.772 13720 13720 I crash_dump64: obtaining output fd from tombstoned, type: kDebuggerdTombstoneProto
02-19 10:57:05.772  1256  1256 I tombstoned: received crash request for pid 13690
02-19 10:57:05.773 13720 13720 I crash_dump64: performing dump of process 13690 (target tid = 13690)
02-19 10:57:05.780  2557  2990 D PowerManagerService: displayReady: false groupId=0
02-19 10:57:05.780  2557  2990 D DisplayPowerController2[0]: animateScreenStateChange: target=ON, mIsEnabled=true
02-19 10:57:05.780  2557  2990 D PowerManagerService: displayReady: true groupId=0
02-19 10:57:05.898 13720 13720 F DEBUG   : *** *** *** *** *** *** *** *** *** *** *** *** *** *** *** ***
02-19 10:57:05.898 13720 13720 F DEBUG   : Build fingerprint: 'samsung/e3qxxx/e3q:15/AP3A.240905.015.A2/S928BXXU4BYD9:user/release-keys'
02-19 10:57:05.898 13720 13720 F DEBUG   : Revision: '13'
02-19 10:57:05.898 13720 13720 F DEBUG   : ABI: 'arm64'
02-19 10:57:05.898 13720 13720 F DEBUG   : Processor: '7'
02-19 10:57:05.898 13720 13720 F DEBUG   : Timestamp: 2026-02-19 10:57:05.778019464+0530
02-19 10:57:05.898 13720 13720 F DEBUG   : Process uptime: 2s
02-19 10:57:05.898 13720 13720 F DEBUG   : Cmdline: com.sikwin.app:unity
02-19 10:57:05.898 13720 13720 F DEBUG   : pid: 13690, tid: 13690, name: ikwin.app:unity  >>> com.sikwin.app:unity <<<
02-19 10:57:05.898 13720 13720 F DEBUG   : uid: 10685
02-19 10:57:05.898 13720 13720 F DEBUG   : tagged_addr_ctrl: 0000000000000001 (PR_TAGGED_ADDR_ENABLE)
02-19 10:57:05.898 13720 13720 F DEBUG   : pac_enabled_keys: 000000000000000f (PR_PAC_APIAKEY, PR_PAC_APIBKEY, PR_PAC_APDAKEY, PR_PAC_APDBKEY)
02-19 10:57:05.898 13720 13720 F DEBUG   : signal 6 (SIGABRT), code -1 (SI_QUEUE), fault addr --------
02-19 10:57:05.898 13720 13720 F DEBUG   : Abort message: 'JNI FatalError called: com/unity3d/player/UnityPlayer'
02-19 10:57:05.898 13720 13720 F DEBUG   :     x0  0000000000000000  x1  000000000000357a  x2  0000000000000006  x3  0000007ff03e9440
02-19 10:57:05.898 13720 13720 F DEBUG   :     x4  0000000000000001  x5  0000000000000001  x6  0000000000000001  x7  7f7f7f7f7f7f7f7f
02-19 10:57:05.899 13720 13720 F DEBUG   :     x8  00000000000000f0  x9  0000007201aa3518  x10 ffffff80fffffb9f  x11 0000000000000001
02-19 10:57:05.899 13720 13720 F DEBUG   :     x12 000000000194aba4  x13 000000000194aba4  x14 0002ffffffffffff  x15 0000000000000002
02-19 10:57:05.899 13720 13720 F DEBUG   :     x16 0000007201b5aff8  x17 0000007201b44f40  x18 000000721ad34000  x19 000000000000357a
02-19 10:57:05.899 13720 13720 F DEBUG   :     x20 000000000000357a  x21 00000000ffffffff  x22 0000006ee5a51180  x23 b4000070e724b380
02-19 10:57:05.899 13720 13720 F DEBUG   :     x24 0000000000fffff9  x25 000000005a000000  x26 b40000708726c0b0  x27 b40000708726c110
02-19 10:57:05.899 13720 13720 F DEBUG   :     x28 000000721ad97039  x29 0000007ff03e94c0
02-19 10:57:05.899 13720 13720 F DEBUG   :     lr  0000007201ae00d0  sp  0000007ff03e9420  pc  0000007201ae0100  pst 0000000000001000
02-19 10:57:05.899 13720 13720 F DEBUG   : 106 total frames
02-19 10:57:05.899 13720 13720 F DEBUG   : backtrace:
02-19 10:57:05.899 13720 13720 F DEBUG   :       #00 pc 0000000000060100  /apex/com.android.runtime/lib64/bionic/libc.so (abort+172) (BuildId: a7d3435cebd777f0dc1a07c5e7386036)
02-19 10:57:05.899 13720 13720 F DEBUG   :       #01 pc 0000000000933abc  /apex/com.android.art/lib64/libart.so (art::Runtime::Abort(char const*)+344) (BuildId: 4ccb65ae9ac5ad5da3af5a342d5b0b92)
02-19 10:57:05.899 13720 13720 F DEBUG   :       #02 pc 00000000000160fc  /apex/com.android.art/lib64/libbase.so (android::base::SetAborter(std::__1::function<void (char const*)>&&)::$_0::__invoke(char const*)+80) (BuildId: 1470f61c05962eb04fafe76bd58bf664)
02-19 10:57:05.899 13720 13720 F DEBUG   :       #03 pc 00000000000156d0  /apex/com.android.art/lib64/libbase.so (android::base::LogMessage::~LogMessage()+516) (BuildId: 1470f61c05962eb04fafe76bd58bf664)
02-19 10:57:05.899 13720 13720 F DEBUG   :       #04 pc 00000000008bc58c  /apex/com.android.art/lib64/libart.so (art::JNI<true>::FatalError(_JNIEnv*, char const*)+196) (BuildId: 4ccb65ae9ac5ad5da3af5a342d5b0b92)
02-19 10:57:05.899 13720 13720 F DEBUG   :       #05 pc 0000000000886a14  /apex/com.android.art/lib64/libart.so (art::(anonymous namespace)::CheckJNI::FatalError(_JNIEnv*, char const*) (.__uniq.99033978352804627313491551960229047428.llvm.9944211169523887906)+228) (BuildId: 4ccb65ae9ac5ad5da3af5a342d5b0b92)
02-19 10:57:05.899 13720 13720 F DEBUG   :       #06 pc 000000000070b660  /data/app/~~xyFYsnKEGi_23vYxbGYh_Q==/com.sikwin.app-yQtutRFtvUigiA-YEkcs8g==/lib/arm64/libunity.so (BuildId: 21da690f45ceacb6)
02-19 10:57:05.899 13720 13720 F DEBUG   :       #07 pc 000000000070b534  /data/app/~~xyFYsnKEGi_23vYxbGYh_Q==/com.sikwin.app-yQtutRFtvUigiA-YEkcs8g==/lib/arm64/libunity.so (JNI_OnLoad+88) (BuildId: 21da690f45ceacb6)
02-19 10:57:05.899 13720 13720 F DEBUG   :       #08 pc 0000000000583b40  /apex/com.android.art/lib64/libart.so (art::JavaVMExt::LoadNativeLibrary(_JNIEnv*, std::__1::basic_string<char, std::__1::char_traits<char>, std::__1::allocator<char>> const&, _jobject*, _jclass*, std::__1::basic_string<char, std::__1::char_traits<char>, std::__1::allocator<char>>*)+1280) (BuildId: 4ccb65ae9ac5ad5da3af5a342d5b0b92)
02-19 10:57:05.899 13720 13720 F DEBUG   :       #09 pc 0000000000005914  /apex/com.android.art/lib64/libopenjdkjvm.so (JVM_NativeLoad+356) (BuildId: ee01ddb5e82126991cafcbd31e55fd49)
02-19 10:57:05.899 13720 13720 F DEBUG   :       #10 pc 00000000020d4550  /memfd:jit-cache (deleted) (offset 0x2000000) (art_jni_trampoline+176)
02-19 10:57:05.899 13720 13720 F DEBUG   :       #11 pc 00000000020230e8  /memfd:jit-cache (deleted) (offset 0x2000000) (java.lang.Runtime.loadLibrary0+408)
02-19 10:57:05.899 13720 13720 F DEBUG   :       #12 pc 0000000002022850  /memfd:jit-cache (deleted) (offset 0x2000000) (java.lang.Runtime.loadLibrary0+160)
02-19 10:57:05.899 13720 13720 F DEBUG   :       #13 pc 00000000020225e0  /memfd:jit-cache (deleted) (offset 0x2000000) (java.lang.System.loadLibrary+160)
02-19 10:57:05.899 13720 13720 F DEBUG   :       #14 pc 0000000000368a40  /apex/com.android.art/lib64/libart.so (art_quick_invoke_static_stub+640) (BuildId: 4ccb65ae9ac5ad5da3af5a342d5b0b92)
02-19 10:57:05.899 13720 13720 F DEBUG   :       #15 pc 0000000000361e5c  /apex/com.android.art/lib64/libart.so (bool art::interpreter::DoCall<false>(art::ArtMethod*, art::Thread*, art::ShadowFrame&, art::Instruction const*, unsigned short, bool, art::JValue*)+2048) (BuildId: 4ccb65ae9ac5ad5da3af5a342d5b0b92)
02-19 10:57:05.899 13720 13720 F DEBUG   :       #16 pc 0000000000770ba4  /apex/com.android.art/lib64/libart.so (void art::interpreter::ExecuteSwitchImplCpp<false>(art::interpreter::SwitchImplContext*)+12208) (BuildId: 4ccb65ae9ac5ad5da3af5a342d5b0b92)
02-19 10:57:05.899 13720 13720 F DEBUG   :       #17 pc 00000000003815d8  /apex/com.android.art/lib64/libart.so (ExecuteSwitchImplAsm+8) (BuildId: 4ccb65ae9ac5ad5da3af5a342d5b0b92)
02-19 10:57:05.899 13720 13720 F DEBUG   :       #18 pc 0000000000007c20  <anonymous:72195c7000> (com.unity3d.player.UnityPlayer.<clinit>+0)
02-19 10:57:05.899 13720 13720 F DEBUG   :       #19 pc 00000000003535dc  /apex/com.android.art/lib64/libart.so (artQuickToInterpreterBridge+1932) (BuildId: 4ccb65ae9ac5ad5da3af5a342d5b0b92)
02-19 10:57:05.899 13720 13720 F DEBUG   :       #20 pc 000000000037f098  /apex/com.android.art/lib64/libart.so (art_quick_to_interpreter_bridge+88) (BuildId: 4ccb65ae9ac5ad5da3af5a342d5b0b92)
02-19 10:57:05.899 13720 13720 F DEBUG   :       #21 pc 0000000000368a40  /apex/com.android.art/lib64/libart.so (art_quick_invoke_static_stub+640) (BuildId: 4ccb65ae9ac5ad5da3af5a342d5b0b92)
02-19 10:57:05.899 13720 13720 F DEBUG   :       #22 pc 0000000000474d14  /apex/com.android.art/lib64/libart.so (art::ClassLinker::InitializeClass(art::Thread*, art::Handle<art::mirror::Class>, bool, bool)+5260) (BuildId: 4ccb65ae9ac5ad5da3af5a342d5b0b92)
02-19 10:57:05.899 13720 13720 F DEBUG   :       #23 pc 0000000000474e00  /apex/com.android.art/lib64/libart.so (art::ClassLinker::InitializeClass(art::Thread*, art::Handle<art::mirror::Class>, bool, bool)+5496) (BuildId: 4ccb65ae9ac5ad5da3af5a342d5b0b92)
02-19 10:57:05.899 13720 13720 F DEBUG   :       #24 pc 00000000005784a0  /apex/com.android.art/lib64/libart.so (art::ClassLinker::EnsureInitialized(art::Thread*, art::Handle<art::mirror::Class>, bool, bool)+160) (BuildId: 4ccb65ae9ac5ad5da3af5a342d5b0b92)
02-19 10:57:05.899 13720 13720 F DEBUG   :       #25 pc 0000000000361f34  /apex/com.android.art/lib64/libart.so (bool art::interpreter::DoCall<false>(art::ArtMethod*, art::Thread*, art::ShadowFrame&, art::Instruction const*, unsigned short, bool, art::JValue*)+2264) (BuildId: 4ccb65ae9ac5ad5da3af5a342d5b0b92)
02-19 10:57:05.899 13720 13720 F DEBUG   :       #26 pc 0000000000770ba4  /apex/com.android.art/lib64/libart.so (void art::interpreter::ExecuteSwitchImplCpp<false>(art::interpreter::SwitchImplContext*)+12208) (BuildId: 4ccb65ae9ac5ad5da3af5a342d5b0b92)
02-19 10:57:05.899 13720 13720 F DEBUG   :       #27 pc 00000000003815d8  /apex/com.android.art/lib64/libart.so (ExecuteSwitchImplAsm+8) (BuildId: 4ccb65ae9ac5ad5da3af5a342d5b0b92)
02-19 10:57:05.899 13720 13720 F DEBUG   :       #28 pc 00000000000077d4  <anonymous:72195c7000> (com.unity3d.player.UnityPlayerGameActivity.onCreateSurfaceView+0)
02-19 10:57:05.899 13720 13720 F DEBUG   :       #29 pc 0000000000354250  /apex/com.android.art/lib64/libart.so (art::interpreter::Execute(art::Thread*, art::CodeItemDataAccessor const&, art::ShadowFrame&, art::JValue, bool, bool) (.__uniq.112435418011751916792819755956732575238.llvm.8568086070159131379)+428) (BuildId: 4ccb65ae9ac5ad5da3af5a342d5b0b92)
02-19 10:57:05.899 13720 13720 F DEBUG   :       #30 pc 0000000000362678  /apex/com.android.art/lib64/libart.so (bool art::interpreter::DoCall<false>(art::ArtMethod*, art::Thread*, art::ShadowFrame&, art::Instruction const*, unsigned short, bool, art::JValue*)+4124) (BuildId: 4ccb65ae9ac5ad5da3af5a342d5b0b92)
02-19 10:57:05.899 13720 13720 F DEBUG   :       #31 pc 0000000000770ba4  /apex/com.android.art/lib64/libart.so (void art::interpreter::ExecuteSwitchImplCpp<false>(art::interpreter::SwitchImplContext*)+12208) (BuildId: 4ccb65ae9ac5ad5da3af5a342d5b0b92)
02-19 10:57:05.899 13720 13720 F DEBUG   :       #32 pc 00000000003815d8  /apex/com.android.art/lib64/libart.so (ExecuteSwitchImplAsm+8) (BuildId: 4ccb65ae9ac5ad5da3af5a342d5b0b92)
02-19 10:57:05.899 13720 13720 F DEBUG   :       #33 pc 00000000001f3c8c  <anonymous:6e4b519000> (com.google.androidgamesdk.GameActivity.onCreate+0)
02-19 10:57:05.899 13720 13720 F DEBUG   :       #34 pc 0000000000354250  /apex/com.android.art/lib64/libart.so (art::interpreter::Execute(art::Thread*, art::CodeItemDataAccessor const&, art::ShadowFrame&, art::JValue, bool, bool) (.__uniq.112435418011751916792819755956732575238.llvm.8568086070159131379)+428) (BuildId: 4ccb65ae9ac5ad5da3af5a342d5b0b92)
02-19 10:57:05.899 13720 13720 F DEBUG   :       #35 pc 0000000000362678  /apex/com.android.art/lib64/libart.so (bool art::interpreter::DoCall<false>(art::ArtMethod*, art::Thread*, art::ShadowFrame&, art::Instruction const*, unsigned short, bool, art::JValue*)+4124) (BuildId: 4ccb65ae9ac5ad5da3af5a342d5b0b92)
02-19 10:57:05.899 13720 13720 F DEBUG   :       #36 pc 0000000000770ba4  /apex/com.android.art/lib64/libart.so (void art::interpreter::ExecuteSwitchImplCpp<false>(art::interpreter::SwitchImplContext*)+12208) (BuildId: 4ccb65ae9ac5ad5da3af5a342d5b0b92)
02-19 10:57:05.899 13720 13720 F DEBUG   :       #37 pc 00000000003815d8  /apex/com.android.art/lib64/libart.so (ExecuteSwitchImplAsm+8) (BuildId: 4ccb65ae9ac5ad5da3af5a342d5b0b92)
02-19 10:57:05.899 13720 13720 F DEBUG   :       #38 pc 00000000000077a8  <anonymous:72195c7000> (com.unity3d.player.UnityPlayerGameActivity.onCreate+0)
02-19 10:57:05.899 13720 13720 F DEBUG   :       #39 pc 0000000000354250  /apex/com.android.art/lib64/libart.so (art::interpreter::Execute(art::Thread*, art::CodeItemDataAccessor const&, art::ShadowFrame&, art::JValue, bool, bool) (.__uniq.112435418011751916792819755956732575238.llvm.8568086070159131379)+428) (BuildId: 4ccb65ae9ac5ad5da3af5a342d5b0b92)
02-19 10:57:05.899 13720 13720 F DEBUG   :       #40 pc 0000000000362678  /apex/com.android.art/lib64/libart.so (bool art::interpreter::DoCall<false>(art::ArtMethod*, art::Thread*, art::ShadowFrame&, art::Instruction const*, unsigned short, bool, art::JValue*)+4124) (BuildId: 4ccb65ae9ac5ad5da3af5a342d5b0b92)
02-19 10:57:05.899 13720 13720 F DEBUG   :       #41 pc 0000000000770ba4  /apex/com.android.art/lib64/libart.so (void art::interpreter::ExecuteSwitchImplCpp<false>(art::interpreter::SwitchImplContext*)+12208) (BuildId: 4ccb65ae9ac5ad5da3af5a342d5b0b92)
02-19 10:57:05.899 13720 13720 F DEBUG   :       #42 pc 00000000003815d8  /apex/com.android.art/lib64/libart.so (ExecuteSwitchImplAsm+8) (BuildId: 4ccb65ae9ac5ad5da3af5a342d5b0b92)
02-19 10:57:05.899 13720 13720 F DEBUG   :       #43 pc 00000000001dddc0  /system/framework/framework.jar (android.app.Activity.performCreate+0)
02-19 10:57:05.899 13720 13720 F DEBUG   :       #44 pc 0000000000354250  /apex/com.android.art/lib64/libart.so (art::interpreter::Execute(art::Thread*, art::CodeItemDataAccessor const&, art::ShadowFrame&, art::JValue, bool, bool) (.__uniq.112435418011751916792819755956732575238.llvm.8568086070159131379)+428) (BuildId: 4ccb65ae9ac5ad5da3af5a342d5b0b92)
02-19 10:57:05.899 13720 13720 F DEBUG   :       #45 pc 0000000000362678  /apex/com.android.art/lib64/libart.so (bool art::interpreter::DoCall<false>(art::ArtMethod*, art::Thread*, art::ShadowFrame&, art::Instruction const*, unsigned short, bool, art::JValue*)+4124) (BuildId: 4ccb65ae9ac5ad5da3af5a342d5b0b92)
02-19 10:57:05.899 13720 13720 F DEBUG   :       #46 pc 0000000000770ba4  /apex/com.android.art/lib64/libart.so (void art::interpreter::ExecuteSwitchImplCpp<false>(art::interpreter::SwitchImplContext*)+12208) (BuildId: 4ccb65ae9ac5ad5da3af5a342d5b0b92)
02-19 10:57:05.899 13720 13720 F DEBUG   :       #47 pc 00000000003815d8  /apex/com.android.art/lib64/libart.so (ExecuteSwitchImplAsm+8) (BuildId: 4ccb65ae9ac5ad5da3af5a342d5b0b92)
02-19 10:57:05.899 13720 13720 F DEBUG   :       #48 pc 00000000001ddda4  /system/framework/framework.jar (android.app.Activity.performCreate+0)
02-19 10:57:05.899 13720 13720 F DEBUG   :       #49 pc 0000000000354250  /apex/com.android.art/lib64/libart.so (art::interpreter::Execute(art::Thread*, art::CodeItemDataAccessor const&, art::ShadowFrame&, art::JValue, bool, bool) (.__uniq.112435418011751916792819755956732575238.llvm.8568086070159131379)+428) (BuildId: 4ccb65ae9ac5ad5da3af5a342d5b0b92)
02-19 10:57:05.899 13720 13720 F DEBUG   :       #50 pc 0000000000362678  /apex/com.android.art/lib64/libart.so (bool art::interpreter::DoCall<false>(art::ArtMethod*, art::Thread*, art::ShadowFrame&, art::Instruction const*, unsigned short, bool, art::JValue*)+4124) (BuildId: 4ccb65ae9ac5ad5da3af5a342d5b0b92)
02-19 10:57:05.899 13720 13720 F DEBUG   :       #51 pc 0000000000770ba4  /apex/com.android.art/lib64/libart.so (void art::interpreter::ExecuteSwitchImplCpp<false>(art::interpreter::SwitchImplContext*)+12208) (BuildId: 4ccb65ae9ac5ad5da3af5a342d5b0b92)
02-19 10:57:05.899 13720 13720 F DEBUG   :       #52 pc 00000000003815d8  /apex/com.android.art/lib64/libart.so (ExecuteSwitchImplAsm+8) (BuildId: 4ccb65ae9ac5ad5da3af5a342d5b0b92)
02-19 10:57:05.899 13720 13720 F DEBUG   :       #53 pc 0000000000267e74  /system/framework/framework.jar (android.app.Instrumentation.callActivityOnCreate+0)
02-19 10:57:05.899 13720 13720 F DEBUG   :       #54 pc 0000000000354250  /apex/com.android.art/lib64/libart.so (art::interpreter::Execute(art::Thread*, art::CodeItemDataAccessor const&, art::ShadowFrame&, art::JValue, bool, bool) (.__uniq.112435418011751916792819755956732575238.llvm.8568086070159131379)+428) (BuildId: 4ccb65ae9ac5ad5da3af5a342d5b0b92)
02-19 10:57:05.899 13720 13720 F DEBUG   :       #55 pc 0000000000362678  /apex/com.android.art/lib64/libart.so (bool art::interpreter::DoCall<false>(art::ArtMethod*, art::Thread*, art::ShadowFrame&, art::Instruction const*, unsigned short, bool, art::JValue*)+4124) (BuildId: 4ccb65ae9ac5ad5da3af5a342d5b0b92)
02-19 10:57:05.899 13720 13720 F DEBUG   :       #56 pc 0000000000770ba4  /apex/com.android.art/lib64/libart.so (void art::interpreter::ExecuteSwitchImplCpp<false>(art::interpreter::SwitchImplContext*)+12208) (BuildId: 4ccb65ae9ac5ad5da3af5a342d5b0b92)
02-19 10:57:05.899 13720 13720 F DEBUG   :       #57 pc 00000000003815d8  /apex/com.android.art/lib64/libart.so (ExecuteSwitchImplAsm+8) (BuildId: 4ccb65ae9ac5ad5da3af5a342d5b0b92)
02-19 10:57:05.899 13720 13720 F DEBUG   :       #58 pc 00000000001c9c84  /system/framework/framework.jar (android.app.ActivityThread.performLaunchActivity+0)
02-19 10:57:05.899 13720 13720 F DEBUG   :       #59 pc 0000000000354250  /apex/com.android.art/lib64/libart.so (art::interpreter::Execute(art::Thread*, art::CodeItemDataAccessor const&, art::ShadowFrame&, art::JValue, bool, bool) (.__uniq.112435418011751916792819755956732575238.llvm.8568086070159131379)+428) (BuildId: 4ccb65ae9ac5ad5da3af5a342d5b0b92)
02-19 10:57:05.899 13720 13720 F DEBUG   :       #60 pc 0000000000362678  /apex/com.android.art/lib64/libart.so (bool art::interpreter::DoCall<false>(art::ArtMethod*, art::Thread*, art::ShadowFrame&, art::Instruction const*, unsigned short, bool, art::JValue*)+4124) (BuildId: 4ccb65ae9ac5ad5da3af5a342d5b0b92)
02-19 10:57:05.899 13720 13720 F DEBUG   :       #61 pc 0000000000770ba4  /apex/com.android.art/lib64/libart.so (void art::interpreter::ExecuteSwitchImplCpp<false>(art::interpreter::SwitchImplContext*)+12208) (BuildId: 4ccb65ae9ac5ad5da3af5a342d5b0b92)
02-19 10:57:05.899 13720 13720 F DEBUG   :       #62 pc 00000000003815d8  /apex/com.android.art/lib64/libart.so (ExecuteSwitchImplAsm+8) (BuildId: 4ccb65ae9ac5ad5da3af5a342d5b0b92)
02-19 10:57:05.899 13720 13720 F DEBUG   :       #63 pc 00000000001c9b60  /system/framework/framework.jar (android.app.ActivityThread.handleLaunchActivity+0)
02-19 10:57:05.899 13720 13720 F DEBUG   :       #64 pc 00000000003535dc  /apex/com.android.art/lib64/libart.so (artQuickToInterpreterBridge+1932) (BuildId: 4ccb65ae9ac5ad5da3af5a342d5b0b92)
02-19 10:57:05.899 13720 13720 F DEBUG   :       #65 pc 000000000037f098  /apex/com.android.art/lib64/libart.so (art_quick_to_interpreter_bridge+88) (BuildId: 4ccb65ae9ac5ad5da3af5a342d5b0b92)
02-19 10:57:05.899 13720 13720 F DEBUG   :       #66 pc 0000000000782420  /apex/com.android.art/lib64/libart.so (nterp_helper+4016) (BuildId: 4ccb65ae9ac5ad5da3af5a342d5b0b92)
02-19 10:57:05.899 13720 13720 F DEBUG   :       #67 pc 00000000003347a2  /system/framework/framework.jar (android.app.servertransaction.LaunchActivityItem.execute+170)
02-19 10:57:05.899 13720 13720 F DEBUG   :       #68 pc 0000000002087d64  /memfd:jit-cache (deleted) (offset 0x2000000) (android.app.servertransaction.TransactionExecutor.executeNonLifecycleItem+676)
02-19 10:57:05.899 13720 13720 F DEBUG   :       #69 pc 000000000208745c  /memfd:jit-cache (deleted) (offset 0x2000000) (android.app.servertransaction.TransactionExecutor.executeTransactionItems+332)
02-19 10:57:05.899 13720 13720 F DEBUG   :       #70 pc 0000000002086fc0  /memfd:jit-cache (deleted) (offset 0x2000000) (android.app.servertransaction.TransactionExecutor.execute+192)
02-19 10:57:05.899 13720 13720 F DEBUG   :       #71 pc 0000000002059f64  /memfd:jit-cache (deleted) (offset 0x2000000) (android.app.ActivityThread$H.handleMessage+1972)
02-19 10:57:05.899 13720 13720 F DEBUG   :       #72 pc 00000000020596d0  /memfd:jit-cache (deleted) (offset 0x2000000) (android.os.Handler.dispatchMessage+304)
02-19 10:57:05.899 13720 13720 F DEBUG   :       #73 pc 0000000002057164  /memfd:jit-cache (deleted) (offset 0x2000000) (android.os.Looper.loopOnce+1140)
02-19 10:57:05.899 13720 13720 F DEBUG   :       #74 pc 0000000000368a40  /apex/com.android.art/lib64/libart.so (art_quick_invoke_static_stub+640) (BuildId: 4ccb65ae9ac5ad5da3af5a342d5b0b92)
02-19 10:57:05.899 13720 13720 F DEBUG   :       #75 pc 0000000000361e5c  /apex/com.android.art/lib64/libart.so (bool art::interpreter::DoCall<false>(art::ArtMethod*, art::Thread*, art::ShadowFrame&, art::Instruction const*, unsigned short, bool, art::JValue*)+2048) (BuildId: 4ccb65ae9ac5ad5da3af5a342d5b0b92)
02-19 10:57:05.899 13720 13720 F DEBUG   :       #76 pc 0000000000770ba4  /apex/com.android.art/lib64/libart.so (void art::interpreter::ExecuteSwitchImplCpp<false>(art::interpreter::SwitchImplContext*)+12208) (BuildId: 4ccb65ae9ac5ad5da3af5a342d5b0b92)
02-19 10:57:05.899 13720 13720 F DEBUG   :       #77 pc 00000000003815d8  /apex/com.android.art/lib64/libart.so (ExecuteSwitchImplAsm+8) (BuildId: 4ccb65ae9ac5ad5da3af5a342d5b0b92)
02-19 10:57:05.899 13720 13720 F DEBUG   :       #78 pc 0000000000295f88  /system/framework/framework.jar (android.os.Looper.loop+0)
02-19 10:57:05.899 13720 13720 F DEBUG   :       #79 pc 0000000000354250  /apex/com.android.art/lib64/libart.so (art::interpreter::Execute(art::Thread*, art::CodeItemDataAccessor const&, art::ShadowFrame&, art::JValue, bool, bool) (.__uniq.112435418011751916792819755956732575238.llvm.8568086070159131379)+428) (BuildId: 4ccb65ae9ac5ad5da3af5a342d5b0b92)
02-19 10:57:05.899 13720 13720 F DEBUG   :       #80 pc 0000000000362678  /apex/com.android.art/lib64/libart.so (bool art::interpreter::DoCall<false>(art::ArtMethod*, art::Thread*, art::ShadowFrame&, art::Instruction const*, unsigned short, bool, art::JValue*)+4124) (BuildId: 4ccb65ae9ac5ad5da3af5a342d5b0b92)
02-19 10:57:05.899 13720 13720 F DEBUG   :       #81 pc 0000000000770ba4  /apex/com.android.art/lib64/libart.so (void art::interpreter::ExecuteSwitchImplCpp<false>(art::interpreter::SwitchImplContext*)+12208) (BuildId: 4ccb65ae9ac5ad5da3af5a342d5b0b92)
02-19 10:57:05.899 13720 13720 F DEBUG   :       #82 pc 00000000003815d8  /apex/com.android.art/lib64/libart.so (ExecuteSwitchImplAsm+8) (BuildId: 4ccb65ae9ac5ad5da3af5a342d5b0b92)
02-19 10:57:05.899 13720 13720 F DEBUG   :       #83 pc 00000000001d509c  /system/framework/framework.jar (android.app.ActivityThread.main+0)
02-19 10:57:05.899 13720 13720 F DEBUG   :       #84 pc 00000000003535dc  /apex/com.android.art/lib64/libart.so (artQuickToInterpreterBridge+1932) (BuildId: 4ccb65ae9ac5ad5da3af5a342d5b0b92)
02-19 10:57:05.899 13720 13720 F DEBUG   :       #85 pc 000000000037f098  /apex/com.android.art/lib64/libart.so (art_quick_to_interpreter_bridge+88) (BuildId: 4ccb65ae9ac5ad5da3af5a342d5b0b92)
02-19 10:57:05.899 13720 13720 F DEBUG   :       #86 pc 0000000000368a40  /apex/com.android.art/lib64/libart.so (art_quick_invoke_static_stub+640) (BuildId: 4ccb65ae9ac5ad5da3af5a342d5b0b92)
02-19 10:57:05.899 13720 13720 F DEBUG   :       #87 pc 00000000003644f4  /apex/com.android.art/lib64/libart.so (_jobject* art::InvokeMethod<(art::PointerSize)8>(art::ScopedObjectAccessAlreadyRunnable const&, _jobject*, _jobject*, _jobject*, unsigned long)+732) (BuildId: 4ccb65ae9ac5ad5da3af5a342d5b0b92)
02-19 10:57:05.899 13720 13720 F DEBUG   :       #88 pc 00000000006c8668  /apex/com.android.art/lib64/libart.so (art::Method_invoke(_JNIEnv*, _jobject*, _jobject*, _jobjectArray*) (.__uniq.165753521025965369065708152063621506277)+32) (BuildId: 4ccb65ae9ac5ad5da3af5a342d5b0b92)
02-19 10:57:05.899 13720 13720 F DEBUG   :       #89 pc 000000000037ef70  /apex/com.android.art/lib64/libart.so (art_quick_generic_jni_trampoline+144) (BuildId: 4ccb65ae9ac5ad5da3af5a342d5b0b92)
02-19 10:57:05.899 13720 13720 F DEBUG   :       #90 pc 0000000000368774  /apex/com.android.art/lib64/libart.so (art_quick_invoke_stub+612) (BuildId: 4ccb65ae9ac5ad5da3af5a342d5b0b92)
02-19 10:57:05.899 13720 13720 F DEBUG   :       #91 pc 0000000000361de4  /apex/com.android.art/lib64/libart.so (bool art::interpreter::DoCall<false>(art::ArtMethod*, art::Thread*, art::ShadowFrame&, art::Instruction const*, unsigned short, bool, art::JValue*)+1928) (BuildId: 4ccb65ae9ac5ad5da3af5a342d5b0b92)
02-19 10:57:05.899 13720 13720 F DEBUG   :       #92 pc 0000000000770ba4  /apex/com.android.art/lib64/libart.so (void art::interpreter::ExecuteSwitchImplCpp<false>(art::interpreter::SwitchImplContext*)+12208) (BuildId: 4ccb65ae9ac5ad5da3af5a342d5b0b92)
02-19 10:57:05.899 13720 13720 F DEBUG   :       #93 pc 00000000003815d8  /apex/com.android.art/lib64/libart.so (ExecuteSwitchImplAsm+8) (BuildId: 4ccb65ae9ac5ad5da3af5a342d5b0b92)
02-19 10:57:05.899 13720 13720 F DEBUG   :       #94 pc 000000000034aef4  /system/framework/framework.jar (com.android.internal.os.RuntimeInit$MethodAndArgsCaller.run+0)
02-19 10:57:05.899 13720 13720 F DEBUG   :       #95 pc 00000000003535dc  /apex/com.android.art/lib64/libart.so (artQuickToInterpreterBridge+1932) (BuildId: 4ccb65ae9ac5ad5da3af5a342d5b0b92)
02-19 10:57:05.899 13720 13720 F DEBUG   :       #96 pc 000000000037f098  /apex/com.android.art/lib64/libart.so (art_quick_to_interpreter_bridge+88) (BuildId: 4ccb65ae9ac5ad5da3af5a342d5b0b92)
02-19 10:57:05.899 13720 13720 F DEBUG   :       #97 pc 0000000000c98d08  /data/misc/apexdata/com.android.art/dalvik-cache/arm64/boot.oat (com.android.internal.os.ZygoteInit.main+3272)
02-19 10:57:05.899 13720 13720 F DEBUG   :       #98 pc 0000000000368a40  /apex/com.android.art/lib64/libart.so (art_quick_invoke_static_stub+640) (BuildId: 4ccb65ae9ac5ad5da3af5a342d5b0b92)
02-19 10:57:05.899 13720 13720 F DEBUG   :       #99 pc 0000000000353f6c  /apex/com.android.art/lib64/libart.so (art::ArtMethod::Invoke(art::Thread*, unsigned int*, unsigned int, art::JValue*, char const*)+204) (BuildId: 4ccb65ae9ac5ad5da3af5a342d5b0b92)
