--------- beginning of main
02-19 10:53:04.470  2557  2557 I DomainFilter: onReceive() - Intent { act=android.intent.action.PACKAGE_REPLACED dat=package: flg=0x4000010 (has extras) }
02-19 10:53:04.470  2557  2557 I DomainFilter: packageReplaced() - packageName: com.sikwin.app oldUid: 9510685 newUid:9510685
02-19 10:53:04.470  2557  2557 D AppSearchAppsIndexerManagerS: userid in package receiver: 9510685
02-19 10:53:04.471  2557  2557 D ApplicationPolicy: No updatable permission to DENY found for com.sikwin.app(0)
02-19 10:53:04.471  2557  2557 D ApplicationPolicy: No updatable permission to GRANT found for com.sikwin.app(0)
02-19 10:53:04.473 15172 15172 I Finsky  : [2] ahsm - Deduping intent android.intent.action.PACKAGE_ADDED
02-19 10:53:04.473 15172 15217 I Finsky  : [3244] RECEIVER_PACKAGE_MONITOR#logWorkEndAndFinishGoAsync: SUCCESS
02-19 10:53:04.474  1478  1478 W Zygote  : forkRepeatedly terminated due to non-simple command
02-19 10:53:04.474  1478  1478 D Zygote  : mbuffer starts with 17, nice name is , mEnd = 1388, mNext = 35, mLinesLeft = 15, mFd = 6
02-19 10:53:04.475 10305 10325 I Finsky:background: [5028] Current account updated in PVS
02-19 10:53:04.476 10305 10325 I Finsky:background: [5028] Current account updated in PVS
02-19 10:53:04.478  3908  9240 E SmsApplication: Package not found: com.android.bluetooth
02-19 10:53:04.479  6075 10546 I Auth    : (REDACTED) [SupervisedAccountIntentOperation] onHandleIntent: %s
02-19 10:53:04.479  3908  9240 E SmsApplication: com.android.mms.service does not have system signature
02-19 10:53:04.479  2557  3799 D SemWifiPackageInfo: isSkipCategory - skip:NONE
02-19 10:53:04.481  3908  9240 E SmsApplication: com.android.providers.telephony does not have system signature
02-19 10:53:04.481  3908  9240 E CellBroadcastUtils: getDefaultCellBroadcastReceiverPackageName: no package found
02-19 10:53:04.482  2557  2931 I SemExecuteManagerService: onPackageModified
02-19 10:53:04.482  2557  2931 I SemExecuteManagerService: onSomePackagesChanged
02-19 10:53:04.482  2557  2931 D EnterpriseDeviceManagerService: onPackageUpdateFinished - packageName: com.sikwin.app, uid: 10685
02-19 10:53:04.482  2557  2931 D EnterpriseDeviceManagerService: Package has changed for user 0
02-19 10:53:04.482  2557  2931 D EnterpriseDeviceManagerService: Admin package name: com.google.android.gms
02-19 10:53:04.482  2557  2931 D EnterpriseDeviceManagerService: Admin package name: com.samsung.android.kgclient
02-19 10:53:04.482  2557  2931 D LauncherApps: onPackageChanged 0,com.sikwin.app
02-19 10:53:04.483  6614 12457 D LauncherApps: onPackageChanged 0,com.sikwin.app
02-19 10:53:04.483  4488  4488 I HoneySpace.PackageOperationTracker: onPackageChanged - com.sikwin.app UserHandle{0}
02-19 10:53:04.483  4488  4488 I HoneySpace.PackageChangedCallbackImpl: onPackageChanged: com.sikwin.app / UserHandle{0}
02-19 10:53:04.484 10505 10505 I FILP/FilterProvider: versionName : 8.0.33, DB version : 119
02-19 10:53:04.485 10505 10505 I FILP/MyFilterInstaller: accept SAMPLE_MY_FILTER: myfilter_sample_01.sel
02-19 10:53:04.485 10505 10505 I FILP/MyFilterInstaller: accept SAMPLE_MY_FILTER: myfilter_sample_02.sel
02-19 10:53:04.485 10505 10505 I FILP/MyFilterInstaller: accept SAMPLE_MY_FILTER: myfilter_sample_03.sel
02-19 10:53:04.485 10505 10505 I FILP/MyFilterInstaller: accept SAMPLE_MY_FILTER: myfilter_sample_04.sel
02-19 10:53:04.485 10505 10505 I FILP/MyFilterInstaller: accept MY_FILTER: myfilter_sample_01.bmp
02-19 10:53:04.485 10505 10505 I FILP/MyFilterInstaller: accept MY_FILTER: myfilter_sample_02.bmp
02-19 10:53:04.485 10505 10505 I FILP/MyFilterInstaller: accept MY_FILTER: myfilter_sample_03.bmp
02-19 10:53:04.485 10505 10505 I FILP/MyFilterInstaller: accept MY_FILTER: myfilter_sample_04.bmp
02-19 10:53:04.485 10505 10505 I FILP/MyFilterInstaller: accept SAMPLE_MY_FILTER: myfilter_sample_05.sel
02-19 10:53:04.485 10505 10505 I FILP/MyFilterInstaller: accept MY_FILTER: myfilter_sample_05.bmp
02-19 10:53:04.485 10505 10505 I FILP/MyFilterInstaller: accept MY_FILTER: myfilter_sample_05.aux
02-19 10:53:04.485 10505 10505 I FILP/MyFilterInstaller: accept MY_FILTER: myfilter_sample_05.json
02-19 10:53:04.485 10505 10505 I FILP/MyFilterInstaller: getFilterCount: myfilter_sample_05.sel
02-19 10:53:04.485 10505 10505 I FILP/PreloadInfo: Filter: Cinepea
02-19 10:53:04.485 10505 10505 I FILP/IntensityParamRange: min=0,max=50,default=50,step=1
02-19 10:53:04.485 10505 10505 I FILP/DetailParamRange: min=-94,max=-44,default=-69,step=1
02-19 10:53:04.485 10505 10505 I FILP/DetailParamRange: min=-19,max=31,default=6,step=1
02-19 10:53:04.485 10505 10505 I FILP/DetailParamRange: min=-83,max=17,default=-33,step=2
02-19 10:53:04.485 10505 10505 I FILP/GrainPowerRange: min=0,max=100,default=38,step=2
02-19 10:53:04.485 10505 10505 I FILP/PreloadInfo: Filter: Jazzchrome film
02-19 10:53:04.485 10505 10505 I FILP/IntensityParamRange: min=0,max=50,default=50,step=1
02-19 10:53:04.485 10505 10505 I FILP/DetailParamRange: min=-55,max=45,default=-5,step=2
02-19 10:53:04.485 10505 10505 I FILP/DetailParamRange: min=-26,max=24,default=-1,step=1
02-19 10:53:04.485 10505 10505 I FILP/DetailParamRange: min=-100,max=0,default=-50,step=2
02-19 10:53:04.485 10505 10505 I FILP/GrainPowerRange: min=0,max=100,default=0,step=2
02-19 10:53:04.485 10505 10505 I FILP/PreloadInfo: Filter: Crystal
02-19 10:53:04.485 10505 10505 I FILP/IntensityParamRange: min=0,max=50,default=50,step=1
02-19 10:53:04.485 10505 10505 I FILP/DetailParamRange: min=-33,max=67,default=17,step=2
02-19 10:53:04.485 10505 10505 I FILP/DetailParamRange: min=-25,max=25,default=0,step=1
02-19 10:53:04.485 10505 10505 I FILP/DetailParamRange: min=-48,max=52,default=2,step=2
02-19 10:53:04.485 10505 10505 I FILP/GrainPowerRange: min=0,max=100,default=0,step=2
02-19 10:53:04.485 10505 10505 I FILP/PreloadInfo: Filter: Excitea film 1008
02-19 10:53:04.485 10505 10505 I FILP/IntensityParamRange: min=0,max=50,default=50,step=1
02-19 10:53:04.485 10505 10505 I FILP/DetailParamRange: min=-32,max=68,default=18,step=2
02-19 10:53:04.485 10505 10505 I FILP/DetailParamRange: min=-41,max=9,default=-16,step=1
02-19 10:53:04.485 10505 10505 I FILP/DetailParamRange: min=-29,max=71,default=21,step=2
02-19 10:53:04.485 10505 10505 I FILP/GrainPowerRange: min=0,max=100,default=0,step=2
02-19 10:53:04.485 10505 10505 I FILP/PreloadInfo: Filter: Chill
02-19 10:53:04.485 10505 10505 I FILP/IntensityParamRange: min=0,max=50,default=50,step=1
02-19 10:53:04.485 10505 10505 I FILP/DetailParamRange: min=-49,max=51,default=1,step=2
02-19 10:53:04.485 10505 10505 I FILP/DetailParamRange: min=-69,max=-19,default=-44,step=1
02-19 10:53:04.485 10505 10505 I FILP/DetailParamRange: min=-43,max=57,default=7,step=2
02-19 10:53:04.485 10505 10505 I FILP/GrainPowerRange: min=0,max=100,default=0,step=2
02-19 10:53:04.485 10505 10505 I FILP/PreloadInfo: Filter: Fleecia film
02-19 10:53:04.486 10505 10505 I FILP/IntensityParamRange: min=0,max=50,default=50,step=1
02-19 10:53:04.486 10505 10505 I FILP/DetailParamRange: min=-87,max=13,default=-37,step=2
02-19 10:53:04.486 10505 10505 I FILP/DetailParamRange: min=-13,max=37,default=12,step=1
02-19 10:53:04.486 10505 10505 I FILP/DetailParamRange: min=-48,max=52,default=2,step=2
02-19 10:53:04.486 10505 10505 I FILP/GrainPowerRange: min=0,max=100,default=0,step=2
02-19 10:53:04.486 10505 10505 I FILP/PreloadInfo: Filter: Lomo 400
02-19 10:53:04.486 10505 10505 I FILP/IntensityParamRange: min=0,max=50,default=50,step=1
02-19 10:53:04.486 10505 10505 I FILP/DetailParamRange: min=-59,max=41,default=-9,step=2
02-19 10:53:04.486 10505 10505 I FILP/DetailParamRange: min=-12,max=38,default=13,step=1
02-19 10:53:04.486 10505 10505 I FILP/DetailParamRange: min=-82,max=18,default=-32,step=2
02-19 10:53:04.486 10505 10505 I FILP/GrainPowerRange: min=0,max=100,default=34,step=2
02-19 10:53:04.486 10505 10505 I FILP/PreloadInfo: Filter: Sunbeam
02-19 10:53:04.486 10505 10505 I FILP/IntensityParamRange: min=0,max=50,default=50,step=1
02-19 10:53:04.486 10505 10505 I FILP/DetailParamRange: min=-38,max=62,default=12,step=2
02-19 10:53:04.486 10505 10505 I FILP/DetailParamRange: min=0,max=50,default=25,step=1
02-19 10:53:04.486 10505 10505 I FILP/DetailParamRange: min=-41,max=59,default=9,step=2
02-19 10:53:04.486 10505 10505 I FILP/GrainPowerRange: min=0,max=100,default=0,step=2
02-19 10:53:04.486 10505 10505 I FILP/PreloadInfo: Filter: Shadow
02-19 10:53:04.486 10505 10505 I FILP/IntensityParamRange: min=0,max=50,default=50,step=1
02-19 10:53:04.486 10505 10505 I FILP/DetailParamRange: min=-47,max=53,default=3,step=2
02-19 10:53:04.486 10505 10505 I FILP/GrainPowerRange: min=0,max=100,default=0,step=2
02-19 10:53:04.486 10505 10505 I FILP/PreloadInfo: Filter: Noir mono myfilter
02-19 10:53:04.486 10505 10505 I FILP/IntensityParamRange: min=0,max=50,default=50,step=1
02-19 10:53:04.486 10505 10505 I FILP/DetailParamRange: min=-41,max=59,default=9,step=2
02-19 10:53:04.486 10505 10505 I FILP/GrainPowerRange: min=0,max=100,default=32,step=2
02-19 10:53:04.486 10505 10505 I FILP/PreloadInfo: Filter: Warm
02-19 10:53:04.486 10505 10505 I FILP/IntensityParamRange: min=0,max=50,default=50,step=1
02-19 10:53:04.486 10505 10505 I FILP/PreloadInfo: Filter: Cool
02-19 10:53:04.486 10505 10505 I FILP/IntensityParamRange: min=0,max=50,default=50,step=1
02-19 10:53:04.486 10505 10505 I FILP/PreloadInfo: Filter: Light
02-19 10:53:04.486 10505 10505 I FILP/IntensityParamRange: min=0,max=50,default=50,step=1
02-19 10:53:04.486 10505 10505 I FILP/PreloadInfo: Filter: Frosty
02-19 10:53:04.486 10505 10505 I FILP/IntensityParamRange: min=0,max=50,default=50,step=1
02-19 10:53:04.486 10505 10505 I FILP/DetailParamRange: min=-23,max=27,default=2,step=1
02-19 10:53:04.486 10505 10505 I FILP/DetailParamRange: min=-36,max=14,default=-11,step=1
02-19 10:53:04.486 10505 10505 I FILP/DetailParamRange: min=-27,max=23,default=-2,step=1
02-19 10:53:04.486 10505 10505 I FILP/PreloadInfo: Filter: Blossom
02-19 10:53:04.486 10505 10505 I FILP/IntensityParamRange: min=0,max=50,default=50,step=1
02-19 10:53:04.486 10505 10505 I FILP/DetailParamRange: min=-13,max=87,default=37,step=2
02-19 10:53:04.486 10505 10505 I FILP/DetailParamRange: min=-25,max=25,default=0,step=1
02-19 10:53:04.486 10505 10505 I FILP/DetailParamRange: min=-36,max=14,default=-11,step=1
02-19 10:53:04.486 10505 10505 I FILP/PreloadInfo: Filter: Ivory
02-19 10:53:04.486 10505 10505 I FILP/IntensityParamRange: min=0,max=50,default=50,step=1
02-19 10:53:04.486 10505 10505 I FILP/DetailParamRange: min=-43,max=57,default=7,step=2
02-19 10:53:04.486 10505 10505 I FILP/DetailParamRange: min=-42,max=8,default=-17,step=1
02-19 10:53:04.486 10505 10505 I FILP/DetailParamRange: min=-52,max=-2,default=-27,step=1
02-19 10:53:04.486 10505 10505 I FILP/PreloadInfo: Filter: Soft
02-19 10:53:04.486 10505 10505 I FILP/IntensityParamRange: min=0,max=50,default=50,step=1
02-19 10:53:04.486 10505 10505 I FILP/DetailParamRange: min=21,max=71,default=46,step=1
02-19 10:53:04.486 10505 10505 I FILP/DetailParamRange: min=-11,max=39,default=14,step=1
02-19 10:53:04.486 10505 10505 I FILP/DetailParamRange: min=-77,max=-27,default=-52,step=1
02-19 10:53:04.486 10505 10505 I FILP/PreloadInfo: Filter: KissMe
02-19 10:53:04.486 10505 10505 I FILP/IntensityParamRange: min=0,max=50,default=50,step=1
02-19 10:53:04.486 10505 10505 I FILP/DetailParamRange: min=-73,max=27,default=-23,step=2
02-19 10:53:04.486 10505 10505 I FILP/DetailParamRange: min=-43,max=7,default=-18,step=1
02-19 10:53:04.486 10505 10505 I FILP/DetailParamRange: min=-20,max=30,default=5,step=1
02-19 10:53:04.486 10505 10505 I FILP/PreloadInfo: Filter: Grayscale
02-19 10:53:04.486 10505 10505 I FILP/IntensityParamRange: min=0,max=50,default=50,step=1
02-19 10:53:04.486 10505 10505 I FILP/PreloadInfo: Filter: B&W
02-19 10:53:04.486 10505 10505 I FILP/IntensityParamRange: min=0,max=50,default=50,step=1
02-19 10:53:04.486 10505 10505 I FILP/DetailParamRange: min=-17,max=33,default=8,step=1
02-19 10:53:04.486 10505 10505 I FILP/PreloadInfo: Filter: TB...1935
02-19 10:53:04.486 10505 10505 I FILP/IntensityParamRange: min=0,max=50,default=50,step=1
02-19 10:53:04.486 10505 10505 I FILP/DetailParamRange: min=-13,max=37,default=12,step=1
02-19 10:53:04.486 10505 10505 I FILP/DetailParamRange: min=36,max=86,default=61,step=1
02-19 10:53:04.486 10505 10505 I FILP/DetailParamRange: min=3,max=53,default=28,step=1
02-19 10:53:04.486 10505 10505 I FILP/PreloadInfo: Filter: TB...1903
02-19 10:53:04.486 10505 10505 I FILP/IntensityParamRange: min=0,max=50,default=50,step=1
02-19 10:53:04.486 10505 10505 I FILP/DetailParamRange: min=-50,max=50,default=0,step=2
02-19 10:53:04.486 10505 10505 I FILP/PreloadInfo: One UI version : 70000
02-19 10:53:04.486 10505 10505 I FILP/Utils: getFilterProviderVersion : 7
02-19 10:53:04.486 10505 10505 I FILP/PreloadInfo: Preload Filter Version : 7
02-19 10:53:04.486 10505 10505 I FILP/PreloadInfo: CscFeature : 
02-19 10:53:04.486 10505 10505 I FILP/PreloadInfo: existTBFilters : false
02-19 10:53:04.486 10505 10505 I FILP/MyFilterInstaller: accept SAMPLE_MY_FILTER: myfilter_sample_01.sel
02-19 10:53:04.486 10505 10505 I FILP/MyFilterInstaller: accept SAMPLE_MY_FILTER: myfilter_sample_02.sel
02-19 10:53:04.486 10505 10505 I FILP/MyFilterInstaller: accept SAMPLE_MY_FILTER: myfilter_sample_03.sel
02-19 10:53:04.486 10505 10505 I FILP/MyFilterInstaller: accept SAMPLE_MY_FILTER: myfilter_sample_04.sel
02-19 10:53:04.486 10505 10505 I FILP/MyFilterInstaller: accept MY_FILTER: myfilter_sample_01.bmp
02-19 10:53:04.486 10505 10505 I FILP/MyFilterInstaller: accept MY_FILTER: myfilter_sample_02.bmp
02-19 10:53:04.486 10505 10505 I FILP/MyFilterInstaller: accept MY_FILTER: myfilter_sample_03.bmp
02-19 10:53:04.486 10505 10505 I FILP/MyFilterInstaller: accept MY_FILTER: myfilter_sample_04.bmp
02-19 10:53:04.486 10505 10505 I FILP/MyFilterInstaller: accept SAMPLE_MY_FILTER: myfilter_sample_05.sel
02-19 10:53:04.486 10505 10505 I FILP/MyFilterInstaller: accept MY_FILTER: myfilter_sample_05.bmp
02-19 10:53:04.486 10505 10505 I FILP/MyFilterInstaller: accept MY_FILTER: myfilter_sample_05.aux
02-19 10:53:04.486 10505 10505 I FILP/MyFilterInstaller: accept MY_FILTER: myfilter_sample_05.json
02-19 10:53:04.486 10505 10505 I FILP/MyFilterInstaller: getFilterCount: myfilter_sample_05.sel
02-19 10:53:04.486 10505 10505 I FILP/PreloadFilterInstaller: storeThirdPartyExternalFilters
02-19 10:53:04.486 10505 10505 I FILP/FilterProvider: query: X
02-19 10:53:04.488  2557  3826 D NetdEventListenerService: DNS Requested by 105, 10352(com.whatsapp), SUCCESS, 115ms
02-19 10:53:04.488  2557  2931 D EnterpriseDeviceManagerService: onPackageUpdateFinished - packageName: com.sikwin.app, uid: 9510685
02-19 10:53:04.488  2557  2931 D EnterpriseDeviceManagerService: Package has changed for user 95
02-19 10:53:04.489  1478  1478 I Zygote  : Entering forkRepeatedly native zygote loop
02-19 10:53:04.489 31775 31840 E msys    : E[N mns]_OnSystemDNSSuccessCallback(340)=>Cache refresh succeeded with system DNS resolver. IP count: 2
02-19 10:53:04.489  9312  9312 I Routine@Core[4.8.07.1]: Pref: putSharedPrefsData: key=pref_metaloader_status, data.size=9
02-19 10:53:04.490  2557  2931 D LauncherApps: onPackageChanged 95,com.sikwin.app
02-19 10:53:04.490  4488  4488 I HoneySpace.PackageOperationTracker: onPackageChanged - com.sikwin.app UserHandle{95}
02-19 10:53:04.490  4488  4488 I HoneySpace.PackageChangedCallbackImpl: onPackageChanged: com.sikwin.app / UserHandle{95}
02-19 10:53:04.490  6614 12457 D LauncherApps: onPackageChanged 95,com.sikwin.app
02-19 10:53:04.491  9312  9312 I Routine@Core[4.8.07.1]: RoutineService: onDestroy
02-19 10:53:04.492  3927 14337 D LauncherApps: onPackageChanged 0,com.sikwin.app
02-19 10:53:04.492  3927 14337 D LauncherApps: onPackageChanged 95,com.sikwin.app
02-19 10:53:04.492  4488  6593 I HoneySpace.IconCache: remove icon cache & DB : com.sikwin.app UserHandle{0}
02-19 10:53:04.492  4488  6593 I HoneySpace.IconCache: removeSpecificIconDb: com.sikwin.app UserHandle{0}
02-19 10:53:04.492  2557  6663 E AppSearchAppsIndexerImpl: Certificate not found for package: org.chromium.webapk.ac33436880fc7af27_v2
02-19 10:53:04.493  2557  6663 E AppSearchAppsIndexerImpl: Certificate not found for package: org.chromium.webapk.a595213a3adfabbeb_v2
02-19 10:53:04.494 10505 10505 I FILP/FilterProvider: query: E
02-19 10:53:04.494 10505 10505 I FILP/PreloadFilterInstaller: storeThirdPartyExternalFilters effectName :c360vivien, id : 11
02-19 10:53:04.494 10505 10505 I FILP/PreloadFilterInstaller: storeThirdPartyExternalFilters effectName :c360alba, id : 12
02-19 10:53:04.494 10505 10505 I FILP/PreloadFilterInstaller: storeThirdPartyExternalFilters effectName :kazan, id : 13
02-19 10:53:04.494 10505 10505 I FILP/PreloadFilterInstaller: storeThirdPartyExternalFilters effectName :dubai, id : 14
02-19 10:53:04.494 10505 10505 I FILP/PreloadFilterInstaller: storeThirdPartyExternalFilters effectName :blooming, id : 15
02-19 10:53:04.494 10505 10505 I FILP/PreloadFilterInstaller: installFilters
02-19 10:53:04.494 10505 10505 I FILP/FilterProvider: query: X
02-19 10:53:04.495 10505 10505 I FILP/FilterProvider: query: E
02-19 10:53:04.495 10505 10505 I FILP/PreloadFilterInstaller: loadExternalFilter count : 15
02-19 10:53:04.495 10505 10505 I FILP/FilterProvider: query: X
02-19 10:53:04.495 10505 10505 I FILP/FilterProvider: query: E
02-19 10:53:04.495 10505 10505 I FILP/MyFilterInstaller: getFileCount : file count = 1
02-19 10:53:04.496 10505 10505 I FILP/MyFilterInstaller: restore start
02-19 10:53:04.496 10505 10505 I FILP/Utils: getFilterProviderVersion : 7
02-19 10:53:04.496  4488  5459 I HoneySpace.FilteredItemProvider[ArchivedApps]: updateArchivedApps: []
02-19 10:53:04.496  1478  1478 D Zygote  : Forked child process 10572
02-19 10:53:04.499  9312  9312 I Routine@Core[4.8.07.1]: MetadataLoaderJobService: onStartJob: collectPackageInBG - com.sikwin.app
02-19 10:53:04.500  9312  9312 I Routine@Core[4.8.07.1]: MetadataSyncHistory: isMetaDataSyncedWithVersion: latest=57a517b581897a49339dfcbed955bdbd3790d88d, currentVersion=57a517b581897a49339dfcbed955bdbd3790d88d
02-19 10:53:04.500  9312  9312 I Routine@Core[4.8.07.1]: MetadataSyncHistory: isMetaDataSyncedWithVersion: latest=57a517b581897a49339dfcbed955bdbd3790d88d, currentVersion=57a517b581897a49339dfcbed955bdbd3790d88d
02-19 10:53:04.500  9312  9312 I Routine@Core[4.8.07.1]: MetadataLoaderJobService: packageName : com.sikwin.app, forced : true
02-19 10:53:04.500  9312  9312 I Routine@Core[4.8.07.1]: Pref: putSharedPrefsData: key=pref_metaloader_status, data.size=7
02-19 10:53:04.501  2557 23931 E IPCThreadState: Process seems to be sending too many oneway calls.
02-19 10:53:04.502  9312 10543 I Routine@Core[4.8.07.1]: MetadataSyncHistory: isMetaDataSyncedWithVersion: latest=57a517b581897a49339dfcbed955bdbd3790d88d, currentVersion=57a517b581897a49339dfcbed955bdbd3790d88d
02-19 10:53:04.514 10560 10560 I ssioncontroller: Using CollectorTypeCMC GC.
02-19 10:53:04.516  2557  3799 D SemWifiPackageInfo: isSkipCategory - skip:NONE
02-19 10:53:04.516  2557  3799 D SemWifiPackageInfo: isSkipCategory - skip:GAME
02-19 10:53:04.516  2557  3799 D SemWifiTransportLayerMonitor.TcpMonitorHandler: MSG_SAVE_PACKAGE_INFO
02-19 10:53:04.516  2557  3799 D SemWifiTransportLayerFileManager: saveWifiPackageInfoToFile
02-19 10:53:04.516  2557  3799 D SemWifiTransportLayerFileManager: writeWifiPackageInfoList
02-19 10:53:04.517 10560 10560 E ssioncontroller: Not starting debugger since process cannot load the jdwp agent.
02-19 10:53:04.519 10560 10560 D nativeloader: Load libframework-connectivity-tiramisu-jni.so using APEX ns com_android_tethering for caller /apex/com.android.tethering/javalib/framework-connectivity-t.jar: ok
02-19 10:53:04.520 10560 10560 D ActivityThread: setConscryptValidator
02-19 10:53:04.520 10560 10560 D ActivityThread: setConscryptValidator - put
02-19 10:53:04.520  6075  5476 W Conscrypt: Could not set socket write timeout: java.net.SocketException: Socket closed
02-19 10:53:04.520  6075  5476 W Conscrypt: 	at com.google.android.gms.org.conscrypt.Platform.setSocketWriteTimeout(:com.google.android.gms@260438035@26.04.38 (260400-867839860):204)
02-19 10:53:04.520  6075  5476 W Conscrypt: 	at com.google.android.gms.org.conscrypt.ConscryptFileDescriptorSocket.setSoWriteTimeout(:com.google.android.gms@260438035@26.04.38 (260400-867839860):4)
02-19 10:53:04.524  2557  3799 D SemWifiTransportLayerMonitor.TcpMonitorHandler: MSG_SAVE_PACKAGE_INFO
02-19 10:53:04.524  2557  3799 D SemWifiTransportLayerFileManager: saveWifiPackageInfoToFile
02-19 10:53:04.524  2557  3799 D SemWifiTransportLayerFileManager: writeWifiPackageInfoList
02-19 10:53:04.524  6075 10548 I NearbyDiscovery: (REDACTED) processGrantSlicePermission: %s
02-19 10:53:04.527  1554 26706 I sensors-hal: handle_sns_std_sensor_event:90, light_cct: ts = 71484135438474 ns; value = [16, 16, 77, 84, 13, 33, 0, 52, 3552, 0]
02-19 10:53:04.527  9312 10581 I Routine@Core[4.8.07.1]: MetadataLoadManager: asyncCollectPackage
02-19 10:53:04.528 10572 10572 I ssioncontroller: Using CollectorTypeCMC GC.
02-19 10:53:04.529 10572 10572 E ssioncontroller: Not starting debugger since process cannot load the jdwp agent.
02-19 10:53:04.530  4488  5459 I HoneySpace.FilteredItemProvider[ArchivedApps]: updateArchivedApps: []
02-19 10:53:04.530 10505 10505 I FILP/MyFilterInstaller: restore end
02-19 10:53:04.536 10572 10572 D nativeloader: Load libframework-connectivity-tiramisu-jni.so using APEX ns com_android_tethering for caller /apex/com.android.tethering/javalib/framework-connectivity-t.jar: ok
02-19 10:53:04.537 10572 10572 D ActivityThread: setConscryptValidator
02-19 10:53:04.537 10572 10572 D ActivityThread: setConscryptValidator - put
02-19 10:53:04.539  4488 31944 I AppIconSolution: getThemeIconWithBG called with public API, pkg = com.sikwin.app, mode = 48
02-19 10:53:04.539  4488 31944 I AppIconSolution: return adaptive icon for com.sikwin.app, isNight = true
02-19 10:53:04.539  4488 31944 I AppIconSolution: skip wrapping shadow bitmap because of abnormal icon size = 1922
02-19 10:53:04.539  4488 31944 I LauncherActivityInfo: packageName: com.sikwin.app, useThemeIcon: false, height: 1922, width: 1987, density: 640
02-19 10:53:04.539  6075  6095 W gle.android.gms: Suspending all threads took: 5.920ms
02-19 10:53:04.543  4488 31944 I HoneySpace.PackageSourceImpl: package changed info list size : 1
02-19 10:53:04.543  4488  4488 I HoneySpace.HoneySpaceManagerContainer: packageUpdateEvent - com.honeyspace.sdk.source.entity.PackageOperation$Changed@9a4b68c
02-19 10:53:04.543  4488  4488 I HoneySpace.HoneySpaceManagerContainer: refreshHoneyPlugin, packageName: com.sikwin.app
02-19 10:53:04.543  4488  6593 I HoneySpace.IconCache: add icon DB: [com.sikwin.app/.MainActivity#UserHandle{0}] - IconAndLabel(icon=android.graphics.Bitmap@e1a3d19, label=Gundu Ata) | false | 640 | false |true
02-19 10:53:04.543  4488  4488 I HoneySpace.HoneySpacePackageSourceImpl: getHiddenItems : 3
02-19 10:53:04.543  4488  4488 I HoneySpace.HoneySpacePackageSourceImpl: getHiddenItems : 3
02-19 10:53:04.543  4488  4488 I HoneySpace.HoneySpacePackageSourceImpl: getHiddenItems : 3
02-19 10:53:04.543  4488  4488 I HoneySpace.HoneySpacePackageSourceImpl: getHiddenItems : 3
02-19 10:53:04.543  4488  6834 I HoneySpace.HoneySpacePackageSourceImpl: Package changed : com.sikwin.app
02-19 10:53:04.543  4488  6834 I HoneySpace.HistoryViewModel@30671529@OneUI: handlePackageEvent
02-19 10:53:04.543  4488  6834 I HoneySpace.HistoryViewModel@30671529@OneUI: skip for alone
02-19 10:53:04.546  4488  4488 I HoneySpace.EventListenerRegistry: pendingPackageOperation : pending = false, com.honeyspace.sdk.source.entity.PackageOperation$Changed@9a4b68c
02-19 10:53:04.546  4488  6834 I SearchableManager: invalidate: com.sikwin.app
02-19 10:53:04.546  4488  4488 I HoneySpace.HoneySpacePackageSourceImpl: getHiddenItems : 3
02-19 10:53:04.546  4488  4488 I HoneySpace.HoneySpacePackageSourceImpl: getHiddenItems : 3
02-19 10:53:04.546  4488  4488 I HoneySpace.HoneySpacePackageSourceImpl: getHiddenItems : 3
02-19 10:53:04.546  4488  4488 I HoneySpace.HoneySpacePackageSourceImpl: getHiddenItems : 3
02-19 10:53:04.546  4488  4488 I HoneySpace.HoneySpacePackageSourceImpl: getHiddenItems : 3
02-19 10:53:04.546  4488  4488 I HoneySpace.HoneySpacePackageSourceImpl: getHiddenItems : 3
02-19 10:53:04.547  2557  6900 D ApplicationPolicy: getApplicationUninstallationEnabled
02-19 10:53:04.547  2557  6900 D ApplicationPolicy: getApplicationUninstallationEnabled :  enabled true
02-19 10:53:04.547  2557  6934 D ApplicationPolicy: getApplicationUninstallationEnabled
02-19 10:53:04.547  2557  6934 D ApplicationPolicy: getApplicationUninstallationEnabled :  enabled true
02-19 10:53:04.547  4488 31944 I HoneySpace.IconCache: remove icon cache & DB : com.sikwin.app UserHandle{95}
02-19 10:53:04.547  4488 31944 I HoneySpace.IconCache: removeSpecificIconDb: com.sikwin.app UserHandle{95}
02-19 10:53:04.548 10560 10560 D ApplicationLoaders: Returning zygote-cached class loader: /system/framework/org.apache.http.legacy.jar
02-19 10:53:04.548 10560 10560 D ApplicationLoaders: Returning zygote-cached class loader: /system_ext/framework/androidx.window.extensions.jar
02-19 10:53:04.548 10560 10560 D ApplicationLoaders: Returning zygote-cached class loader: /system_ext/framework/androidx.window.sidecar.jar
02-19 10:53:04.552 10560 10560 D nativeloader: Configuring clns-shared-7 for other apk /apex/com.android.permission/priv-app/GooglePermissionController@351610020/GooglePermissionController.apk. target_sdk_version=35, uses_libraries=, library_path=/apex/com.android.permission/priv-app/GooglePermissionController@351610020/lib/arm64:/system/lib64:/system_ext/lib64, permitted_path=/data:/mnt/expand:/data/user_de/0/com.google.android.permissioncontroller:/apex/com.android.permission/priv-app/GooglePermissionController@351610020:/system/lib64:/system_ext/lib64
02-19 10:53:04.553 10560 10560 D nativeloader: InitApexLibraries:
02-19 10:53:04.553 10560 10560 D nativeloader:   com_android_adservices: libhpke_jni.so:libtflite_support_classifiers_native.so
02-19 10:53:04.553 10560 10560 D nativeloader:   com_android_appsearch: libicing.so
02-19 10:53:04.553 10560 10560 D nativeloader:   com_android_art: libartservice.so
02-19 10:53:04.553 10560 10560 D nativeloader:   com_android_btservices: libbluetooth_jni.so
02-19 10:53:04.553 10560 10560 D nativeloader:   com_android_conscrypt: libjavacrypto.so
02-19 10:53:04.553 10560 10560 D nativeloader:   com_android_mediaprovider: libpdfclient.so
02-19 10:53:04.553 10560 10560 D nativeloader:   com_android_ondevicepersonalization: libfcp_cpp_dep_jni.so:libfcp_hpke_jni.so
02-19 10:53:04.553 10560 10560 D nativeloader:   com_android_os_statsd: libstats_jni.so
02-19 10:53:04.553 10560 10560 D nativeloader:   com_android_tethering: libandroid_net_connectivity_com_android_net_module_util_jni.so:libcrypto.so:libframework-connectivity-jni.so:libframework-connectivity-tiramisu-jni.so:libmainlinecronet.126.0.6423.0.so:libservice-connectivity.so:libservice-thread-jni.so:libssl.so
02-19 10:53:04.553 10560 10560 D nativeloader:   com_android_uwb: libuwb_uci_jni_rust.so
02-19 10:53:04.553 10560 10560 D nativeloader:   com_android_virt: libvirtualizationservice_jni.so:libvirtualmachine_jni.so
02-19 10:53:04.553 10560 10560 D CompatChangeReporter: Compat change id reported: 202956589; UID 10305; state: ENABLED
02-19 10:53:04.556 10572 10572 D ApplicationLoaders: Returning zygote-cached class loader: /system/framework/org.apache.http.legacy.jar
02-19 10:53:04.556 10572 10572 D ApplicationLoaders: Returning zygote-cached class loader: /system_ext/framework/androidx.window.extensions.jar
02-19 10:53:04.556 10572 10572 D ApplicationLoaders: Returning zygote-cached class loader: /system_ext/framework/androidx.window.sidecar.jar
02-19 10:53:04.560  1642  4819 I VSyncReactor: Current= 120, Period= 120, Distance= 9
02-19 10:53:04.561 10572 10572 D nativeloader: Configuring clns-shared-7 for other apk /apex/com.android.permission/priv-app/GooglePermissionController@351610020/GooglePermissionController.apk. target_sdk_version=35, uses_libraries=, library_path=/apex/com.android.permission/priv-app/GooglePermissionController@351610020/lib/arm64:/system/lib64:/system_ext/lib64, permitted_path=/data:/mnt/expand:/data/user_de/95/com.google.android.permissioncontroller:/apex/com.android.permission/priv-app/GooglePermissionController@351610020:/system/lib64:/system_ext/lib64
02-19 10:53:04.563 10572 10572 D nativeloader: InitApexLibraries:
02-19 10:53:04.563 10572 10572 D nativeloader:   com_android_adservices: libhpke_jni.so:libtflite_support_classifiers_native.so
02-19 10:53:04.563 10572 10572 D nativeloader:   com_android_appsearch: libicing.so
02-19 10:53:04.563 10572 10572 D nativeloader:   com_android_art: libartservice.so
02-19 10:53:04.563 10572 10572 D nativeloader:   com_android_btservices: libbluetooth_jni.so
02-19 10:53:04.563 10572 10572 D nativeloader:   com_android_conscrypt: libjavacrypto.so
02-19 10:53:04.563 10572 10572 D nativeloader:   com_android_mediaprovider: libpdfclient.so
02-19 10:53:04.563 10572 10572 D nativeloader:   com_android_ondevicepersonalization: libfcp_cpp_dep_jni.so:libfcp_hpke_jni.so
02-19 10:53:04.563 10572 10572 D nativeloader:   com_android_os_statsd: libstats_jni.so
02-19 10:53:04.563 10572 10572 D nativeloader:   com_android_tethering: libandroid_net_connectivity_com_android_net_module_util_jni.so:libcrypto.so:libframework-connectivity-jni.so:libframework-connectivity-tiramisu-jni.so:libmainlinecronet.126.0.6423.0.so:libservice-connectivity.so:libservice-thread-jni.so:libssl.so
02-19 10:53:04.563 10572 10572 D nativeloader:   com_android_uwb: libuwb_uci_jni_rust.so
02-19 10:53:04.563 10572 10572 D nativeloader:   com_android_virt: libvirtualizationservice_jni.so:libvirtualmachine_jni.so
02-19 10:53:04.563 10572 10572 D CompatChangeReporter: Compat change id reported: 202956589; UID 9510305; state: ENABLED
02-19 10:53:04.564  2557 23931 E oneway spamming:   #00 pc 0000000000064144  /system/lib64/libbinder.so (android::BpBinder::transact(unsigned int, android::Parcel const&, android::Parcel*, unsigned int)+172) (BuildId: c53e4280e612f79df5d0f32adfc16eac)
02-19 10:53:04.564  2557 23931 E oneway spamming:   #01 pc 00000000001aec0c  /system/lib64/libandroid_runtime.so (android_os_BinderProxy_transact(_JNIEnv*, _jobject*, int, _jobject*, _jobject*, int)+156) (BuildId: 8112a70b4c9fe68ecba651e01db3ddf8)
02-19 10:53:04.564  2557 23931 E oneway spamming:   #02 pc 0000000000344a5c  /data/misc/apexdata/com.android.art/dalvik-cache/arm64/boot.oat (art_jni_trampoline+140)
02-19 10:53:04.564  2557 23931 E oneway spamming:   #03 pc 00000000009c1bb0  /data/misc/apexdata/com.android.art/dalvik-cache/arm64/boot.oat (android.os.BinderProxy.transact+2368)
02-19 10:53:04.564  2557 23931 E oneway spamming:   #04 pc 00000000007838bc  /apex/com.android.art/lib64/libart.so (nterp_helper+9292) (BuildId: 4ccb65ae9ac5ad5da3af5a342d5b0b92)
02-19 10:53:04.564  2557 23931 E oneway spamming:   #05 pc 000000000034cc58  /system/framework/framework.jar (android.app.usage.ICacheQuotaService$Stub$Proxy.computeCacheQuotaHints+48)
02-19 10:53:04.564  2557 23931 E oneway spamming:   #06 pc 00000000007831e4  /apex/com.android.art/lib64/libart.so (nterp_helper+7540) (BuildId: 4ccb65ae9ac5ad5da3af5a342d5b0b92)
02-19 10:53:04.564  2557 23931 E oneway spamming:   #07 pc 0000000000414320  /system/framework/services.jar (com.android.server.storage.CacheQuotaStrategy$1$1.run+84)
02-19 10:53:04.564  2557 23931 E oneway spamming:   #08 pc 00000000009576f0  /data/misc/apexdata/com.android.art/dalvik-cache/arm64/boot.oat (android.os.AsyncTask$SerialExecutor$1.run+64)
02-19 10:53:04.564 10560 10560 V GraphicsEnvironment: Currently set values for:
02-19 10:53:04.564  2557 23931 E oneway spamming:   #09 pc 000000000053c254  /data/misc/apexdata/com.android.art/dalvik-cache/arm64/boot.oat (java.util.concurrent.ThreadPoolExecutor.runWorker+724)
02-19 10:53:04.564  2557 23931 E oneway spamming:   #10 pc 0000000000539a08  /data/misc/apexdata/com.android.art/dalvik-cache/arm64/boot.oat (java.util.concurrent.ThreadPoolExecutor$Worker.run+56)
02-19 10:53:04.564  2557 23931 E oneway spamming:   #11 pc 0000000000414620  /data/misc/apexdata/com.android.art/dalvik-cache/arm64/boot.oat (java.lang.Thread.run+64)
02-19 10:53:04.564  2557 23931 E oneway spamming:   #12 pc 0000000000368774  /apex/com.android.art/lib64/libart.so (art_quick_invoke_stub+612) (BuildId: 4ccb65ae9ac5ad5da3af5a342d5b0b92)
02-19 10:53:04.564 10560 10560 V GraphicsEnvironment:   angle_gl_driver_selection_pkgs=[]
02-19 10:53:04.564  2557 23931 E oneway spamming:   #13 pc 0000000000353f24  /apex/com.android.art/lib64/libart.so (art::ArtMethod::Invoke(art::Thread*, unsigned int*, unsigned int, art::JValue*, char const*)+132) (BuildId: 4ccb65ae9ac5ad5da3af5a342d5b0b92)
02-19 10:53:04.564 10560 10560 V GraphicsEnvironment:   angle_gl_driver_selection_values=[]
02-19 10:53:04.564  2557 23931 E oneway spamming:   #14 pc 0000000000947748  /apex/com.android.art/lib64/libart.so (art::detail::ShortyTraits<(char)86>::Type art::ArtMethod::InvokeInstance<(char)86>(art::Thread*, art::ObjPtr<art::mirror::Object>, art::detail::ShortyTraits<>::Type...)+60) (BuildId: 4ccb65ae9ac5ad5da3af5a342d5b0b92)
02-19 10:53:04.564  2557 23931 E oneway spamming:   #15 pc 0000000000636e80  /apex/com.android.art/lib64/libart.so (art::Thread::CreateCallback(void*)+1344) (BuildId: 4ccb65ae9ac5ad5da3af5a342d5b0b92)
02-19 10:53:04.564 10560 10560 V GraphicsEnvironment: Global.Settings values are invalid: number of packages: 0, number of values: 0
02-19 10:53:04.564  2557 23931 E oneway spamming:   #16 pc 0000000000636930  /apex/com.android.art/lib64/libart.so (art::Thread::CreateCallbackWithUffdGc(void*)+8) (BuildId: 4ccb65ae9ac5ad5da3af5a342d5b0b92)
02-19 10:53:04.564  2557 23931 E oneway spamming:   #17 pc 0000000000071ae8  /apex/com.android.runtime/lib64/bionic/libc.so (__pthread_start(void*)+196) (BuildId: a7d3435cebd777f0dc1a07c5e7386036)
02-19 10:53:04.564  2557 23931 E oneway spamming:   #18 pc 0000000000063be0  /apex/com.android.runtime/lib64/bionic/libc.so (__start_thread+68) (BuildId: a7d3435cebd777f0dc1a07c5e7386036)
02-19 10:53:04.564  2557 23931 W BpBinder: Large outgoing transaction of 496268 bytes, interface descriptor , code 1
02-19 10:53:04.566  9312  9312 I Routine@Core[4.8.07.1]: Pref: putSharedPrefsData: key=routine_meta_data_loading_statue, data.size=8
02-19 10:53:04.567  9312  9392 I Routine@Core[4.8.07.1]: MetadataSyncHistory: isMetaDataSyncedWithVersion: latest=57a517b581897a49339dfcbed955bdbd3790d88d, currentVersion=57a517b581897a49339dfcbed955bdbd3790d88d
02-19 10:53:04.568  9312  9312 I Routine@Core[4.8.07.1]: DatabaseJobIntentService: Stop no more task
02-19 10:53:04.568  1642  4819 I VSyncReactor: Current= 120, Period= 120, Distance= 120
02-19 10:53:04.570 10572 10572 V GraphicsEnvironment: Currently set values for:
02-19 10:53:04.570 10572 10572 V GraphicsEnvironment:   angle_gl_driver_selection_pkgs=[]
02-19 10:53:04.570 10572 10572 V GraphicsEnvironment:   angle_gl_driver_selection_values=[]
02-19 10:53:04.570 10572 10572 V GraphicsEnvironment: Global.Settings values are invalid: number of packages: 0, number of values: 0
02-19 10:53:04.571  9312 10581 I Routine@Core[4.8.07.1]: MetadataLoadManager: collect: com.sikwin.app
02-19 10:53:04.571  9312 10581 I Routine@Core[4.8.07.1]: MetadataLoadManager: collectWithCollectors - Collect Start! package = com.sikwin.app
02-19 10:53:04.572  4488  5637 I AppIconSolution: getThemeIconWithBG called with public API, pkg = com.sikwin.app, mode = 48
02-19 10:53:04.572  4488  5637 I AppIconSolution: return adaptive icon for com.sikwin.app, isNight = true
02-19 10:53:04.572  4488  5637 I AppIconSolution: skip wrapping shadow bitmap because of abnormal icon size = 1922
02-19 10:53:04.575 10505 10611 I FILP/MyFilterInstaller: accept SAMPLE_MY_FILTER: myfilter_sample_01.sel
02-19 10:53:04.575 10505 10611 I FILP/MyFilterInstaller: accept SAMPLE_MY_FILTER: myfilter_sample_02.sel
02-19 10:53:04.575 10505 10611 I FILP/MyFilterInstaller: accept SAMPLE_MY_FILTER: myfilter_sample_03.sel
02-19 10:53:04.575 10505 10611 I FILP/MyFilterInstaller: accept SAMPLE_MY_FILTER: myfilter_sample_04.sel
02-19 10:53:04.575 10505 10611 I FILP/MyFilterInstaller: accept MY_FILTER: myfilter_sample_01.bmp
02-19 10:53:04.575 10505 10611 I FILP/MyFilterInstaller: accept MY_FILTER: myfilter_sample_02.bmp
02-19 10:53:04.575 10505 10611 I FILP/MyFilterInstaller: accept MY_FILTER: myfilter_sample_03.bmp
02-19 10:53:04.575 10505 10611 I FILP/MyFilterInstaller: accept MY_FILTER: myfilter_sample_04.bmp
02-19 10:53:04.575 10505 10611 I FILP/MyFilterInstaller: accept SAMPLE_MY_FILTER: myfilter_sample_05.sel
02-19 10:53:04.575 10505 10611 I FILP/MyFilterInstaller: accept MY_FILTER: myfilter_sample_05.bmp
02-19 10:53:04.575 10505 10611 I FILP/MyFilterInstaller: accept MY_FILTER: myfilter_sample_05.aux
02-19 10:53:04.575 10505 10611 I FILP/MyFilterInstaller: accept MY_FILTER: myfilter_sample_05.json
02-19 10:53:04.575 10505 10611 I FILP/MyFilterInstaller: getFilterCount: myfilter_sample_05.sel
02-19 10:53:04.577  9312 10581 I Routine@Core[4.8.07.1]: WatchMetaDataCollector: collect - packageName :com.sikwin.app
02-19 10:53:04.577  9312  9477 W Routine@Core[4.8.07.1]: WatchMetaDataCollector: collect - Skip WatchMeta collect! Cannot find any watch plugin package
02-19 10:53:04.579 10505 10505 I FILP/PackageIntentReceiver: action 1: com.samsung.android.provider.filterprovider.INTENT_PACKAGE_REMOVED
02-19 10:53:04.579 10505 10505 I FILP/PackageIntentReceiver: pkgName : com.sikwin.app
02-19 10:53:04.579 10505 10505 I FILP/PackageIntentReceiver: action 2: com.samsung.android.provider.filterprovider.INTENT_PACKAGE_REMOVED
02-19 10:53:04.579 10505 10505 I FILP/PackageIntentReceiver: action 3: com.samsung.android.provider.filterprovider.INTENT_PACKAGE_REMOVED
02-19 10:53:04.579  2557  6949 D PackageManager: setEnabledSetting : userId = 0 packageName = com.google.android.permissioncontroller cmp = com.android.permissioncontroller.role.ui.SpecialAppAccessListActivity newState = 2 callingPackage = com.google.android.permissioncontroller
02-19 10:53:04.580  9312  9312 I Routine@Core[4.8.07.1]: MetadataSyncHistory: isMetaDataSyncedWithVersion: latest=57a517b581897a49339dfcbed955bdbd3790d88d, currentVersion=57a517b581897a49339dfcbed955bdbd3790d88d
02-19 10:53:04.580  2557  6949 D PackageManager: setEnabledSetting : userId = 95 packageName = com.google.android.permissioncontroller cmp = com.android.permissioncontroller.role.ui.SpecialAppAccessListActivity newState = 2 callingPackage = com.google.android.permissioncontroller
02-19 10:53:04.588 10505 10505 I FILP/FilterPackageService: onStartCommand(com.samsung.android.provider.filterprovider.INTENT_PACKAGE_REMOVED)
02-19 10:53:04.588 10505 10505 I FILP/PackageIntentReceiver: action 1: com.samsung.android.provider.filterprovider.INTENT_PACKAGE_ADDED
02-19 10:53:04.588 10505 10505 I FILP/PackageIntentReceiver: pkgName : com.sikwin.app
02-19 10:53:04.588 10505 10505 I FILP/PackageIntentReceiver: action 2: com.samsung.android.provider.filterprovider.INTENT_PACKAGE_ADDED
02-19 10:53:04.590 10505 10505 E FILP/PackageIntentReceiver: This package is not a effect filter
02-19 10:53:04.590 10505 10614 I FILP/FilterInstaller: uninstallFilters
02-19 10:53:04.590 10505 10614 I FILP/FilterProvider: query: X
02-19 10:53:04.594 15172 15285 I Finsky  : [3266] AIM: AppInfoManager-Perf > getApps > data collection finished
02-19 10:53:04.594 15172 15285 I Finsky  : [3266] AIM: AppInfoManager-Perf > maybeDestroyAppInfoManager is called. actives = 2
02-19 10:53:04.595 10505 10614 I FILP/FilterProvider: query: E
02-19 10:53:04.595  6075 10547 W SQLiteLog: (28) double-quoted string literal: "com.sikwin.app"
02-19 10:53:04.595 10505 10614 I FILP/FilterInstaller: removeFromFS : com.sikwin.app, cursor size : 0
02-19 10:53:04.595 15172 15274 I Finsky  : [3261] AIM: Got app ownership map. App counts: . Unique apps: 0
02-19 10:53:04.595 15172 15274 E Finsky  : [3261] [Counters] attempted to use a non-positive increment for: 4752
02-19 10:53:04.596 15172 15274 E Finsky  : [3261] [Counters] attempted to use a non-positive increment for: 4753
02-19 10:53:04.598 10560 10560 I SafetyLabelChangedBroadcastReceiver: received broadcast packageName: com.sikwin.app, current user: UserHandle{0}, packageChangeEvent: UPDATE, intent user: UserHandle{0}
02-19 10:53:04.602 10572 10601 I PermissionControllerServiceImpl: Updating user sensitive for uid 9510685
02-19 10:53:04.603 10572 10572 I SafetyLabelChangedBroadcastReceiver: received broadcast packageName: com.sikwin.app, current user: UserHandle{95}, packageChangeEvent: UPDATE, intent user: UserHandle{95}
02-19 10:53:04.604 10572 10572 I SafetyLabelChangedBroadcastReceiver: Forwarding intent from current user: UserHandle{95} to profile parent UserHandle{0}
02-19 10:53:04.608 10505 10614 I FILP/FilterInstaller: removeMyFilterSampleFromFS: app
02-19 10:53:04.608 10505 10614 I FILP/FilterProvider: query: X
02-19 10:53:04.610 15172 15285 I Finsky  : [3266] AIM: AppInfoManager-Perf > ItemModel > CacheSize=127, cacheHitCount=0, cacheMissCount=0, total appsWithNoServerDataCount=6. Missed  in cache (limit 10) : []
02-19 10:53:04.610 15172 15285 I Finsky  : [3266] AIM: AppInfoManager-Perf > getApps > data collection finished
02-19 10:53:04.610 15172 15285 I Finsky  : [3266] AIM: AppInfoManager-Perf > maybeDestroyAppInfoManager is called. actives = 1
02-19 10:53:04.611 10505 10614 I FILP/FilterProvider: query: E
02-19 10:53:04.611 10505 10614 I FILP/FilterInstaller: removeFromFS : All files deleted
02-19 10:53:04.612 10505 10614 I FILP/FilterInstaller: Delete all filter DB result : com.sikwin.app, 0
02-19 10:53:04.612 10505 10614 I FILP/FilterInstaller: Delete filter DB result : com.sikwin.app, 0
02-19 10:53:04.613 10505 10614 I FILP/FilterInstaller: Delete my filter DB result : com.sikwin.app, 0
02-19 10:53:04.616 10505 10614 I FILP/FilterInstaller: uninstallFilters mPackageName: com.sikwin.app
02-19 10:53:04.622  6075 24008 I Icing   : IndexChimeraService.getServiceInterface callingPackage=com.google.android.gms componentName=AppsCorpus serviceId=36
02-19 10:53:04.629  2557  6663 E AppSearchAppsIndexerImpl: Certificate not found for package: org.chromium.webapk.ac33436880fc7af27_v2
02-19 10:53:04.629  2557  6663 E AppSearchAppsIndexerImpl: Certificate not found for package: org.chromium.webapk.a595213a3adfabbeb_v2
--------- beginning of system
02-19 10:53:04.630  2557  3576 D SGM:GosNotifyThread: notifyPackageChangedToGos(), after send intent to GOS. ComponentInfo{com.samsung.android.game.gos/com.samsung.android.game.gos.service.GameIntentService}
02-19 10:53:04.630 15172 15187 W android.vending: ApkAssets: Deleting an ApkAssets object '<empty> and /data/app/vmdl1616041245.tmp/base.apk' with 2 weak references
02-19 10:53:04.630 15172 15187 W android.vending: ApkAssets: Deleting an ApkAssets object '<empty> and /data/app/~~10Ze7epsghdKnbb4ZSmWxQ==/com.sikwin.app-OXf-SweeCpIiu9iY1q_LZQ==/base.apk' with 1 weak references
02-19 10:53:04.634 10560 10604 I PermissionControllerServiceImpl: Updating user sensitive for uid 10685
02-19 10:53:04.636  9312 10581 W AppFunctions: Unknown schema [category=photos, name=getMediaItemContentUri, version=1]
02-19 10:53:04.638 10189 10628 I GOS:GameIntentService: onHandleIntent. GameIntentService. type: 15, pkgName: com.sikwin.app
02-19 10:53:04.639  2557  6085 D SGM:GameManager: getVersion.
02-19 10:53:04.639  6075  6075 D BoundBrokerSvc: onBind: Intent { act=com.google.android.gms.feedback.internal.IFeedbackService dat=chimera-action:/... cmp=com.google.android.gms/.chimera.GmsBoundBrokerService }
02-19 10:53:04.639  6075  6075 D BoundBrokerSvc: Loading bound service for intent: Intent { act=com.google.android.gms.feedback.internal.IFeedbackService dat=chimera-action:/... cmp=com.google.android.gms/.chimera.GmsBoundBrokerService }
02-19 10:53:04.650  6075  6095 I gle.android.gms: Background concurrent mark compact GC freed 8998KB AllocSpace bytes, 4(140KB) LOS objects, 50% free, 47MB/95MB, paused 9.789ms,5.126ms total 417.577ms
02-19 10:53:04.654  2557  4617 I ActivityManager: Changes in 99008 10 to 3, 0 to 56
02-19 10:53:04.654  2557  4617 I ActivityManager: Changes in 10116 10 to 3, 0 to 56
02-19 10:53:04.656 10560 10560 I SafetyLabelChangedBroadcastReceiver: received broadcast packageName: com.sikwin.app, current user: UserHandle{0}, packageChangeEvent: UPDATE, intent user: UserHandle{95}
02-19 10:53:04.657  2557  2931 D MetaDataCollector: onReceive: begin action=android.intent.action.PACKAGE_ADDED
02-19 10:53:04.657  2557  2931 D MetaDataCollector: onReceive: done pkgName=com.sikwin.app
02-19 10:53:04.659  2557  2931 I SGM:GameManager: PkgUpdateReceiver, onReceive(), action=android.intent.action.PACKAGE_ADDED, userId=95
02-19 10:53:04.659  2557  2931 I SGM:GameManager: PkgUpdateReceiver, onPackageAdded : com.sikwin.app userHandle : UserHandle{95} userId : 95
02-19 10:53:04.659  2557  2931 D SGM:GosNotifyThread: sendPackageMessage(), changeType=0, pkgName=com.sikwin.app, userHandleId=95
02-19 10:53:04.659  2557  2931 I SGM:GameManager: PkgUpdateReceiver, com.samsung.android.game.gos is enabled : true
02-19 10:53:04.659  2557  3576 D SGM:GosNotifyThread: notifyPackageChangedToGos(), before send intent to GOS. type:15, changeType: 0, pkgName:com.sikwin.app, userHandleId:95
02-19 10:53:04.659  2557  3576 D SGM:GosNotifyThread: notifyPackageChangedToGos(), not supported user. do nothing. userHandleId: 95
02-19 10:53:04.661  2557  2931 D MetaDataCollector: onReceive: begin action=android.intent.action.PACKAGE_ADDED
02-19 10:53:04.661  2557  2931 D MetaDataCollector: onReceive: done pkgName=com.sikwin.app
02-19 10:53:04.661  2557  2931 I SGM:GameManager: PkgUpdateReceiver, onReceive(), action=android.intent.action.PACKAGE_REPLACED, userId=0
02-19 10:53:04.661  2557  2931 I SGM:GameManager: PkgUpdateReceiver, onPackageReplaced : com.sikwin.app userID : UserHandle{0}
02-19 10:53:04.661  2557  2931 D SGM:GosNotifyThread: sendPackageMessage(), changeType=8, pkgName=com.sikwin.app, userHandleId=0
02-19 10:53:04.661  2557  2931 D MetaDataCollector: onReceive: begin action=android.intent.action.PACKAGE_REPLACED
02-19 10:53:04.661  2557  2931 D MetaDataCollector: onReceive: done pkgName=com.sikwin.app
02-19 10:53:04.661  2557  3576 D SGM:GosNotifyThread: notifyPackageChangedToGos(), before send intent to GOS. type:15, changeType: 8, pkgName:com.sikwin.app, userHandleId:0
02-19 10:53:04.661  2557  2931 I SGM:GameManager: PkgUpdateReceiver, onReceive(), action=android.intent.action.PACKAGE_REPLACED, userId=95
02-19 10:53:04.661  2557  3576 D SGM:PmAppCategoryManager: getManifestCategory(), manifestCategory=0, packageName=com.sikwin.app
02-19 10:53:04.661  2557  3576 D SGM:PmAppCategoryManager: getCategoryOverride(), categoryOverride=-1, packageName=com.sikwin.app
02-19 10:53:04.661  2557  3576 I SGM:GosNotifyThread: notifyPackageChangedToGos(), category from pm: com.sikwin.app, [0/-1]
02-19 10:53:04.661  2557  2931 I SGM:GameManager: PkgUpdateReceiver, onPackageReplaced : com.sikwin.app userID : UserHandle{95}
02-19 10:53:04.661  2557  2931 D SGM:GosNotifyThread: sendPackageMessage(), changeType=8, pkgName=com.sikwin.app, userHandleId=95
02-19 10:53:04.661  2557  2931 D MetaDataCollector: onReceive: begin action=android.intent.action.PACKAGE_REPLACED
02-19 10:53:04.661  2557  2931 D MetaDataCollector: onReceive: done pkgName=com.sikwin.app
02-19 10:53:04.663  2557  3576 D SGM:GosNotifyThread: notifyPackageChangedToGos(), after send intent to GOS. ComponentInfo{com.samsung.android.game.gos/com.samsung.android.game.gos.service.GameIntentService}
02-19 10:53:04.663  2557  3576 D SGM:GosNotifyThread: notifyPackageChangedToGos(), before send intent to GOS. type:15, changeType: 8, pkgName:com.sikwin.app, userHandleId:95
02-19 10:53:04.664  2557  3576 D SGM:GosNotifyThread: notifyPackageChangedToGos(), not supported user. do nothing. userHandleId: 95
02-19 10:53:04.676  6075 24180 I Icing   : IndexChimeraService.getServiceInterface callingPackage=com.google.android.gms componentName=null serviceId=30
02-19 10:53:04.681  2557  2990 D PowerManagerService: displayReady: false groupId=0
02-19 10:53:04.681  2557  2990 D DisplayPowerController2[0]: animateScreenStateChange: target=ON, mIsEnabled=true
02-19 10:53:04.681  2557  2990 D PowerManagerService: displayReady: true groupId=0
02-19 10:53:04.682  6075  5183 I Icing   : Usage reports ok 2, Failed Usage reports 0, indexed 0, rejected 0
02-19 10:53:04.683  4488  5637 I LauncherActivityInfo: packageName: com.sikwin.app, useThemeIcon: false, height: 1922, width: 1987, density: 640
02-19 10:53:04.684  4488  5637 I HoneySpace.PackageSourceImpl: package changed info list size : 1
02-19 10:53:04.684 10189 10628 I GOS:GameIntentService: onPackageChanged(). extras: Bundle[{changeType=0, manifestCategory=0, userId=0, pkgName=com.sikwin.app, type=15, packageName=com.sikwin.app, categoryOverride=-1}]
02-19 10:53:04.684 10189 10628 I GOS:GameIntentService: onPackageChanged(). changeType(INSTALLED), pkgName(com.sikwin.app), UserHandle(0), userId(0), Installed(true)
02-19 10:53:04.684 10189 10628 I GOS:GameIntentService: onPkgInstalled(), appInfoCategory: 0, packageName: com.sikwin.app
02-19 10:53:04.684  4488  4488 I HoneySpace.HoneySpaceManagerContainer: packageUpdateEvent - com.honeyspace.sdk.source.entity.PackageOperation$Changed@29c86af
02-19 10:53:04.684  4488  4488 I HoneySpace.HoneySpaceManagerContainer: refreshHoneyPlugin, packageName: com.sikwin.app
02-19 10:53:04.684  4488  4488 I HoneySpace.HoneySpacePackageSourceImpl: getHiddenItems : 3
