02-19 10:53:04.767  9312 10581 I Routine@Core[4.8.07.1]: AppFunctionsMetadataCollector: collect: incoming metadata={"displayNameRes":0,"functionId":"com.samsung.android.support.senl.nt.app.main.appfunction#NoteFunctions_showNote","isEffectivelyEnabled":true,"packageName":"com.samsung.android.app.notes","parameters":[{"description":"SHOWNOTE_PARAMETER_DESCRIPTION_TEMPLATE","id":"noteId","name":"noteId","namespace":"androidx.appsearch.functions","parameterType":{"dataType":8,"id":"com.google.android.appfunctions.schema.common.v1.notes#showNote#PARAMETER_TYPE","isList":false,"isNullable":false,"namespace":"androidx.appsearch.functions"}}],"returnType":{"dataType":9,"id":"com.google.android.appfunctions.schema.common.v1.notes#showNote#RETURN_TYPE","isList":false,"isNullable":false,"namespace":"androidx.appsearch.functions"},"schemaMetadata":{"schemaCategory":"notes","schemaName":"showNote","schemaVersion":1},"shouldRestrictCallersWithExecuteAppFunctions":false}
02-19 10:53:04.767  9312 10581 I Routine@Core[4.8.07.1]: AppFunctionsMetadataCollector: collect: not supported schemaCategory/schemaName=notes/showNote
02-19 10:53:04.767  9312 10581 I Routine@Core[4.8.07.1]: AppFunctionsMetadataCollector: collect: incoming metadata={"displayNameRes":0,"functionId":"com.samsung.android.support.senl.nt.app.main.appfunction#FolderFunctions_deleteFolders","isEffectivelyEnabled":true,"packageName":"com.samsung.android.app.notes","parameters":[{"description":"DELETEFOLDERS_PARAMETER_DESCRIPTION_TEMPLATE","id":"folderIds","name":"folderIds","namespace":"androidx.appsearch.functions","parameterType":{"dataType":8,"id":"com.google.android.appfunctions.schema.common.v1.notes#deleteFolders#PARAMETER_TYPE","isList":true,"isNullable":false,"namespace":"androidx.appsearch.functions"}}],"returnType":{"dataType":8,"id":"com.google.android.appfunctions.schema.common.v1.notes#deleteFolders#RETURN_TYPE","isList":true,"isNullable":false,"namespace":"androidx.appsearch.functions"},"schemaMetadata":{"schemaCategory":"notes","schemaName":"deleteFolders","schemaVersion":1},"shouldRestrictCallersWithExecuteAppFunctions":false}
02-19 10:53:04.767  9312 10581 E Routine@Core[4.8.07.1]: AppFunctionsSchemaMetadataConverter: isSupportedMetadata: not supported schema. name=deleteFolders
02-19 10:53:04.767  9312 10581 I Routine@Core[4.8.07.1]: AppFunctionsMetadataCollector: collect: not supported schemaCategory/schemaName=notes/deleteFolders
02-19 10:53:04.767  9312 10581 I Routine@Core[4.8.07.1]: AppFunctionsMetadataCollector: collect: incoming metadata={"displayNameRes":0,"functionId":"com.samsung.android.support.senl.nt.app.main.appfunction#NoteFunctions_updateNote","isEffectivelyEnabled":true,"packageName":"com.samsung.android.app.notes","parameters":[{"description":"UPDATENOTE_PARAMETER_DESCRIPTION_TEMPLATE","id":"updateNoteParams","name":"updateNoteParams","namespace":"androidx.appsearch.functions","parameterType":{"dataType":3,"documentType":"com.google.android.appfunctions.schema.common.v1.notes.UpdateNoteParams","id":"com.google.android.appfunctions.schema.common.v1.notes#updateNote#PARAMETER_TYPE","isList":false,"isNullable":false,"namespace":"androidx.appsearch.functions"}}],"returnType":{"dataType":3,"documentType":"com.google.android.appfunctions.schema.common.v1.notes.Note","id":"com.google.android.appfunctions.schema.common.v1.notes#updateNote#RETURN_TYPE","isList":false,"isNullable":false,"namespace":"androidx.appsearch.functions"},"schemaMetadata":{"schemaCategory":"notes","schemaName":"updateNote","schemaVersion":1},"shouldRestrictCallersWithExecuteAppFunctions":false}
02-19 10:53:04.767  9312 10581 E Routine@Core[4.8.07.1]: AppFunctionsSchemaMetadataConverter: isSupportedMetadata: not supported schema. name=updateNote
02-19 10:53:04.767  9312 10581 I Routine@Core[4.8.07.1]: AppFunctionsMetadataCollector: collect: not supported schemaCategory/schemaName=notes/updateNote
02-19 10:53:04.768  9312 10581 I Routine@Core[4.8.07.1]: AppFunctionsMetadataCollector: collect: incoming metadata={"displayNameRes":0,"functionId":"com.samsung.android.support.senl.nt.app.main.appfunction#FolderFunctions_createFolder","isEffectivelyEnabled":true,"packageName":"com.samsung.android.app.notes","parameters":[{"description":"CREATEFOLDER_PARAMETER_DESCRIPTION_TEMPLATE","id":"createFolderParams","name":"createFolderParams","namespace":"androidx.appsearch.functions","parameterType":{"dataType":3,"documentType":"com.google.android.appfunctions.schema.common.v1.notes.CreateFolderParams","id":"com.google.android.appfunctions.schema.common.v1.notes#createFolder#PARAMETER_TYPE","isList":false,"isNullable":false,"namespace":"androidx.appsearch.functions"}}],"returnType":{"dataType":3,"documentType":"com.google.android.appfunctions.schema.common.v1.notes.Folder","id":"com.google.android.appfunctions.schema.common.v1.notes#createFolder#RETURN_TYPE","isList":false,"isNullable":false,"namespace":"androidx.appsearch.functions"},"schemaMetadata":{"schemaCategory":"notes","schemaName":"createFolder","schemaVersion":1},"shouldRestrictCallersWithExecuteAppFunctions":false}
02-19 10:53:04.768  9312 10581 E Routine@Core[4.8.07.1]: AppFunctionsSchemaMetadataConverter: isSupportedMetadata: not supported schema. name=createFolder
02-19 10:53:04.768  9312 10581 I Routine@Core[4.8.07.1]: AppFunctionsMetadataCollector: collect: not supported schemaCategory/schemaName=notes/createFolder
02-19 10:53:04.768  9312 10581 I Routine@Core[4.8.07.1]: AppFunctionsMetadataCollector: collect: incoming metadata={"displayNameRes":0,"functionId":"com.samsung.android.support.senl.nt.app.main.appfunction#NoteFunctions_getNotes","isEffectivelyEnabled":true,"packageName":"com.samsung.android.app.notes","parameters":[{"description":"GETNOTES_PARAMETER_DESCRIPTION_TEMPLATE","id":"noteIds","name":"noteIds","namespace":"androidx.appsearch.functions","parameterType":{"dataType":8,"id":"com.google.android.appfunctions.schema.common.v1.notes#getNotes#PARAMETER_TYPE","isList":true,"isNullable":false,"namespace":"androidx.appsearch.functions"}}],"returnType":{"dataType":3,"documentType":"com.google.android.appfunctions.schema.common.v1.notes.Note","id":"com.google.android.appfunctions.schema.common.v1.notes#getNotes#RETURN_TYPE","isList":true,"isNullable":false,"namespace":"androidx.appsearch.functions"},"schemaMetadata":{"schemaCategory":"notes","schemaName":"getNotes","schemaVersion":1},"shouldRestrictCallersWithExecuteAppFunctions":false}
02-19 10:53:04.768  9312 10581 E Routine@Core[4.8.07.1]: AppFunctionsSchemaMetadataConverter: isSupportedMetadata: not supported schema. name=getNotes
02-19 10:53:04.768  9312 10581 I Routine@Core[4.8.07.1]: AppFunctionsMetadataCollector: collect: not supported schemaCategory/schemaName=notes/getNotes
02-19 10:53:04.768  9312 10581 I Routine@Core[4.8.07.1]: AppFunctionsMetadataCollector: collect: incoming metadata={"displayNameRes":0,"functionId":"com.samsung.android.support.senl.nt.app.main.appfunction#NoteFunctions_findNotes","isEffectivelyEnabled":true,"packageName":"com.samsung.android.app.notes","parameters":[{"description":"FINDNOTES_PARAMETER_DESCRIPTION_TEMPLATE","id":"findNotesParams","name":"findNotesParams","namespace":"androidx.appsearch.functions","parameterType":{"dataType":3,"documentType":"com.google.android.appfunctions.schema.common.v1.notes.FindNotesParams","id":"com.google.android.appfunctions.schema.common.v1.notes#findNotes#PARAMETER_TYPE","isList":false,"isNullable":false,"namespace":"androidx.appsearch.functions"}}],"returnType":{"dataType":3,"documentType":"com.google.android.appfunctions.schema.common.v1.notes.Note","id":"com.google.android.appfunctions.schema.common.v1.notes#findNotes#RETURN_TYPE","isList":true,"isNullable":false,"namespace":"androidx.appsearch.functions"},"schemaMetadata":{"schemaCategory":"notes","schemaName":"findNotes","schemaVersion":1},"shouldRestrictCallersWithExecuteAppFunctions":false}
02-19 10:53:04.768  9312 10581 I Routine@Core[4.8.07.1]: AppFunctionsMetadataCollector: collect: not supported schemaCategory/schemaName=notes/findNotes
02-19 10:53:04.768  9312 10581 I Routine@Core[4.8.07.1]: AppFunctionsMetadataCollector: collect: incoming metadata={"displayNameRes":0,"functionId":"com.samsung.android.app.sharelive.appfunction#ShareFunction_shareFilesToNearbyDevice","isEffectivelyEnabled":true,"packageName":"com.samsung.android.app.sharelive","parameters":[{"description":"SHAREFILESTONEARBYDEVICE_PARAMETER_DESCRIPTION_TEMPLATE","id":"shareFilesToNearbyDeviceParams","name":"shareFilesToNearbyDeviceParams","namespace":"androidx.appsearch.functions","parameterType":{"dataType":3,"documentType":"com.google.android.appfunctions.schema.common.v1.nearbysharing.ShareFilesToNearbyDeviceParams","id":"com.google.android.appfunctions.schema.common.v1.nearbysharing#shareFilesToNearbyDevice#PARAMETER_TYPE","isList":false,"isNullable":false,"namespace":"androidx.appsearch.functions"}}],"returnType":{"dataType":0,"id":"com.google.android.appfunctions.schema.common.v1.nearbysharing#shareFilesToNearbyDevice#RETURN_TYPE","isList":false,"isNullable":false,"namespace":"androidx.appsearch.functions"},"schemaMetadata":{"schemaCategory":"nearby_sharing","schemaName":"shareFilesToNearbyDevice","schemaVersion":1},"shouldRestrictCallersWithExecuteAppFunctions":false}
02-19 10:53:04.768  9312 10581 E Routine@Core[4.8.07.1]: AppFunctionsSchemaMetadataFactory: getMetadata: not supported category. category=nearby_sharing
02-19 10:53:04.769  9312 10581 E Routine@Core[4.8.07.1]: AppFunctionsSchemaMetadataConverter: isSupportedMetadata: not supported schema. name=shareFilesToNearbyDevice
02-19 10:53:04.769  9312 10581 I Routine@Core[4.8.07.1]: AppFunctionsMetadataCollector: collect: not supported schemaCategory/schemaName=nearby_sharing/shareFilesToNearbyDevice
02-19 10:53:04.769  9312 10581 I Routine@Core[4.8.07.1]: AppFunctionsMetadataCollector: collect: incoming metadata={"displayNameRes":0,"functionId":"com.samsung.android.app.sharelive.appfunction#ShareFunction_findNearbyDevices","isEffectivelyEnabled":true,"packageName":"com.samsung.android.app.sharelive","parameters":[{"description":"FINDNEARBYDEVICES_PARAMETER_DESCRIPTION_TEMPLATE","id":"findNearbyDevicesParams","name":"findNearbyDevicesParams","namespace":"androidx.appsearch.functions","parameterType":{"dataType":3,"documentType":"com.google.android.appfunctions.schema.common.v1.nearbysharing.FindNearbyDevicesParams","id":"com.google.android.appfunctions.schema.common.v1.nearbysharing#findNearbyDevices#PARAMETER_TYPE","isList":false,"isNullable":false,"namespace":"androidx.appsearch.functions"}}],"returnType":{"dataType":3,"documentType":"com.google.android.appfunctions.schema.common.v1.nearbysharing.NearbyDevice","id":"com.google.android.appfunctions.schema.common.v1.nearbysharing#findNearbyDevices#RETURN_TYPE","isList":true,"isNullable":false,"namespace":"androidx.appsearch.functions"},"schemaMetadata":{"schemaCategory":"nearby_sharing","schemaName":"findNearbyDevices","schemaVersion":1},"shouldRestrictCallersWithExecuteAppFunctions":false}
02-19 10:53:04.769  9312 10581 E Routine@Core[4.8.07.1]: AppFunctionsSchemaMetadataFactory: getMetadata: not supported category. category=nearby_sharing
02-19 10:53:04.769  9312 10581 E Routine@Core[4.8.07.1]: AppFunctionsSchemaMetadataConverter: isSupportedMetadata: not supported schema. name=findNearbyDevices
02-19 10:53:04.769  9312 10581 I Routine@Core[4.8.07.1]: AppFunctionsMetadataCollector: collect: not supported schemaCategory/schemaName=nearby_sharing/findNearbyDevices
02-19 10:53:04.769  9312 10581 I Routine@Core[4.8.07.1]: MetadataLoadManager: doPostCollectionTasks - packageName:com.sikwin.app
02-19 10:53:04.769  9312 10581 I Routine@Core[4.8.07.1]: MetadataPackageUtil: savePackagesHavingMetadata - containMetadataPackages : [, com.samsung.android.app.aodservice, com.samsung.android.smartmirroring, com.samsung.android.mdecservice, com.samsung.android.app.routines, com.samsung.android.game.gametools, com.sec.android.app.soundalive, com.samsung.android.mdx, com.samsung.android.app.smartcapture, com.sec.android.desktopmode.uiservice, com.samsung.android.inputshare, com.samsung.android.spay, com.sec.android.app.clockpackage, com.android.systemui, com.samsung.accessibility, com.samsung.android.honeyboard, com.samsung.android.service.aircommand, com.samsung.android.app.dressroom, com.android.settings, com.samsung.android.app.telephonyui, com.samsung.android.lool, com.samsung.android.app.sharelive, com.sec.android.app.launcher, com.samsung.android.game.gos]
02-19 10:53:04.769  9312 10581 I Routine@Core[4.8.07.1]: MetadataPackageUtil: savePackagesHavingMetadata - saveData : [, com.samsung.android.app.aodservice, com.samsung.android.smartmirroring, com.samsung.android.mdecservice, com.samsung.android.app.routines, com.samsung.android.game.gametools, com.sec.android.app.soundalive, com.samsung.android.mdx, com.samsung.android.app.smartcapture, com.sec.android.desktopmode.uiservice, com.samsung.android.inputshare, com.samsung.android.spay, com.sec.android.app.clockpackage, com.android.systemui, com.samsung.accessibility, com.samsung.android.honeyboard, com.samsung.android.service.aircommand, com.samsung.android.app.dressroom, com.android.settings, com.samsung.android.app.telephonyui, com.samsung.android.lool, com.samsung.android.app.sharelive, com.sec.android.app.launcher, com.samsung.android.game.gos]
02-19 10:53:04.769  9312 10581 I Routine@Core[4.8.07.1]: Pref: putSharedPrefsData: key=pref_packages_for_routine, data.size=714
02-19 10:53:04.770  9312  9392 I Routine@Core[4.8.07.1]: MetadataSyncHistory: isMetaDataSyncedWithVersion: latest=57a517b581897a49339dfcbed955bdbd3790d88d, currentVersion=57a517b581897a49339dfcbed955bdbd3790d88d
02-19 10:53:04.771  9312 10581 I Routine@Core[4.8.07.1]: MetaUpdater: update
02-19 10:53:04.779  9312 10581 I Routine@Core[4.8.07.1]: MetaUpdater: updateMeta: newMeta=appfunction://com.sec.android.app.clockpackage.crossappactions#AlarmCrossAppActions_createAlarm(id=-1)
02-19 10:53:04.780  9312 10581 I Routine@Core[4.8.07.1]: SupportStateUpdater: update
02-19 10:53:04.781  9312 10581 I Routine@Core[4.8.07.1]: TASKD/ActionTaskAdapterFactoryImpl: getAdapter - metaId=appfunction://com.sec.android.app.clockpackage.crossappactions#AlarmCrossAppActions_createAlarm(id=226)
02-19 10:53:04.781  9312 10581 I Routine@Core[4.8.07.1]: ConflictItemConverter: convertConflictActions - 1
02-19 10:53:04.782  9312 10581 I Routine@Core[4.8.07.1]: RoutineDataMigrator: migration - begin
02-19 10:53:04.783  5508 10652 W SQLiteLog: (28) double-quoted string literal: "com.sikwin.app"
02-19 10:53:04.789  5508 10671 I Auth    : (REDACTED) [SupervisedAccountIntentOperation] onHandleIntent: %s
02-19 10:53:04.790  5784 10661 I ProximityAuth: [RecentAppsMediator] Package added: (user=UserHandle{95}) com.sikwin.app
02-19 10:53:04.792  5508 10652 I NearbyDiscovery: (REDACTED) processGrantSlicePermission: %s
02-19 10:53:04.791  5784 10678 I Fitness : (REDACTED) FitCleanupIntentOperation received Intent %s
02-19 10:53:04.797  9312 10581 I Routine@Core[4.8.07.1]: MigrationParser: getMigrationData rawMigrationData : [vibrate_once, custom_key_v3, aircommand_open_with_pen, text_to_speech, unlock_with_finger_print, edge_panel_routine_v3, edge_panel_routine_v3, data_saver_routine]
02-19 10:53:04.799  9312 10581 I Routine@Core[4.8.07.1]: MigrationParser: getMemoryMigrationData rawMemoryMigrationData : [motion_smoothness_v3, motion_smoothness_and_screen_resolution_v3, cover_screen_motion_smoothness_v3, brightness_v3, font_size_v3, screen_zoom_v3, screen_layout_and_zoom_v3, screen_resolution_v3, screen_timeout_v3, rotation_screen_v3, multi_window_tray_v3, dark_mode_v3, bixby_text_command_v3, bixby_quick_command_v3, bixby_voice_wake_up_v3, spotify_playlist_v3, play_media_v3, launch_app_v3, close_app_v3, separate_app_sound_v3, dnd_mode_on_v3, custom_notification_v3, hard_key_v3, quick_decline_message_v3, quick_decline_message_v3, video_enhancer_v3, bluetooth_on_v3, instant_session_v3, airplane_mode_on_v3, mobile_network_mode_setting_v3, mobile_data_on_v3, hotspot_on_v3, gps_on_v3, auto_data_sync_v3, sound_sdk3, vibrate_once, connect_url_sdk3, wifi_on_sdk3, lockscreen_shortcut_v3, launch_app_v3, launch_game_v3, samsung_health_during_exercise_v3, samsung_health_during_exercise_when_starting_v3, notification_with_keyword_v3, specify_wifi_v3, wifi_rssi_v3, specify_bluetooth_v3, specify_bluetooth_only_connected_v3, nfc_tagged_v3, airplane_mode_v3, specific_time_v3, time_v3, plugin_gps_location_v3, plugin_gps_location_only_arrived_v3, calling_v3, during_call_v3, connected_headset_v3, plugged_battery_v3, battery_condition_v3, dex_mode_on_v3, fold_state_v3, ringer_mode_v3, night_mode_v3, wifi_on_sdk3]
02-19 10:53:04.801  9312 10581 I Routine@Core[4.8.07.1]: RoutineDataMigrator: isAvailableToMigrate() newPackageName:com.samsung.android.app.routines, newTag:read_notifications, isAvailableToMigrate:true
02-19 10:53:04.801  9312 10581 I Routine@Core[4.8.07.1]: RoutineDataMigrator: isAvailableToMigrate() newPackageName:com.samsung.android.app.routines, newTag:flashlight, isAvailableToMigrate:true
02-19 10:53:04.801  9312 10581 I Routine@Core[4.8.07.1]: RoutineDataMigrator: isAvailableToMigrate() newPackageName:com.samsung.android.app.routines, newTag:message_received, isAvailableToMigrate:true
02-19 10:53:04.801  9312 10581 I Routine@Core[4.8.07.1]: RoutineDataMigrator: isAvailableToMigrate() newPackageName:com.samsung.android.app.routines, newTag:message_received, isAvailableToMigrate:true
02-19 10:53:04.801  9312 10581 I Routine@Core[4.8.07.1]: RoutineDataMigrator: isAvailableToMigrate() newPackageName:com.samsung.android.app.aodservice, newTag:aod_main_setting, isAvailableToMigrate:true
02-19 10:53:04.801  9312 10581 I Routine@Core[4.8.07.1]: RoutineDataMigrator: isAvailableToMigrate() newPackageName:com.android.settings, newTag:sec_eye_comfort_shield_routine, isAvailableToMigrate:true
02-19 10:53:04.801  9312 10581 I Routine@Core[4.8.07.1]: RoutineDataMigrator: isAvailableToMigrate() newPackageName:com.samsung.android.app.routines, newTag:control_smartthings_not_reversible, isAvailableToMigrate:true
02-19 10:53:04.801  9312 10581 I Routine@Core[4.8.07.1]: RoutineDataMigrator: isAvailableToMigrate() newPackageName:com.samsung.android.app.routines, newTag:control_smartthings_not_reversible, isAvailableToMigrate:true
02-19 10:53:04.801  9312 10581 I Routine@Core[4.8.07.1]: RoutineDataMigrator: isAvailableToMigrate() newPackageName:com.android.settings, newTag:accessibility_color_correction, isAvailableToMigrate:true
02-19 10:53:04.801  9312 10581 I Routine@Core[4.8.07.1]: RoutineDataMigrator: isAvailableToMigrate() newPackageName:com.samsung.android.lool, newTag:dc_power_mode_action, isAvailableToMigrate:true
02-19 10:53:04.801  9312 10581 I Routine@Core[4.8.07.1]: RoutineDataMigrator: isAvailableToMigrate() newPackageName:com.samsung.accessibility, newTag:accessibility_amplify_ambient_sound, isAvailableToMigrate:true
02-19 10:53:04.801  9312 10581 I Routine@Core[4.8.07.1]: RoutineDataMigrator: isAvailableToMigrate() newPackageName:com.android.settings, newTag:accessibility_camera_flash, isAvailableToMigrate:true
02-19 10:53:04.801  9312 10581 I Routine@Core[4.8.07.1]: RoutineDataMigrator: isAvailableToMigrate() newPackageName:com.android.settings, newTag:accessibility_color_correction, isAvailableToMigrate:true
02-19 10:53:04.801  9312 10581 I Routine@Core[4.8.07.1]: RoutineDataMigrator: isAvailableToMigrate() newPackageName:com.android.settings, newTag:accessibility_color_filter, isAvailableToMigrate:true
02-19 10:53:04.801  9312 10581 I Routine@Core[4.8.07.1]: RoutineDataMigrator: isAvailableToMigrate() newPackageName:com.android.settings, newTag:accessibility_color_inversion, isAvailableToMigrate:true
02-19 10:53:04.801  9312 10581 I Routine@Core[4.8.07.1]: RoutineDataMigrator: isAvailableToMigrate() newPackageName:com.android.settings, newTag:accessibility_extra_dim, isAvailableToMigrate:true
02-19 10:53:04.801  9312 10581 I Routine@Core[4.8.07.1]: RoutineDataMigrator: isAvailableToMigrate() newPackageName:com.android.settings, newTag:accessibility_live_caption, isAvailableToMigrate:true
02-19 10:53:04.801  9312 10581 I Routine@Core[4.8.07.1]: RoutineDataMigrator: isAvailableToMigrate() newPackageName:com.android.settings, newTag:accessibility_mono_audio, isAvailableToMigrate:true
02-19 10:53:04.801  9312 10581 I Routine@Core[4.8.07.1]: RoutineDataMigrator: isAvailableToMigrate() newPackageName:com.android.settings, newTag:accessibility_mute_all_sounds, isAvailableToMigrate:true
02-19 10:53:04.801  9312 10581 I Routine@Core[4.8.07.1]: RoutineDataMigrator: isAvailableToMigrate() newPackageName:com.android.settings, newTag:accessibility_screen_flash, isAvailableToMigrate:true
02-19 10:53:04.801  9312 10581 I Routine@Core[4.8.07.1]: RoutineDataMigrator: isAvailableToMigrate() newPackageName:com.android.settings, newTag:accessibility_sound_balance, isAvailableToMigrate:true
02-19 10:53:04.801  9312 10581 I Routine@Core[4.8.07.1]: RoutineDataMigrator: isAvailableToMigrate() newPackageName:com.samsung.android.waterplugin, newTag:watch_theater_mode, isAvailableToMigrate:false
02-19 10:53:04.801  9312 10581 I Routine@Core[4.8.07.1]: RoutineDataMigrator: isAvailableToMigrate() newPackageName:com.samsung.android.heartplugin, newTag:watch_theater_mode, isAvailableToMigrate:false
02-19 10:53:04.801  9312 10581 I Routine@Core[4.8.07.1]: RoutineDataMigrator: isAvailableToMigrate() newPackageName:com.samsung.android.lool, newTag:dc_enhanced_processing, isAvailableToMigrate:false
02-19 10:53:04.801  9312 10581 I Routine@Core[4.8.07.1]: RoutineDataMigrator: isAvailableToMigrate() newPackageName:com.samsung.android.lool, newTag:dc_fast_cable_charging, isAvailableToMigrate:true
02-19 10:53:04.801  9312 10581 I Routine@Core[4.8.07.1]: RoutineDataMigrator: isAvailableToMigrate() newPackageName:com.samsung.android.lool, newTag:dc_fast_wireless_charging, isAvailableToMigrate:true
02-19 10:53:04.801  9312 10581 I Routine@Core[4.8.07.1]: RoutineDataMigrator: isAvailableToMigrate() newPackageName:com.samsung.android.lool, newTag:dc_processing_speed, isAvailableToMigrate:false
02-19 10:53:04.802  9312 10581 I Routine@Core[4.8.07.1]: RoutineDataMigrator: isAvailableToMigrate() newPackageName:com.samsung.android.lool, newTag:dc_protect_battery, isAvailableToMigrate:true
02-19 10:53:04.802  9312 10581 I Routine@Core[4.8.07.1]: RoutineDataMigrator: isAvailableToMigrate() newPackageName:com.samsung.android.lool, newTag:dc_super_fast_cable_charging, isAvailableToMigrate:false
02-19 10:53:04.802  9312 10581 I Routine@Core[4.8.07.1]: RoutineDataMigrator: isAvailableToMigrate() newPackageName:com.samsung.android.sm_cn, newTag:dc_enhanced_processing, isAvailableToMigrate:false
02-19 10:53:04.802  9312 10581 I Routine@Core[4.8.07.1]: RoutineDataMigrator: isAvailableToMigrate() newPackageName:com.samsung.android.sm_cn, newTag:dc_fast_cable_charging, isAvailableToMigrate:false
02-19 10:53:04.802  9312 10581 I Routine@Core[4.8.07.1]: RoutineDataMigrator: isAvailableToMigrate() newPackageName:com.samsung.android.sm_cn, newTag:dc_fast_wireless_charging, isAvailableToMigrate:false
02-19 10:53:04.802  9312 10581 I Routine@Core[4.8.07.1]: RoutineDataMigrator: isAvailableToMigrate() newPackageName:com.samsung.android.sm_cn, newTag:dc_power_mode_action, isAvailableToMigrate:false
02-19 10:53:04.802  9312 10581 I Routine@Core[4.8.07.1]: RoutineDataMigrator: isAvailableToMigrate() newPackageName:com.samsung.android.sm_cn, newTag:dc_processing_speed, isAvailableToMigrate:false
02-19 10:53:04.802  9312 10581 I Routine@Core[4.8.07.1]: RoutineDataMigrator: isAvailableToMigrate() newPackageName:com.samsung.android.sm_cn, newTag:dc_protect_battery, isAvailableToMigrate:false
02-19 10:53:04.802  9312 10581 I Routine@Core[4.8.07.1]: RoutineDataMigrator: isAvailableToMigrate() newPackageName:com.samsung.android.sm_cn, newTag:dc_super_fast_cable_charging, isAvailableToMigrate:false
02-19 10:53:04.802  9312 10581 I Routine@Core[4.8.07.1]: RoutineDataMigrator: isAvailableToMigrate() newPackageName:com.samsung.android.app.dressroom, newTag:change_lock_screen_wallpaper_profile, isAvailableToMigrate:true
02-19 10:53:04.802  9312 10581 I Routine@Core[4.8.07.1]: RoutineDataMigrator: deprecateOldTag() should not deprecate oldTag(lockscreen_shortcut
02-19 10:53:04.802  9312 10581 I Routine@Core[4.8.07.1]: RoutineDataMigrator: isAvailableToMigrate() newPackageName:com.samsung.android.app.routines, newTag:nfc_on_off, isAvailableToMigrate:true
02-19 10:53:04.802  9312 10581 I Routine@Core[4.8.07.1]: RoutineDataMigrator: isAvailableToMigrate() newPackageName:com.sec.android.app.launcher, newTag:edge_panel, isAvailableToMigrate:false
02-19 10:53:04.802  9312 10581 I Routine@Core[4.8.07.1]: RoutineDataMigrator: isAvailableToMigrate() newPackageName:com.android.settings, newTag:as_dialing_keypad_tones, isAvailableToMigrate:true
02-19 10:53:04.802  9312 10581 I Routine@Core[4.8.07.1]: RoutineDataMigrator: isAvailableToMigrate() newPackageName:com.android.settings, newTag:as_keyboard_sound, isAvailableToMigrate:true
02-19 10:53:04.802  9312 10581 I Routine@Core[4.8.07.1]: RoutineDataMigrator: isAvailableToMigrate() newPackageName:com.android.settings, newTag:as_keyboard_vibration, isAvailableToMigrate:true
02-19 10:53:04.802  9312 10581 I Routine@Core[4.8.07.1]: RoutineDataMigrator: isAvailableToMigrate() newPackageName:com.android.settings, newTag:as_media_volume, isAvailableToMigrate:true
02-19 10:53:04.802  9312 10581 I Routine@Core[4.8.07.1]: RoutineDataMigrator: isAvailableToMigrate() newPackageName:com.android.settings, newTag:as_volume, isAvailableToMigrate:true
02-19 10:53:04.802  9312 10581 I Routine@Core[4.8.07.1]: RoutineDataMigrator: isAvailableToMigrate() newPackageName:com.sec.android.app.clockpackage, newTag:appfunction://com.sec.android.app.clockpackage.crossappactions#StopwatchCrossAppFunctions_startStopwatch, isAvailableToMigrate:false
02-19 10:53:04.802  9312 10581 I Routine@Core[4.8.07.1]: RoutineDataMigrator: isAvailableToMigrate() newPackageName:com.samsung.android.app.routines, newTag:vibrate_once, isAvailableToMigrate:true
02-19 10:53:04.802  9312 10581 I Routine@Core[4.8.07.1]: RoutineDataMigrator: isAvailableToMigrate() newPackageName:com.samsung.android.app.routineplus, newTag:custom_key_v3, isAvailableToMigrate:false
02-19 10:53:04.802  9312 10581 I Routine@Core[4.8.07.1]: RoutineDataMigrator: isAvailableToMigrate() newPackageName:com.samsung.android.service.aircommand, newTag:aircommand_open_with_pen, isAvailableToMigrate:true
02-19 10:53:04.802  9312 10581 I Routine@Core[4.8.07.1]: RoutineDataMigrator: deprecateOldTag() should not deprecate oldTag(aircommand_open_with_pen
02-19 10:53:04.802  9312 10581 I Routine@Core[4.8.07.1]: RoutineDataMigrator: isAvailableToMigrate() newPackageName:com.samsung.android.app.routines, newTag:text_to_speech, isAvailableToMigrate:true
02-19 10:53:04.802  9312 10581 I Routine@Core[4.8.07.1]: RoutineDataMigrator: isAvailableToMigrate() newPackageName:com.samsung.android.app.routines, newTag:unlock_with_finger_print, isAvailableToMigrate:true
02-19 10:53:04.802  9312 10581 I Routine@Core[4.8.07.1]: RoutineDataMigrator: isAvailableToMigrate() newPackageName:com.sec.android.app.launcher, newTag:edge_panel_routine_v3, isAvailableToMigrate:true
02-19 10:53:04.802  9312 10581 I Routine@Core[4.8.07.1]: RoutineDataMigrator: isAvailableToMigrate() newPackageName:com.sec.android.app.launcher, newTag:edge_panel_routine_v3, isAvailableToMigrate:true
02-19 10:53:04.802  9312 10581 I Routine@Core[4.8.07.1]: RoutineDataMigrator: isAvailableToMigrate() newPackageName:com.android.settings, newTag:data_saver_routine, isAvailableToMigrate:true
02-19 10:53:04.802  9312 10581 I Routine@Core[4.8.07.1]: RoutineDataMigrator: isAvailableToMigrate() newPackageName:com.samsung.android.app.routines, newTag:motion_smoothness_v3, isAvailableToMigrate:true
02-19 10:53:04.802  9312 10581 I Routine@Core[4.8.07.1]: RoutineDataMigrator: isAvailableToMigrate() newPackageName:com.samsung.android.app.routines, newTag:motion_smoothness_and_screen_resolution_v3, isAvailableToMigrate:false
02-19 10:53:04.802  9312 10581 I Routine@Core[4.8.07.1]: RoutineDataMigrator: isAvailableToMigrate() newPackageName:com.samsung.android.app.routines, newTag:cover_screen_motion_smoothness_v3, isAvailableToMigrate:false
02-19 10:53:04.802  9312 10581 I Routine@Core[4.8.07.1]: RoutineDataMigrator: isAvailableToMigrate() newPackageName:com.samsung.android.app.routines, newTag:brightness_v3, isAvailableToMigrate:true
02-19 10:53:04.802  9312 10581 I Routine@Core[4.8.07.1]: RoutineDataMigrator: isAvailableToMigrate() newPackageName:com.samsung.android.app.routines, newTag:font_size_v3, isAvailableToMigrate:true
02-19 10:53:04.802  9312 10581 I Routine@Core[4.8.07.1]: RoutineDataMigrator: isAvailableToMigrate() newPackageName:com.samsung.android.app.routines, newTag:screen_zoom_v3, isAvailableToMigrate:true
02-19 10:53:04.802  9312 10581 I Routine@Core[4.8.07.1]: RoutineDataMigrator: isAvailableToMigrate() newPackageName:com.samsung.android.app.routines, newTag:screen_layout_and_zoom_v3, isAvailableToMigrate:true
02-19 10:53:04.802  9312 10581 I Routine@Core[4.8.07.1]: RoutineDataMigrator: isAvailableToMigrate() newPackageName:com.samsung.android.app.routines, newTag:screen_resolution_v3, isAvailableToMigrate:true
02-19 10:53:04.802  9312 10581 I Routine@Core[4.8.07.1]: RoutineDataMigrator: isAvailableToMigrate() newPackageName:com.samsung.android.app.routines, newTag:screen_timeout_v3, isAvailableToMigrate:true
02-19 10:53:04.803  9312 10581 I Routine@Core[4.8.07.1]: RoutineDataMigrator: isAvailableToMigrate() newPackageName:com.samsung.android.app.routines, newTag:rotation_screen_v3, isAvailableToMigrate:true
02-19 10:53:04.803  9312 10581 I Routine@Core[4.8.07.1]: RoutineDataMigrator: isAvailableToMigrate() newPackageName:com.samsung.android.app.routines, newTag:multi_window_tray_v3, isAvailableToMigrate:true
02-19 10:53:04.803  9312 10581 I Routine@Core[4.8.07.1]: RoutineDataMigrator: isAvailableToMigrate() newPackageName:com.samsung.android.app.routines, newTag:dark_mode_v3, isAvailableToMigrate:true
02-19 10:53:04.803  9312 10581 I Routine@Core[4.8.07.1]: RoutineDataMigrator: isAvailableToMigrate() newPackageName:com.samsung.android.app.routines, newTag:bixby_text_command_v3, isAvailableToMigrate:true
02-19 10:53:04.803  9312 10581 I Routine@Core[4.8.07.1]: RoutineDataMigrator: isAvailableToMigrate() newPackageName:com.samsung.android.app.routines, newTag:bixby_quick_command_v3, isAvailableToMigrate:false
02-19 10:53:04.803  9312 10581 I Routine@Core[4.8.07.1]: RoutineDataMigrator: isAvailableToMigrate() newPackageName:com.samsung.android.app.routines, newTag:bixby_voice_wake_up_v3, isAvailableToMigrate:true
02-19 10:53:04.803  9312 10581 I Routine@Core[4.8.07.1]: RoutineDataMigrator: isAvailableToMigrate() newPackageName:com.samsung.android.app.routines, newTag:spotify_playlist_v3, isAvailableToMigrate:false
02-19 10:53:04.803  9312 10581 I Routine@Core[4.8.07.1]: RoutineDataMigrator: isAvailableToMigrate() newPackageName:com.samsung.android.app.routines, newTag:play_media_v3, isAvailableToMigrate:true
02-19 10:53:04.803  9312 10581 I Routine@Core[4.8.07.1]: RoutineDataMigrator: isAvailableToMigrate() newPackageName:com.samsung.android.app.routines, newTag:launch_app_v3, isAvailableToMigrate:true
02-19 10:53:04.803  9312 10581 I Routine@Core[4.8.07.1]: RoutineDataMigrator: isAvailableToMigrate() newPackageName:com.samsung.android.app.routines, newTag:close_app_v3, isAvailableToMigrate:true
02-19 10:53:04.803  9312 10581 I Routine@Core[4.8.07.1]: RoutineDataMigrator: isAvailableToMigrate() newPackageName:com.samsung.android.app.routines, newTag:separate_app_sound_v3, isAvailableToMigrate:true
02-19 10:53:04.803  9312 10581 I Routine@Core[4.8.07.1]: RoutineDataMigrator: isAvailableToMigrate() newPackageName:com.samsung.android.app.routines, newTag:dnd_mode_on_v3, isAvailableToMigrate:true
02-19 10:53:04.803  9312 10581 I Routine@Core[4.8.07.1]: RoutineDataMigrator: isAvailableToMigrate() newPackageName:com.samsung.android.app.routines, newTag:custom_notification_v3, isAvailableToMigrate:true
02-19 10:53:04.803  9312 10581 I Routine@Core[4.8.07.1]: RoutineDataMigrator: isAvailableToMigrate() newPackageName:com.samsung.android.app.routines, newTag:hard_key_v3, isAvailableToMigrate:true
02-19 10:53:04.803  9312 10581 I Routine@Core[4.8.07.1]: RoutineDataMigrator: isAvailableToMigrate() newPackageName:com.samsung.android.app.routines, newTag:quick_decline_message_v3, isAvailableToMigrate:true
02-19 10:53:04.803  9312 10581 I Routine@Core[4.8.07.1]: RoutineDataMigrator: isAvailableToMigrate() newPackageName:com.samsung.android.app.routines, newTag:quick_decline_message_v3, isAvailableToMigrate:true
02-19 10:53:04.803  9312 10581 I Routine@Core[4.8.07.1]: RoutineDataMigrator: isAvailableToMigrate() newPackageName:com.samsung.android.app.routines, newTag:video_enhancer_v3, isAvailableToMigrate:true
02-19 10:53:04.803  9312 10581 I Routine@Core[4.8.07.1]: RoutineDataMigrator: isAvailableToMigrate() newPackageName:com.samsung.android.app.routines, newTag:bluetooth_on_v3, isAvailableToMigrate:true
02-19 10:53:04.803  9312 10581 I Routine@Core[4.8.07.1]: RoutineDataMigrator: isAvailableToMigrate() newPackageName:com.samsung.android.app.routines, newTag:instant_session_v3, isAvailableToMigrate:true
02-19 10:53:04.803  9312 10581 I Routine@Core[4.8.07.1]: RoutineDataMigrator: isAvailableToMigrate() newPackageName:com.samsung.android.app.routines, newTag:airplane_mode_on_v3, isAvailableToMigrate:true
02-19 10:53:04.803  9312 10581 I Routine@Core[4.8.07.1]: RoutineDataMigrator: isAvailableToMigrate() newPackageName:com.samsung.android.app.routines, newTag:mobile_network_mode_setting_v3, isAvailableToMigrate:true
02-19 10:53:04.803  9312 10581 I Routine@Core[4.8.07.1]: RoutineDataMigrator: isAvailableToMigrate() newPackageName:com.samsung.android.app.routines, newTag:mobile_data_on_v3, isAvailableToMigrate:true
02-19 10:53:04.803  9312 10581 I Routine@Core[4.8.07.1]: RoutineDataMigrator: isAvailableToMigrate() newPackageName:com.samsung.android.app.routines, newTag:hotspot_on_v3, isAvailableToMigrate:true
02-19 10:53:04.803  9312 10581 I Routine@Core[4.8.07.1]: RoutineDataMigrator: isAvailableToMigrate() newPackageName:com.samsung.android.app.routines, newTag:gps_on_v3, isAvailableToMigrate:true
02-19 10:53:04.803  9312 10581 I Routine@Core[4.8.07.1]: RoutineDataMigrator: isAvailableToMigrate() newPackageName:com.samsung.android.app.routines, newTag:auto_data_sync_v3, isAvailableToMigrate:true
02-19 10:53:04.803  9312 10581 I Routine@Core[4.8.07.1]: RoutineDataMigrator: isAvailableToMigrate() newPackageName:com.samsung.android.app.routines, newTag:sound_sdk3, isAvailableToMigrate:true
02-19 10:53:04.803  9312 10581 I Routine@Core[4.8.07.1]: RoutineDataMigrator: isAvailableToMigrate() newPackageName:com.samsung.android.app.routines, newTag:vibrate_once, isAvailableToMigrate:true
02-19 10:53:04.803  9312 10581 I Routine@Core[4.8.07.1]: RoutineDataMigrator: isAvailableToMigrate() newPackageName:com.samsung.android.app.routines, newTag:connect_url_sdk3, isAvailableToMigrate:true
02-19 10:53:04.803  9312 10581 I Routine@Core[4.8.07.1]: RoutineDataMigrator: isAvailableToMigrate() newPackageName:com.samsung.android.app.routines, newTag:wifi_on_sdk3, isAvailableToMigrate:true
02-19 10:53:04.803  9312 10581 I Routine@Core[4.8.07.1]: RoutineDataMigrator: isAvailableToMigrate() newPackageName:com.samsung.android.app.routines, newTag:lockscreen_shortcut_v3, isAvailableToMigrate:true
02-19 10:53:04.803  9312 10581 I Routine@Core[4.8.07.1]: RoutineDataMigrator: isAvailableToMigrate() newPackageName:com.samsung.android.app.routines, newTag:launch_app_v3, isAvailableToMigrate:true
02-19 10:53:04.803  9312 10581 I Routine@Core[4.8.07.1]: RoutineDataMigrator: isAvailableToMigrate() newPackageName:com.samsung.android.app.routines, newTag:launch_game_v3, isAvailableToMigrate:true
02-19 10:53:04.803  9312 10581 I Routine@Core[4.8.07.1]: RoutineDataMigrator: isAvailableToMigrate() newPackageName:com.samsung.android.app.routines, newTag:samsung_health_during_exercise_v3, isAvailableToMigrate:false
02-19 10:53:04.803  9312 10581 I Routine@Core[4.8.07.1]: RoutineDataMigrator: isAvailableToMigrate() newPackageName:com.samsung.android.app.routines, newTag:samsung_health_during_exercise_when_starting_v3, isAvailableToMigrate:false
02-19 10:53:04.803  9312 10581 I Routine@Core[4.8.07.1]: RoutineDataMigrator: isAvailableToMigrate() newPackageName:com.samsung.android.app.routines, newTag:notification_with_keyword_v3, isAvailableToMigrate:true
02-19 10:53:04.803  9312 10581 I Routine@Core[4.8.07.1]: RoutineDataMigrator: isAvailableToMigrate() newPackageName:com.samsung.android.app.routines, newTag:specify_wifi_v3, isAvailableToMigrate:true
02-19 10:53:04.803  9312 10581 I Routine@Core[4.8.07.1]: RoutineDataMigrator: isAvailableToMigrate() newPackageName:com.samsung.android.app.routines, newTag:wifi_rssi_v3, isAvailableToMigrate:true
02-19 10:53:04.803  9312 10581 I Routine@Core[4.8.07.1]: RoutineDataMigrator: isAvailableToMigrate() newPackageName:com.samsung.android.app.routines, newTag:specify_bluetooth_v3, isAvailableToMigrate:true
02-19 10:53:04.803  9312 10581 I Routine@Core[4.8.07.1]: RoutineDataMigrator: isAvailableToMigrate() newPackageName:com.samsung.android.app.routines, newTag:specify_bluetooth_only_connected_v3, isAvailableToMigrate:true
02-19 10:53:04.803  9312 10581 I Routine@Core[4.8.07.1]: RoutineDataMigrator: isAvailableToMigrate() newPackageName:com.samsung.android.app.routines, newTag:nfc_tagged_v3, isAvailableToMigrate:true
02-19 10:53:04.804  9312 10581 I Routine@Core[4.8.07.1]: RoutineDataMigrator: isAvailableToMigrate() newPackageName:com.samsung.android.app.routines, newTag:airplane_mode_v3, isAvailableToMigrate:true
02-19 10:53:04.804  9312 10581 I Routine@Core[4.8.07.1]: RoutineDataMigrator: isAvailableToMigrate() newPackageName:com.samsung.android.app.routines, newTag:specific_time_v3, isAvailableToMigrate:true
02-19 10:53:04.804  9312 10581 I Routine@Core[4.8.07.1]: RoutineDataMigrator: isAvailableToMigrate() newPackageName:com.samsung.android.app.routines, newTag:time_v3, isAvailableToMigrate:true
02-19 10:53:04.804  9312 10581 I Routine@Core[4.8.07.1]: RoutineDataMigrator: isAvailableToMigrate() newPackageName:com.samsung.android.app.routines, newTag:plugin_gps_location_v3, isAvailableToMigrate:true
02-19 10:53:04.804  9312 10581 I Routine@Core[4.8.07.1]: RoutineDataMigrator: isAvailableToMigrate() newPackageName:com.samsung.android.app.routines, newTag:plugin_gps_location_only_arrived_v3, isAvailableToMigrate:false
02-19 10:53:04.804  9312 10581 I Routine@Core[4.8.07.1]: RoutineDataMigrator: isAvailableToMigrate() newPackageName:com.samsung.android.app.routines, newTag:calling_v3, isAvailableToMigrate:true
02-19 10:53:04.804  9312 10581 I Routine@Core[4.8.07.1]: RoutineDataMigrator: isAvailableToMigrate() newPackageName:com.samsung.android.app.routines, newTag:during_call_v3, isAvailableToMigrate:true
02-19 10:53:04.804  9312 10581 I Routine@Core[4.8.07.1]: RoutineDataMigrator: isAvailableToMigrate() newPackageName:com.samsung.android.app.routines, newTag:connected_headset_v3, isAvailableToMigrate:true
02-19 10:53:04.804  9312 10581 I Routine@Core[4.8.07.1]: RoutineDataMigrator: isAvailableToMigrate() newPackageName:com.samsung.android.app.routines, newTag:plugged_battery_v3, isAvailableToMigrate:true
02-19 10:53:04.804  9312 10581 I Routine@Core[4.8.07.1]: RoutineDataMigrator: isAvailableToMigrate() newPackageName:com.samsung.android.app.routines, newTag:battery_condition_v3, isAvailableToMigrate:true
02-19 10:53:04.804  9312 10581 I Routine@Core[4.8.07.1]: RoutineDataMigrator: isAvailableToMigrate() newPackageName:com.samsung.android.app.routines, newTag:dex_mode_on_v3, isAvailableToMigrate:true
02-19 10:53:04.804  9312 10581 I Routine@Core[4.8.07.1]: RoutineDataMigrator: isAvailableToMigrate() newPackageName:com.samsung.android.app.routines, newTag:fold_state_v3, isAvailableToMigrate:false
02-19 10:53:04.804  9312 10581 I Routine@Core[4.8.07.1]: RoutineDataMigrator: isAvailableToMigrate() newPackageName:com.samsung.android.app.routines, newTag:ringer_mode_v3, isAvailableToMigrate:true
02-19 10:53:04.804  9312 10581 I Routine@Core[4.8.07.1]: RoutineDataMigrator: isAvailableToMigrate() newPackageName:com.samsung.android.app.routines, newTag:night_mode_v3, isAvailableToMigrate:true
02-19 10:53:04.804  9312 10581 I Routine@Core[4.8.07.1]: RoutineDataMigrator: isAvailableToMigrate() newPackageName:com.samsung.android.app.routines, newTag:wifi_on_sdk3, isAvailableToMigrate:true
02-19 10:53:04.804  9312 10581 I Routine@Core[4.8.07.1]: RoutineDataMigrator: isAvailableToMigrate() newPackageName:com.samsung.android.app.routines, newTag:show_action_list, isAvailableToMigrate:true
02-19 10:53:04.804  9312 10581 I Routine@Core[4.8.07.1]: RoutineDataMigrator: deprecateOldTag() should not deprecate oldTag(show_action_list
02-19 10:53:04.804  9312 10581 I Routine@Core[4.8.07.1]: RoutineDataMigrator: migration - end, results = []
02-19 10:53:04.805  9312  9464 I Routine@Core[4.8.07.1]: WatchMetaUpdateRequester: asyncRequestUpdateMetaToWatch
02-19 10:53:04.805  9312 10581 I Routine@Core[4.8.07.1]: Pref: removeSharedPrefsData() key=meta_loading_target_package_name
02-19 10:53:04.805  9312  9464 I Routine@Core[4.8.07.1]: GooglePlayServiceChecker: isPackageEnabled: com.google.android.gms - result(true)
02-19 10:53:04.806  9312  9392 I Routine@Core[4.8.07.1]: ModeOrderObserver: ModeOrderObserver:onChange: uri content://com.samsung.android.app.routines.routineprovider/preference
02-19 10:53:04.810  9312  9392 I Routine@Core[4.8.07.1]: ModesOrderManager: getOrderOrDefault: uuid(100)
02-19 10:53:04.810 10219 10250 I Finsky  : [5034] Current account updated in PVS
02-19 10:53:04.812  9312 10543 I Routine@Core[4.8.07.1]: MetadataSyncHistory: isMetaDataSyncedWithVersion: latest=57a517b581897a49339dfcbed955bdbd3790d88d, currentVersion=57a517b581897a49339dfcbed955bdbd3790d88d
02-19 10:53:04.815  9312  9392 I Routine@Core[4.8.07.1]: ModesOrderManager: initializeIfNeeded: initialize
02-19 10:53:04.815  9312  9392 I Routine@Core[4.8.07.1]: ModesOrderManager: isAllModesOrderExist: true
02-19 10:53:04.818  9312  9392 I Routine@Core[4.8.07.1]: ModesOrderManager: removeNotRequiredOrders: uuidsToBeDeleted([])
02-19 10:53:04.818  9312  9392 I Routine@Core[4.8.07.1]: ModesOrderManager: getOrder: uuid(100) -> order(999)
02-19 10:53:04.819  9312  9392 I Routine@Core[4.8.07.1]: ModeListHolder: update: size(1) updated(2026/02/19 10:53:04) [ModeMeta(id=1, uuid=100, iconResourceId=2131231139, iconStatusResourceId=2131231656, displayName=Sleep, isRunning=false, runningReason=, runningReasonCondition=, isSet=true, isDeleted=false, detailRunningReason=null, order=999, toggleTime=1753413720048)]
02-19 10:53:04.822  9312  9312 I Routine@Core[4.8.07.1]: Pref: putSharedPrefsData: key=routine_meta_data_loading_statue, data.size=8
02-19 10:53:04.824  9312 10543 I Routine@Core[4.8.07.1]: MetadataSyncHistory: isMetaDataSyncedWithVersion: latest=57a517b581897a49339dfcbed955bdbd3790d88d, currentVersion=57a517b581897a49339dfcbed955bdbd3790d88d
02-19 10:53:04.827  5356  5356 D WearableService: Creating wearable service asynchronously.
02-19 10:53:04.829  9312  9312 I Routine@Core[4.8.07.1]: DatabaseJobIntentService: Stop no more task
02-19 10:53:04.830  9312  9312 I Routine@Core[4.8.07.1]: MetadataLoaderJobService: metadataLoadingCompleted: collectPackageInBG - com.sikwin.app
02-19 10:53:04.831  9312  9312 I Routine@Core[4.8.07.1]: MetadataSyncHistory: isMetaDataSyncedWithVersion: latest=57a517b581897a49339dfcbed955bdbd3790d88d, currentVersion=57a517b581897a49339dfcbed955bdbd3790d88d
02-19 10:53:04.832  9312  9312 I Routine@Core[4.8.07.1]: RoutineService: onCreate
02-19 10:53:04.832  9312  9312 I Routine@Core[4.8.07.1]: RoutineService: onStartCommand: com.samsung.android.app.routine.ACTION_METADATA_LOADING_COMPLETE
02-19 10:53:04.832  9312  9312 I Routine@Core[4.8.07.1]: RoutineService: onMetadataLoadingCompleted
02-19 10:53:04.835  9312  9312 I Routine@Core[4.8.07.1]: SleepScheduleInfoRequester: getMigrationDataAboutSleepSchedule
02-19 10:53:04.835  2557  6898 D CompatChangeReporter: Compat change id reported: 151861875; UID 10333; state: ENABLED
02-19 10:53:04.836  2557  6898 V GrammaticalInflectionUtils: AttributionSource: AttributionSource { uid = 10333, packageName = null, attributionTag = null, token = android.os.Binder@230917a, deviceId = 0, next = null } does not have READ_SYSTEM_GRAMMATICAL_GENDER permission.
02-19 10:53:04.837  5356 18666 D WearableService: onGetService: waiting for onCreate to be completed.
02-19 10:53:04.838 10219 10249 I Finsky  : [5033] Current account updated in PVS
02-19 10:53:04.839  5508  5508 D BoundBrokerSvc: onBind: Intent { act=com.google.android.gms.feedback.internal.IFeedbackService dat=chimera-action:/... cmp=com.google.android.gms/.chimera.GmsBoundBrokerService }
02-19 10:53:04.839  5508  5508 D BoundBrokerSvc: Loading bound service for intent: Intent { act=com.google.android.gms.feedback.internal.IFeedbackService dat=chimera-action:/... cmp=com.google.android.gms/.chimera.GmsBoundBrokerService }
02-19 10:53:04.840  2557  2743 I system_server: Background concurrent mark compact GC freed 80MB AllocSpace bytes, 138(5236KB) LOS objects, 24% free, 146MB/194MB, paused 2.351ms,7.706ms total 487.418ms
02-19 10:53:04.840 10219 10244 I Finsky  : [5029] Current account updated in PVS
02-19 10:53:04.842  5356  5465 I Wear_Controller: Wearable module requires a companion app to be installed.
02-19 10:53:04.842  5356  5465 I WearableService: onCreate: Wearable Services not starting. Wear is not available on this device.
02-19 10:53:04.842  5356 18666 W WearableService: onGetService: Wear is not available on this device.
02-19 10:53:04.843 10219 10219 I Finsky  : [2] setup::RES: shouldRecoverRestoredPackages: versionCodeSystem 84352630
02-19 10:53:04.843  5508  5609 I Icing   : IndexChimeraService.getServiceInterface callingPackage=com.google.android.gms componentName=AppsCorpus serviceId=36
02-19 10:53:04.845  9312  9464 E Routine@Core[4.8.07.1]: WearNodeHelper: getConnectedNearlyNodes: ExecutionException - java.util.concurrent.ExecutionException: com.google.android.gms.common.api.ApiException: 17: API: Wearable.API is not available on this device. Connection failed with: ConnectionResult{statusCode=API_UNAVAILABLE, resolution=null, message=null}
02-19 10:53:04.845 10219 10219 I Finsky  : [2] Detected restoreservicev2://recovery not needed, will not run
02-19 10:53:04.845  1478  1478 D Zygote  : Forked child process 10685
02-19 10:53:04.845  2557  2934 I ActivityManager: Start proc 10685:com.sec.android.app.clockpackage/u0a333 for content provider {com.sec.android.app.clockpackage/com.sec.android.app.clockpackage.alarm.model.AlarmProvider}
02-19 10:53:04.846  2557  2745 W system_server: ApkAssets: Deleting an ApkAssets object '<empty> and /data/app/~~h-Ai04w9dMhr5uli55Jspw==/com.sikwin.app-C8GL0EvMQNWqCRYGlqr-2w==/base.apk' with 1 weak references
02-19 10:53:04.847  2557  2745 W System  : A resource failed to call HardwareBuffer.close. 
02-19 10:53:04.847  2557  2745 W system_server: ApkAssets: Deleting an ApkAssets object '<empty> and /data/app/~~lKF5m03LAHzVtb6eNtOZ2g==/com.google.android.gms-wI51HYMODXB8wNITY0VWBg==/base.apk' with 2 weak references
02-19 10:53:04.847  2557  2745 W system_server: ApkAssets: Deleting an ApkAssets object '<empty> and /data/app/~~lKF5m03LAHzVtb6eNtOZ2g==/com.google.android.gms-wI51HYMODXB8wNITY0VWBg==/split_AdsDynamite_installtime.apk' with 2 weak references
02-19 10:53:04.847  2557  2745 W system_server: ApkAssets: Deleting an ApkAssets object '<empty> and /data/app/~~lKF5m03LAHzVtb6eNtOZ2g==/com.google.android.gms-wI51HYMODXB8wNITY0VWBg==/split_CronetDynamite_installtime.apk' with 2 weak references
02-19 10:53:04.847  2557  2745 W system_server: ApkAssets: Deleting an ApkAssets object '<empty> and /data/app/~~lKF5m03LAHzVtb6eNtOZ2g==/com.google.android.gms-wI51HYMODXB8wNITY0VWBg==/split_DynamiteLoader_installtime.apk' with 2 weak references
02-19 10:53:04.847  2557  2745 W system_server: ApkAssets: Deleting an ApkAssets object '<empty> and /data/app/~~lKF5m03LAHzVtb6eNtOZ2g==/com.google.android.gms-wI51HYMODXB8wNITY0VWBg==/split_DynamiteModulesA_installtime.apk' with 2 weak references
02-19 10:53:04.847  2557  2745 W system_server: ApkAssets: Deleting an ApkAssets object '<empty> and /data/app/~~lKF5m03LAHzVtb6eNtOZ2g==/com.google.android.gms-wI51HYMODXB8wNITY0VWBg==/split_DynamiteModulesC_installtime.apk' with 2 weak references
02-19 10:53:04.848  2557  2745 W system_server: ApkAssets: Deleting an ApkAssets object '<empty> and /data/app/~~lKF5m03LAHzVtb6eNtOZ2g==/com.google.android.gms-wI51HYMODXB8wNITY0VWBg==/split_GoogleCertificates_installtime.apk' with 2 weak references
02-19 10:53:04.848  2557  2745 W system_server: ApkAssets: Deleting an ApkAssets object '<empty> and /data/app/~~lKF5m03LAHzVtb6eNtOZ2g==/com.google.android.gms-wI51HYMODXB8wNITY0VWBg==/split_MapsDynamite_installtime.apk' with 2 weak references
02-19 10:53:04.848  2557  2745 W system_server: ApkAssets: Deleting an ApkAssets object '<empty> and /data/app/~~lKF5m03LAHzVtb6eNtOZ2g==/com.google.android.gms-wI51HYMODXB8wNITY0VWBg==/split_MeasurementDynamite_installtime.apk' with 2 weak references
02-19 10:53:04.848  2557  2745 W system_server: ApkAssets: Deleting an ApkAssets object '<empty> and /data/app/~~lKF5m03LAHzVtb6eNtOZ2g==/com.google.android.gms-wI51HYMODXB8wNITY0VWBg==/split_config.en.apk' with 2 weak references
