02-19 10:53:04.848  2557  2745 W system_server: ApkAssets: Deleting an ApkAssets object '<empty> and /data/app/~~lKF5m03LAHzVtb6eNtOZ2g==/com.google.android.gms-wI51HYMODXB8wNITY0VWBg==/split_config.xxhdpi.apk' with 2 weak references
02-19 10:53:04.848  2557  2745 W system_server: ApkAssets: Deleting an ApkAssets object '/product/overlay/GmsQSfastpairOverlay.apk' with 1 weak references
02-19 10:53:04.848  2557  2745 W system_server: ApkAssets: Deleting an ApkAssets object '<empty> and /data/app/~~rdco5neLIugNIiw-5KgI1Q==/com.samsung.knox.securefolder-5vntmj9g38vA1fgszSSL3A==/base.apk' with 1 weak references
02-19 10:53:04.848  2557  2745 W System  : A resource failed to call close. 
02-19 10:53:04.848 13040 13064 I SemPersonaManager: START getContainerName packageName = null, className = null, userId = 150
02-19 10:53:04.849  2557  2745 W system_server: ApkAssets: Deleting an ApkAssets object '<empty> and /system/priv-app/InputDevices/InputDevices.apk' with 1 weak references
02-19 10:53:04.849  2557  2745 W system_server: ApkAssets: Deleting an ApkAssets object '<empty> and /data/app/~~qijHQPnAfLBUOqHxndo9eg==/com.google.android.tts-240TDcVRMHRQnuI63YevvQ==/base.apk' with 1 weak references
02-19 10:53:04.849 13040 13064 I SemPersonaManager: END getContainerName packageName
02-19 10:53:04.849  2557  2745 W system_server: ApkAssets: Deleting an ApkAssets object '<empty> and /data/app/~~qijHQPnAfLBUOqHxndo9eg==/com.google.android.tts-240TDcVRMHRQnuI63YevvQ==/split_config.arm64_v8a.apk' with 1 weak references
02-19 10:53:04.849  2557  2745 W system_server: ApkAssets: Deleting an ApkAssets object '<empty> and /data/app/~~qijHQPnAfLBUOqHxndo9eg==/com.google.android.tts-240TDcVRMHRQnuI63YevvQ==/split_config.en.apk' with 1 weak references
02-19 10:53:04.849  2557  2745 W system_server: ApkAssets: Deleting an ApkAssets object '<empty> and /data/app/~~qijHQPnAfLBUOqHxndo9eg==/com.google.android.tts-240TDcVRMHRQnuI63YevvQ==/split_config.xxhdpi.apk' with 1 weak references
02-19 10:53:04.849  2557  2745 W system_server: ApkAssets: Deleting an ApkAssets object '<empty> and /system/priv-app/TalkbackSE/TalkbackSE.apk' with 1 weak references
02-19 10:53:04.850  2557  2745 W system_server: ApkAssets: Deleting an ApkAssets object '<empty> and /data/app/~~Fw6IiwLOm5ae0cvWI0MyvQ==/com.samsung.android.honeyboard-Mw6F0ea1e92tQyKymHRI0Q==/base.apk' with 1 weak references
02-19 10:53:04.850  2557  2745 W system_server: ApkAssets: Deleting an ApkAssets object '<empty> and /data/app/~~OW329MlqqZrgX9Io6D_Nrw==/com.touchtype.swiftkey-232Qx3rUzH-GdBJ9tUcuoA==/base.apk' with 1 weak references
02-19 10:53:04.850  2557  2745 W system_server: ApkAssets: Deleting an ApkAssets object '<empty> and /data/app/~~OW329MlqqZrgX9Io6D_Nrw==/com.touchtype.swiftkey-232Qx3rUzH-GdBJ9tUcuoA==/split_FederatedComputationCore.apk' with 1 weak references
02-19 10:53:04.850  2557  2745 W system_server: ApkAssets: Deleting an ApkAssets object '<empty> and /data/app/~~OW329MlqqZrgX9Io6D_Nrw==/com.touchtype.swiftkey-232Qx3rUzH-GdBJ9tUcuoA==/split_LanguagesBundled.apk' with 1 weak references
02-19 10:53:04.850  2557  2745 W system_server: ApkAssets: Deleting an ApkAssets object '<empty> and /data/app/~~OW329MlqqZrgX9Io6D_Nrw==/com.touchtype.swiftkey-232Qx3rUzH-GdBJ9tUcuoA==/split_LanguagesBundled.config.en.apk' with 1 weak references
02-19 10:53:04.850  2557  2745 W system_server: ApkAssets: Deleting an ApkAssets object '<empty> and /data/app/~~OW329MlqqZrgX9Io6D_Nrw==/com.touchtype.swiftkey-232Qx3rUzH-GdBJ9tUcuoA==/split_config.arm64_v8a.apk' with 1 weak references
02-19 10:53:04.850  2557  2745 W system_server: ApkAssets: Deleting an ApkAssets object '<empty> and /data/app/~~OW329MlqqZrgX9Io6D_Nrw==/com.touchtype.swiftkey-232Qx3rUzH-GdBJ9tUcuoA==/split_config.en.apk' with 1 weak references
02-19 10:53:04.850  2557  2745 W system_server: ApkAssets: Deleting an ApkAssets object '<empty> and /data/app/~~OW329MlqqZrgX9Io6D_Nrw==/com.touchtype.swiftkey-232Qx3rUzH-GdBJ9tUcuoA==/split_config.xxhdpi.apk' with 1 weak references
02-19 10:53:04.850  2557  2745 W system_server: ApkAssets: Deleting an ApkAssets object '<empty> and /data/app/~~6lnb0UnexJtSrotX-itirg==/com.snapchat.android-7PbfBYZwSskH0BA21FLSFQ==/base.apk' with 1 weak references
02-19 10:53:04.850  2557  2745 W system_server: ApkAssets: Deleting an ApkAssets object '<empty> and /data/app/~~6lnb0UnexJtSrotX-itirg==/com.snapchat.android-7PbfBYZwSskH0BA21FLSFQ==/split_bloops_dynamic_sdk.apk' with 1 weak references
02-19 10:53:04.850  2557  2745 W system_server: ApkAssets: Deleting an ApkAssets object '<empty> and /data/app/~~6lnb0UnexJtSrotX-itirg==/com.snapchat.android-7PbfBYZwSskH0BA21FLSFQ==/split_bloops_dynamic_sdk.config.arm64_v8a.apk' with 1 weak references
02-19 10:53:04.850  2557  2745 W system_server: ApkAssets: Deleting an ApkAssets object '<empty> and /data/app/~~6lnb0UnexJtSrotX-itirg==/com.snapchat.android-7PbfBYZwSskH0BA21FLSFQ==/split_config.arm64_v8a.apk' with 1 weak references
02-19 10:53:04.850  2557  2745 W system_server: ApkAssets: Deleting an ApkAssets object '<empty> and /data/app/~~6lnb0UnexJtSrotX-itirg==/com.snapchat.android-7PbfBYZwSskH0BA21FLSFQ==/split_config.en.apk' with 1 weak references
02-19 10:53:04.850  2557  2745 W system_server: ApkAssets: Deleting an ApkAssets object '<empty> and /data/app/~~6lnb0UnexJtSrotX-itirg==/com.snapchat.android-7PbfBYZwSskH0BA21FLSFQ==/split_config.xxhdpi.apk' with 1 weak references
02-19 10:53:04.851  2557  2745 W system_server: ApkAssets: Deleting an ApkAssets object '<empty> and /data/app/~~FJsrjKT19NdgrscKSHpCVg==/com.microsoft.appmanager-bG9SExBINrNtEx-tUdUKEw==/base.apk' with 1 weak references
02-19 10:53:04.851  2557  2745 W system_server: ApkAssets: Deleting an ApkAssets object '<empty> and /system/priv-app/Accessibility/Accessibility.apk' with 1 weak references
02-19 10:53:04.851  2557  2745 W system_server: ApkAssets: Deleting an ApkAssets object '<empty> and /data/app/~~F0En88wdNMdHjtFtdBhqhg==/com.anydesk.adcontrol.ad1-iIT_ztBTLAf3RKkDqL902w==/base.apk' with 1 weak references
02-19 10:53:04.851  2557  2745 W system_server: ApkAssets: Deleting an ApkAssets object '<empty> and /data/app/~~F0En88wdNMdHjtFtdBhqhg==/com.anydesk.adcontrol.ad1-iIT_ztBTLAf3RKkDqL902w==/split_config.bn.apk' with 1 weak references
02-19 10:53:04.851  2557  2745 W system_server: ApkAssets: Deleting an ApkAssets object '<empty> and /data/app/~~F0En88wdNMdHjtFtdBhqhg==/com.anydesk.adcontrol.ad1-iIT_ztBTLAf3RKkDqL902w==/split_config.en.apk' with 1 weak references
02-19 10:53:04.851  2557  2745 W system_server: ApkAssets: Deleting an ApkAssets object '<empty> and /data/app/~~F0En88wdNMdHjtFtdBhqhg==/com.anydesk.adcontrol.ad1-iIT_ztBTLAf3RKkDqL902w==/split_config.gu.apk' with 1 weak references
02-19 10:53:04.851  2557  2745 W system_server: ApkAssets: Deleting an ApkAssets object '<empty> and /data/app/~~F0En88wdNMdHjtFtdBhqhg==/com.anydesk.adcontrol.ad1-iIT_ztBTLAf3RKkDqL902w==/split_config.hi.apk' with 1 weak references
02-19 10:53:04.851  2557  2745 W system_server: ApkAssets: Deleting an ApkAssets object '<empty> and /data/app/~~F0En88wdNMdHjtFtdBhqhg==/com.anydesk.adcontrol.ad1-iIT_ztBTLAf3RKkDqL902w==/split_config.kn.apk' with 1 weak references
02-19 10:53:04.851  2557  2745 W system_server: ApkAssets: Deleting an ApkAssets object '<empty> and /data/app/~~F0En88wdNMdHjtFtdBhqhg==/com.anydesk.adcontrol.ad1-iIT_ztBTLAf3RKkDqL902w==/split_config.mr.apk' with 1 weak references
02-19 10:53:04.851  2557  2745 W system_server: ApkAssets: Deleting an ApkAssets object '<empty> and /data/app/~~F0En88wdNMdHjtFtdBhqhg==/com.anydesk.adcontrol.ad1-iIT_ztBTLAf3RKkDqL902w==/split_config.ta.apk' with 1 weak references
02-19 10:53:04.851 10219 10249 I Finsky  : [5033] Current account updated in PVS
02-19 10:53:04.851  2557  2745 W system_server: ApkAssets: Deleting an ApkAssets object '<empty> and /data/app/~~F0En88wdNMdHjtFtdBhqhg==/com.anydesk.adcontrol.ad1-iIT_ztBTLAf3RKkDqL902w==/split_config.te.apk' with 1 weak references
02-19 10:53:04.851  2557  2745 W system_server: ApkAssets: Deleting an ApkAssets object '<empty> and /data/app/~~F0En88wdNMdHjtFtdBhqhg==/com.anydesk.adcontrol.ad1-iIT_ztBTLAf3RKkDqL902w==/split_config.xxhdpi.apk' with 1 weak references
02-19 10:53:04.851  2557  2745 W system_server: ApkAssets: Deleting an ApkAssets object '<empty> and /system/priv-app/SecSettings/SecSettings.apk' with 2 weak references
02-19 10:53:04.852  2557  2745 W system_server: ApkAssets: Deleting an ApkAssets object '<empty> and /data/app/~~vUZHfJA8TCat1UWldR4fiQ==/com.google.audio.hearing.visualization.accessibility.scribe-yPgEXhi6zCR3AutBCKV0hg==/base.apk' with 1 weak references
02-19 10:53:04.852  2557  2745 W system_server: ApkAssets: Deleting an ApkAssets object '<empty> and /data/app/~~vUZHfJA8TCat1UWldR4fiQ==/com.google.audio.hearing.visualization.accessibility.scribe-yPgEXhi6zCR3AutBCKV0hg==/split_config.arm64_v8a.apk' with 1 weak references
02-19 10:53:04.852  2557  2745 W system_server: ApkAssets: Deleting an ApkAssets object '<empty> and /data/app/~~10Ze7epsghdKnbb4ZSmWxQ==/com.sikwin.app-OXf-SweeCpIiu9iY1q_LZQ==/base.apk' with 2 weak references
02-19 10:53:04.852  2557  2745 W system_server: ApkAssets: Deleting an ApkAssets object '<empty> and /data/app/~~_XcYf3-Qa77-GmsVGqNB7g==/com.google.android.accessibility.soundamplifier-rdUHe-7BHOHpHvZqhpbMNQ==/base.apk' with 1 weak references
02-19 10:53:04.852  2557  2745 W system_server: ApkAssets: Deleting an ApkAssets object '<empty> and /data/app/~~_XcYf3-Qa77-GmsVGqNB7g==/com.google.android.accessibility.soundamplifier-rdUHe-7BHOHpHvZqhpbMNQ==/split_config.arm64_v8a.apk' with 1 weak references
02-19 10:53:04.853 10219 10249 I Finsky  : [5033] Current account updated in PVS
02-19 10:53:04.853  2557  2745 W system_server: ApkAssets: Deleting an ApkAssets object '<empty> and /data/app/~~UiA91u2uPu6r7z3209gQiw==/com.google.android.apps.tachyon-xv6L-5KVjp891TLcZJ6l-g==/base.apk' with 1 weak references
02-19 10:53:04.853  2557  2745 W system_server: ApkAssets: Deleting an ApkAssets object '<empty> and /data/app/~~UiA91u2uPu6r7z3209gQiw==/com.google.android.apps.tachyon-xv6L-5KVjp891TLcZJ6l-g==/split_config.arm64_v8a.apk' with 1 weak references
02-19 10:53:04.853  2557  2745 W system_server: ApkAssets: Deleting an ApkAssets object '<empty> and /data/app/~~UiA91u2uPu6r7z3209gQiw==/com.google.android.apps.tachyon-xv6L-5KVjp891TLcZJ6l-g==/split_config.en.apk' with 1 weak references
02-19 10:53:04.853  2557  2745 W system_server: ApkAssets: Deleting an ApkAssets object '<empty> and /data/app/~~UiA91u2uPu6r7z3209gQiw==/com.google.android.apps.tachyon-xv6L-5KVjp891TLcZJ6l-g==/split_config.xxhdpi.apk' with 1 weak references
02-19 10:53:04.853  2557  2745 W system_server: ApkAssets: Deleting an ApkAssets object '<empty> and /data/app/~~dgkDolTcLH13vuVhNNTiaA==/com.google.android.gm-fiVZrxIzTjpftb7AGlZHNA==/base.apk' with 1 weak references
02-19 10:53:04.853 10219 10249 I Finsky  : [5033] Current account updated in PVS
02-19 10:53:04.853  2557  2745 W system_server: ApkAssets: Deleting an ApkAssets object '<empty> and /data/app/~~dgkDolTcLH13vuVhNNTiaA==/com.google.android.gm-fiVZrxIzTjpftb7AGlZHNA==/split_config.arm64_v8a.apk' with 1 weak references
02-19 10:53:04.853 13040 13064 I AccountTypeLoader: [C] add readonly account (readonly:false, table:false, att:false)
02-19 10:53:04.853  2557  2745 W system_server: ApkAssets: Deleting an ApkAssets object '<empty> and /data/app/~~dgkDolTcLH13vuVhNNTiaA==/com.google.android.gm-fiVZrxIzTjpftb7AGlZHNA==/split_config.en.apk' with 1 weak references
02-19 10:53:04.854 13040 13064 I TelephonyDataSource: [C] isMultiSimModel multiSimConfig : dsds
02-19 10:53:04.854 13040 13064 I SimModel: [C] isMultiSimModel : true
02-19 10:53:04.854 13040 13064 I AccountTypeLoader: [C] add sim1 account(support:true, multi:true)
02-19 10:53:04.854  2557  2745 W system_server: ApkAssets: Deleting an ApkAssets object '<empty> and /data/app/~~dgkDolTcLH13vuVhNNTiaA==/com.google.android.gm-fiVZrxIzTjpftb7AGlZHNA==/split_config.xxhdpi.apk' with 1 weak references
02-19 10:53:04.854  2557  2745 W system_server: ApkAssets: Deleting an ApkAssets object '<empty> and /data/app/~~DVAZEAT8ceWD9c5_vVZVhg==/com.osp.app.signin-eYoSolxHI3W1KHCLGx5EUw==/base.apk' with 1 weak references
02-19 10:53:04.854  2557  2745 W system_server: ApkAssets: Deleting an ApkAssets object '<empty> and /data/app/~~AudmHzbzlElGR1xfkCppOQ==/com.samsung.android.mobileservice--oPa2BYlBxIDmEVqpXWH8Q==/base.apk' with 1 weak references
02-19 10:53:04.854 10219 10249 I Finsky  : [5033] Current account updated in PVS
02-19 10:53:04.854  2557  2745 W system_server: ApkAssets: Deleting an ApkAssets object '<empty> and /data/app/~~nIS_1A8bWFT_jSx7eYb-jQ==/com.instagram.android-UWbCwlQz6gE9NLYk8IU-WA==/base.apk' with 1 weak references
02-19 10:53:04.855  2557  2745 W system_server: ApkAssets: Deleting an ApkAssets object '<empty> and /data/app/~~nIS_1A8bWFT_jSx7eYb-jQ==/com.instagram.android-UWbCwlQz6gE9NLYk8IU-WA==/split_config.xxhdpi.apk' with 1 weak references
02-19 10:53:04.855  2557  2745 W system_server: ApkAssets: Deleting an ApkAssets object '<empty> and /data/app/~~nIS_1A8bWFT_jSx7eYb-jQ==/com.instagram.android-UWbCwlQz6gE9NLYk8IU-WA==/split_executorch.apk' with 1 weak references
02-19 10:53:04.855  2557  2745 W system_server: ApkAssets: Deleting an ApkAssets object '<empty> and /data/app/~~nIS_1A8bWFT_jSx7eYb-jQ==/com.instagram.android-UWbCwlQz6gE9NLYk8IU-WA==/split_heliumcore.apk' with 1 weak references
02-19 10:53:04.855  2557  2745 W system_server: ApkAssets: Deleting an ApkAssets object '<empty> and /data/app/~~nIS_1A8bWFT_jSx7eYb-jQ==/com.instagram.android-UWbCwlQz6gE9NLYk8IU-WA==/split_heliumiab.apk' with 1 weak references
02-19 10:53:04.855  2557  2745 W system_server: ApkAssets: Deleting an ApkAssets object '<empty> and /data/app/~~nIS_1A8bWFT_jSx7eYb-jQ==/com.instagram.android-UWbCwlQz6gE9NLYk8IU-WA==/split_i18n_en_GB.apk' with 1 weak references
02-19 10:53:04.855  2557  2745 W system_server: ApkAssets: Deleting an ApkAssets object '<empty> and /data/app/~~nIS_1A8bWFT_jSx7eYb-jQ==/com.instagram.android-UWbCwlQz6gE9NLYk8IU-WA==/split_pytorch.apk' with 1 weak references
02-19 10:53:04.855  2557  2745 W system_server: ApkAssets: Deleting an ApkAssets object '<empty> and /data/app/~~nIS_1A8bWFT_jSx7eYb-jQ==/com.instagram.android-UWbCwlQz6gE9NLYk8IU-WA==/split_spm.apk' with 1 weak references
02-19 10:53:04.855  2557  2745 W system_server: ApkAssets: Deleting an ApkAssets object '<empty> and /data/app/~~-Z4Gip0HY_iovxRAg-CotQ==/com.jio.myjio-hca2IAmuOu8apnRsixUcqQ==/base.apk' with 1 weak references
02-19 10:53:04.855  2557  2745 W system_server: ApkAssets: Deleting an ApkAssets object '<empty> and /data/app/~~-Z4Gip0HY_iovxRAg-CotQ==/com.jio.myjio-hca2IAmuOu8apnRsixUcqQ==/split_config.arm64_v8a.apk' with 1 weak references
02-19 10:53:04.855  2557  2745 W system_server: ApkAssets: Deleting an ApkAssets object '<empty> and /data/app/~~-Z4Gip0HY_iovxRAg-CotQ==/com.jio.myjio-hca2IAmuOu8apnRsixUcqQ==/split_config.xxhdpi.apk' with 1 weak references
02-19 10:53:04.855  2557  2745 W system_server: ApkAssets: Deleting an ApkAssets object '<empty> and /data/app/~~3-wzbSG4kJslvupFjUEhyw==/com.truecaller-3g4ruwVgZOINucr1jDt9Zg==/base.apk' with 1 weak references
02-19 10:53:04.855  2557  2745 W system_server: ApkAssets: Deleting an ApkAssets object '<empty> and /data/app/~~3-wzbSG4kJslvupFjUEhyw==/com.truecaller-3g4ruwVgZOINucr1jDt9Zg==/split_config.arm64_v8a.apk' with 1 weak references
02-19 10:53:04.855  2557  2745 W system_server: ApkAssets: Deleting an ApkAssets object '<empty> and /data/app/~~3-wzbSG4kJslvupFjUEhyw==/com.truecaller-3g4ruwVgZOINucr1jDt9Zg==/split_config.xxhdpi.apk' with 1 weak references
02-19 10:53:04.856  2557  2745 W system_server: ApkAssets: Deleting an ApkAssets object '<empty> and /data/app/~~3-wzbSG4kJslvupFjUEhyw==/com.truecaller-3g4ruwVgZOINucr1jDt9Zg==/split_insights_category_model.apk' with 1 weak references
02-19 10:53:04.856  2557  2745 W system_server: ApkAssets: Deleting an ApkAssets object '<empty> and /data/app/~~3-wzbSG4kJslvupFjUEhyw==/com.truecaller-3g4ruwVgZOINucr1jDt9Zg==/split_insights_category_model.config.arm64_v8a.apk' with 1 weak references
02-19 10:53:04.856  2557  2745 W system_server: ApkAssets: Deleting an ApkAssets object '<empty> and /data/app/~~ag0PbTr4jxfEiOJzdu6qbA==/com.whatsapp-ehaGAi73sKsAYfnN1Np3lg==/base.apk' with 2 weak references
02-19 10:53:04.856  2557  2745 W system_server: ApkAssets: Deleting an ApkAssets object '<empty> and /data/app/~~ag0PbTr4jxfEiOJzdu6qbA==/com.whatsapp-ehaGAi73sKsAYfnN1Np3lg==/split_config.arm64_v8a.apk' with 2 weak references
02-19 10:53:04.856  2557  2745 W system_server: ApkAssets: Deleting an ApkAssets object '<empty> and /data/app/~~ag0PbTr4jxfEiOJzdu6qbA==/com.whatsapp-ehaGAi73sKsAYfnN1Np3lg==/split_config.xxhdpi.apk' with 2 weak references
02-19 10:53:04.856  2557  2745 W system_server: ApkAssets: Deleting an ApkAssets object '<empty> and /data/app/~~QBX_Fr3vJuLvia5PiJu1Vg==/com.zeptoconsumerapp-XD1bD-XmSWXNEjPMUuqpsw==/base.apk' with 1 weak references
02-19 10:53:04.856  2557  2745 W system_server: ApkAssets: Deleting an ApkAssets object '<empty> and /data/app/~~QBX_Fr3vJuLvia5PiJu1Vg==/com.zeptoconsumerapp-XD1bD-XmSWXNEjPMUuqpsw==/split_config.arm64_v8a.apk' with 1 weak references
02-19 10:53:04.856  2557  2745 W system_server: ApkAssets: Deleting an ApkAssets object '<empty> and /data/app/~~QBX_Fr3vJuLvia5PiJu1Vg==/com.zeptoconsumerapp-XD1bD-XmSWXNEjPMUuqpsw==/split_config.xxhdpi.apk' with 1 weak references
02-19 10:53:04.856  2557  2745 W system_server: ApkAssets: Deleting an ApkAssets object '<empty> and /data/app/~~veEz4yhZ_98zQEoKs9EELQ==/com.zoho.inventory-azoWiNmU9TKkrr38WRspxg==/base.apk' with 1 weak references
02-19 10:53:04.856  2557  2745 W system_server: ApkAssets: Deleting an ApkAssets object '<empty> and /data/app/~~veEz4yhZ_98zQEoKs9EELQ==/com.zoho.inventory-azoWiNmU9TKkrr38WRspxg==/split_config.arm64_v8a.apk' with 1 weak references
02-19 10:53:04.856 13040 13064 I EsimUtil: [C] esimState MEP : Finally not esim, slot = 0
02-19 10:53:04.856  2557  2745 W system_server: ApkAssets: Deleting an ApkAssets object '<empty> and /data/app/~~8kVP3ouDRZpJEPKzzmD8Sg==/in.redbus.android-qO4d_rqT6yHS9_K1Bdh1bg==/base.apk' with 1 weak references
02-19 10:53:04.856 13040 13064 I CmcSettingManager: cmc activation : 0
02-19 10:53:04.856 13040 13064 I TelephonyDataSource: [C] isMultiSimModel multiSimConfig : dsds
02-19 10:53:04.856  5356 11556 W WearableService: onGetService: Wear is not available on this device.
02-19 10:53:04.856 13040 13064 I SimModel: [C] isMultiSimModel : true
02-19 10:53:04.856  2557  2745 W system_server: ApkAssets: Deleting an ApkAssets object '<empty> and /data/app/~~8kVP3ouDRZpJEPKzzmD8Sg==/in.redbus.android-qO4d_rqT6yHS9_K1Bdh1bg==/split_amazonPay.apk' with 1 weak references
02-19 10:53:04.857  2557  2745 W system_server: ApkAssets: Deleting an ApkAssets object '<empty> and /data/app/~~8kVP3ouDRZpJEPKzzmD8Sg==/in.redbus.android-qO4d_rqT6yHS9_K1Bdh1bg==/split_config.arm64_v8a.apk' with 1 weak references
02-19 10:53:04.857  2557  2745 W system_server: ApkAssets: Deleting an ApkAssets object '<empty> and /data/app/~~8kVP3ouDRZpJEPKzzmD8Sg==/in.redbus.android-qO4d_rqT6yHS9_K1Bdh1bg==/split_config.xxhdpi.apk' with 1 weak references
02-19 10:53:04.857  2557  2745 W system_server: ApkAssets: Deleting an ApkAssets object '<empty> and /data/app/~~8kVP3ouDRZpJEPKzzmD8Sg==/in.redbus.android-qO4d_rqT6yHS9_K1Bdh1bg==/split_hotelsDynamicFeature.apk' with 1 weak references
02-19 10:53:04.857  2557  2745 W system_server: ApkAssets: Deleting an ApkAssets object '<empty> and /data/app/~~8kVP3ouDRZpJEPKzzmD8Sg==/in.redbus.android-qO4d_rqT6yHS9_K1Bdh1bg==/split_metroticketing.apk' with 1 weak references
02-19 10:53:04.857  2557  2745 W system_server: ApkAssets: Deleting an ApkAssets object '<empty> and /data/app/~~8kVP3ouDRZpJEPKzzmD8Sg==/in.redbus.android-qO4d_rqT6yHS9_K1Bdh1bg==/split_redTv.apk' with 1 weak references
02-19 10:53:04.857  2557  2745 W system_server: ApkAssets: Deleting an ApkAssets object '<empty> and /data/app/~~8kVP3ouDRZpJEPKzzmD8Sg==/in.redbus.android-qO4d_rqT6yHS9_K1Bdh1bg==/split_redrailsDynamicModule.apk' with 1 weak references
02-19 10:53:04.857  2557  2745 W system_server: ApkAssets: Deleting an ApkAssets object '<empty> and /data/app/~~8kVP3ouDRZpJEPKzzmD8Sg==/in.redbus.android-qO4d_rqT6yHS9_K1Bdh1bg==/split_redrailsDynamicModule.config.xxhdpi.apk' with 1 weak references
02-19 10:53:04.857  2557  2745 W system_server: ApkAssets: Deleting an ApkAssets object '<empty> and /data/app/~~8kVP3ouDRZpJEPKzzmD8Sg==/in.redbus.android-qO4d_rqT6yHS9_K1Bdh1bg==/split_rtc.apk' with 1 weak references
02-19 10:53:04.857  2557  2745 W system_server: ApkAssets: Deleting an ApkAssets object '<empty> and /data/app/~~8kVP3ouDRZpJEPKzzmD8Sg==/in.redbus.android-qO4d_rqT6yHS9_K1Bdh1bg==/split_unreservedDynamicModule.apk' with 1 weak references
02-19 10:53:04.857  2557  2745 W system_server: ApkAssets: Deleting an ApkAssets object '<empty> and /data/app/~~SSlbiNRbDOUVGpK0Qal2Rg==/net.one97.paytm-Rsvps6D2vX-DX-6jSqCsNA==/base.apk' with 1 weak references
02-19 10:53:04.858 13040 13064 I SimModel: [C] CompleteActiveSubscriptionInfoList : 1
02-19 10:53:04.858 13040 13064 I SimDataSource: [C] getSimIconIndex() iccTypeSlot : 2,0
02-19 10:53:04.858 13040 13064 I SimDataSource: [C] getSimIconIndex() [0] nIndex : 0
02-19 10:53:04.858 13040 13064 I SimDataSource: [C] getSimIcon(0) simIcon: 2131232327, iconIdx: 0
02-19 10:53:04.858  9312  9464 E Routine@Core[4.8.07.1]: WearNodeManagerImpl: getNodeId: exception - com.google.android.gms.common.api.ApiException: 17: API: Wearable.API is not available on this device. Connection failed with: ConnectionResult{statusCode=API_UNAVAILABLE, resolution=null, message=null}
02-19 10:53:04.858  9312  9464 I Routine@Core[4.8.07.1]: WearNodeManagerImpl: getConnectedNodeIdByCapability nodeId:null
02-19 10:53:04.859  2557  6934 D SecContentProvider2: query(), uri = 18 selection = isCopyContactToSimAllowed
02-19 10:53:04.859  2557  6934 D SecContentProvider2: isCopyContactToSimAllowed = true
02-19 10:53:04.861  9312  9477 I Routine@Core[4.8.07.1]: WearCommonDataStore: getLastConnectedNodeId: null
02-19 10:53:04.861  9312  9477 I Routine@Core[4.8.07.1]: WEAR/WearRoutineHostSenderImpl: requestToUpdateMetas: nodeId is null
02-19 10:53:04.861 13040 13064 I SimModel: [C] CompleteActiveSubscriptionInfoList : 1
02-19 10:53:04.861 13040 13064 I AccountTypeLoader: [C] add sim2 account(support:true, opportunistic:false)
02-19 10:53:04.862 13040 13064 I EsimUtil: [C] esimState MEP : Finally not esim, slot = 1
02-19 10:53:04.862  5508  5560 I Icing   : Usage reports ok 1, Failed Usage reports 0, indexed 0, rejected 0
02-19 10:53:04.862 13040 13064 I CmcSettingManager: cmc activation : 0
02-19 10:53:04.862 13040 13064 I TelephonyDataSource: [C] isMultiSimModel multiSimConfig : dsds
02-19 10:53:04.862 13040 13064 I SimModel: [C] isMultiSimModel : true
02-19 10:53:04.864 13040 13064 I SimModel: [C] CompleteActiveSubscriptionInfoList : 1
02-19 10:53:04.864 13040 13064 I SimDataSource: [C] getSimIconIndex() iccTypeSlot : 2,0
02-19 10:53:04.864 13040 13064 I SimDataSource: [C] getSimIconIndex() [1] nIndex : 15
02-19 10:53:04.864 13040 13064 I SimDataSource: [C] getSimIcon(1) simIcon: 2131232330, iconIdx: 15
02-19 10:53:04.865  2557  6950 D SecContentProvider2: query(), uri = 18 selection = isCopyContactToSimAllowed
02-19 10:53:04.866  2557  6950 D SecContentProvider2: isCopyContactToSimAllowed = true
02-19 10:53:04.868  5508  5560 I Icing   : Indexing com.google.android.gms-apps from com.google.android.gms
02-19 10:53:04.868 13040 13064 I AccountTypeLoader: [C] add syncable account types
02-19 10:53:04.868  5508  5609 I Icing   : IndexChimeraService.getServiceInterface callingPackage=com.google.android.gms componentName=null serviceId=30
02-19 10:53:04.869 10685 10685 I pp.clockpackage: Using CollectorTypeCMC GC.
02-19 10:53:04.871 13040 13064 I ExternalAccountType: [C] loadContactsXml : com.snapchat.android
02-19 10:53:04.872 10685 10685 E pp.clockpackage: Not starting debugger since process cannot load the jdwp agent.
02-19 10:53:04.872 13040 13064 I ExternalAccountType: [C] Metadata loaded from: com.snapchat.android, com.snap.identity.enhancedcontacts.core.EnhancedContactsSyncService, android.provider.CONTACTS_STRUCTURE
02-19 10:53:04.872 13040 13064 I AccountTypeLoader: [C]  > added: accountType : com.snapchat.android, dataSet : null, resource : com.snapchat.android, adapter : com.snapchat.android, isExtension : false
02-19 10:53:04.872 13040 13064 I AccountTypeLoader: [C]  > added: accountType : com.google, dataSet : null
02-19 10:53:04.872 13040 13064 I ExternalAccountType: [C] loadContactsXml : com.google.android.apps.tachyon
02-19 10:53:04.873 13040 13064 I ExternalAccountType: [C] Metadata loaded from: com.google.android.apps.tachyon, com.google.android.apps.tachyon.contacts.sync.SyncService, android.provider.CONTACTS_STRUCTURE
02-19 10:53:04.873 13040 13064 I AccountTypeLoader: [C]  > added: accountType : com.google.android.apps.tachyon, dataSet : null, resource : com.google.android.apps.tachyon, adapter : com.google.android.apps.tachyon, isExtension : false
02-19 10:53:04.873 13040 13064 I ExternalAccountType: [C] loadContactsXml : com.whatsapp
02-19 10:53:04.873 13040 13064 I ExternalAccountType: [C] Metadata loaded from: com.whatsapp, com.whatsapp.contact.ui.sync.ContactsSyncAdapterService, android.provider.CONTACTS_STRUCTURE
02-19 10:53:04.874 13040 13064 I AccountTypeLoader: [C]  > added: accountType : com.whatsapp, dataSet : null, resource : com.whatsapp, adapter : com.whatsapp, isExtension : false
02-19 10:53:04.874 13040 13064 I AccountTypeLoader: [C]  > added: accountType : com.google.android.gm.exchange, dataSet : null
02-19 10:53:04.874 13040 13064 I AccountTypeLoader: [C]  > added: accountType : com.osp.app.signin, dataSet : null
02-19 10:53:04.874 13040 13064 I AccountTypeLoader: [C]  > added: accountType : com.samsung.android.coreapps, dataSet : null
02-19 10:53:04.874 13040 13064 I ExternalAccountType: [C] loadContactsXml : com.google.android.apps.plus
02-19 10:53:04.874 13040 13064 I ExternalAccountType: [C] Package was found, but that doesn't contain the CONTACTS_STRUCTURE metadata
02-19 10:53:04.874 13040 13064 I AccountTypeLoader: [C] add syncable accounts (table:false, UIM:false, Samsung:false)
02-19 10:53:04.875 13040 13064 I AccountTypeLoader: [C]  > added account: com.whatsapp
02-19 10:53:04.875 13040 13064 I AccountTypeLoader: [C]  > added account: com.google
02-19 10:53:04.876 13040 13064 I AccountTypeLoader: [C]  > added account: com.google
02-19 10:53:04.876 13040 13064 I AccountTypeLoader: [C]  > added account: com.google
02-19 10:53:04.877 13040 13064 I AccountTypeLoader: [C]  > added account: com.google
02-19 10:53:04.877 13040 13064 I AccountTypeLoader: [C]  > added account: com.google
02-19 10:53:04.878 13040 13064 I AccountTypeLoader: [C]  > added account: com.google
02-19 10:53:04.878 13040 13064 I AccountTypeLoader: [C]  > added account: com.google
02-19 10:53:04.878 13040 13064 I AccountTypeLoader: [C]  > added account: com.google.android.apps.tachyon
02-19 10:53:04.879 13040 13064 I AccountTypeLoader: [C]  > added account: com.osp.app.signin
02-19 10:53:04.882  2557  2990 D PowerManagerService: displayReady: false groupId=0
02-19 10:53:04.882  2557  2990 D DisplayPowerController2[0]: animateScreenStateChange: target=ON, mIsEnabled=true
02-19 10:53:04.882  2557  2990 D PowerManagerService: displayReady: true groupId=0
02-19 10:53:04.888 10685 10685 W ziparchive: Unable to open '/system_ext/framework/com.android.extensions.appfunctions.dm': No such file or directory
02-19 10:53:04.888 10685 10685 W ziparchive: Unable to open '/system_ext/framework/com.android.extensions.appfunctions.dm': No such file or directory
02-19 10:53:04.889 13040 13064 I AccountTypeModel: [C] Accounts and types are same. loaded = true
02-19 10:53:04.889 13040 13064 I AccountTypeModel: [C] account reload finish: 3
02-19 10:53:04.890  5508  5560 I Icing   : Usage reports ok 0, Failed Usage reports 0, indexed 0, rejected 0
02-19 10:53:04.891  5508  5560 I Icing   : Indexing done com.google.android.gms-apps
02-19 10:53:04.891  5508  5560 I Icing   : Indexing com.google.android.gms-apps from com.google.android.gms
02-19 10:53:04.892  5508  5560 I Icing   : Indexing done com.google.android.gms-apps
02-19 10:53:04.901 10685 10685 I StateUtils: isDirectBootMode On : true
02-19 10:53:04.904 10685 10685 I StateUtils: isDirectBootMode On : true
02-19 10:53:04.908 10685 10685 I ClockSettingsSearchProvider: onCreate()
02-19 10:53:04.908 10685 10685 I ClockSettingsSearchProvider: secQueryGetFingerprint()
02-19 10:53:04.909 10685 10685 I CapsuleProvider_1.0.26: onCreate
02-19 10:53:04.910  2557  6949 D PackageManager: setEnabledSetting : userId = 0 packageName = com.sec.android.app.clockpackage cmp = androidx.work.impl.background.systemjob.SystemJobService newState = 1 callingPackage = com.sec.android.app.clockpackage
02-19 10:53:04.910  2557  6949 D ApplicationPolicy: getApplicationStateEnabled : pkg = com.sec.android.app.clockpackage userId : 0
02-19 10:53:04.910  2557  6949 D ApplicationPolicy: getApplicationComponentState : pkg = com.sec.android.app.clockpackage userId : 0
02-19 10:53:04.914 10685 10685 I SamsungAnalytics605079: Tracker start:6.05.079
02-19 10:53:04.915 10685 10702 I NotificationChannelUtils: createAllChannels
02-19 10:53:04.915 10685 10694 I ProviderCallHandler: execute getMigrationDataAboutSleepSchedule by com.samsung.android.app.routines
02-19 10:53:04.915 10685 10694 I ProviderCallHandler: getMigrationDataAboutSleepSchedule
02-19 10:53:04.916 10685 10694 I RoutineUtil: isRoutinePackageEnabled true
02-19 10:53:04.916 10685 10702 I CapsuleProvider_1.0.26: releasing initialize wait lock.
02-19 10:53:04.917 10685 10694 I RoutineUtil: startSmartThingsDataMigration-> migration request without restore
02-19 10:53:04.917 10685 10694 I RoutineUtil: startSmartThingsDataMigration-> start smartthings migration
02-19 10:53:04.918 10685 10702 I a_1.0.26: initialized
02-19 10:53:04.918 10685 10702 I BixbyDeepLink: registerActionHandler()
02-19 10:53:04.919 10685 10702 I DIAGMON_SDK[605079]: DiagMonAgent type: 2
02-19 10:53:04.919 10685 10702 I DIAGMON_SDK[605079][clj47h9zhd] : generated SR object
02-19 10:53:04.920 10685 10702 I [RoutineSdk3.0-3.0.0]: RoutineSdkImpl: setHandler - conditionHandler initialized
02-19 10:53:04.920 10685 10702 I [RoutineSdk3.0-3.0.0]: RoutineSdkImpl: setHandler - actionHandler initialized
02-19 10:53:04.922 10685 10705 I AlarmAppSearchManager: getInstance com.sec.android.app.clockpackage.ClockPackageApplication@e4dc9e6 : hd.g.invokeSuspend(Unknown Source:28)
02-19 10:53:04.926  1554  3896 I sensors-hal: handle_sns_client_event:190, auto_rotation_debug_2 mode,255, type,1,0 acc,0.445,0.306,9.815, ar,0, ver,12, pedo,1,e,1,i,3
02-19 10:53:04.929 10685 10694 I RoutineUtil: startSmartThingsDataMigration-> setResultExtra alarmId : 58
02-19 10:53:04.929 10685 10694 I RoutineUtil: mActivate : 0
02-19 10:53:04.929 10685 10694 I RoutineUtil: createT : CF-AH-BA BB##DA##DG
02-19 10:53:04.929 10685 10694 I RoutineUtil: AlertT_ : CF-AJ-CA AI##CA##AA
02-19 10:53:04.929 10685 10694 I RoutineUtil: alarmTime : ICA
02-19 10:53:04.929 10685 10694 I RoutineUtil: mBedtimeAlarmTime : CDCA
02-19 10:53:04.929 10685 10694 I RoutineUtil: mRepeatType : 286331157, 0x11111115
02-19 10:53:04.929 10685 10694 I RoutineUtil: mSnoozeActivate : true
02-19 10:53:04.929 10685 10694 I RoutineUtil: mSnoozeDuration : 1->5
02-19 10:53:04.929 10685 10694 I RoutineUtil: dynamicSnoozeDuration : 5->5
02-19 10:53:04.929 10685 10694 I RoutineUtil: mSnoozeRepeat : 2->3
02-19 10:53:04.929 10685 10694 I RoutineUtil: mSnoozeDoneCount : 0
02-19 10:53:04.929 10685 10694 I RoutineUtil: mDailyBriefing : 0b100100000001000000
02-19 10:53:04.929 10685 10694 I RoutineUtil: mAlarmSoundType : 2
02-19 10:53:04.929 10685 10694 I RoutineUtil: mAlarmSoundTone : 26
02-19 10:53:04.929 10685 10694 I RoutineUtil: mAlarmVolume : 9
02-19 10:53:04.929 10685 10694 I RoutineUtil: mSoundUri : in  
02-19 10:53:04.929 10685 10694 I RoutineUtil: mVibrationPattern : 50035
02-19 10:53:04.929 10685 10694 I RoutineUtil: mVibrationIntensity: 5
02-19 10:53:04.929 10685 10694 I RoutineUtil: mUUId : 
02-19 10:53:04.929 10685 10694 I RoutineUtil: mSpotifyPath : 
02-19 10:53:04.929 10685 10694 I RoutineUtil: mAlarmBgCategory : 1
02-19 10:53:04.929 10685 10694 I RoutineUtil: mAlarmBgId : 4
02-19 10:53:04.929 10685 10694 I RoutineUtil: mAlarmBgLayoutId : 0
02-19 10:53:04.929 10685 10694 I RoutineUtil: mAlarmGroupId : 0
02-19 10:53:04.930 10685 10700 I SamsungAnalytics605079: register setting status
02-19 10:53:04.931 10685 10694 I RoutineUtil: startSmartThingsDataMigration-> bedtimeConfigData: null
02-19 10:53:04.931 10685 10694 I RoutineUtil: startSmartThingsDataMigration-> wakeUpConfigData: null
02-19 10:53:04.931 10685 10694 I RoutineUtil: startSmartThingsDataMigration-> bedtimeMasterSwitch: false
02-19 10:53:04.931 10685 10694 I RoutineUtil: startSmartThingsDataMigration-> wakeuptimeMasterSwitch: false
02-19 10:53:04.931 10685 10694 I RoutineUtil: startSmartThingsDataMigration-> bedTimeSelectedItem: -1
02-19 10:53:04.931 10685 10694 I RoutineUtil: startSmartThingsDataMigration-> wakeupTimeSelectedItem: 0
02-19 10:53:04.931 10685 10694 I RoutineUtil: startSmartThingsDataMigration-> bedtimeMode: true
02-19 10:53:04.932  9312  9312 I Routine@Core[4.8.07.1]: SleepScheduleInfoRequester: getMigrationDataAboutSleepSchedule : isSourceSos(false)
02-19 10:53:04.932  9312  9312 I Routine@Core[4.8.07.1]: SleepScheduleInfoRequester: getMigrationDataAboutSleepSchedule : sleepScheduleList([{"active":0,"alerttime":1758336600000,"alarm_bg_category":1,"alarm_bg_id":4,"alarm_bg_layout_id":0,"alarm_group_id":0,"alarmtone":26,"alarmsound":2,"alarmtime":820,"volume":9,"bedalarmtime":2320,"createtime":1752127236040,"dailybrief":147520,"_id":58,"repeattype":286331157,"snzactive":true,"snzcount":0,"snzduration":1,"snzrepeat":2,"sbdactive":101,"alarmuri":"content%3A%2F%2Fmedia%2Finternal%2Faudio%2Fmedia%2F107%3Ftitle%3DHomecoming%26canonical%3D1","locationtext":"","map":"","vibrationIntensity":5,"vibrationpattern":50035}])
02-19 10:53:04.932  9312  9312 I Routine@Core[4.8.07.1]: SleepScheduleInfoRequester: getMigrationDataAboutSleepSchedule : isBedTimeSynced(true)
02-19 10:53:04.932  9312  9312 I Routine@Core[4.8.07.1]: SleepScheduleMigrator: migrateSleepMode: MigrationResultState is NOT YET, try migration
02-19 10:53:04.932  9312  9312 I Routine@Core[4.8.07.1]: SleepScheduleMigrator: migrateSleepMode: try migration dwb data is separate thread
02-19 10:53:04.932  9312  9464 I Routine@Core[4.8.07.1]: SleepScheduleMigrator: migrateDWBData
02-19 10:53:04.932  9312  9464 I Routine@Core[4.8.07.1]: SleepScheduleMigrator: migrateDWBData: do not need migration, already migrated
02-19 10:53:04.932  9312  9312 I Routine@Core[4.8.07.1]: SmartThingsMetadataUpdater: calculate: isEnabled=false
02-19 10:53:04.934  2557  6900 W ActivityManager: Background start not allowed: service Intent { act=com.whatsapp.messageservice.messaging.MessageService.START cmp=com.whatsapp/.messageservice.messaging.MessageService } to com.whatsapp/.messageservice.messaging.MessageService from pid=31775 uid=10352 pkg=com.whatsapp startFg?=false
02-19 10:53:04.936  9312  9312 I Routine@Core[4.8.07.1]: LifestyleModeMigrator: migrate
02-19 10:53:04.936  5356  5356 D BoundBrokerSvc: onUnbind: Intent { act=com.google.android.gms.common.telemetry.service.START dat=chimera-action:/... cmp=com.google.android.gms/.chimera.PersistentApiService }
02-19 10:53:04.940  9312  9312 I Routine@Core[4.8.07.1]: InstanceCleaner: clean() - begin
02-19 10:53:04.942 10685 10685 I AlarmAppSearchManager: Schema set Successfully
02-19 10:53:04.949  9312  9312 I Routine@Core[4.8.07.1]: InstanceCleaner: clean() - listToDelete is Empty !
02-19 10:53:04.949  9312  9312 I Routine@Core[4.8.07.1]: InstanceCleaner: clean() - end
02-19 10:53:04.952  9312  9312 I Routine@Core[4.8.07.1]: Pref: putSharedPrefsData: key=pref_metaloader_status, data.size=9
02-19 10:53:04.955  9312  9312 I Routine@Core[4.8.07.1]: RoutineService: onDestroy
02-19 10:53:04.955  9312  9312 I Routine@Core[4.8.07.1]: MetadataLoaderJobService: onDestroy
02-19 10:53:04.997 10219 10716 I Finsky  : [5079] registerListener
02-19 10:53:04.998 10219 10716 I Finsky  : [5079] DSC: reviveDownloads()
02-19 10:53:05.000 10219 10250 I Finsky  : [5034] Current account updated in PVS
02-19 10:53:05.003 10219 10716 I Finsky  : [5079] Initialized AssetModuleDownloader.
02-19 10:53:05.017 10305 10348 I Finsky:background: [5037] DS: reviveDownloads()
02-19 10:53:05.018 10305 10327 I Finsky:background: [5030] Current account updated in PVS
02-19 10:53:05.019 10305 10328 I Finsky:background: [5031] Current account updated in PVS
02-19 10:53:05.020 10305 10329 I Finsky:background: [5032] Current account updated in PVS
02-19 10:53:05.022 10305 10329 I Finsky:background: [5032] Current account updated in PVS
02-19 10:53:05.030  1059  1059 D io_stats: !@   8,0 r 14763637 200409400 w 5898735 67208268 d 856841 31883480 f 93378 202570 iot 2438312 0 th 0 0 0 pt 0 inp 0 22 56173.270
02-19 10:53:05.030  1059  1059 D io_stats: !@ Read_top(KB): com.jio.myjio(27319) 30144 com.whatsapp(31775) 14352 gle.android.gms(6075) 920
02-19 10:53:05.030  1059  1059 D io_stats: !@ Write_top(KB): kworker/u16:8(16271) 33316 kworker/u16:0(30407) 12092 system_server(2557) 1300
02-19 10:53:05.046  6075 24186 I AppLinksAsyncVerifierV2: (REDACTED) Verification result: checking for a statement with source %s, relation delegate_permission/common.handle_all_urls, and target %s --> %b.
02-19 10:53:05.046 10305 10325 I Finsky:background: [5028] Current account updated in PVS
02-19 10:53:05.046  6075 10453 I AppLinksHostsVerifierV2: (REDACTED) Adding relation extensions for host: %s
02-19 10:53:05.046  6075 10453 I AppLinksHostsVerifierV2: (REDACTED) Verification %s complete. Successful hosts: %s. Failed hosts: %s. Error hosts: %s.
02-19 10:53:05.048  6075 10453 I AppLinksRequestHandler: (REDACTED) Updating url filtering rules for %s: %s
02-19 10:53:05.049 10305 10719 D ConnectivityManager: StackLog: [android.net.ConnectivityManager.sendRequestForNetwork(ConnectivityManager.java:4709)] [android.net.ConnectivityManager.registerDefaultNetworkCallbackForUid(ConnectivityManager.java:5433)] [android.net.ConnectivityManager.registerDefaultNetworkCallback(ConnectivityManager.java:5400)] [android.net.ConnectivityManager.registerDefaultNetworkCallback(ConnectivityManager.java:5374)] [uem.a(PG:17)] [pwe.g(PG:1843)] [pwe.a(PG:1222)] [bwgo.d(PG:10)] [bwgo.a(PG:7)] [bwgn.a(PG:5)] [bwgo.d(PG:10)] [bwgo.a(PG:7)] [tqs.a(PG:773)] [bjwp.d(PG:3)] [bjwr.run(PG:47)] [java.util.concurrent.ThreadPoolExecutor.runWorker(ThreadPoolExecutor.java:1145)] [java.util.concurrent.ThreadPoolExecutor$Worker.run(ThreadPoolExecutor.java:644)] [tvo.run(PG:67)] [java.lang.Thread.run(Thread.java:1012)]
02-19 10:53:05.050  2557  6849 D ConnectivityService: requestNetwork for uid/pid:15010259/10305 activeRequest: null callbackRequest: 10942 [NetworkRequest [ REQUEST id=10943, [ Capabilities: INTERNET&NOT_RESTRICTED&TRUSTED&NOT_VCN_MANAGED&NOT_BANDWIDTH_CONSTRAINED Uid: 15010259 RequestorUid: 15010259 RequestorPkg: com.android.vending UnderlyingNetworks: Null] ]] callback flags: 0 order: 2147483647 isUidTracked: false declaredMethods: ALL
02-19 10:53:05.051  6075 10453 I WebApkHostsVerifierV2: (REDACTED) Processing %d input requests
02-19 10:53:05.051  2557  3662 D ConnectivityService:    accepting network in place of null for NetworkRequest [ REQUEST id=10943, [ Capabilities: INTERNET&NOT_RESTRICTED&TRUSTED&NOT_VCN_MANAGED&NOT_BANDWIDTH_CONSTRAINED Uid: 15010259 RequestorUid: 15010259 RequestorPkg: com.android.vending UnderlyingNetworks: Null] ]
02-19 10:53:05.051  6075 10453 I AppLinksUtilsV1: Legacy cross-profile verification enabled [CONTEXT service_id=244 ]
02-19 10:53:05.054  2557  3662 D ConnectivityService: Rematched networks [computed 0ms] [applied 1ms] [issued 3]
02-19 10:53:05.054  2557  3662 D ConnectivityService: NetworkReassignment :
02-19 10:53:05.054  2557  3662 D ConnectivityService:   10943 : null → 105
02-19 10:53:05.055  2557  3636 D OemPaidWifiNetworkFactory: got request NetworkRequest [ REQUEST id=10943, [ Capabilities: INTERNET&NOT_RESTRICTED&TRUSTED&NOT_VCN_MANAGED&NOT_BANDWIDTH_CONSTRAINED Uid: 15010259 RequestorUid: 15010259 RequestorPkg: com.android.vending UnderlyingNetworks: Null] ]
02-19 10:53:05.055  2557  3636 D MultiInternetWifiNetworkFactory: got request NetworkRequest [ REQUEST id=10943, [ Capabilities: INTERNET&NOT_RESTRICTED&TRUSTED&NOT_VCN_MANAGED&NOT_BANDWIDTH_CONSTRAINED Uid: 15010259 RequestorUid: 15010259 RequestorPkg: com.android.vending UnderlyingNetworks: Null] ]
02-19 10:53:05.055  2557  3636 D WifiNetworkFactory: got request NetworkRequest [ REQUEST id=10943, [ Capabilities: INTERNET&NOT_RESTRICTED&TRUSTED&NOT_VCN_MANAGED&NOT_BANDWIDTH_CONSTRAINED Uid: 15010259 RequestorUid: 15010259 RequestorPkg: com.android.vending UnderlyingNetworks: Null] ]
02-19 10:53:05.055  2557  3636 D UntrustedWifiNetworkFactory: got request NetworkRequest [ REQUEST id=10943, [ Capabilities: INTERNET&NOT_RESTRICTED&TRUSTED&NOT_VCN_MANAGED&NOT_BANDWIDTH_CONSTRAINED Uid: 15010259 RequestorUid: 15010259 RequestorPkg: com.android.vending UnderlyingNetworks: Null] ]
02-19 10:53:05.055  6075 10453 I WebApkHostsVerifierV2: (REDACTED) Returning %d non-WebAPK requests
02-19 10:53:05.056 10305 10385 I Finsky:background: [5052] DS: Network is available [NetworkState{connected=true, wifi=true, metered=false, roaming=false}].
02-19 10:53:05.056 10305 10385 I Finsky:background: [5052] DS: Updating downloads for network change
02-19 10:53:05.082  2557  2990 D PowerManagerService: displayReady: false groupId=0
02-19 10:53:05.082  2557  2990 D DisplayPowerController2[0]: animateScreenStateChange: target=ON, mIsEnabled=true
02-19 10:53:05.082  2557  2990 D PowerManagerService: displayReady: true groupId=0
02-19 10:53:05.084  2557  2931 D PackageSettings: ++ writeStateForUserSyncLPr(95)
02-19 10:53:05.084  2557  2931 W PackageSettings: -- writeStateForUserSyncLPr(95)
02-19 10:53:05.085  4488  2587 I SearchEngineAppSuggestion: packageUpdateEvent: com.honeyspace.sdk.source.entity.PackageOperation$Changed@29c86af
02-19 10:53:05.085  4488  2587 I SearchEngineAppSuggestion: package changed: com.sikwin.app
02-19 10:53:05.085  4488  2587 I SearchEngine: isComponentInApps() packageName : com.openai.chatgpt / className : com.openai.chatgpt.MainActivity / userId : 0 / enable true / enabledSetting 0
02-19 10:53:05.086  4488  2587 I SearchEngine: isComponentInApps() packageName : com.whatsapp / className : com.whatsapp.Main / userId : 0 / enable true / enabledSetting 0
02-19 10:53:05.086  4488  2587 I SearchEngine: isComponentInApps() packageName : com.whatsapp / className : com.whatsapp.Main / userId : 0 / enable true / enabledSetting 0
02-19 10:53:05.086  4488  2587 I SearchEngine: isComponentInApps() packageName : com.openai.chatgpt / className : com.openai.chatgpt.MainActivity / userId : 0 / enable true / enabledSetting 0
02-19 10:53:05.087  4488  2587 I SearchEngine: isComponentInApps() packageName : com.openai.chatgpt / className : com.openai.chatgpt.MainActivity / userId : 0 / enable true / enabledSetting 0
02-19 10:53:05.087  4488  2587 I SearchEngine: isComponentInApps() packageName : com.whatsapp / className : com.whatsapp.Main / userId : 0 / enable true / enabledSetting 0
02-19 10:53:05.087  4488  2587 I SearchEngine: isComponentInApps() packageName : com.android.chrome / className : com.google.android.apps.chrome.Main / userId : 0 / enable true / enabledSetting 0
02-19 10:53:05.087  4488  2587 I SearchEngine: isComponentInApps() packageName : com.whatsapp / className : com.whatsapp.Main / userId : 0 / enable true / enabledSetting 0
02-19 10:53:05.088  4488  2587 I SearchEngine: isComponentInApps() packageName : com.whatsapp / className : com.whatsapp.Main / userId : 0 / enable true / enabledSetting 0
02-19 10:53:05.088  4488  2587 I SearchEngine: isComponentInApps() packageName : com.whatsapp / className : com.whatsapp.Main / userId : 0 / enable true / enabledSetting 0
02-19 10:53:05.088  4488  2587 I SearchEngine: isComponentInApps() packageName : com.whatsapp / className : com.whatsapp.Main / userId : 0 / enable true / enabledSetting 0
02-19 10:53:05.088  4488  2587 I SearchEngine: isComponentInApps() packageName : com.whatsapp / className : com.whatsapp.Main / userId : 0 / enable true / enabledSetting 0
02-19 10:53:05.089  4488  2587 I SearchEngine: isComponentInApps() packageName : com.whatsapp / className : com.whatsapp.Main / userId : 0 / enable true / enabledSetting 0
02-19 10:53:05.089  4488  2587 I SearchEngine: isComponentInApps() packageName : com.sec.android.app.voicenote / className : com.sec.android.app.voicenote.main.VNMainActivity / userId : 0 / enable true / enabledSetting 0
02-19 10:53:05.089  4488  2587 I SearchEngine: isComponentInApps() packageName : com.instagram.android / className : com.instagram.android.activity.MainTabActivity / userId : 0 / enable true / enabledSetting 0
02-19 10:53:05.089  4488  2587 I SearchEngine: isComponentInApps() packageName : com.instagram.android / className : com.instagram.android.activity.MainTabActivity / userId : 0 / enable true / enabledSetting 0
02-19 10:53:05.090  4488  2587 I SearchEngine: isComponentInApps() packageName : com.instagram.android / className : com.instagram.android.activity.MainTabActivity / userId : 0 / enable true / enabledSetting 0
02-19 10:53:05.090  4488  2587 I SearchEngine: isComponentInApps() packageName : com.whatsapp / className : com.whatsapp.Main / userId : 0 / enable true / enabledSetting 0
02-19 10:53:05.090  4488  2587 I SearchEngine: isComponentInApps() packageName : com.instagram.android / className : com.instagram.android.activity.MainTabActivity / userId : 0 / enable true / enabledSetting 0
02-19 10:53:05.090  4488  2587 I SearchEngine: isComponentInApps() packageName : com.instagram.android / className : com.instagram.android.activity.MainTabActivity / userId : 0 / enable true / enabledSetting 0
02-19 10:53:05.090  4488  2587 I HoneySpace.SuggestAppDecor: cellX : 4
02-19 10:53:05.091  4488  2587 I HoneySpace.SuggestAppDecor: getInstaller: com.sikwin.app [null]
02-19 10:53:05.091  4488  2587 I HoneySpace.SuggestAppDecor: getInstaller: com.samsung.android.dialer [null]
02-19 10:53:05.091  4488  2587 I HoneySpace.SuggestAppDecor: getInstaller: com.google.android.apps.messaging [com.android.vending]
02-19 10:53:05.091  4488  2587 I ResultDataManager: Results: keys=SUGGESTED_APPS, SUGGESTED_TAG, SUGGESTED_DIRECTORY, HISTORY_KEYWORD
02-19 10:53:05.091  4488  2587 I SearchEngine: query: reTriggered: [emit] 91 SUGGESTED_APPS takes 6 contents=[8]
02-19 10:53:05.091  4488 31944 I HoneySpace.ContentsViewModel: observed com.honeyspace.search.ui.honeypot.presentation.content.ContentsViewModel@5a188ef
02-19 10:53:05.092  4488 31944 I HoneySpace.ContentsViewModel: result onUpdated: SUGGESTED_APPS_
02-19 10:53:05.092  4488 31944 I HoneySpace.ContentsViewModel: result onRemoved: SUGGESTED_APPS_
02-19 10:53:05.092  4488 31944 I HoneySpace.ContentsViewModel: result onAdded: SUGGESTED_APPS_
02-19 10:53:05.092  4488 22541 I HoneySpace.AppTimerDataSourceImpl: items: 0
02-19 10:53:05.092  4488 29754 I HoneySpace.AppTimerDataSourceImpl: items: 0
02-19 10:53:05.092  4488 22541 I HoneySpace.AppTimerDataSourceImpl: items: 0
02-19 10:53:05.092  4488 29754 I HoneySpace.AppTimerDataSourceImpl: items: 0
02-19 10:53:05.093  4488  5637 I HoneySpace.AppTimerDataSourceImpl: items: 0
02-19 10:53:05.093  4488  5459 I HoneySpace.AppTimerDataSourceImpl: items: 0
02-19 10:53:05.093  4488  6834 I HoneySpace.AppTimerDataSourceImpl: items: 0
02-19 10:53:05.093  4488  5637 I HoneySpace.AppTimerDataSourceImpl: items: 0
02-19 10:53:05.093  4488 31944 I ContentsUI: onUpdate: with 150 [l2.a@be6e6a8, l2.a@6b2b069, l2.a@80fb464, l2.a@15e794b]
02-19 10:53:05.093  4488 31944 I ContentsUI: before Latch : Normal
02-19 10:53:05.093  4488 31944 I ContentsUI: request post
02-19 10:53:05.093  4488 31944 I HoneySpace.ContentsViewModel: handleResults com.honeyspace.search.ui.honeypot.presentation.content.ContentsViewModel@5a188ef
02-19 10:53:05.134  9312 10613 I Routine@Core[4.8.07.1]: RunningNotificationUpdater: update
02-19 10:53:05.141  9312 10613 I Routine@Core[4.8.07.1]: RunningNotificationUpdater: updateNotificationImpl: no running routines, then noti cancel
02-19 10:53:05.141  9312 10613 I Routine@Core[4.8.07.1]: NotificationUpdateService: Stop no more task
02-19 10:53:05.144  2557  6950 I ActivityManager: Killing 7726:com.samsung.android.dqagent/1000 (adj 999): empty #33
02-19 10:53:05.163  9312  9312 I Routine@Core[4.8.07.1]: Routine: onTrimMemory: level : 40
02-19 10:53:05.165  2557  3801 D SemWifiSwitchForIndividualAppsService: isSkipNetworkCondition - result:2
02-19 10:53:05.174  2557  2940 I libprocessgroup: Removed cgroup /sys/fs/cgroup/uid_1000/pid_7726
02-19 10:53:05.174  1478  1478 I Zygote  : Process 7726 exited due to signal 9 (Killed)
02-19 10:53:05.243  4488  4488 I CardAdapter: setCards: SUGGESTED_APPS, SUGGESTED_TAG, SUGGESTED_DIRECTORY, HISTORY_KEYWORD, DUMMY
02-19 10:53:05.282  2557  2990 D PowerManagerService: displayReady: false groupId=0
02-19 10:53:05.282  2557  2990 D DisplayPowerController2[0]: animateScreenStateChange: target=ON, mIsEnabled=true
02-19 10:53:05.282  2557  2990 D PowerManagerService: displayReady: true groupId=0
02-19 10:53:05.295  2557  6950 W JobInfo : Job 'com.whatsapp/.infra.push.RegistrationIntentService#4' has a deadline with no functional constraints. The deadline won't improve job execution latency. Consider removing the deadline.
