02-19 10:57:03.188  2557  2909 I SurfaceControlRegistry: show, t=StartTransaction_SyncId<2029> sc=ActivityRecord{3981ca8 u0 com.sikwin.app/.MainActivity t619}, caller=android.view.SurfaceControl$Transaction.show:3232 com.android.server.wm.Transition.onTransactionReady:2273 com.android.server.wm.BLASTSyncEngine$SyncGroup.finishNow:195 com.android.server.wm.BLASTSyncEngine.onSurfacePlacement:269 com.android.server.wm.RootWindowContainer.performSurfacePlacementNoTrace:471 com.android.server.wm.RootWindowContainer.performSurfacePlacement:9 
02-19 10:57:03.188  2557  2909 V WindowManager: Calling onTransitionReady: {id=2029 t=OPEN f=0x0 trk=0 r=[0@Point(0, 0)] c=[
02-19 10:57:03.188  2557  2909 V WindowManager:         {WCT{RemoteToken{dfba49 Task{26f93c1 #619 type=standard A=10685:com.sikwin.app}}} m=OPEN f=NONE leash=Surface(name=Task=619)/@0xf585502 sb=Rect(0, 0 - 1440, 3120) eb=Rect(0, 0 - 1440, 3120) d=0 taskParent=-1 inset=Rect(0, 113 - 0, 56) dim=true},
02-19 10:57:03.188  2557  2909 V WindowManager:         {WCT{RemoteToken{5287005 Task{1b2140b #1 type=home}}} m=TO_BACK f=SHOW_WALLPAPER|EDGE_EXTENSION_RESTRICTION leash=Surface(name=Task=1)/@0x8cd854e sb=Rect(0, 0 - 1440, 3120) eb=Rect(0, 0 - 1440, 3120) d=0 taskParent=-1 inset=Rect(0, 113 - 0, 56)},
02-19 10:57:03.188  2557  2909 V WindowManager:         {null m=TO_BACK f=IS_WALLPAPER p=WCT{RemoteToken{c2953f3 RemoteWallpaperAnim:1:1@167136184}} leash=Surface(name=WallpaperWindowToken{30517ae token=android.os.Binder@af4b829})/@0x718454e sb=Rect(0, 0 - 1440, 3120) eb=Rect(0, 0 - 1440, 3120) d=0 inset=Rect(0, 0 - 0, 0)}
02-19 10:57:03.188  2557  2909 V WindowManager:     ]}
02-19 10:57:03.188  2557  2909 D PowerManagerService: [api] setPowerBoost(L) boost:0, durationMs:0, caller (uid: 1000 pid: 2557) <- m() in com.android.server.display.DisplayManagerService$BinderService$$ExternalSyntheticOutline0:1
02-19 10:57:03.189  1559  1739 I HYPER-HAL: [RequestManager.cpp]acquire(): Acquired ID : 42932446  [1564 / 7701]    HINT :      list : [TID_LOW_LATENCY / 1] [TID / 12236] [TID / 12237] [TID / 12198] [TID / 12233] 
02-19 10:57:03.189  3927  3927 D Navbar.Store: handleEvent(0) OnRotationLockedChanged(rotationLocked=false) [Module] NavBarStoreImpl
02-19 10:57:03.189  2557  2905 V WindowManager: Sent Transition (#2029) createdAt=02-19 10:57:03.152 via request=TransitionRequestInfo { type = OPEN, triggerTask = TaskInfo{userId=0 taskId=619 displayId=0 isRunning=true baseIntent=Intent { act=android.intent.action.MAIN cat=[android.intent.category.LAUNCHER] flg=0x10200000 cmp=com.sikwin.app/.MainActivity } baseActivity=ComponentInfo{com.sikwin.app/com.sikwin.app.MainActivity} topActivity=ComponentInfo{com.sikwin.app/com.sikwin.app.MainActivity} origActivity=null realActivity=ComponentInfo{com.sikwin.app/com.sikwin.app.MainActivity} numActivities=1 lastActiveTime=71722769 supportsMultiWindow=true resizeMode=1 isResizeable=true minWidth=-1 minHeight=-1 maxWidth=-1 maxHeight=-1 defaultMinSize=220 token=WCT{RemoteToken{dfba49 Task{26f93c1 #619 type=standard A=10685:com.sikwin.app}}} topActivityType=1 pictureInPictureParams=null shouldDockBigOverlays=false launchIntoPipHostTaskId=-1 lastParentTaskIdBeforePip=-1 displayCutoutSafeInsets=Rect(0, 112 - 0, 0) topActivityInfo=ActivityInfo{e60b205 com.sikwin.app.MainActivity} launchCookies=[] positionInParent=Point(0, 0) parentTaskId=-1 isFocused=false isVisible=false isVisibleRequested=false isSleeping=false topActivityInSizeCompat=false locusId=null displayAreaFeatureId=1 isTopActivityTransparent=false isTopActivityStyleFloating=false appCompatTaskInfo=AppCompatTaskInfo { topActivityInSizeCompat=false eligibleForLetterboxEducation= false isLetterboxEducationEnabled= false isLetterboxDoubleTapEnabled= false eligibleForUserAspectRatioButton= false topActivityBoundsLetterboxed= false isFromLetterboxDoubleTap= false topActivityLetterboxVerticalPosition= -1 topActivityLetterboxHorizontalPosition= -1 topActivityLetterboxWidth=1440 topActivityLetterboxHeight=3120 topActivityLetterboxAppWidth=1440 topActivityLetterboxAppHeight=2952 isUserFullscreenOverrideEnabled=false isSystemFullscreenOverrideEnabled=false hasMinAspectRatioOverride=false cameraCompatTaskInfo=CameraCompatTaskInfo { freeformCameraCompatMode=inactive} topActivityBounds=null topActivityInDisplayCompat=false} originallySupportedMultiWindow=true hasWallpaper=false rootAffinity=10685:com.sikwin.app isTopTaskInStage=false topActivityUiMode=33 CoverLauncherWidgetTask=false isAllowedSeamlessRotation=false isTopTransparentActivity=false snappingGuideBounds=Rect(108, 808 - 1332, 2368) isAliasManaged=false hasConfigChanged=false isAiKeyRemoveAppTask=false}, pipTask = null, remoteTransition = null, displayChange = null, flags = 0, debugId = 2029 }
02-19 10:57:03.189  2557  2905 V WindowManager:     startWCT=WindowContainerTransaction { changes = {} hops = [] errorCallbackToken=null taskFragmentOrganizer=null }
02-19 10:57:03.189  2557  2905 V WindowManager:     info={id=2029 t=OPEN f=0x0 trk=0 r=[0@Point(0, 0)] c=[
02-19 10:57:03.189  2557  2905 V WindowManager:         {WCT{RemoteToken{dfba49 Task{26f93c1 #619 type=standard A=10685:com.sikwin.app}}} m=OPEN f=NONE leash=Surface(name=Task=619)/@0xf585502 sb=Rect(0, 0 - 1440, 3120) eb=Rect(0, 0 - 1440, 3120) d=0 taskParent=-1 inset=Rect(0, 113 - 0, 56) dim=true},
02-19 10:57:03.189  2557  2905 V WindowManager:         {WCT{RemoteToken{5287005 Task{1b2140b #1 type=home}}} m=TO_BACK f=SHOW_WALLPAPER|EDGE_EXTENSION_RESTRICTION leash=Surface(name=Task=1)/@0x8cd854e sb=Rect(0, 0 - 1440, 3120) eb=Rect(0, 0 - 1440, 3120) d=0 taskParent=-1 inset=Rect(0, 113 - 0, 56)},
02-19 10:57:03.189  2557  2905 V WindowManager:         {null m=TO_BACK f=IS_WALLPAPER p=WCT{RemoteToken{c2953f3 RemoteWallpaperAnim:1:1@167136184}} leash=Surface(name=WallpaperWindowToken{30517ae token=android.os.Binder@af4b829})/@0x718454e sb=Rect(0, 0 - 1440, 3120) eb=Rect(0, 0 - 1440, 3120) d=0 inset=Rect(0, 0 - 0, 0)}
02-19 10:57:03.189  2557  2905 V WindowManager:     ]}
02-19 10:57:03.189  3927  4843 V WindowManagerShell: onTransitionReady(transaction=10982231497458)
02-19 10:57:03.189  3927  4019 V WindowManagerShell: onTransitionReady (#2029) android.os.BinderProxy@a71447: {id=2029 t=OPEN f=0x0 trk=0 r=[0@Point(0, 0)] c=[{WCT{android.window.IWindowContainerToken$Stub$Proxy@ed9e23c} m=OPEN f=NONE leash=Surface(name=Task=619)/@0x9798510 sb=Rect(0, 0 - 1440, 3120) eb=Rect(0, 0 - 1440, 3120) d=0 taskParent=-1 inset=Rect(0, 113 - 0, 56) dim=true},{WCT{android.window.IWindowContainerToken$Stub$Proxy@c1bcbc5} m=TO_BACK f=SHOW_WALLPAPER|EDGE_EXTENSION_RESTRICTION leash=Surface(name=Task=1)/@0x9a8b809 sb=Rect(0, 0 - 1440, 3120) eb=Rect(0, 0 - 1440, 3120) d=0 taskParent=-1 inset=Rect(0, 113 - 0, 56)},{null m=TO_BACK f=IS_WALLPAPER p=WCT{android.window.IWindowContainerToken$Stub$Proxy@f49f91a} leash=Surface(name=WallpaperWindowToken{30517ae token=android.os.Binder@af4b829})/@0x4df4a0e sb=Rect(0, 0 - 1440, 3120) eb=Rect(0, 0 - 1440, 3120) d=0 inset=Rect(0, 0 - 0, 0)}]}
02-19 10:57:03.189  2557  2749 D InputTransport: Input channel constructed: '5c61c8b', fd=1429
02-19 10:57:03.189  2557  2749 D InputTransport: Input channel constructed: '5c61c8b', fd=1430
02-19 10:57:03.189  2557  2749 D InputTransport: Input channel constructed: '5c61c8b', fd=1434
02-19 10:57:03.189  3927  4019 I SurfaceControlRegistry: hide, t=FinishTransaction_SyncId<2029> sc=Task=1, caller=android.view.SurfaceControl$Transaction.hide:3258 com.android.wm.shell.transition.Transitions.dispatchReady:929 com.android.wm.shell.transition.Transitions.onTransitionReady:243 com.android.wm.shell.transition.Transitions$TransitionPlayerImpl$$ExternalSyntheticLambda0.run:13 android.os.Handler.handleCallback:959 android.os.Handler.dispatchMessage:100 
02-19 10:57:03.189  3927  4050 D SRotationLockTile:  mRotationLocked: false handleUpdateState: true orientation = true
02-19 10:57:03.189  3927  4019 I SurfaceControlRegistry: show, t=StartTransaction_SyncId<2029> sc=Task=619, caller=android.view.SurfaceControl$Transaction.show:3232 com.android.wm.shell.transition.Transitions.dispatchReady:934 com.android.wm.shell.transition.Transitions.onTransitionReady:243 com.android.wm.shell.transition.Transitions$TransitionPlayerImpl$$ExternalSyntheticLambda0.run:13 android.os.Handler.handleCallback:959 android.os.Handler.dispatchMessage:100 
02-19 10:57:03.189  1642  1782 I SurfaceFlinger: id=27755 createSurf, flag=84004, 5c61c8b com.sikwin.app/com.sikwin.app.MainActivity#27755
02-19 10:57:03.189  3927  4019 I SurfaceControlRegistry: show, t=FinishTransaction_SyncId<2029> sc=Task=619, caller=android.view.SurfaceControl$Transaction.show:3232 com.android.wm.shell.transition.Transitions.dispatchReady:988 com.android.wm.shell.transition.Transitions.onTransitionReady:243 com.android.wm.shell.transition.Transitions$TransitionPlayerImpl$$ExternalSyntheticLambda0.run:13 android.os.Handler.handleCallback:959 android.os.Handler.dispatchMessage:100 
02-19 10:57:03.189  3927  4019 V WindowManagerShell: Playing animation for (#2029) android.os.BinderProxy@a71447@0
02-19 10:57:03.189  2557  2749 D RestrictionPolicy: isScreenCaptureEnabled : ret=true userId=0
02-19 10:57:03.189  2557  2749 D RestrictionPolicy: isScreenCaptureEnabled : ret=true userId=0
02-19 10:57:03.189  3927  4019 I SurfaceControlRegistry: show, t=StartTransaction_SyncId<2029> sc=Transition Root: Task=619, caller=android.view.SurfaceControl$Transaction.show:3232 com.android.wm.shell.transition.Transitions.playTransition:81 com.android.wm.shell.transition.Transitions.processReadyQueue:250 com.android.wm.shell.transition.Transitions.dispatchReady:1007 com.android.wm.shell.transition.Transitions.onTransitionReady:243 com.android.wm.shell.transition.Transitions$TransitionPlayerImpl$$ExternalSyntheticLambda0.run:13 
02-19 10:57:03.190  3927  4019 V WindowManagerShell:  try handler com.android.wm.shell.transition.DefaultMixedHandler@d7cc4eb
02-19 10:57:03.190  2557  2749 D InputTransport: Input channel destroyed: '5c61c8b', fd=1434
02-19 10:57:03.190  3927  4019 V WindowManagerShell:  try handler com.android.wm.shell.keyguard.KeyguardTransitionHandler@ae1a248
02-19 10:57:03.190  3927  4019 V WindowManagerShell:  try handler com.android.wm.shell.pip.PipTransition@d3438e1
02-19 10:57:03.190  3927  4019 V WindowManagerShell:  try handler com.android.wm.shell.activityembedding.ActivityEmbeddingController@796f606
02-19 10:57:03.190  3927  4019 V WindowManagerShell:  try handler com.android.wm.shell.splitscreen.StageCoordinator@8e0c4c7
02-19 10:57:03.190  3927  4019 V WindowManagerShell:  try handler com.android.wm.shell.recents.RecentsTransitionHandler@c929af4
02-19 10:57:03.190  3927  4019 V ShellRecents: RecentsTransitionHandler.startAnimation: no controller found
02-19 10:57:03.190  3927  4019 V WindowManagerShell:  try handler com.android.wm.shell.transition.RemoteTransitionHandler@25a821d
02-19 10:57:03.190  3927  4019 V WindowManagerShell: Transition doesn't have explicit remote, search filters for match for {id=2029 t=OPEN f=0x0 trk=0 r=[0@Point(0, 0)] c=[{WCT{android.window.IWindowContainerToken$Stub$Proxy@ed9e23c} m=OPEN f=NONE leash=Surface(name=Task=619)/@0x9798510 sb=Rect(0, 0 - 1440, 3120) eb=Rect(0, 0 - 1440, 3120) d=0 taskParent=-1 inset=Rect(0, 113 - 0, 56) dim=true},{WCT{android.window.IWindowContainerToken$Stub$Proxy@c1bcbc5} m=TO_BACK f=SHOW_WALLPAPER|EDGE_EXTENSION_RESTRICTION leash=Surface(name=Task=1)/@0x9a8b809 sb=Rect(0, 0 - 1440, 3120) eb=Rect(0, 0 - 1440, 3120) d=0 taskParent=-1 inset=Rect(0, 113 - 0, 56)},{null m=TO_BACK f=IS_WALLPAPER p=WCT{android.window.IWindowContainerToken$Stub$Proxy@f49f91a} leash=Surface(name=WallpaperWindowToken{30517ae token=android.os.Binder@af4b829})/@0x4df4a0e sb=Rect(0, 0 - 1440, 3120) eb=Rect(0, 0 - 1440, 3120) d=0 inset=Rect(0, 0 - 0, 0)}]}
02-19 10:57:03.190  3927  4019 V WindowManagerShell:  Checking filter Pair{{types=[] flags=0x0] notFlags=0x100 checks=[{atype=home independent=true modes=[OPEN,TO_FRONT] flags=NONE mustBeTask=false order=TOP topActivity=ComponentInfo{com.sec.android.app.launcher/com.sec.android.app.launcher.Launcher} launchCookie=null},{atype=recents independent=true modes=[CLOSE,TO_BACK] flags=NONE mustBeTask=false order=ANY topActivity=null launchCookie=null}]} RemoteTransition { remoteTransition = android.window.IRemoteTransition$Stub$Proxy@1c6bc5e, appThread = android.app.IApplicationThread$Stub$Proxy@db7083f, debugName = QuickstepLaunchHomeFromRecentsflags =NONE }}
02-19 10:57:03.190  3927  4050 D SRotationLockTile:  mRotationLocked: false handleUpdateState: true orientation = true
02-19 10:57:03.190  3927  4019 V WindowManagerShell:  Checking filter Pair{{types=[] flags=0x0] notFlags=0x100 checks=[{atype=home independent=true modes=[OPEN,TO_FRONT] flags=NONE mustBeTask=false order=TOP topActivity=ComponentInfo{com.sec.android.app.launcher/com.sec.android.app.launcher.Launcher} launchCookie=null},{atype=standard independent=true modes=[CLOSE,TO_BACK] flags=NONE mustBeTask=false order=ANY topActivity=null launchCookie=null}]} RemoteTransition { remoteTransition = android.window.IRemoteTransition$Stub$Proxy@d1c8688, appThread = android.app.IApplicationThread$Stub$Proxy@b52e821, debugName = QuickstepLaunchHomeflags =NONE }}
02-19 10:57:03.190  3927  4019 V WindowManagerShell:  Delegate animation for (#2029) to null
02-19 10:57:03.190  3927  4019 V WindowManagerShell:  try handler com.android.wm.shell.transition.DefaultTransitionHandler@39c6c92
02-19 10:57:03.190  3927  4019 V WindowManagerShell: start default transition animation, info = {id=2029 t=OPEN f=0x0 trk=0 r=[0@Point(0, 0)] c=[{WCT{android.window.IWindowContainerToken$Stub$Proxy@ed9e23c} m=OPEN f=NONE leash=Surface(name=Task=619)/@0x9798510 sb=Rect(0, 0 - 1440, 3120) eb=Rect(0, 0 - 1440, 3120) d=0 taskParent=-1 inset=Rect(0, 113 - 0, 56) dim=true},{WCT{android.window.IWindowContainerToken$Stub$Proxy@c1bcbc5} m=TO_BACK f=SHOW_WALLPAPER|EDGE_EXTENSION_RESTRICTION leash=Surface(name=Task=1)/@0x9a8b809 sb=Rect(0, 0 - 1440, 3120) eb=Rect(0, 0 - 1440, 3120) d=0 taskParent=-1 inset=Rect(0, 113 - 0, 56)},{null m=TO_BACK f=IS_WALLPAPER p=WCT{android.window.IWindowContainerToken$Stub$Proxy@f49f91a} leash=Surface(name=WallpaperWindowToken{30517ae token=android.os.Binder@af4b829})/@0x4df4a0e sb=Rect(0, 0 - 1440, 3120) eb=Rect(0, 0 - 1440, 3120) d=0 inset=Rect(0, 0 - 0, 0)}]}
02-19 10:57:03.190 12198 12198 D InputTransport: Input channel constructed: '5c61c8b', fd=125
02-19 10:57:03.190  3927  4019 V WindowManagerShell: loadAnimation: anim=android.view.animation.AnimationSet@f80e628 animAttr=0x13 type=OPEN isEntrance=false
02-19 10:57:03.190  3927  4019 V WindowManagerShell:    wallpaperTransit=WALLPAPER_CLOSE translucent=false
02-19 10:57:03.190  3927  4019 V WindowManagerShell:    change={WCT{android.window.IWindowContainerToken$Stub$Proxy@c1bcbc5} m=TO_BACK f=SHOW_WALLPAPER|EDGE_EXTENSION_RESTRICTION leash=Surface(name=Task=1)/@0x9a8b809 sb=Rect(0, 0 - 1440, 3120) eb=Rect(0, 0 - 1440, 3120) d=0 taskParent=-1 inset=Rect(0, 113 - 0, 56)}
02-19 10:57:03.191 12198 12198 I InsetsController: onStateChanged: host=com.sikwin.app/com.sikwin.app.MainActivity, from=android.view.ViewRootImpl.setView:1999, state=InsetsState: {mDisplayFrame=Rect(0, 0 - 1440, 3120), mDisplayCutout=DisplayCutout{insets=Rect(0, 112 - 0, 0) waterfall=Insets{left=0, top=0, right=0, bottom=0} boundingRect={Bounds=[Rect(0, 0 - 0, 0), Rect(686, 0 - 754, 112), Rect(0, 0 - 0, 0), Rect(0, 0 - 0, 0)]} cutoutPathParserInfo={CutoutPathParserInfo{displayWidth=1440 displayHeight=3120 physicalDisplayWidth=1440 physicalDisplayHeight=3120 density={3.75} cutoutSpec={M 0,0 H -9.066666666666667 V 29.86666666666667 H 9.066666666666667 V 0 H 0 Z @dp} rotation={0} scale={1.0} physicalPixelDisplaySizeRatio={1.0}}} sideOverrides={}}, mRoundedCorners=RoundedCorners{[RoundedCorner{position=TopLeft, radius=8, center=Point(8, 8)}, RoundedCorner{position=TopRight, radius=8, center=Point(1432, 8)}, RoundedCorner{position=BottomRight, radius=8, center=Point(1432, 3112)}, RoundedCorner{position=BottomLeft, radius=8, center=Point(8, 3112)}]}  mRoundedCornerFrame=Rect(0, 0 - 1440, 3120), mPrivacyIndicatorBounds=PrivacyIndicatorBounds {static bounds=Rect(1275, 0 - 1440, 113) rotation=0}, mDisplayShape=DisplayShape{ spec=1406003047 displayWidth=1440 displayHeight=3120 physicalPixelDisplaySizeRatio=1.0 rotation=0 offsetX=0 offsetY=0 scale=1.0}, mSources= { InsetsSource: {3 mType=ime mFrame=[0,0][0,0] mVisible=false mFlags= mSideHint=NONE mBoundingRects=null}, InsetsSource: {27 mType=displayCutout mFrame=[0,0][1440,112] mVisible=true mFlags= mSideHint=TOP mBoundingRects=null}, InsetsSource: {f940001 mType=navigationBars mFrame=[0,3064][1440,3120] mVisible=true mFlags=SUPPRESS_SCRIM mSideHint=BOTTOM mBoundingRects=null}, InsetsSource: {f940004 mType=systemGestures mFrame=[0,0][112,3120] mVisible=true mFlags= mSideHint=LEFT mBoundingRects=null}, InsetsSource: {f940005 mType=mandatorySystemGestures mFrame=[0,3000][1440,3120] mVisible=true mFlags= mSideHint=BOTTOM mBoundingRects=null}, InsetsSource: {f940006 mType=tappableElement mFrame=[0,0][0,0] mVisible=true mFlags= mSideHint=NONE mBoundingRects=null}, InsetsSource: {f940024 mType=systemGestures mFrame=[1328,0][1440,3120] mVisible=true mFlags= mSideHint=RIGHT mBoundingRects=null}, InsetsSource: {5dc60000 mType=statusBars mFrame=[0,0][1440,113] mVisible=true mFlags= mSideHint=TOP mBoundingRects=null}, InsetsSource: {5dc60005 mType=mandatorySystemGestures mFrame=[0,0][1440,157] mVisible=true mFlags= mSideHint=TOP mBoundingRects=null}, InsetsSource: {5dc60006 mType=tappableElement mFrame=[0,0][1440,113] mVisible=true mFlags= mSideHint=TOP mBoundingRects=null} }
02-19 10:57:03.191  2557  2908 D SGM:GameManager: identifyGamePackage. com.sikwin.app, mCurrentUserId: 0, callerUserId: 0, callingMethodInfo: com.samsung.android.game.SemGameManager.isGamePackage(SemGameManager.java:105)
02-19 10:57:03.191  2557  2908 D SGM:SemGameManager: isGamePackage(), pkgName=com.sikwin.app, ret=false
02-19 10:57:03.191 12198 12198 I VRI[MainActivity]@5e92904: synced displayState. AttachInfo displayState=2
02-19 10:57:03.191 12198 12198 D InputTransport: setImprovementEvent.. GameApp 1 1  508.000  504.764 15898240.000 5639.688 3987.260
02-19 10:57:03.191 12198 12198 I VRI[MainActivity]@5e92904: setView = com.android.internal.policy.DecorView@5f117b3 IsHRR=false TM=true
02-19 10:57:03.191  6955  9216 I SDHMS:l : handleResumeComponent : put = com.sikwin.app, userid = 0 instanceid =13428582
02-19 10:57:03.191  2557  2998 D AnalyticsContainerHandler: handleMessage : { when=0 what=1 target=com.android.server.knox.KnoxAnalyticsContainer$AnalyticsHandler }
02-19 10:57:03.191 12198 12233 D HWUI    : HWUI - treat SMPTE_170M as sRGB
02-19 10:57:03.191  2557  2998 D AnalyticsContainerHandler: handleMessage : { when=0 what=2 target=com.android.server.knox.KnoxAnalyticsContainer$AnalyticsHandler }
02-19 10:57:03.191  3927  4019 V WindowManagerShell: loadAnimation: anim=android.view.animation.AnimationSet@5123cd4 animAttr=0x12 type=OPEN isEntrance=true
02-19 10:57:03.191  3927  4019 V WindowManagerShell:    wallpaperTransit=WALLPAPER_CLOSE translucent=false
02-19 10:57:03.192  3927  4050 D SRotationLockTile:  mRotationLocked: false handleUpdateState: true orientation = true
02-19 10:57:03.192  1642  1642 I SurfaceFlinger: [Transition Root: Task=619#27754] attach to parent LayerHierarchy{RequestedLayerState{DefaultTaskDisplayArea_d0#11 parentId=10} 11 children}
02-19 10:57:03.192  1642  1642 I SurfaceFlinger: [5c61c8b com.sikwin.app/com.sikwin.app.MainActivity#27755] attach to parent LayerHierarchy{RequestedLayerState{ActivityRecord{3981ca8 u0 com.sikwin.app/.MainActivity t619}#27751 parentId=27750} 2 children}
02-19 10:57:03.192  3927  3927 D Navbar.Store: handleEvent(0) OnRotationLockedChanged(rotationLocked=false) [Module] NavBarStoreImpl
02-19 10:57:03.194  2557 13084 E PerProcessNandswap$NandswapHandler: failed to handleMessage 0
02-19 10:57:03.194  3927  3927 D Navbar.Store: handleEvent(0) OnRotationLockedChanged(rotationLocked=false) [Module] NavBarStoreImpl
02-19 10:57:03.194  2557  2908 W ProcessStats: Tracking association SourceState{207c879 com.samsung.android.rubin.app/10108 Service #265897} whose proc state 8 is better than process ProcessState{71487f4 com.samsung.android.samsungpositioning/5017 pkg=com.samsung.android.samsungpositioning} proc state 15 (4 skipped)
02-19 10:57:03.195  3927  4019 V WindowManagerShell:    change={WCT{android.window.IWindowContainerToken$Stub$Proxy@ed9e23c} m=OPEN f=NONE leash=Surface(name=Task=619)/@0x9798510 sb=Rect(0, 0 - 1440, 3120) eb=Rect(0, 0 - 1440, 3120) d=0 taskParent=-1 inset=Rect(0, 113 - 0, 56) dim=true}
02-19 10:57:03.195  3927  4019 I SurfaceControlRegistry: apply, t=StartTransaction_SyncId<2029>, caller=android.view.SurfaceControl$Transaction.apply:3135 android.view.SurfaceControl$Transaction.apply:3122 android.view.SurfaceControl$Transaction.apply:3078 com.android.wm.shell.transition.DefaultTransitionHandler.startAnimation:2823 com.android.wm.shell.transition.Transitions.dispatchTransition:93 com.android.wm.shell.transition.Transitions.playTransition:700 
02-19 10:57:03.195  3927  4019 V WindowManagerShell:  animated by com.android.wm.shell.transition.DefaultTransitionHandler@39c6c92
02-19 10:57:03.195  3927  3927 D Navbar.Store: handleEvent(0) OnRotationLockedChanged(rotationLocked=false) [Module] NavBarStoreImpl
02-19 10:57:03.196  3927  4050 D SRotationLockTile:  mRotationLocked: false handleUpdateState: true orientation = true
02-19 10:57:03.196 12198 13590 I okhttp.OkHttpClient: --> GET https://gunduata.online/api/auth/profile/
02-19 10:57:03.197 12198 13590 I okhttp.OkHttpClient: --> END GET
02-19 10:57:03.197 12198 13591 I okhttp.OkHttpClient: --> GET https://gunduata.online/api/auth/wallet/
02-19 10:57:03.197 12198 13591 I okhttp.OkHttpClient: --> END GET
02-19 10:57:03.198  3927  3927 D Navbar.Store: handleEvent(0) OnRotationLockedChanged(rotationLocked=false) [Module] NavBarStoreImpl
02-19 10:57:03.198  3927  4050 D SRotationLockTile:  mRotationLocked: false handleUpdateState: true orientation = true
02-19 10:57:03.199  3927  4050 D SRotationLockTile:  mRotationLocked: false handleUpdateState: true orientation = true
02-19 10:57:03.199  3927  4050 D SRotationLockTile:  mRotationLocked: false handleUpdateState: true orientation = true
02-19 10:57:03.200  2557  3826 D NetdEventListenerService: DNS Requested by 105, 10685(com.sikwin.app), SUCCESS, 0ms
02-19 10:57:03.200  1642  1642 I SurfaceFlinger: Layer [ActivityRecord{3981ca8 u0 com.sikwin.app/.MainActivity t619}#27751] hidden!! flag(0)
02-19 10:57:03.200  1642  1642 I SurfaceFlinger: Layer [Transition Root: Task=619#27754] hidden!! flag(0)
02-19 10:57:03.200  1642  1642 I SurfaceFlinger: Layer [59a2f4a Splash Screen com.sikwin.app#27752] hidden!! flag(0)
02-19 10:57:03.200  1642  1642 I SurfaceFlinger: Layer [Task=619#27750] hidden!! flag(0)
02-19 10:57:03.200  1642  1642 E SurfaceFlinger: alpha changed 1.000 -> 0.000 - Task=619#27750
02-19 10:57:03.200  1642  1642 I SurfaceFlinger: Layer [Splash Screen com.sikwin.app$_3927#27753] hidden!! flag(0)
02-19 10:57:03.200  1642  1642 E SurfaceFlinger: alpha changed 0.000 -> 0.000 - Task=619#27750
02-19 10:57:03.200  1642  1642 I SurfaceFlinger: [LayerHierarchy{RequestedLayerState{Task=1#52 parentId=27754 z=3} 2 children}] reparent to LayerHierarchy{RequestedLayerState{Transition Root: Task=619#27754 parentId=11 z=3} 1 children}
02-19 10:57:03.200  1642  2145 I SurfaceFlinger: id=27756 createSurf, flag=84000, 7afab9a ActivityRecordInputSink com.sikwin.app/.MainActivity#27756
02-19 10:57:03.200  1642  1642 I SurfaceFlinger: [LayerHierarchy{RequestedLayerState{WallpaperWindowToken{30517ae token=android.os.Binder@af4b829}#65 parentId=27754 z=1} 1 children}] reparent to LayerHierarchy{RequestedLayerState{Transition Root: Task=619#27754 parentId=11 z=3} 2 children}
02-19 10:57:03.200  1642  1642 I SurfaceFlinger: [LayerHierarchy{RequestedLayerState{Task=619#27750 parentId=27754 z=7} 1 children}] reparent to LayerHierarchy{RequestedLayerState{Transition Root: Task=619#27754 parentId=11 z=3} 3 children}
02-19 10:57:03.201  2557  3826 D NetdEventListenerService: DNS Requested by 105, 10685(com.sikwin.app), SUCCESS, 1ms
02-19 10:57:03.209  1642  1642 I SurfaceFlinger: Layer [5c61c8b com.sikwin.app/com.sikwin.app.MainActivity#27755] hidden!! flag(4096)
02-19 10:57:03.209  1642  1642 I SurfaceFlinger: [7afab9a ActivityRecordInputSink com.sikwin.app/.MainActivity#27756] attach to parent LayerHierarchy{RequestedLayerState{ActivityRecord{3981ca8 u0 com.sikwin.app/.MainActivity t619}#27751 parentId=27750} 3 children}
02-19 10:57:03.210  2557  3478 D CoreBackPreview: Window{5c61c8b u0 com.sikwin.app/com.sikwin.app.MainActivity}: Setting back callback OnBackInvokedCallbackInfo{mCallback=android.window.IOnBackInvokedCallback$Stub$Proxy@1bb97fe, mPriority=0, mIsAnimationCallback=false}
02-19 10:57:03.216  1642  1642 E SurfaceFlinger: alpha changed 0.000 -> 0.080 - Task=619#27750
02-19 10:57:03.218  1642  1642 D SurfaceFlinger: Display 4630946315032985731 HWC layers:
02-19 10:57:03.218  1642  1642 D SurfaceFlinger:        CLIENT |   0xb400007456510810 | 0000 | RGBA_1010102 |    0.0    0.0 1440.0 3120.0 |    0    0 1440 3120 | Wallpaper BBQ wrapper 5_system#99 (483)
02-19 10:57:03.218  1642  1642 D SurfaceFlinger:        CLIENT |   0xb40000745654e610 | 0001 | RGBA_8888    |    0.0    0.0 1440.0 3120.0 |    0    0 1440 3120 | com.sec.android.app.launcher/com.sec[...]ivities.LauncherActivity$_4488#27719 (189)
02-19 10:57:03.218  1642  1642 D SurfaceFlinger:        CLIENT |   0xb40000745655bbd0 | 0001 | RGBA_8888    |    0.0    0.0 1440.0 3120.0 |  105  227 1335 2893 | Splash Screen com.sikwin.app$_3927#27753 (1)
02-19 10:57:03.218  1642  1642 D SurfaceFlinger:        DEVICE |   0xb400007456553170 | 0001 | RGBA_8888    |    0.0    0.0 1440.0  113.0 |    0    0 1440  113 | StatusBar$_3927#96 (28339)
02-19 10:57:03.218  1642  1642 D SurfaceFlinger:        DEVICE |   0xb4000074565461e0 | 0001 | RGBA_8888    |    0.0    0.0   67.0  454.0 | 1373 1592 1440 2046 | com.sec.android.app.launcher/com.sam[...]l.app.CocktailBarService$_4488#27383 (1)
02-19 10:57:03.218  1642  1642 D SurfaceFlinger:        DEVICE |   0xb40000745651f960 | 0001 | RGBA_8888    |    0.0    0.0 1440.0  180.0 |    0 2940 1440 3120 | NavigationBar0$_3927#92 (41
02-19 10:57:03.218  1642  1642 D SurfaceFlinger: 148)
02-19 10:57:03.218  1642  1642 D SurfaceFlinger: 
02-19 10:57:03.250 12198 12198 I ExoPlayerImpl: Init 5498814 [AndroidXMedia3/1.2.1] [e3q, SM-S928B, samsung, 35]
02-19 10:57:03.251  2557  3478 D CompatChangeReporter: Compat change id reported: 161145287; UID 10685; state: ENABLED
02-19 10:57:03.260 16113 16113 I bqat    : onPause
02-19 10:57:03.263  6955  9216 I SDHMS:l : onTaskStackChanged
02-19 10:57:03.264  6955  7285 I SDHMS:N0: p2p-if:: false, , 
02-19 10:57:03.264  6955  7285 I SemDvfsHyPerManager: acquire hyper - TABaseBoost/6955@26, type = -999
02-19 10:57:03.264  6611 10748 I [AirCmd]_ActivitySwitchDetector: onTaskStackChanged : componentName - ComponentInfo{com.sikwin.app/com.sikwin.app.MainActivity}
02-19 10:57:03.264  1559  1739 I HYPER-HAL: [RequestManager.cpp]acquire(): Acquired ID : 24370697  [6955 / 26]    HINT :      list : [TABoost / 1] 
02-19 10:57:03.264  4488 12133 I HoneySpace.RecentTasks: onRecentTasksChanged
02-19 10:57:03.265 12198 12198 D SurfaceView: 69680394 updateSurface: has no frame
02-19 10:57:03.266  4488 12133 I HoneySpace.HistoryViewModel@30671529@OneUI: Illegal access. Unknown type. skip load history items
02-19 10:57:03.266 12198 13607 I AdrenoGLES-0: QUALCOMM build                   : ae801e1e7c, I15873b352d
02-19 10:57:03.266 12198 13607 I AdrenoGLES-0: Build Date                       : 01/03/25
02-19 10:57:03.266 12198 13607 I AdrenoGLES-0: OpenGL ES Shader Compiler Version: E031.45.02.23
02-19 10:57:03.266 12198 13607 I AdrenoGLES-0: Local Branch                     : 
02-19 10:57:03.266 12198 13607 I AdrenoGLES-0: Remote Branch                    : refs/tags/AU_LINUX_ANDROID_LA.VENDOR.14.3.0.11.00.00.973.853
02-19 10:57:03.266 12198 13607 I AdrenoGLES-0: Remote Branch                    : NONE
02-19 10:57:03.266 12198 13607 I AdrenoGLES-0: Reconstruct Branch               : NOTHING
02-19 10:57:03.266 12198 13607 I AdrenoGLES-0: Build Config                     : S P 16.1.2 AArch64
02-19 10:57:03.266 12198 13607 I AdrenoGLES-0: Driver Path                      : /vendor/lib64/egl/libGLESv2_adreno.so
02-19 10:57:03.266 12198 13607 I AdrenoGLES-0: Driver Version                   : 0762.31
02-19 10:57:03.266 12198 13607 I AdrenoGLES-0: Process Name                     : com.sikwin.app
02-19 10:57:03.271  6955  7535 I SDHMS:x : SIOP:: AP:387 BAT:355 USB:329 CHG:384 PA:385 WIFI:380 CF:365 BLK:0 SUBBAT:0 LRPTHM:360 SKIN:362 SKINF:347 SKINB:362 LRP2:362 LRF2:347 LRB2:362 AP2:362 CHG2:360 WIFI2:362 RCV2:342 SPK2:319 FCAM:328 UPSPK:368 DNSPK:328 VAP02:390 VWIFI:386 AMB2:274 AVGCUR:679 POWER:2864
02-19 10:57:03.272  6955  7066 I SDHMS:N0: p2p-if:: false, , 
02-19 10:57:03.272 12198 13607 I AdrenoGLES-0: PFP: 0x01520675, ME: 0x01520023
02-19 10:57:03.273 12198 12198 I SurfaceView@4273d0a: onWindowVisibilityChanged(0) true android.view.SurfaceView{4273d0a V.E...... ......I. 0,0-0,0} of VRI[MainActivity]@5e92904
02-19 10:57:03.273 12198 12198 D SurfaceView: 69680394 updateSurface: has no frame
02-19 10:57:03.274 12198 13607 E Adreno-AppProfiles: QSPM AIDL service doesn't exist
02-19 10:57:03.276 12198 13607 W libc    : Access denied finding property "vendor.display.enable_optimal_refresh_rate"
02-19 10:57:03.276 12198 13607 W libc    : Access denied finding property "vendor.gpp.create_frc_extension"
02-19 10:57:03.277 12198 13605 I DMCodecAdapterFactory: Creating an asynchronous MediaCodec adapter for track type video
02-19 10:57:03.277 12198 13608 I CCodec  : state->set(ALLOCATING)
02-19 10:57:03.278 12198 13609 I CCodec  : allocate(c2.qti.avc.decoder)
02-19 10:57:03.278 12198 13609 I CCodec  : setting up 'default' as default (vendor) store
02-19 10:57:03.279  1588  2512 I QC2CompStore: addIdToList add Id[540] to list
02-19 10:57:03.279  1588  2512 I vendor.qti.media.c2@1.0-service: missing struct descriptor #Param::CoreIndex(--002) for field mastering of struct #Param::CoreIndex(--180a)
02-19 10:57:03.279  1588  2512 I vendor.qti.media.c2@1.0-service: missing struct descriptor #Param::CoreIndex(-V8002) for field portConfigs of struct #Param::CoreIndex(FV19100)
02-19 10:57:03.279  1588  2512 I vendor.qti.media.c2@1.0-service: missing struct descriptor #Param::CoreIndex(-V8002) for field portConfigs of struct #Param::CoreIndex(FV1a100)
02-19 10:57:03.279  1588  2512 I vendor.qti.media.c2@1.0-service: missing struct descriptor #Param::CoreIndex(-V8002) for field portConfigs of struct #Param::CoreIndex(FV19100)
02-19 10:57:03.279  1588  2512 I vendor.qti.media.c2@1.0-service: missing struct descriptor #Param::CoreIndex(-V8002) for field portConfigs of struct #Param::CoreIndex(FV1a100)
02-19 10:57:03.280  1588  2512 I QC2Comp : [cmpavcD_540] KPI_L1: init: ms=0
02-19 10:57:03.280  1588  2512 I QC2Comp : [c2.qti.avc.decoder] KPI_L1: Create: ms=0
02-19 10:57:03.280  1588  2512 I QC2CompStore: Created component(c2.qti.avc.decoder) id(540) sStore[0xb4000071169ddb50]
02-19 10:57:03.280  1588  2512 I vendor.qti.media.c2@1.0-service: missing struct descriptor #Param::CoreIndex(--002) for field mastering of struct #Param::CoreIndex(--180a)
02-19 10:57:03.280  1588  2512 I vendor.qti.media.c2@1.0-service: missing struct descriptor #Param::CoreIndex(--002) for field mastering of struct #Param::CoreIndex(--180a)
02-19 10:57:03.280  1588  2512 I vendor.qti.media.c2@1.0-service: VendorExternalAIFRCRequestSetter set to 0 0
02-19 10:57:03.280  1588  2512 I vendor.qti.media.c2@1.0-service: StrictValueWithNoDeps is called old.v.value is 2141391876 me.v.value is 2141391876
02-19 10:57:03.280  1588  2512 I vendor.qti.media.c2@1.0-service: StrictValueWithNoDeps is called old.v.value is 30 me.v.value is 30
02-19 10:57:03.280  1588  2512 I vendor.qti.media.c2@1.0-service: missing struct descriptor #Param::CoreIndex(--002) for field mastering of struct #Param::CoreIndex(--180a)
02-19 10:57:03.280  1588  2512 I vendor.qti.media.c2@1.0-service: missing struct descriptor #Param::CoreIndex(--002) for field mastering of struct #Param::CoreIndex(--180a)
02-19 10:57:03.280  1588  2512 I vendor.qti.media.c2@1.0-service: C2StreamVendorRenderEngineHDRToneMapRequestInfoset to 0
02-19 10:57:03.280  1588  2512 W QC2Interface: [avcD_540] Failed to query parameters
02-19 10:57:03.280  1588  2512 I vendor.qti.media.c2@1.0-service: StrictValueWithNoDeps is called old.v.value is 2141391876 me.v.value is 0
02-19 10:57:03.280  1588  2512 I vendor.qti.media.c2@1.0-service: StrictValueWithNoDeps is called old.v.value is 30 me.v.value is 1
02-19 10:57:03.280  1588  2512 I vendor.qti.media.c2@1.0-service: [FRC-IsFilteringEnabled] entry
02-19 10:57:03.280  1588  2512 I vendor.qti.media.c2@1.0-service: [FRC-IsFilteringEnabled] frcReqInfo.value is 0
02-19 10:57:03.281 12198 13609 I CCodec  : Created component [c2.qti.avc.decoder]
02-19 10:57:03.281 12198 13609 I CCodec  : [c2.qti.avc.decoder] state->set(ALLOCATED)
02-19 10:57:03.281  1588  1588 W QC2Interface: [avcD_540] Failed to query parameters
02-19 10:57:03.281 12198 13609 D CCodecConfig: read media type: video/avc
02-19 10:57:03.281 12198 13609 D ReflectedParamUpdater: extent() != 1 for single value type: output.buffers.pool-ids.values
02-19 10:57:03.283 12198 13609 D ReflectedParamUpdater: ignored struct field vendor.output.configs.portConfigs
02-19 10:57:03.283 12198 13609 D ReflectedParamUpdater: ignored struct field vendor.input.configs.portConfigs
02-19 10:57:03.283 12198 13609 D ReflectedParamUpdater: extent() != 1 for single value type: vendor.qti-ext-transcode-info-stats.stats_info
02-19 10:57:03.283 12198 13609 D ReflectedParamUpdater: ignored struct field vendor.output.configs.portConfigs
02-19 10:57:03.284 12198 13609 D ReflectedParamUpdater: extent() != 1 for single value type: output.subscribed-indices.values
02-19 10:57:03.285 12198 13609 D ReflectedParamUpdater: ignored struct field vendor.input.configs.portConfigs
02-19 10:57:03.286 12198 13609 D CCodecConfig: ignoring local param raw.size (0xd2001800) as it is already supported
02-19 10:57:03.286 12198 13609 D CCodecConfig: ignoring local param default.color (0x5200180b) as it is already supported
02-19 10:57:03.286 12198 13609 D CCodecConfig: ignoring local param raw.hdr-static-info (0xd200180a) as it is already supported
02-19 10:57:03.286  1588  1588 W QC2Interface: [avcD_540] Failed to query parameters
02-19 10:57:03.286  1588  1588 I vendor.qti.media.c2@1.0-service: StrictValueWithNoDeps is called old.v.value is 2141391876 me.v.value is 0
02-19 10:57:03.286  1588  1588 I vendor.qti.media.c2@1.0-service: [FRC-IsFilteringEnabled] entry
02-19 10:57:03.286  1588  1588 I vendor.qti.media.c2@1.0-service: [FRC-IsFilteringEnabled] frcReqInfo.value is 0
02-19 10:57:03.287  1588  1588 W QC2Interface: [avcD_540] Failed to query parameters
02-19 10:57:03.287 12198 13609 I CCodecConfig: query failed after returning 17 values (BAD_INDEX)
02-19 10:57:03.287 12198 13609 D CCodecConfig: c2 config diff is Dict {
02-19 10:57:03.287 12198 13609 D CCodecConfig:   c2::i32 algo.priority.value = -4
02-19 10:57:03.287 12198 13609 D CCodecConfig:   c2::float algo.rate.value = 1
02-19 10:57:03.287 12198 13609 D CCodecConfig:   c2::u32 algo.secure-mode.value = 0
02-19 10:57:03.287 12198 13609 D CCodecConfig:   c2::float coded.frame-rate.value = 30
02-19 10:57:03.287 12198 13609 D CCodecConfig:   c2::u32 coded.pl.level = 0
02-19 10:57:03.287 12198 13609 D CCodecConfig:   c2::u32 coded.pl.profile = 20484
02-19 10:57:03.287 12198 13609 D CCodecConfig:   c2::u32 coded.vui.color.matrix = 255
02-19 10:57:03.287 12198 13609 D CCodecConfig:   c2::u32 coded.vui.color.primaries = 0
02-19 10:57:03.287 12198 13609 D CCodecConfig:   c2::u32 coded.vui.color.range = 0
02-19 10:57:03.287 12198 13609 D CCodecConfig:   c2::u32 coded.vui.color.transfer = 255
02-19 10:57:03.287 12198 13609 D CCodecConfig:   c2::u32 default.color.matrix = 0
02-19 10:57:03.287 12198 13609 D CCodecConfig:   c2::u32 default.color.primaries = 0
02-19 10:57:03.287 12198 13609 D CCodecConfig:   c2::u32 default.color.range = 0
02-19 10:57:03.287 12198 13609 D CCodecConfig:   c2::u32 default.color.transfer = 0
02-19 10:57:03.287 12198 13609 D CCodecConfig:   c2::u32 input.buffers.max-size.value = 8388608
02-19 10:57:03.287 12198 13609 D CCodecConfig:   c2::u32 input.delay.value = 0
02-19 10:57:03.287 12198 13609 D CCodecConfig:   string input.media-type.value = "video/avc"
02-19 10:57:03.287 12198 13609 D CCodecConfig:   c2::u32 output.delay.value = 6
02-19 10:57:03.287 12198 13609 D CCodecConfig:   string output.media-type.value = "video/raw"
02-19 10:57:03.287 12198 13609 D CCodecConfig:   c2::u32 raw.color.matrix = 0
02-19 10:57:03.287 12198 13609 D CCodecConfig:   c2::u32 raw.color.primaries = 0
02-19 10:57:03.287 12198 13609 D CCodecConfig:   c2::u32 raw.color.range = 0
02-19 10:57:03.287 12198 13609 D CCodecConfig:   c2::u32 raw.color.transfer = 0
02-19 10:57:03.287 12198 13609 D CCodecConfig:   c2::float raw.hdr-static-info.mastering.blue.x = 0
02-19 10:57:03.287 12198 13609 D CCodecConfig:   c2::float raw.hdr-static-info.mastering.blue.y = 0
02-19 10:57:03.287 12198 13609 D CCodecConfig:   c2::float raw.hdr-static-info.mastering.green.x
02-19 10:57:03.287 12198 13609 W ColorUtils: expected specified color aspects (0:0:0:0)
02-19 10:57:03.288  2557  3478 V WindowManager: Relayout Window{5c61c8b u0 com.sikwin.app/com.sikwin.app.MainActivity}: viewVisibility=0 req=1440x3120 ty=1 d0
02-19 10:57:03.288  1642  2145 I SurfaceFlinger: id=27757 createSurf, flag=44004, com.sikwin.app/com.sikwin.app.MainActivity$_12198#27757
02-19 10:57:03.288  2557  3478 D WindowManager: makeSurface duration=0 name=com.sikwin.app/com.sikwin.app.MainActivity$_12198
02-19 10:57:03.288 12198 13608 I MediaCodec: MediaCodec will operate in async mode
02-19 10:57:03.288  2557  3478 I WindowManager: Cancelling animation restarting=true, leash=Surface(name=Surface(name=29212b3 StatusBar)/@0x6501fb9 - animation-leash of insets_animation)/@0x510c7b2
02-19 10:57:03.288  2557  3478 I WindowManager: Reparenting to original parent: Surface(name=WindowToken{49e5822 type=2000 android.os.BinderProxy@60e1804})/@0xbde0ffe, destroy=false, syncState=0, syncCommitDepth=0, surface=Surface(name=29212b3 StatusBar)/@0x6501fb9
02-19 10:57:03.288  2557  3478 I WindowManager: Reparenting to leash, surface=Surface(name=29212b3 StatusBar)/@0x6501fb9, syncState=0, syncCommitDepth=0, leashParent=Surface(name=WindowToken{49e5822 type=2000 android.os.BinderProxy@60e1804})/@0xbde0ffe
02-19 10:57:03.288 12198 13605 W libc    : Access denied finding property "vendor.display.enable_optimal_refresh_rate"
02-19 10:57:03.288  1642  2149 I SurfaceFlinger: id=27758 createSurf, flag=24000, Surface(name=29212b3 StatusBar)/@0x6501fb9 - animation-leash of insets_animation#27758
02-19 10:57:03.288 12198 13605 W libc    : Access denied finding property "vendor.gpp.create_frc_extension"
02-19 10:57:03.288  2557  3478 D WindowManager: makeSurface duration=0 leash=Surface(name=Surface(name=29212b3 StatusBar)/@0x6501fb9 - animation-leash of insets_animation)/@0x3d54757
02-19 10:57:03.289 12198 13608 D SurfaceUtils: connecting to surface 0xb4000070772b1d70, reason connectToSurface
02-19 10:57:03.289  2557  3478 D InsetsSourceProvider: updateControlForTarget: control=InsetsSourceControl: {5dc60000 mType=statusBars initiallyVisible mSurfacePosition=Point(0, 0) mInsetsHint=Insets{left=0, top=113, right=0, bottom=0}}, target=Window{59a2f4a u0 Splash Screen com.sikwin.app}, from=com.android.server.wm.InsetsStateController.onControlTargetChanged:81 com.android.server.wm.InsetsPolicy.updateBarControlTarget:175 com.android.server.wm.DisplayPolicy.updateSystemBarAttributes:269 com.android.server.wm.DisplayPolicy.finishPostLayoutPolicyLw:17 com.android.server.wm.RootWindowContainer.applySurfaceChangesTransaction$1:194 
02-19 10:57:03.289  2557  3478 I WindowManager: Cancelling animation restarting=true, leash=Surface(name=Surface(name=b6f87e5 NavigationBar0)/@0x24b71ac - animation-leash of insets_animation)/@0xd54d7a3
02-19 10:57:03.289  2557  3478 I WindowManager: Reparenting to original parent: Surface(name=WindowToken{870134f type=2019 android.os.BinderProxy@7c2f229})/@0xdc9fe75, destroy=false, syncState=0, syncCommitDepth=0, surface=Surface(name=b6f87e5 NavigationBar0)/@0x24b71ac
02-19 10:57:03.289 12198 13608 I MediaCodec: [c2.qti.avc.decoder] setting surface generation to 12490761
02-19 10:57:03.289 12198 13608 D SurfaceUtils: disconnecting from surface 0xb4000070772b1d70, reason connectToSurface(reconnect)
02-19 10:57:03.289  2557  3478 I WindowManager: Reparenting to leash, surface=Surface(name=b6f87e5 NavigationBar0)/@0x24b71ac, syncState=0, syncCommitDepth=0, leashParent=Surface(name=WindowToken{870134f type=2019 android.os.BinderProxy@7c2f229})/@0xdc9fe75
02-19 10:57:03.289 12198 13608 D SurfaceUtils: connecting to surface 0xb4000070772b1d60, reason connectToSurface(reconnect-with-listener)
02-19 10:57:03.289  1642  2149 I SurfaceFlinger: id=27759 createSurf, flag=24000, Surface(name=b6f87e5 NavigationBar0)/@0x24b71ac - animation-leash of insets_animation#27759
02-19 10:57:03.289 12198 13609 D CCodec  : [c2.qti.avc.decoder] buffers are bound to CCodec for this session
02-19 10:57:03.289  2557  3478 D WindowManager: makeSurface duration=0 leash=Surface(name=Surface(name=b6f87e5 NavigationBar0)/@0x24b71ac - animation-leash of insets_animation)/@0x64eaf2d
02-19 10:57:03.289  2557  3478 D InsetsSourceProvider: updateControlForTarget: control=InsetsSourceControl: {f940001 mType=navigationBars initiallyVisible mSurfacePosition=Point(0, 2940) mInsetsHint=Insets{left=0, top=0, right=0, bottom=56}}, target=Window{59a2f4a u0 Splash Screen com.sikwin.app}, from=com.android.server.wm.InsetsStateController.onControlTargetChanged:81 com.android.server.wm.InsetsPolicy.updateBarControlTarget:188 com.android.server.wm.DisplayPolicy.updateSystemBarAttributes:269 com.android.server.wm.DisplayPolicy.finishPostLayoutPolicyLw:17 com.android.server.wm.RootWindowContainer.applySurfaceChangesTransaction$1:194 
02-19 10:57:03.289 12198 13609 I CCodec  : appPid(12198) width(478) height(850)
02-19 10:57:03.289 12198 13609 D CCodecConfig: no c2 equivalents for log-session-id
02-19 10:57:03.289  2557  3478 D WindowManager: updateSystemBarAttributes: displayId=0, focusedCanBeNavColorWin=false, win=Window{59a2f4a u0 Splash Screen com.sikwin.app}, navColorWin=Window{59a2f4a u0 Splash Screen com.sikwin.app}, caller=com.android.server.wm.DisplayPolicy.finishPostLayoutPolicyLw:17 com.android.server.wm.RootWindowContainer.applySurfaceChangesTransaction$1:194 com.android.server.wm.RootWindowContainer.performSurfacePlacementNoTrace:61 
02-19 10:57:03.289 12198 13609 D CCodecConfig: no c2 equivalents for color-standard
02-19 10:57:03.289 12198 13609 D CCodecConfig: no c2 equivalents for csd-1
02-19 10:57:03.289 12198 13609 D CCodecConfig: no c2 equivalents for native-window
02-19 10:57:03.289 12198 13609 D CCodecConfig: no c2 equivalents for native-window-generation
02-19 10:57:03.289 12198 13609 D CCodecConfig: no c2 equivalents for flags
02-19 10:57:03.289  2557  3478 D WindowManager: updateSystemBarAttributes, bhv=1, apr=0, statusBarAprRegions=[AppearanceRegion{ bounds=[0,0][1440,3120]}], requestedVisibilities=-9
02-19 10:57:03.289  3927  3927 D SysUiState: SysUiState changed: old=0x10000000 new=0x10020000
02-19 10:57:03.289  1588  1588 E StandardCaps: max size must equal to/greater than output size
02-19 10:57:03.289  1588  1588 W QC2Interface: [avcD_540] Failed to query parameters
02-19 10:57:03.289  1588  1588 I vendor.qti.media.c2@1.0-service: StrictValueWithNoDeps is called old.v.value is 2141391876 me.v.value is 0
02-19 10:57:03.289  1588  1588 I vendor.qti.media.c2@1.0-service: [FRC-IsFilteringEnabled] entry
02-19 10:57:03.289  1588  1588 I vendor.qti.media.c2@1.0-service: [FRC-IsFilteringEnabled] frcReqInfo.value is 0
02-19 10:57:03.289  2557  3478 D WindowManager: Changing focus from null to Window{5c61c8b u0 com.sikwin.app/com.sikwin.app.MainActivity} displayId=0 Callers=com.android.server.wm.WindowManagerService.relayoutWindowInner:142 com.android.server.wm.WindowManagerService.relayoutWindow:6 com.android.server.wm.Session.relayout:27 android.view.IWindowSession$Stub.onTransact:861 
02-19 10:57:03.289  2557  3478 I WindowManager: Cancelling animation restarting=true, leash=Surface(name=Surface(name=29212b3 StatusBar)/@0x6501fb9 - animation-leash of insets_animation)/@0x3d54757
02-19 10:57:03.289  2557  3478 I WindowManager: Reparenting to original parent: Surface(name=WindowToken{49e5822 type=2000 android.os.BinderProxy@60e1804})/@0xbde0ffe, destroy=false, syncState=0, syncCommitDepth=0, surface=Surface(name=29212b3 StatusBar)/@0x6501fb9
02-19 10:57:03.289  2557  3478 I WindowManager: Reparenting to leash, surface=Surface(name=29212b3 StatusBar)/@0x6501fb9, syncState=0, syncCommitDepth=0, leashParent=Surface(name=WindowToken{49e5822 type=2000 android.os.BinderProxy@60e1804})/@0xbde0ffe
02-19 10:57:03.289  1642  2149 I SurfaceFlinger: id=27760 createSurf, flag=24000, Surface(name=29212b3 StatusBar)/@0x6501fb9 - animation-leash of insets_animation#27760
02-19 10:57:03.289 12198 13609 D CCodecConfig: c2 config diff is   c2::i32 algo.priority.value = 0
02-19 10:57:03.289 12198 13609 D CCodecConfig:   c2::float coded.frame-rate.value = 24
02-19 10:57:03.289 12198 13609 D CCodecConfig:   c2::u32 default.color.matrix = 1
02-19 10:57:03.289 12198 13609 D CCodecConfig:   c2::u32 default.color.primaries = 1
02-19 10:57:03.289 12198 13609 D CCodecConfig:   c2::u32 default.color.range = 2
02-19 10:57:03.289 12198 13609 D CCodecConfig:   c2::u32 default.color.transfer = 3
02-19 10:57:03.289 12198 13609 D CCodecConfig:   c2::u32 raw.max-size.height = 850
02-19 10:57:03.289 12198 13609 D CCodecConfig:   c2::u32 raw.max-size.width = 478
02-19 10:57:03.289 12198 13609 D CCodecConfig:   c2::u32 raw.size.height = 850
02-19 10:57:03.289 12198 13609 D CCodecConfig:   c2::u32 raw.size.width = 478
02-19 10:57:03.289  2557  3478 D WindowManager: makeSurface duration=0 leash=Surface(name=Surface(name=29212b3 StatusBar)/@0x6501fb9 - animation-leash of insets_animation)/@0x3fd01f3
02-19 10:57:03.289  4488 12121 I HoneySpace.SystemUiRepository: systemUiFlags: allow_gesture|awake
02-19 10:57:03.289  2557  3478 D InsetsSourceProvider: updateControlForTarget: control=InsetsSourceControl: {5dc60000 mType=statusBars initiallyVisible mSurfacePosition=Point(0, 0) mInsetsHint=Insets{left=0, top=113, right=0, bottom=0}}, target=Window{5c61c8b u0 com.sikwin.app/com.sikwin.app.MainActivity}, from=com.android.server.wm.InsetsStateController.onControlTargetChanged:81 com.android.server.wm.InsetsPolicy.updateBarControlTarget:175 com.android.server.wm.DisplayPolicy.updateSystemBarAttributes:269 com.android.server.wm.WindowManagerService.updateFocusedWindowLocked:375 com.android.server.wm.WindowManagerService.relayoutWindowInner:142 
02-19 10:57:03.289  2557  3478 I WindowManager: Cancelling animation restarting=true, leash=Surface(name=Surface(name=b6f87e5 NavigationBar0)/@0x24b71ac - animation-leash of insets_animation)/@0x64eaf2d
02-19 10:57:03.289  2557  3478 I WindowManager: Reparenting to original parent: Surface(name=WindowToken{870134f type=2019 android.os.BinderProxy@7c2f229})/@0xdc9fe75, destroy=false, syncState=0, syncCommitDepth=0, surface=Surface(name=b6f87e5 NavigationBar0)/@0x24b71ac
02-19 10:57:03.289  2557  3478 I WindowManager: Reparenting to leash, surface=Surface(name=b6f87e5 NavigationBar0)/@0x24b71ac, syncState=0, syncCommitDepth=0, leashParent=Surface(name=WindowToken{870134f type=2019 android.os.BinderProxy@7c2f229})/@0xdc9fe75
02-19 10:57:03.289  1642  2149 I SurfaceFlinger: id=27761 createSurf, flag=24000, Surface(name=b6f87e5 NavigationBar0)/@0x24b71ac - animation-leash of insets_animation#27761
02-19 10:57:03.290  4488  4660 I HoneySpace.TaskbarEventTracker: invokeEvent() called with: event = SystemUiStateChanged(stateFlags=268566528)
02-19 10:57:03.290  2557  3478 D WindowManager: makeSurface duration=0 leash=Surface(name=Surface(name=b6f87e5 NavigationBar0)/@0x24b71ac - animation-leash of insets_animation)/@0xb941129
02-19 10:57:03.290  1588  1588 W QC2Interface: [avcD_540] Failed to query parameters
02-19 10:57:03.290  2557  3478 D InsetsSourceProvider: updateControlForTarget: control=InsetsSourceControl: {f940001 mType=navigationBars initiallyVisible mSurfacePosition=Point(0, 2940) mInsetsHint=Insets{left=0, top=0, right=0, bottom=56}}, target=Window{5c61c8b u0 com.sikwin.app/com.sikwin.app.MainActivity}, from=com.android.server.wm.InsetsStateController.onControlTargetChanged:81 com.android.server.wm.InsetsPolicy.updateBarControlTarget:188 com.android.server.wm.DisplayPolicy.updateSystemBarAttributes:269 com.android.server.wm.WindowManagerService.updateFocusedWindowLocked:375 com.android.server.wm.WindowManagerService.relayoutWindowInner:142 
02-19 10:57:03.290 12198 13609 W Codec2Client: query -- param skipped: index = 1107298332.
02-19 10:57:03.290  2557  3478 V SystemKeyManager: updateFocusedWindow() is called, com.sikwin.app/com.sikwin.app.MainActivity
02-19 10:57:03.290 12198 13609 D CCodec  : client requested max input size 25063, which is smaller than what component recommended (8388608); overriding with component recommendation.
02-19 10:57:03.290 12198 13609 W CCodec  : This behavior is subject to change. It is recommended that app developers double check whether the requested max input size is in reasonable range.
02-19 10:57:03.290 12198 13609 D CCodec  : encoding statistics level = 0
