02-19 10:53:06.126 10449 10451 I artd    : Successfully loaded /data/app/~~17uDPTkZjq17L-tOv4mFFg==/com.phonepe.app-FEB-1NYB96h6xlyZj_Lf6g==/oat/arm64/base.odex with executable: 0
02-19 10:53:06.126 10449 10451 I artd    : /data/app/~~17uDPTkZjq17L-tOv4mFFg==/com.phonepe.app-FEB-1NYB96h6xlyZj_Lf6g==/oat/arm64/base.odex is kOatUpToDate with filter speed-profile
02-19 10:53:06.132 10449 10450 I artd    : Dex parent of /data/app/~~17uDPTkZjq17L-tOv4mFFg==/com.phonepe.app-FEB-1NYB96h6xlyZj_Lf6g==/split_card_hce.apk is not writable: Permission denied
02-19 10:53:06.133 10449 10450 I artd    : GetBestInfo checking odex in dalvik-cache (/data/dalvik-cache/arm64/data@app@~~17uDPTkZjq17L-tOv4mFFg==@com.phonepe.app-FEB-1NYB96h6xlyZj_Lf6g==@split_card_hce.apk@classes.dex)
02-19 10:53:06.133 10449 10450 I artd    : Loading /data/dalvik-cache/arm64/data@app@~~17uDPTkZjq17L-tOv4mFFg==@com.phonepe.app-FEB-1NYB96h6xlyZj_Lf6g==@split_card_hce.apk@classes.dex with executable: 0
02-19 10:53:06.133 10449 10450 I artd    : OatFileAssistant test for existing oat file /data/dalvik-cache/arm64/data@app@~~17uDPTkZjq17L-tOv4mFFg==@com.phonepe.app-FEB-1NYB96h6xlyZj_Lf6g==@split_card_hce.apk@classes.dex: File /data/dalvik-cache/arm64/data@app@~~17uDPTkZjq17L-tOv4mFFg==@com.phonepe.app-FEB-1NYB96h6xlyZj_Lf6g==@split_card_hce.apk@classes.vdex does not exist.
02-19 10:53:06.133 10449 10450 I artd    : GetBestInfo checking odex next to the dex file (/data/app/~~17uDPTkZjq17L-tOv4mFFg==/com.phonepe.app-FEB-1NYB96h6xlyZj_Lf6g==/oat/arm64/split_card_hce.odex)
02-19 10:53:06.133 10449 10450 I artd    : Loading /data/app/~~17uDPTkZjq17L-tOv4mFFg==/com.phonepe.app-FEB-1NYB96h6xlyZj_Lf6g==/oat/arm64/split_card_hce.odex with executable: 0
02-19 10:53:06.133 10449 10450 I artd    : OatFileAssistant test for existing oat file /data/app/~~17uDPTkZjq17L-tOv4mFFg==/com.phonepe.app-FEB-1NYB96h6xlyZj_Lf6g==/oat/arm64/split_card_hce.odex: File /data/app/~~17uDPTkZjq17L-tOv4mFFg==/com.phonepe.app-FEB-1NYB96h6xlyZj_Lf6g==/oat/arm64/split_card_hce.vdex does not exist.
02-19 10:53:06.133 10449 10450 I artd    : GetBestInfo checking vdex in dalvik-cache (/data/dalvik-cache/arm64/data@app@~~17uDPTkZjq17L-tOv4mFFg==@com.phonepe.app-FEB-1NYB96h6xlyZj_Lf6g==@split_card_hce.apk@classes.vdex)
02-19 10:53:06.133 10449 10450 I artd    : unable to open vdex file /data/dalvik-cache/arm64/data@app@~~17uDPTkZjq17L-tOv4mFFg==@com.phonepe.app-FEB-1NYB96h6xlyZj_Lf6g==@split_card_hce.apk@classes.vdex: File /data/dalvik-cache/arm64/data@app@~~17uDPTkZjq17L-tOv4mFFg==@com.phonepe.app-FEB-1NYB96h6xlyZj_Lf6g==@split_card_hce.apk@classes.vdex does not exist.
02-19 10:53:06.133 10449 10450 I artd    : OatFileAssistant test for existing oat file /data/dalvik-cache/arm64/data@app@~~17uDPTkZjq17L-tOv4mFFg==@com.phonepe.app-FEB-1NYB96h6xlyZj_Lf6g==@split_card_hce.apk@classes.vdex: File /data/dalvik-cache/arm64/data@app@~~17uDPTkZjq17L-tOv4mFFg==@com.phonepe.app-FEB-1NYB96h6xlyZj_Lf6g==@split_card_hce.apk@classes.vdex does not exist.
02-19 10:53:06.133 10449 10450 I artd    : GetBestInfo checking vdex next to the dex file (/data/app/~~17uDPTkZjq17L-tOv4mFFg==/com.phonepe.app-FEB-1NYB96h6xlyZj_Lf6g==/oat/arm64/split_card_hce.vdex)
02-19 10:53:06.134 10449 10450 I artd    : unable to open vdex file /data/app/~~17uDPTkZjq17L-tOv4mFFg==/com.phonepe.app-FEB-1NYB96h6xlyZj_Lf6g==/oat/arm64/split_card_hce.vdex: File /data/app/~~17uDPTkZjq17L-tOv4mFFg==/com.phonepe.app-FEB-1NYB96h6xlyZj_Lf6g==/oat/arm64/split_card_hce.vdex does not exist.
02-19 10:53:06.134 10449 10450 I artd    : OatFileAssistant test for existing oat file /data/app/~~17uDPTkZjq17L-tOv4mFFg==/com.phonepe.app-FEB-1NYB96h6xlyZj_Lf6g==/oat/arm64/split_card_hce.vdex: File /data/app/~~17uDPTkZjq17L-tOv4mFFg==/com.phonepe.app-FEB-1NYB96h6xlyZj_Lf6g==/oat/arm64/split_card_hce.vdex does not exist.
02-19 10:53:06.134 10449 10450 I artd    : GetBestInfo checking dm (/data/app/~~17uDPTkZjq17L-tOv4mFFg==/com.phonepe.app-FEB-1NYB96h6xlyZj_Lf6g==/split_card_hce.dm)
02-19 10:53:06.134 10449 10450 I artd    : Successfully loaded /data/app/~~17uDPTkZjq17L-tOv4mFFg==/com.phonepe.app-FEB-1NYB96h6xlyZj_Lf6g==/split_card_hce.dm with executable: 0
02-19 10:53:06.134 10449 10450 I artd    : Image checksum test skipped for vdex file primary.vdex mapped directly in memory from /data/app/~~17uDPTkZjq17L-tOv4mFFg==/com.phonepe.app-FEB-1NYB96h6xlyZj_Lf6g==/split_card_hce.dm
02-19 10:53:06.134 10449 10450 I artd    : primary.vdex mapped directly in memory from /data/app/~~17uDPTkZjq17L-tOv4mFFg==/com.phonepe.app-FEB-1NYB96h6xlyZj_Lf6g==/split_card_hce.dm is kOatUpToDate with filter verify
02-19 10:53:06.137 10449 10451 I artd    : Dex parent of /data/user/0/com.phonepe.app/app_pccache/5/2A8265B47A1D9B3EFA0B68A58A01A5E195878859/pcam.jar is not writable: Permission denied
02-19 10:53:06.137 10449 10451 I artd    : GetBestInfo checking odex in dalvik-cache (/data/dalvik-cache/arm64/data@user@0@com.phonepe.app@app_pccache@5@2A8265B47A1D9B3EFA0B68A58A01A5E195878859@pcam.jar@classes.dex)
02-19 10:53:06.137 10449 10451 I artd    : Loading /data/dalvik-cache/arm64/data@user@0@com.phonepe.app@app_pccache@5@2A8265B47A1D9B3EFA0B68A58A01A5E195878859@pcam.jar@classes.dex with executable: 0
02-19 10:53:06.137 10449 10451 I artd    : OatFileAssistant test for existing oat file /data/dalvik-cache/arm64/data@user@0@com.phonepe.app@app_pccache@5@2A8265B47A1D9B3EFA0B68A58A01A5E195878859@pcam.jar@classes.dex: File /data/dalvik-cache/arm64/data@user@0@com.phonepe.app@app_pccache@5@2A8265B47A1D9B3EFA0B68A58A01A5E195878859@pcam.jar@classes.vdex does not exist.
02-19 10:53:06.138 10449 10451 I artd    : GetBestInfo checking odex next to the dex file (/data/user/0/com.phonepe.app/app_pccache/5/2A8265B47A1D9B3EFA0B68A58A01A5E195878859/oat/arm64/pcam.odex)
02-19 10:53:06.138 10449 10451 I artd    : Loading /data/user/0/com.phonepe.app/app_pccache/5/2A8265B47A1D9B3EFA0B68A58A01A5E195878859/oat/arm64/pcam.odex with executable: 0
02-19 10:53:06.144 10449 10451 I artd    : OatFileAssistant test for existing oat file /data/user/0/com.phonepe.app/app_pccache/5/2A8265B47A1D9B3EFA0B68A58A01A5E195878859/oat/arm64/pcam.odex: Failed to open oat filename for reading: No such file or directory
02-19 10:53:06.144 10449 10451 I artd    : GetBestInfo checking vdex in dalvik-cache (/data/dalvik-cache/arm64/data@user@0@com.phonepe.app@app_pccache@5@2A8265B47A1D9B3EFA0B68A58A01A5E195878859@pcam.jar@classes.vdex)
02-19 10:53:06.144 10449 10451 I artd    : unable to open vdex file /data/dalvik-cache/arm64/data@user@0@com.phonepe.app@app_pccache@5@2A8265B47A1D9B3EFA0B68A58A01A5E195878859@pcam.jar@classes.vdex: File /data/dalvik-cache/arm64/data@user@0@com.phonepe.app@app_pccache@5@2A8265B47A1D9B3EFA0B68A58A01A5E195878859@pcam.jar@classes.vdex does not exist.
02-19 10:53:06.144 10449 10451 I artd    : OatFileAssistant test for existing oat file /data/dalvik-cache/arm64/data@user@0@com.phonepe.app@app_pccache@5@2A8265B47A1D9B3EFA0B68A58A01A5E195878859@pcam.jar@classes.vdex: File /data/dalvik-cache/arm64/data@user@0@com.phonepe.app@app_pccache@5@2A8265B47A1D9B3EFA0B68A58A01A5E195878859@pcam.jar@classes.vdex does not exist.
02-19 10:53:06.144 10449 10451 I artd    : GetBestInfo checking vdex next to the dex file (/data/user/0/com.phonepe.app/app_pccache/5/2A8265B47A1D9B3EFA0B68A58A01A5E195878859/oat/arm64/pcam.vdex)
02-19 10:53:06.145 10449 10451 I artd    : Successfully loaded /data/user/0/com.phonepe.app/app_pccache/5/2A8265B47A1D9B3EFA0B68A58A01A5E195878859/oat/arm64/pcam.vdex with executable: 0
02-19 10:53:06.145 10449 10451 I artd    : Image checksum test skipped for vdex file /data/user/0/com.phonepe.app/app_pccache/5/2A8265B47A1D9B3EFA0B68A58A01A5E195878859/oat/arm64/pcam.vdex
02-19 10:53:06.145 10449 10451 I artd    : /data/user/0/com.phonepe.app/app_pccache/5/2A8265B47A1D9B3EFA0B68A58A01A5E195878859/oat/arm64/pcam.vdex is kOatUpToDate with filter verify
02-19 10:53:06.148 10449 10450 I artd    : Dex parent of /data/user/0/com.phonepe.app/app_pccache/5/D6A6862E57300EBB9D9EF1C1C983A838A749EA4F/pcam.jar is not writable: Permission denied
02-19 10:53:06.148 10449 10450 I artd    : GetBestInfo checking odex in dalvik-cache (/data/dalvik-cache/arm64/data@user@0@com.phonepe.app@app_pccache@5@D6A6862E57300EBB9D9EF1C1C983A838A749EA4F@pcam.jar@classes.dex)
02-19 10:53:06.148 10449 10450 I artd    : Loading /data/dalvik-cache/arm64/data@user@0@com.phonepe.app@app_pccache@5@D6A6862E57300EBB9D9EF1C1C983A838A749EA4F@pcam.jar@classes.dex with executable: 0
02-19 10:53:06.148 10449 10450 I artd    : OatFileAssistant test for existing oat file /data/dalvik-cache/arm64/data@user@0@com.phonepe.app@app_pccache@5@D6A6862E57300EBB9D9EF1C1C983A838A749EA4F@pcam.jar@classes.dex: File /data/dalvik-cache/arm64/data@user@0@com.phonepe.app@app_pccache@5@D6A6862E57300EBB9D9EF1C1C983A838A749EA4F@pcam.jar@classes.vdex does not exist.
02-19 10:53:06.148 10449 10450 I artd    : GetBestInfo checking odex next to the dex file (/data/user/0/com.phonepe.app/app_pccache/5/D6A6862E57300EBB9D9EF1C1C983A838A749EA4F/oat/arm64/pcam.odex)
02-19 10:53:06.148 10449 10450 I artd    : Loading /data/user/0/com.phonepe.app/app_pccache/5/D6A6862E57300EBB9D9EF1C1C983A838A749EA4F/oat/arm64/pcam.odex with executable: 0
02-19 10:53:06.150 10449 10450 I artd    : OatFileAssistant test for existing oat file /data/user/0/com.phonepe.app/app_pccache/5/D6A6862E57300EBB9D9EF1C1C983A838A749EA4F/oat/arm64/pcam.odex: Failed to open oat filename for reading: No such file or directory
02-19 10:53:06.150 10449 10450 I artd    : GetBestInfo checking vdex in dalvik-cache (/data/dalvik-cache/arm64/data@user@0@com.phonepe.app@app_pccache@5@D6A6862E57300EBB9D9EF1C1C983A838A749EA4F@pcam.jar@classes.vdex)
02-19 10:53:06.150 10449 10450 I artd    : unable to open vdex file /data/dalvik-cache/arm64/data@user@0@com.phonepe.app@app_pccache@5@D6A6862E57300EBB9D9EF1C1C983A838A749EA4F@pcam.jar@classes.vdex: File /data/dalvik-cache/arm64/data@user@0@com.phonepe.app@app_pccache@5@D6A6862E57300EBB9D9EF1C1C983A838A749EA4F@pcam.jar@classes.vdex does not exist.
02-19 10:53:06.151 10449 10450 I artd    : OatFileAssistant test for existing oat file /data/dalvik-cache/arm64/data@user@0@com.phonepe.app@app_pccache@5@D6A6862E57300EBB9D9EF1C1C983A838A749EA4F@pcam.jar@classes.vdex: File /data/dalvik-cache/arm64/data@user@0@com.phonepe.app@app_pccache@5@D6A6862E57300EBB9D9EF1C1C983A838A749EA4F@pcam.jar@classes.vdex does not exist.
02-19 10:53:06.151 10449 10450 I artd    : GetBestInfo checking vdex next to the dex file (/data/user/0/com.phonepe.app/app_pccache/5/D6A6862E57300EBB9D9EF1C1C983A838A749EA4F/oat/arm64/pcam.vdex)
02-19 10:53:06.152 10449 10450 I artd    : Successfully loaded /data/user/0/com.phonepe.app/app_pccache/5/D6A6862E57300EBB9D9EF1C1C983A838A749EA4F/oat/arm64/pcam.vdex with executable: 0
02-19 10:53:06.152 10449 10450 I artd    : Image checksum test skipped for vdex file /data/user/0/com.phonepe.app/app_pccache/5/D6A6862E57300EBB9D9EF1C1C983A838A749EA4F/oat/arm64/pcam.vdex
02-19 10:53:06.152 10449 10450 I artd    : /data/user/0/com.phonepe.app/app_pccache/5/D6A6862E57300EBB9D9EF1C1C983A838A749EA4F/oat/arm64/pcam.vdex is kOatUpToDate with filter verify
02-19 10:53:06.161  3927  3927 D SubscreenNotificationListCoordinator: onAfterRenderList() isSubScreen = false, pluginLockMode = 0, doNotShowOnCover = false
02-19 10:53:06.161  3927  3927 I LockscreenNotificationIconsOnlyController: onNotificationInfoUpdated 0
02-19 10:53:06.161  3927  3927 I AODNotificationManager: updateNotification() 
02-19 10:53:06.166  1642  4819 I VSyncReactor: Current= 120, Period= 120, Distance= 1
02-19 10:53:06.174  1642  4819 I VSyncReactor: Current= 120, Period= 120, Distance= 120
02-19 10:53:06.186 10449 10754 I artd    : Dex parent of /data/app/~~nCLeu9WWRtvSblXnTENlQg==/com.pinguo.camera360filter.c360alba-QbdmiAhrf2Uh2hI0vRE2pQ==/base.apk is not writable: Permission denied
02-19 10:53:06.186 10449 10754 I artd    : GetBestInfo checking odex in dalvik-cache (/data/dalvik-cache/arm64/data@app@~~nCLeu9WWRtvSblXnTENlQg==@com.pinguo.camera360filter.c360alba-QbdmiAhrf2Uh2hI0vRE2pQ==@base.apk@classes.dex)
02-19 10:53:06.186 10449 10754 I artd    : Loading /data/dalvik-cache/arm64/data@app@~~nCLeu9WWRtvSblXnTENlQg==@com.pinguo.camera360filter.c360alba-QbdmiAhrf2Uh2hI0vRE2pQ==@base.apk@classes.dex with executable: 0
02-19 10:53:06.187 10449 10754 I artd    : OatFileAssistant test for existing oat file /data/dalvik-cache/arm64/data@app@~~nCLeu9WWRtvSblXnTENlQg==@com.pinguo.camera360filter.c360alba-QbdmiAhrf2Uh2hI0vRE2pQ==@base.apk@classes.dex: File /data/dalvik-cache/arm64/data@app@~~nCLeu9WWRtvSblXnTENlQg==@com.pinguo.camera360filter.c360alba-QbdmiAhrf2Uh2hI0vRE2pQ==@base.apk@classes.vdex does not exist.
02-19 10:53:06.187 10449 10754 I artd    : GetBestInfo checking odex next to the dex file (/data/app/~~nCLeu9WWRtvSblXnTENlQg==/com.pinguo.camera360filter.c360alba-QbdmiAhrf2Uh2hI0vRE2pQ==/oat/arm64/base.odex)
02-19 10:53:06.187 10449 10754 I artd    : Loading /data/app/~~nCLeu9WWRtvSblXnTENlQg==/com.pinguo.camera360filter.c360alba-QbdmiAhrf2Uh2hI0vRE2pQ==/oat/arm64/base.odex with executable: 0
02-19 10:53:06.188 10449 10754 I artd    : OatFileAssistant test for existing oat file /data/app/~~nCLeu9WWRtvSblXnTENlQg==/com.pinguo.camera360filter.c360alba-QbdmiAhrf2Uh2hI0vRE2pQ==/oat/arm64/base.odex: Failed to open oat filename for reading: No such file or directory
02-19 10:53:06.188 10449 10754 I artd    : GetBestInfo checking vdex in dalvik-cache (/data/dalvik-cache/arm64/data@app@~~nCLeu9WWRtvSblXnTENlQg==@com.pinguo.camera360filter.c360alba-QbdmiAhrf2Uh2hI0vRE2pQ==@base.apk@classes.vdex)
02-19 10:53:06.188 10449 10754 I artd    : unable to open vdex file /data/dalvik-cache/arm64/data@app@~~nCLeu9WWRtvSblXnTENlQg==@com.pinguo.camera360filter.c360alba-QbdmiAhrf2Uh2hI0vRE2pQ==@base.apk@classes.vdex: File /data/dalvik-cache/arm64/data@app@~~nCLeu9WWRtvSblXnTENlQg==@com.pinguo.camera360filter.c360alba-QbdmiAhrf2Uh2hI0vRE2pQ==@base.apk@classes.vdex does not exist.
02-19 10:53:06.188 10449 10754 I artd    : OatFileAssistant test for existing oat file /data/dalvik-cache/arm64/data@app@~~nCLeu9WWRtvSblXnTENlQg==@com.pinguo.camera360filter.c360alba-QbdmiAhrf2Uh2hI0vRE2pQ==@base.apk@classes.vdex: File /data/dalvik-cache/arm64/data@app@~~nCLeu9WWRtvSblXnTENlQg==@com.pinguo.camera360filter.c360alba-QbdmiAhrf2Uh2hI0vRE2pQ==@base.apk@classes.vdex does not exist.
02-19 10:53:06.188 10449 10754 I artd    : GetBestInfo checking vdex next to the dex file (/data/app/~~nCLeu9WWRtvSblXnTENlQg==/com.pinguo.camera360filter.c360alba-QbdmiAhrf2Uh2hI0vRE2pQ==/oat/arm64/base.vdex)
02-19 10:53:06.189 10449 10754 I artd    : Successfully loaded /data/app/~~nCLeu9WWRtvSblXnTENlQg==/com.pinguo.camera360filter.c360alba-QbdmiAhrf2Uh2hI0vRE2pQ==/oat/arm64/base.vdex with executable: 0
02-19 10:53:06.190 10449 10754 I artd    : Image checksum test skipped for vdex file /data/app/~~nCLeu9WWRtvSblXnTENlQg==/com.pinguo.camera360filter.c360alba-QbdmiAhrf2Uh2hI0vRE2pQ==/oat/arm64/base.vdex
02-19 10:53:06.190 10449 10754 I artd    : /data/app/~~nCLeu9WWRtvSblXnTENlQg==/com.pinguo.camera360filter.c360alba-QbdmiAhrf2Uh2hI0vRE2pQ==/oat/arm64/base.vdex is kOatUpToDate with filter verify
02-19 10:53:06.212  1556  3861 I WifiHAL : event received NL80211_CMD_VENDOR, vendor_id = 0x1374, subcmd = 0xb6
02-19 10:53:06.213  2201  3865 D LOWI-9.0.1.74: [LOWI-Scan] wait_event:Wait done with Cmd 103
02-19 10:53:06.213  2201  3865 D LOWI-9.0.1.74: [LOWI-Scan] do_listen_events: Rcvd valid Netlink Cmd 0 Err 0
02-19 10:53:06.213  2161  2161 I cnss-daemon: nl80211 response handler invoked
02-19 10:53:06.213  2161  2161 I cnss-daemon: nl80211_response_handler: cmd 103, vendorID 4980, subcmd 182  received
02-19 10:53:06.219 10449 10449 I artd    : Dex parent of /data/app/~~fZZBGlN2PcG1t6aM_jIlLA==/com.google.android.as-HxWqeWuO6g09GN61nNf7qQ==/base.apk is not writable: Permission denied
02-19 10:53:06.220 10449 10449 I artd    : GetBestInfo checking odex in dalvik-cache (/data/dalvik-cache/arm64/data@app@~~fZZBGlN2PcG1t6aM_jIlLA==@com.google.android.as-HxWqeWuO6g09GN61nNf7qQ==@base.apk@classes.dex)
02-19 10:53:06.220 10449 10449 I artd    : Loading /data/dalvik-cache/arm64/data@app@~~fZZBGlN2PcG1t6aM_jIlLA==@com.google.android.as-HxWqeWuO6g09GN61nNf7qQ==@base.apk@classes.dex with executable: 0
02-19 10:53:06.220 10449 10449 I artd    : OatFileAssistant test for existing oat file /data/dalvik-cache/arm64/data@app@~~fZZBGlN2PcG1t6aM_jIlLA==@com.google.android.as-HxWqeWuO6g09GN61nNf7qQ==@base.apk@classes.dex: File /data/dalvik-cache/arm64/data@app@~~fZZBGlN2PcG1t6aM_jIlLA==@com.google.android.as-HxWqeWuO6g09GN61nNf7qQ==@base.apk@classes.vdex does not exist.
02-19 10:53:06.220 10449 10449 I artd    : GetBestInfo checking odex next to the dex file (/data/app/~~fZZBGlN2PcG1t6aM_jIlLA==/com.google.android.as-HxWqeWuO6g09GN61nNf7qQ==/oat/arm64/base.odex)
02-19 10:53:06.220 10449 10449 I artd    : Loading /data/app/~~fZZBGlN2PcG1t6aM_jIlLA==/com.google.android.as-HxWqeWuO6g09GN61nNf7qQ==/oat/arm64/base.odex with executable: 0
02-19 10:53:06.220 10449 10449 I artd    : OatFileAssistant test for existing oat file /data/app/~~fZZBGlN2PcG1t6aM_jIlLA==/com.google.android.as-HxWqeWuO6g09GN61nNf7qQ==/oat/arm64/base.odex: File /data/app/~~fZZBGlN2PcG1t6aM_jIlLA==/com.google.android.as-HxWqeWuO6g09GN61nNf7qQ==/oat/arm64/base.vdex does not exist.
02-19 10:53:06.220 10449 10449 I artd    : GetBestInfo checking vdex in dalvik-cache (/data/dalvik-cache/arm64/data@app@~~fZZBGlN2PcG1t6aM_jIlLA==@com.google.android.as-HxWqeWuO6g09GN61nNf7qQ==@base.apk@classes.vdex)
02-19 10:53:06.220 10449 10449 I artd    : unable to open vdex file /data/dalvik-cache/arm64/data@app@~~fZZBGlN2PcG1t6aM_jIlLA==@com.google.android.as-HxWqeWuO6g09GN61nNf7qQ==@base.apk@classes.vdex: File /data/dalvik-cache/arm64/data@app@~~fZZBGlN2PcG1t6aM_jIlLA==@com.google.android.as-HxWqeWuO6g09GN61nNf7qQ==@base.apk@classes.vdex does not exist.
02-19 10:53:06.221 10449 10449 I artd    : OatFileAssistant test for existing oat file /data/dalvik-cache/arm64/data@app@~~fZZBGlN2PcG1t6aM_jIlLA==@com.google.android.as-HxWqeWuO6g09GN61nNf7qQ==@base.apk@classes.vdex: File /data/dalvik-cache/arm64/data@app@~~fZZBGlN2PcG1t6aM_jIlLA==@com.google.android.as-HxWqeWuO6g09GN61nNf7qQ==@base.apk@classes.vdex does not exist.
02-19 10:53:06.221 10449 10449 I artd    : GetBestInfo checking vdex next to the dex file (/data/app/~~fZZBGlN2PcG1t6aM_jIlLA==/com.google.android.as-HxWqeWuO6g09GN61nNf7qQ==/oat/arm64/base.vdex)
02-19 10:53:06.221 10449 10449 I artd    : unable to open vdex file /data/app/~~fZZBGlN2PcG1t6aM_jIlLA==/com.google.android.as-HxWqeWuO6g09GN61nNf7qQ==/oat/arm64/base.vdex: File /data/app/~~fZZBGlN2PcG1t6aM_jIlLA==/com.google.android.as-HxWqeWuO6g09GN61nNf7qQ==/oat/arm64/base.vdex does not exist.
02-19 10:53:06.221 10449 10449 I artd    : OatFileAssistant test for existing oat file /data/app/~~fZZBGlN2PcG1t6aM_jIlLA==/com.google.android.as-HxWqeWuO6g09GN61nNf7qQ==/oat/arm64/base.vdex: File /data/app/~~fZZBGlN2PcG1t6aM_jIlLA==/com.google.android.as-HxWqeWuO6g09GN61nNf7qQ==/oat/arm64/base.vdex does not exist.
02-19 10:53:06.221 10449 10449 I artd    : GetBestInfo checking dm (/data/app/~~fZZBGlN2PcG1t6aM_jIlLA==/com.google.android.as-HxWqeWuO6g09GN61nNf7qQ==/base.dm)
02-19 10:53:06.222 10449 10449 I artd    : Successfully loaded /data/app/~~fZZBGlN2PcG1t6aM_jIlLA==/com.google.android.as-HxWqeWuO6g09GN61nNf7qQ==/base.dm with executable: 0
02-19 10:53:06.222 10449 10449 I artd    : Image checksum test skipped for vdex file primary.vdex mapped directly in memory from /data/app/~~fZZBGlN2PcG1t6aM_jIlLA==/com.google.android.as-HxWqeWuO6g09GN61nNf7qQ==/base.dm
02-19 10:53:06.222 10449 10449 I artd    : primary.vdex mapped directly in memory from /data/app/~~fZZBGlN2PcG1t6aM_jIlLA==/com.google.android.as-HxWqeWuO6g09GN61nNf7qQ==/base.dm is kOatUpToDate with filter verify
02-19 10:53:06.233 10449 10450 I artd    : Dex parent of /data/app/~~QBX_Fr3vJuLvia5PiJu1Vg==/com.zeptoconsumerapp-XD1bD-XmSWXNEjPMUuqpsw==/base.apk is not writable: Permission denied
02-19 10:53:06.233 10449 10450 I artd    : GetBestInfo checking odex in dalvik-cache (/data/dalvik-cache/arm64/data@app@~~QBX_Fr3vJuLvia5PiJu1Vg==@com.zeptoconsumerapp-XD1bD-XmSWXNEjPMUuqpsw==@base.apk@classes.dex)
02-19 10:53:06.234 10449 10450 I artd    : Loading /data/dalvik-cache/arm64/data@app@~~QBX_Fr3vJuLvia5PiJu1Vg==@com.zeptoconsumerapp-XD1bD-XmSWXNEjPMUuqpsw==@base.apk@classes.dex with executable: 0
02-19 10:53:06.234 10449 10450 I artd    : OatFileAssistant test for existing oat file /data/dalvik-cache/arm64/data@app@~~QBX_Fr3vJuLvia5PiJu1Vg==@com.zeptoconsumerapp-XD1bD-XmSWXNEjPMUuqpsw==@base.apk@classes.dex: File /data/dalvik-cache/arm64/data@app@~~QBX_Fr3vJuLvia5PiJu1Vg==@com.zeptoconsumerapp-XD1bD-XmSWXNEjPMUuqpsw==@base.apk@classes.vdex does not exist.
02-19 10:53:06.234 10449 10450 I artd    : GetBestInfo checking odex next to the dex file (/data/app/~~QBX_Fr3vJuLvia5PiJu1Vg==/com.zeptoconsumerapp-XD1bD-XmSWXNEjPMUuqpsw==/oat/arm64/base.odex)
02-19 10:53:06.234 10449 10450 I artd    : Loading /data/app/~~QBX_Fr3vJuLvia5PiJu1Vg==/com.zeptoconsumerapp-XD1bD-XmSWXNEjPMUuqpsw==/oat/arm64/base.odex with executable: 0
02-19 10:53:06.236 10449 10450 I artd    : Successfully loaded /data/app/~~QBX_Fr3vJuLvia5PiJu1Vg==/com.zeptoconsumerapp-XD1bD-XmSWXNEjPMUuqpsw==/oat/arm64/base.odex with executable: 0
02-19 10:53:06.237 10449 10450 I artd    : /data/app/~~QBX_Fr3vJuLvia5PiJu1Vg==/com.zeptoconsumerapp-XD1bD-XmSWXNEjPMUuqpsw==/oat/arm64/base.odex is kOatUpToDate with filter speed-profile
02-19 10:53:06.247 10449 10754 I artd    : Dex parent of /data/app/~~wrxv9WuHnbMJAIzO9neVww==/com.application.zomato-rFm8mKqRs-pLzLZWpLhO7Q==/base.apk is not writable: Permission denied
02-19 10:53:06.247 10449 10754 I artd    : GetBestInfo checking odex in dalvik-cache (/data/dalvik-cache/arm64/data@app@~~wrxv9WuHnbMJAIzO9neVww==@com.application.zomato-rFm8mKqRs-pLzLZWpLhO7Q==@base.apk@classes.dex)
02-19 10:53:06.247 10449 10754 I artd    : Loading /data/dalvik-cache/arm64/data@app@~~wrxv9WuHnbMJAIzO9neVww==@com.application.zomato-rFm8mKqRs-pLzLZWpLhO7Q==@base.apk@classes.dex with executable: 0
02-19 10:53:06.247 10449 10754 I artd    : OatFileAssistant test for existing oat file /data/dalvik-cache/arm64/data@app@~~wrxv9WuHnbMJAIzO9neVww==@com.application.zomato-rFm8mKqRs-pLzLZWpLhO7Q==@base.apk@classes.dex: File /data/dalvik-cache/arm64/data@app@~~wrxv9WuHnbMJAIzO9neVww==@com.application.zomato-rFm8mKqRs-pLzLZWpLhO7Q==@base.apk@classes.vdex does not exist.
02-19 10:53:06.248 10449 10754 I artd    : GetBestInfo checking odex next to the dex file (/data/app/~~wrxv9WuHnbMJAIzO9neVww==/com.application.zomato-rFm8mKqRs-pLzLZWpLhO7Q==/oat/arm64/base.odex)
02-19 10:53:06.248 10449 10754 I artd    : Loading /data/app/~~wrxv9WuHnbMJAIzO9neVww==/com.application.zomato-rFm8mKqRs-pLzLZWpLhO7Q==/oat/arm64/base.odex with executable: 0
02-19 10:53:06.252 10449 10754 I artd    : Successfully loaded /data/app/~~wrxv9WuHnbMJAIzO9neVww==/com.application.zomato-rFm8mKqRs-pLzLZWpLhO7Q==/oat/arm64/base.odex with executable: 0
02-19 10:53:06.252 10449 10754 I artd    : /data/app/~~wrxv9WuHnbMJAIzO9neVww==/com.application.zomato-rFm8mKqRs-pLzLZWpLhO7Q==/oat/arm64/base.odex is kOatUpToDate with filter speed-profile
02-19 10:53:06.253 10449 10449 W artd    : Could not get dex checksums for location /data/app/~~kk8q3PY70McZhWy7L2wolg==/com.application.zomato--A2tZ8rjxKFLcCxT8oUVUg==/base.apk, fd=-1
02-19 10:53:06.254  2557  6949 E ArtService: Failed to get dexopt status [packageName = com.application.zomato, dexPath = /data/user/0/com.application.zomato/app_pccache/5/DAF7A800792838CAD4E7302B4F4B8E384482B7D1/pcam.jar, isa = arm64, classLoaderContext = PCL[];PCL[/data/app/~~kk8q3PY70McZhWy7L2wolg==/com.application.zomato--A2tZ8rjxKFLcCxT8oUVUg==/base.apk]{PCL[/system/framework/sec_camerax_impl.jar]#PCL[/system/framework/org.apache.http.legacy.jar]#PCL[/system_ext/framework/androidx.window.extensions.jar]#PCL[/system_ext/framework/androidx.window.sidecar.jar]}]
02-19 10:53:06.254  2557  6949 E ArtService: android.os.ServiceSpecificException: Failed to create OatFileAssistant: Failed to load class loader context files for '/data/user/0/com.application.zomato/app_pccache/5/DAF7A800792838CAD4E7302B4F4B8E384482B7D1/pcam.jar' with context 'PCL[];PCL[/data/app/~~kk8q3PY70McZhWy7L2wolg==/com.application.zomato--A2tZ8rjxKFLcCxT8oUVUg==/base.apk]{PCL[/system/framework/sec_camerax_impl.jar]#PCL[/system/framework/org.apache.http.legacy.jar]#PCL[/system_ext/framework/androidx.window.extensions.jar]#PCL[/system_ext/framework/androidx.window.sidecar.jar]}' (code 1)
02-19 10:53:06.254  2557  6949 E ArtService: 	at android.os.Parcel.createExceptionOrNull(Parcel.java:3271)
02-19 10:53:06.254  2557  6949 E ArtService: 	at android.os.Parcel.createException(Parcel.java:3241)
02-19 10:53:06.254  2557  6949 E ArtService: 	at android.os.Parcel.readException(Parcel.java:3224)
02-19 10:53:06.254  2557  6949 E ArtService: 	at android.os.Parcel.readException(Parcel.java:3166)
02-19 10:53:06.254  2557  6949 E ArtService: 	at com.android.server.art.IArtd$Stub$Proxy.getDexoptStatus(IArtd.java:778)
02-19 10:53:06.254  2557  6949 E ArtService: 	at com.android.server.art.ArtFileManager.getUsableArtifacts(ArtFileManager.java:149)
02-19 10:53:06.254  2557  6949 E ArtService: 	at com.android.server.art.ArtManagerLocal.getArtManagedFileStats(ArtManagerLocal.java:1005)
02-19 10:53:06.254  2557  6949 E ArtService: 	at com.android.server.usage.StorageStatsService.computeAppStatsByDataTypes(qb/95038144 0ba830a6ad55cb920f76c0bf08c337f3bf5b5f7e0d571af2367f2696bbde2abb:75)
02-19 10:53:06.254  2557  6949 E ArtService: 	at com.android.server.usage.StorageStatsService.queryStatsForUid(qb/95038144 0ba830a6ad55cb920f76c0bf08c337f3bf5b5f7e0d571af2367f2696bbde2abb:138)
02-19 10:53:06.254  2557  6949 E ArtService: 	at com.android.server.usage.StorageStatsService.queryStatsForPackage(qb/95038144 0ba830a6ad55cb920f76c0bf08c337f3bf5b5f7e0d571af2367f2696bbde2abb:83)
02-19 10:53:06.254  2557  6949 E ArtService: 	at android.app.usage.IStorageStatsManager$Stub.onTransact(IStorageStatsManager.java:265)
02-19 10:53:06.254  2557  6949 E ArtService: 	at android.os.Binder.execTransactInternal(Binder.java:1536)
02-19 10:53:06.254  2557  6949 E ArtService: 	at android.os.Binder.execTransact(Binder.java:1480)
02-19 10:53:06.255 10449 10449 W artd    : Could not get dex checksums for location /data/app/~~8NIjpSk6NtEZ-k4DAm7qBg==/com.application.zomato-B7pLv7moBLWwhRMmKsPlvA==/base.apk, fd=-1
02-19 10:53:06.256  2557  6949 E ArtService: Failed to get dexopt status [packageName = com.application.zomato, dexPath = /data/user/0/com.application.zomato/app_pccache/5/362BAA1E742037C69CD8BF98C5D97909342864E7/pcam.jar, isa = arm64, classLoaderContext = PCL[];PCL[/data/app/~~8NIjpSk6NtEZ-k4DAm7qBg==/com.application.zomato-B7pLv7moBLWwhRMmKsPlvA==/base.apk]{PCL[/system/framework/sec_camerax_impl.jar]#PCL[/system/framework/org.apache.http.legacy.jar]#PCL[/system_ext/framework/androidx.window.extensions.jar]#PCL[/system_ext/framework/androidx.window.sidecar.jar]}]
02-19 10:53:06.256  2557  6949 E ArtService: android.os.ServiceSpecificException: Failed to create OatFileAssistant: Failed to load class loader context files for '/data/user/0/com.application.zomato/app_pccache/5/362BAA1E742037C69CD8BF98C5D97909342864E7/pcam.jar' with context 'PCL[];PCL[/data/app/~~8NIjpSk6NtEZ-k4DAm7qBg==/com.application.zomato-B7pLv7moBLWwhRMmKsPlvA==/base.apk]{PCL[/system/framework/sec_camerax_impl.jar]#PCL[/system/framework/org.apache.http.legacy.jar]#PCL[/system_ext/framework/androidx.window.extensions.jar]#PCL[/system_ext/framework/androidx.window.sidecar.jar]}' (code 1)
02-19 10:53:06.256  2557  6949 E ArtService: 	at android.os.Parcel.createExceptionOrNull(Parcel.java:3271)
02-19 10:53:06.256  2557  6949 E ArtService: 	at android.os.Parcel.createException(Parcel.java:3241)
02-19 10:53:06.256  2557  6949 E ArtService: 	at android.os.Parcel.readException(Parcel.java:3224)
02-19 10:53:06.256  2557  6949 E ArtService: 	at android.os.Parcel.readException(Parcel.java:3166)
02-19 10:53:06.256  2557  6949 E ArtService: 	at com.android.server.art.IArtd$Stub$Proxy.getDexoptStatus(IArtd.java:778)
02-19 10:53:06.256  2557  6949 E ArtService: 	at com.android.server.art.ArtFileManager.getUsableArtifacts(ArtFileManager.java:149)
02-19 10:53:06.256  2557  6949 E ArtService: 	at com.android.server.art.ArtManagerLocal.getArtManagedFileStats(ArtManagerLocal.java:1005)
02-19 10:53:06.256  2557  6949 E ArtService: 	at com.android.server.usage.StorageStatsService.computeAppStatsByDataTypes(qb/95038144 0ba830a6ad55cb920f76c0bf08c337f3bf5b5f7e0d571af2367f2696bbde2abb:75)
02-19 10:53:06.256  2557  6949 E ArtService: 	at com.android.server.usage.StorageStatsService.queryStatsForUid(qb/95038144 0ba830a6ad55cb920f76c0bf08c337f3bf5b5f7e0d571af2367f2696bbde2abb:138)
02-19 10:53:06.256  2557  6949 E ArtService: 	at com.android.server.usage.StorageStatsService.queryStatsForPackage(qb/95038144 0ba830a6ad55cb920f76c0bf08c337f3bf5b5f7e0d571af2367f2696bbde2abb:83)
02-19 10:53:06.256  2557  6949 E ArtService: 	at android.app.usage.IStorageStatsManager$Stub.onTransact(IStorageStatsManager.java:265)
02-19 10:53:06.256  2557  6949 E ArtService: 	at android.os.Binder.execTransactInternal(Binder.java:1536)
02-19 10:53:06.256  2557  6949 E ArtService: 	at android.os.Binder.execTransact(Binder.java:1480)
02-19 10:53:06.270 15172 15172 W Finsky  : [2] STU: Failed to get storage stats for package 'com.google.mainline.primary.libs' (1601: Error getting stats: android.content.pm.PackageManager.NameNotFoundException)
02-19 10:53:06.284  2557  2990 D PowerManagerService: displayReady: false groupId=0
02-19 10:53:06.288  2557  2990 D DisplayPowerController2[0]: animateScreenStateChange: target=ON, mIsEnabled=true
02-19 10:53:06.289  2557  2990 D PowerManagerService: displayReady: true groupId=0
02-19 10:53:06.294 15172 15172 W Finsky  : [2] STU: Failed to get storage stats for package 'com.android.wifi' (1601: Error getting stats: android.content.pm.PackageManager.NameNotFoundException)
02-19 10:53:06.304 10449 10754 I artd    : Dex parent of /data/app/~~1ss8hZxZBJZCIysHDzUBmg==/com.dts.freefiremax-F5oi1gUzRxn1EViuYrxb9w==/base.apk is not writable: Permission denied
02-19 10:53:06.304 10449 10754 I artd    : GetBestInfo checking odex in dalvik-cache (/data/dalvik-cache/arm64/data@app@~~1ss8hZxZBJZCIysHDzUBmg==@com.dts.freefiremax-F5oi1gUzRxn1EViuYrxb9w==@base.apk@classes.dex)
02-19 10:53:06.304 10449 10754 I artd    : Loading /data/dalvik-cache/arm64/data@app@~~1ss8hZxZBJZCIysHDzUBmg==@com.dts.freefiremax-F5oi1gUzRxn1EViuYrxb9w==@base.apk@classes.dex with executable: 0
02-19 10:53:06.304 10449 10754 I artd    : OatFileAssistant test for existing oat file /data/dalvik-cache/arm64/data@app@~~1ss8hZxZBJZCIysHDzUBmg==@com.dts.freefiremax-F5oi1gUzRxn1EViuYrxb9w==@base.apk@classes.dex: File /data/dalvik-cache/arm64/data@app@~~1ss8hZxZBJZCIysHDzUBmg==@com.dts.freefiremax-F5oi1gUzRxn1EViuYrxb9w==@base.apk@classes.vdex does not exist.
02-19 10:53:06.304 10449 10754 I artd    : GetBestInfo checking odex next to the dex file (/data/app/~~1ss8hZxZBJZCIysHDzUBmg==/com.dts.freefiremax-F5oi1gUzRxn1EViuYrxb9w==/oat/arm64/base.odex)
02-19 10:53:06.305 10449 10754 I artd    : Loading /data/app/~~1ss8hZxZBJZCIysHDzUBmg==/com.dts.freefiremax-F5oi1gUzRxn1EViuYrxb9w==/oat/arm64/base.odex with executable: 0
02-19 10:53:06.306 10449 10754 I artd    : Successfully loaded /data/app/~~1ss8hZxZBJZCIysHDzUBmg==/com.dts.freefiremax-F5oi1gUzRxn1EViuYrxb9w==/oat/arm64/base.odex with executable: 0
02-19 10:53:06.307 10449 10754 I artd    : Failed to verify checksums of oat file /data/app/~~1ss8hZxZBJZCIysHDzUBmg==/com.dts.freefiremax-F5oi1gUzRxn1EViuYrxb9w==/oat/arm64/base.odex error: Oat boot class path (/apex/com.android.art/javalib/core-oj.jar:/apex/com.android.art/javalib/core-libart.jar:/apex/com.android.art/javalib/okhttp.jar:/apex/com.android.art/javalib/bouncycastle.jar:/apex/com.android.art/javalib/apache-xml.jar:/system/framework/framework.jar:/system/framework/framework-graphics.jar:/system/framework/ext.jar:/system/framework/telephony-common.jar:/system/framework/voip-common.jar:/system/framework/ims-common.jar:/system/framework/knoxsdk.jar:/system/framework/tcmiface.jar:/system/framework/telephony-ext.jar:/system/framework/QPerformance.jar:/system/framework/UxPerformance.jar:/system/framework/esecomm.jar:/apex/com.android.i18n/javalib/core-icu4j.jar:/apex/com.android.adservices/javalib/framework-adservices.jar:/apex/com.android.adservices/javalib/framework-sdksandbox.jar:/apex/com.android.appsearch/javalib/framework-appsearch.jar:/apex/com.android.btservices/javalib/framework-bluetooth.jar:/apex/com.android.configinfrastructure/javalib/framework-configinfrastructure.jar:/apex/com.android.conscrypt/javalib/conscrypt.jar:/apex/com.android.devicelock/javalib/framework-devicelock.jar:/apex/com.android.healthfitness/javalib/framework-healthfitness.jar:/apex/com.android.ipsec/javalib/android.net.ipsec.ike.jar:/apex/com.android.media/javalib/updatable-media.jar:/apex/com.android.mediaprovider/javalib/framework-mediaprovider.jar:/apex/com.android.mediaprovider/javalib/framework-pdf.jar:/apex/com.android.mediaprovider/javalib/framework-photopicker.jar:/apex/com.android.ondevicepersonalization/javalib/framework-ondevicepersonalization.jar:/apex/com.android.os.statsd/javalib/framework-statsd.jar:/apex/com.android.permission/javalib/framework-permission.jar:/apex/com.android.permission/javalib/framework-permission-s.jar:/apex/com.android.scheduling/javalib/framework-scheduling.jar:/apex/com.android.sdkext/javalib/framework-sdkextensions.jar:/apex/com.android.tethering/javalib/framework-connectivity.jar:/apex/com.android.tethering/javalib/framework-connectivity-t.jar:/apex/com.android.tethering/javalib/framework-tethering.jar:/apex/com.android.uwb/javalib/framework-uwb.jar:/apex/com.android.virt/javalib/framework-virtualization.jar:/apex/com.android.wifi/javalib/framework-wifi.jar:/apex/com.samsung.android.lifeguard/javalib/framework-lifeguard.jar:/apex/com.samsung.android.shell/javalib/framework-samsung-shell.jar) is not a prefix of runtime boot class path (/apex/com.android.art/javalib/core-oj.jar:/apex/com.android.art/javalib/core-libart.jar:/apex/com.android.art/javalib/okhttp.jar:/apex/com.android.art/javalib/bouncycastle.jar:/apex/com.android.art/javalib/apache-xml.jar:/system/framework/framework.jar:/system/framework/framework-graphics.jar:/system/framework/framework-location.jar:/system/framework/ext.jar:/system/framework/telephony-common.jar:/system/framework/voip-common.jar:/system/framework/ims-common.jar:/system/framework/knoxsdk.jar:/system/framework/com.samsung.android.uwb_extras.jar:/system/framework/framework-nfc.jar:/system/framework/tcmiface.jar:/system/framework/telephony-ext.jar:/system/framework/QPerformance.jar:/system/framework/UxPerformance.jar:/system/framework/esecomm.jar:/apex/com.android.i18n/javalib/core-icu4j.jar:/apex/com.android.adservices/javalib/framework-adservices.jar:/apex/com.android.adservices/javalib/framework-sdksandbox.jar:/apex/com.android.appsearch/javalib/framework-appsearch.jar:/apex/com.android.btservices/javalib/framework-bluetooth.jar:/apex/com.android.configinfrastructure/javalib/framework-configinfrastructure.jar:/apex/com.android.conscrypt/javalib/conscrypt.jar:/apex/com.android.devicelock/javalib/framework-devicelock.jar:/apex/com.android.healthfitness/javalib/framework-healthfitness.jar:/apex/com.android.ipsec/javalib/android.net.ipsec.ike.jar:/apex/com.android.media/javalib/updatable-media.jar:/apex/com.android.mediaprovider/javalib/framework-mediaprovider.jar:/apex/c
02-19 10:53:06.307 10449 10754 I artd    : Oat image checksum does not match image checksum.
02-19 10:53:06.307 10449 10754 I artd    : /data/app/~~1ss8hZxZBJZCIysHDzUBmg==/com.dts.freefiremax-F5oi1gUzRxn1EViuYrxb9w==/oat/arm64/base.odex is kOatBootImageOutOfDate with filter speed-profile
02-19 10:53:06.307 10449 10754 I artd    : GetBestInfo checking vdex in dalvik-cache (/data/dalvik-cache/arm64/data@app@~~1ss8hZxZBJZCIysHDzUBmg==@com.dts.freefiremax-F5oi1gUzRxn1EViuYrxb9w==@base.apk@classes.vdex)
02-19 10:53:06.307 10449 10754 I artd    : unable to open vdex file /data/dalvik-cache/arm64/data@app@~~1ss8hZxZBJZCIysHDzUBmg==@com.dts.freefiremax-F5oi1gUzRxn1EViuYrxb9w==@base.apk@classes.vdex: File /data/dalvik-cache/arm64/data@app@~~1ss8hZxZBJZCIysHDzUBmg==@com.dts.freefiremax-F5oi1gUzRxn1EViuYrxb9w==@base.apk@classes.vdex does not exist.
02-19 10:53:06.307 10449 10754 I artd    : OatFileAssistant test for existing oat file /data/dalvik-cache/arm64/data@app@~~1ss8hZxZBJZCIysHDzUBmg==@com.dts.freefiremax-F5oi1gUzRxn1EViuYrxb9w==@base.apk@classes.vdex: File /data/dalvik-cache/arm64/data@app@~~1ss8hZxZBJZCIysHDzUBmg==@com.dts.freefiremax-F5oi1gUzRxn1EViuYrxb9w==@base.apk@classes.vdex does not exist.
02-19 10:53:06.307 10449 10754 I artd    : GetBestInfo checking vdex next to the dex file (/data/app/~~1ss8hZxZBJZCIysHDzUBmg==/com.dts.freefiremax-F5oi1gUzRxn1EViuYrxb9w==/oat/arm64/base.vdex)
02-19 10:53:06.308 10449 10754 I artd    : Successfully loaded /data/app/~~1ss8hZxZBJZCIysHDzUBmg==/com.dts.freefiremax-F5oi1gUzRxn1EViuYrxb9w==/oat/arm64/base.vdex with executable: 0
02-19 10:53:06.308 10449 10754 I artd    : Image checksum test skipped for vdex file /data/app/~~1ss8hZxZBJZCIysHDzUBmg==/com.dts.freefiremax-F5oi1gUzRxn1EViuYrxb9w==/oat/arm64/base.vdex
02-19 10:53:06.308 10449 10754 I artd    : /data/app/~~1ss8hZxZBJZCIysHDzUBmg==/com.dts.freefiremax-F5oi1gUzRxn1EViuYrxb9w==/oat/arm64/base.vdex is kOatUpToDate with filter verify
02-19 10:53:06.309 10449 10753 W artd    : Could not get dex checksums for location /data/app/~~jNcLNQwWTRFEz_hR2i3hfQ==/com.dts.freefiremax-42xGb5NZG-hyePOgujBB6g==/base.apk, fd=-1
02-19 10:53:06.309  2557  6949 E ArtService: Failed to get dexopt status [packageName = com.dts.freefiremax, dexPath = /data/user/0/com.dts.freefiremax/cache/app_resources_lib.jar, isa = arm64, classLoaderContext = PCL[];PCL[/data/app/~~jNcLNQwWTRFEz_hR2i3hfQ==/com.dts.freefiremax-42xGb5NZG-hyePOgujBB6g==/base.apk]{PCL[/system/framework/org.apache.http.legacy.jar]}]
02-19 10:53:06.309  2557  6949 E ArtService: android.os.ServiceSpecificException: Failed to create OatFileAssistant: Failed to load class loader context files for '/data/user/0/com.dts.freefiremax/cache/app_resources_lib.jar' with context 'PCL[];PCL[/data/app/~~jNcLNQwWTRFEz_hR2i3hfQ==/com.dts.freefiremax-42xGb5NZG-hyePOgujBB6g==/base.apk]{PCL[/system/framework/org.apache.http.legacy.jar]}' (code 1)
02-19 10:53:06.309  2557  6949 E ArtService: 	at android.os.Parcel.createExceptionOrNull(Parcel.java:3271)
02-19 10:53:06.309  2557  6949 E ArtService: 	at android.os.Parcel.createException(Parcel.java:3241)
02-19 10:53:06.309  2557  6949 E ArtService: 	at android.os.Parcel.readException(Parcel.java:3224)
02-19 10:53:06.309  2557  6949 E ArtService: 	at android.os.Parcel.readException(Parcel.java:3166)
02-19 10:53:06.309  2557  6949 E ArtService: 	at com.android.server.art.IArtd$Stub$Proxy.getDexoptStatus(IArtd.java:778)
02-19 10:53:06.309  2557  6949 E ArtService: 	at com.android.server.art.ArtFileManager.getUsableArtifacts(ArtFileManager.java:149)
02-19 10:53:06.309  2557  6949 E ArtService: 	at com.android.server.art.ArtManagerLocal.getArtManagedFileStats(ArtManagerLocal.java:1005)
02-19 10:53:06.309  2557  6949 E ArtService: 	at com.android.server.usage.StorageStatsService.computeAppStatsByDataTypes(qb/95038144 0ba830a6ad55cb920f76c0bf08c337f3bf5b5f7e0d571af2367f2696bbde2abb:75)
02-19 10:53:06.309  2557  6949 E ArtService: 	at com.android.server.usage.StorageStatsService.queryStatsForUid(qb/95038144 0ba830a6ad55cb920f76c0bf08c337f3bf5b5f7e0d571af2367f2696bbde2abb:138)
02-19 10:53:06.309  2557  6949 E ArtService: 	at com.android.server.usage.StorageStatsService.queryStatsForPackage(qb/95038144 0ba830a6ad55cb920f76c0bf08c337f3bf5b5f7e0d571af2367f2696bbde2abb:83)
02-19 10:53:06.309  2557  6949 E ArtService: 	at android.app.usage.IStorageStatsManager$Stub.onTransact(IStorageStatsManager.java:265)
02-19 10:53:06.309  2557  6949 E ArtService: 	at android.os.Binder.execTransactInternal(Binder.java:1536)
02-19 10:53:06.309  2557  6949 E ArtService: 	at android.os.Binder.execTransact(Binder.java:1480)
02-19 10:53:06.310 10449 10449 W artd    : Could not get dex checksums for location /data/app/~~jNcLNQwWTRFEz_hR2i3hfQ==/com.dts.freefiremax-42xGb5NZG-hyePOgujBB6g==/base.apk, fd=-1
02-19 10:53:06.310  2557  6949 E ArtService: Failed to get dexopt status [packageName = com.dts.freefiremax, dexPath = /data/user/0/com.dts.freefiremax/cache/google_api_resources_lib.jar, isa = arm64, classLoaderContext = PCL[];PCL[/data/user/0/com.dts.freefiremax/cache/app_resources_lib.jar];PCL[/data/app/~~jNcLNQwWTRFEz_hR2i3hfQ==/com.dts.freefiremax-42xGb5NZG-hyePOgujBB6g==/base.apk]{PCL[/system/framework/org.apache.http.legacy.jar]}]
02-19 10:53:06.310  2557  6949 E ArtService: android.os.ServiceSpecificException: Failed to create OatFileAssistant: Failed to load class loader context files for '/data/user/0/com.dts.freefiremax/cache/google_api_resources_lib.jar' with context 'PCL[];PCL[/data/user/0/com.dts.freefiremax/cache/app_resources_lib.jar];PCL[/data/app/~~jNcLNQwWTRFEz_hR2i3hfQ==/com.dts.freefiremax-42xGb5NZG-hyePOgujBB6g==/base.apk]{PCL[/system/framework/org.apache.http.legacy.jar]}' (code 1)
02-19 10:53:06.310  2557  6949 E ArtService: 	at android.os.Parcel.createExceptionOrNull(Parcel.java:3271)
02-19 10:53:06.310  2557  6949 E ArtService: 	at android.os.Parcel.createException(Parcel.java:3241)
02-19 10:53:06.310  2557  6949 E ArtService: 	at android.os.Parcel.readException(Parcel.java:3224)
02-19 10:53:06.310  2557  6949 E ArtService: 	at android.os.Parcel.readException(Parcel.java:3166)
02-19 10:53:06.310  2557  6949 E ArtService: 	at com.android.server.art.IArtd$Stub$Proxy.getDexoptStatus(IArtd.java:778)
02-19 10:53:06.310  2557  6949 E ArtService: 	at com.android.server.art.ArtFileManager.getUsableArtifacts(ArtFileManager.java:149)
02-19 10:53:06.310  2557  6949 E ArtService: 	at com.android.server.art.ArtManagerLocal.getArtManagedFileStats(ArtManagerLocal.java:1005)
02-19 10:53:06.310  2557  6949 E ArtService: 	at com.android.server.usage.StorageStatsService.computeAppStatsByDataTypes(qb/95038144 0ba830a6ad55cb920f76c0bf08c337f3bf5b5f7e0d571af2367f2696bbde2abb:75)
02-19 10:53:06.310  2557  6949 E ArtService: 	at com.android.server.usage.StorageStatsService.queryStatsForUid(qb/95038144 0ba830a6ad55cb920f76c0bf08c337f3bf5b5f7e0d571af2367f2696bbde2abb:138)
02-19 10:53:06.310  2557  6949 E ArtService: 	at com.android.server.usage.StorageStatsService.queryStatsForPackage(qb/95038144 0ba830a6ad55cb920f76c0bf08c337f3bf5b5f7e0d571af2367f2696bbde2abb:83)
02-19 10:53:06.310  2557  6949 E ArtService: 	at android.app.usage.IStorageStatsManager$Stub.onTransact(IStorageStatsManager.java:265)
02-19 10:53:06.310  2557  6949 E ArtService: 	at android.os.Binder.execTransactInternal(Binder.java:1536)
02-19 10:53:06.310  2557  6949 E ArtService: 	at android.os.Binder.execTransact(Binder.java:1480)
02-19 10:53:06.315  1559 10468 I HYPER-HAL: [RequestManager.cpp]releaseLocked(): Released ID : 3492403
02-19 10:53:06.350 15172 15172 W Finsky  : [2] STU: Failed to get storage stats for package 'com.samsung.android.camera.unihal' (1601: Error getting stats: android.content.pm.PackageManager.NameNotFoundException)
02-19 10:53:06.358 10449 10754 I artd    : Dex parent of /data/app/~~GFj2H1R7giKh7UcvKF6P9w==/com.samsung.SMT.lang_en_us_g02-X5jkAkekpOFDv1-HUBQaUw==/base.apk is not writable: Permission denied
02-19 10:53:06.358 10449 10754 I artd    : GetBestInfo checking odex in dalvik-cache (/data/dalvik-cache/arm64/data@app@~~GFj2H1R7giKh7UcvKF6P9w==@com.samsung.SMT.lang_en_us_g02-X5jkAkekpOFDv1-HUBQaUw==@base.apk@classes.dex)
02-19 10:53:06.358 10449 10754 I artd    : Loading /data/dalvik-cache/arm64/data@app@~~GFj2H1R7giKh7UcvKF6P9w==@com.samsung.SMT.lang_en_us_g02-X5jkAkekpOFDv1-HUBQaUw==@base.apk@classes.dex with executable: 0
02-19 10:53:06.358 10449 10754 I artd    : OatFileAssistant test for existing oat file /data/dalvik-cache/arm64/data@app@~~GFj2H1R7giKh7UcvKF6P9w==@com.samsung.SMT.lang_en_us_g02-X5jkAkekpOFDv1-HUBQaUw==@base.apk@classes.dex: File /data/dalvik-cache/arm64/data@app@~~GFj2H1R7giKh7UcvKF6P9w==@com.samsung.SMT.lang_en_us_g02-X5jkAkekpOFDv1-HUBQaUw==@base.apk@classes.vdex does not exist.
02-19 10:53:06.358 10449 10754 I artd    : GetBestInfo checking odex next to the dex file (/data/app/~~GFj2H1R7giKh7UcvKF6P9w==/com.samsung.SMT.lang_en_us_g02-X5jkAkekpOFDv1-HUBQaUw==/oat/arm64/base.odex)
02-19 10:53:06.358 10449 10754 I artd    : Loading /data/app/~~GFj2H1R7giKh7UcvKF6P9w==/com.samsung.SMT.lang_en_us_g02-X5jkAkekpOFDv1-HUBQaUw==/oat/arm64/base.odex with executable: 0
02-19 10:53:06.360 10449 10754 I artd    : Successfully loaded /data/app/~~GFj2H1R7giKh7UcvKF6P9w==/com.samsung.SMT.lang_en_us_g02-X5jkAkekpOFDv1-HUBQaUw==/oat/arm64/base.odex with executable: 0
02-19 10:53:06.360 10449 10754 I artd    : Failed to verify checksums of oat file /data/app/~~GFj2H1R7giKh7UcvKF6P9w==/com.samsung.SMT.lang_en_us_g02-X5jkAkekpOFDv1-HUBQaUw==/oat/arm64/base.odex error: Oat boot class path (/apex/com.android.art/javalib/core-oj.jar:/apex/com.android.art/javalib/core-libart.jar:/apex/com.android.art/javalib/okhttp.jar:/apex/com.android.art/javalib/bouncycastle.jar:/apex/com.android.art/javalib/apache-xml.jar:/system/framework/framework.jar:/system/framework/framework-graphics.jar:/system/framework/ext.jar:/system/framework/telephony-common.jar:/system/framework/voip-common.jar:/system/framework/ims-common.jar:/system/framework/knoxsdk.jar:/system/framework/tcmiface.jar:/system/framework/telephony-ext.jar:/system/framework/QPerformance.jar:/system/framework/UxPerformance.jar:/system/framework/esecomm.jar:/apex/com.android.i18n/javalib/core-icu4j.jar:/apex/com.android.adservices/javalib/framework-adservices.jar:/apex/com.android.adservices/javalib/framework-sdksandbox.jar:/apex/com.android.appsearch/javalib/framework-appsearch.jar:/apex/com.android.btservices/javalib/framework-bluetooth.jar:/apex/com.android.configinfrastructure/javalib/framework-configinfrastructure.jar:/apex/com.android.conscrypt/javalib/conscrypt.jar:/apex/com.android.devicelock/javalib/framework-devicelock.jar:/apex/com.android.healthfitness/javalib/framework-healthfitness.jar:/apex/com.android.ipsec/javalib/android.net.ipsec.ike.jar:/apex/com.android.media/javalib/updatable-media.jar:/apex/com.android.mediaprovider/javalib/framework-mediaprovider.jar:/apex/com.android.mediaprovider/javalib/framework-pdf.jar:/apex/com.android.mediaprovider/javalib/framework-photopicker.jar:/apex/com.android.ondevicepersonalization/javalib/framework-ondevicepersonalization.jar:/apex/com.android.os.statsd/javalib/framework-statsd.jar:/apex/com.android.permission/javalib/framework-permission.jar:/apex/com.android.permission/javalib/framework-permission-s.jar:/apex/com.android.scheduling/javalib/framework-scheduling.jar:/apex/com.android.sdkext/javalib/framework-sdkextensions.jar:/apex/com.android.tethering/javalib/framework-connectivity.jar:/apex/com.android.tethering/javalib/framework-connectivity-t.jar:/apex/com.android.tethering/javalib/framework-tethering.jar:/apex/com.android.uwb/javalib/framework-uwb.jar:/apex/com.android.virt/javalib/framework-virtualization.jar:/apex/com.android.wifi/javalib/framework-wifi.jar:/apex/com.samsung.android.lifeguard/javalib/framework-lifeguard.jar:/apex/com.samsung.android.shell/javalib/framework-samsung-shell.jar) is not a prefix of runtime boot class path (/apex/com.android.art/javalib/core-oj.jar:/apex/com.android.art/javalib/core-libart.jar:/apex/com.android.art/javalib/okhttp.jar:/apex/com.android.art/javalib/bouncycastle.jar:/apex/com.android.art/javalib/apache-xml.jar:/system/framework/framework.jar:/system/framework/framework-graphics.jar:/system/framework/framework-location.jar:/system/framework/ext.jar:/system/framework/telephony-common.jar:/system/framework/voip-common.jar:/system/framework/ims-common.jar:/system/framework/knoxsdk.jar:/system/framework/com.samsung.android.uwb_extras.jar:/system/framework/framework-nfc.jar:/system/framework/tcmiface.jar:/system/framework/telephony-ext.jar:/system/framework/QPerformance.jar:/system/framework/UxPerformance.jar:/system/framework/esecomm.jar:/apex/com.android.i18n/javalib/core-icu4j.jar:/apex/com.android.adservices/javalib/framework-adservices.jar:/apex/com.android.adservices/javalib/framework-sdksandbox.jar:/apex/com.android.appsearch/javalib/framework-appsearch.jar:/apex/com.android.btservices/javalib/framework-bluetooth.jar:/apex/com.android.configinfrastructure/javalib/framework-configinfrastructure.jar:/apex/com.android.conscrypt/javalib/conscrypt.jar:/apex/com.android.devicelock/javalib/framework-devicelock.jar:/apex/com.android.healthfitness/javalib/framework-healthfitness.jar:/apex/com.android.ipsec/javalib/android.net.ipsec.ike.jar:/apex/com.android.media/javalib/updatable-media.jar:/apex/com.android.mediaprovider/javalib/framework-mediaprovider.
02-19 10:53:06.360 10449 10754 I artd    : Oat image checksum does not match image checksum.
02-19 10:53:06.360 10449 10754 I artd    : /data/app/~~GFj2H1R7giKh7UcvKF6P9w==/com.samsung.SMT.lang_en_us_g02-X5jkAkekpOFDv1-HUBQaUw==/oat/arm64/base.odex is kOatBootImageOutOfDate with filter verify
02-19 10:53:06.360 10449 10754 I artd    : GetBestInfo checking vdex in dalvik-cache (/data/dalvik-cache/arm64/data@app@~~GFj2H1R7giKh7UcvKF6P9w==@com.samsung.SMT.lang_en_us_g02-X5jkAkekpOFDv1-HUBQaUw==@base.apk@classes.vdex)
