02-23 01:47:05.770 D/ScreenCapture( 2545): [Capture_TEST] : setIsScreenShotBySystem true
02-23 01:47:05.770 I/HoneySpace.EdgePanel.ActivityUtils( 4505): HomePackage : com.sec.android.app.launcher, resumePackageName : com.sec.android.app.launcher
02-23 01:47:05.771 V/WindowManagerShell( 3940): onTransitionReady(transaction=10930692111597)
02-23 01:47:05.771 V/WindowManagerShell( 3940): onTransitionReady (#5347) android.os.BinderProxy@6d9f246: {id=5347 t=CLOSE f=0x10 trk=0 r=[0@Point(0, 0)] c=[{WCT{android.window.IWindowContainerToken$Stub$Proxy@3998ca0} m=TO_FRONT f=SHOW_WALLPAPER|MOVE_TO_TOP|EDGE_EXTENSION_RESTRICTION leash=Surface(name=Task=1)/@0xb4a9134 sb=Rect(0, 0 - 1440, 3120) eb=Rect(0, 0 - 1440, 3120) d=0 taskParent=-1 inset=Rect(0, 113 - 0, 56)},{WCT{android.window.IWindowContainerToken$Stub$Proxy@4f9d059} m=TO_BACK f=EDGE_EXTENSION_RESTRICTION leash=Surface(name=Task=2210)/@0x935db5d sb=Rect(0, 0 - 1440, 3120) eb=Rect(0, 0 - 1440, 3120) d=0 taskParent=-1 inset=Rect(0, 0 - 0, 0) dim=true},{null m=TO_FRONT f=IS_WALLPAPER p=WCT{android.window.IWindowContainerToken$Stub$Proxy@9af041e} leash=Surface(name=WallpaperWindowToken{ea15a45 token=android.os.Binder@1da9abc})/@0xbb2ecd2 sb=Rect(0, 0 - 1440, 3120) eb=Rect(0, 0 - 1440, 3120) d=0 inset=Rect(0, 0 - 0, 0)}]}
02-23 01:47:05.771 I/SurfaceControlRegistry( 3940): show, t=StartTransaction_SyncId<5347> sc=WallpaperWindowToken{ea15a45 token=android.os.Binder@1da9abc}, caller=android.view.SurfaceControl$Transaction.show:3232 com.android.wm.shell.transition.Transitions.dispatchReady:798 com.android.wm.shell.transition.Transitions.onTransitionReady:243 com.android.wm.shell.transition.Transitions$TransitionPlayerImpl$$ExternalSyntheticLambda0.run:13 android.os.Handler.handleCallback:959 android.os.Handler.dispatchMessage:100 
02-23 01:47:05.771 I/SurfaceControlRegistry( 3940): hide, t=FinishTransaction_SyncId<5347> sc=Task=2210, caller=android.view.SurfaceControl$Transaction.hide:3258 com.android.wm.shell.transition.Transitions.dispatchReady:929 com.android.wm.shell.transition.Transitions.onTransitionReady:243 com.android.wm.shell.transition.Transitions$TransitionPlayerImpl$$ExternalSyntheticLambda0.run:13 android.os.Handler.handleCallback:959 android.os.Handler.dispatchMessage:100 
02-23 01:47:05.771 I/SurfaceControlRegistry( 3940): show, t=StartTransaction_SyncId<5347> sc=Task=1, caller=android.view.SurfaceControl$Transaction.show:3232 com.android.wm.shell.transition.Transitions.dispatchReady:934 com.android.wm.shell.transition.Transitions.onTransitionReady:243 com.android.wm.shell.transition.Transitions$TransitionPlayerImpl$$ExternalSyntheticLambda0.run:13 android.os.Handler.handleCallback:959 android.os.Handler.dispatchMessage:100 
02-23 01:47:05.771 I/SurfaceControlRegistry( 3940): show, t=FinishTransaction_SyncId<5347> sc=Task=1, caller=android.view.SurfaceControl$Transaction.show:3232 com.android.wm.shell.transition.Transitions.dispatchReady:988 com.android.wm.shell.transition.Transitions.onTransitionReady:243 com.android.wm.shell.transition.Transitions$TransitionPlayerImpl$$ExternalSyntheticLambda0.run:13 android.os.Handler.handleCallback:959 android.os.Handler.dispatchMessage:100 
02-23 01:47:05.771 V/WindowManagerShell( 3940): Transition (#5347) android.os.BinderProxy@6d9f246@0 ready while (#5346) android.os.BinderProxy@87f4558@0 is still animating. Notify the animating transition in case they can be merged
02-23 01:47:05.772 I/SurfaceFlinger( 1656): Layer [Surface(name=5fa1179 StatusBar)/@0x9[...]tion-leash of insets_animation#78964] hidden!! flag(1)
02-23 01:47:05.772 E/SurfaceFlinger( 1656): alpha changed 0.000 -> 1.000 - Surface(name=5fa1179 StatusBar)/@0x9dce99e - animation-leash of insets_animation#78964
02-23 01:47:05.772 I/SurfaceFlinger( 1656): Layer [Surface(name=edfe357 NavigationBar0)[...]tion-leash of insets_animation#78963] hidden!! flag(1)
02-23 01:47:05.772 E/SurfaceFlinger( 1656): alpha changed 0.000 -> 1.000 - Surface(name=edfe357 NavigationBar0)/@0x6864123 - animation-leash of insets_animation#78963
02-23 01:47:05.772 I/SurfaceFlinger( 1656): [Transition Root: Task=1#78965] attach to parent LayerHierarchy{RequestedLayerState{DefaultTaskDisplayArea_d0#11 parentId=10} 9 children}
02-23 01:47:05.772 I/VRI[LauncherActivity]@94ca360( 4505): Creating new active sync group VRI[LauncherActivity]@94ca360#67
02-23 01:47:05.772 I/VRI[LauncherActivity]@94ca360( 4505): Setting up sync and frameCommitCallback
02-23 01:47:05.773 W/qdgralloc( 4505): getInterlacedFlag: getMetaData returned 3, defaulting to interlaced_flag = 0
02-23 01:47:05.773 V/WindowManagerShell( 3940): Transition animation finished (aborted=false), notifying core (#5346) android.os.BinderProxy@87f4558@0
02-23 01:47:05.773 I/SurfaceControlRegistry( 3940): apply, t=FinishTransaction_SyncId<5346>, caller=android.view.SurfaceControl$Transaction.apply:3135 android.view.SurfaceControl$Transaction.apply:3122 android.view.SurfaceControl$Transaction.apply:3078 com.android.wm.shell.transition.Transitions.onFinish:308 com.android.wm.shell.transition.Transitions$$ExternalSyntheticLambda8.onTransitionFinished:10 com.android.wm.shell.transition.DefaultTransitionHandler$$ExternalSyntheticLambda6.run:36 
02-23 01:47:05.774 I/VRI[LauncherActivity]@94ca360( 4505): Received frameCommittedCallback lastAttemptedDrawFrameNum=2 didProduceBuffer=true
02-23 01:47:05.774 D/SGM:GameManager( 2545): identifyGamePackage. com.sec.android.app.launcher, mCurrentUserId: 0, callerUserId: 0, callingMethodInfo: com.samsung.android.game.IGameManagerService$Stub.onTransact(IGameManagerService.java:228)
02-23 01:47:05.774 D/RenderEngine( 1656): [SEC_SF_EFFECTS] drawLayersInternal,1299, Rendering layer  at index 0
02-23 01:47:05.775 D/RenderEngine( 1656): [SEC_SF_EFFECTS] drawLayersInternal,1299, Rendering layer Background for SurfaceView[com.sikwin.app/com.unity3d.player.UnityPlayerGameActivity]@0#78956 at index 1
02-23 01:47:05.775 D/RenderEngine( 1656): [SEC_SF_EFFECTS] drawLayersInternal,1299, Rendering layer com.sikwin.app/com.unity3d.player.UnityPlayerGameActivity$_8723#78950 at index 2
02-23 01:47:05.775 I/Rubin   (13836): [1317] com.samsung.android.rubin.inferenceengine.contextanalytics.engine.monitors.moment.exercise.ExercisingWithCmhMonitor.isSatisfiedByCmh(Unknown Source) : isSatisfiedByCmh is false
02-23 01:47:05.778 V/WindowManager( 2545): Sent Transition (#5347) createdAt=02-23 01:47:05.704 via request=TransitionRequestInfo { type = CLOSE, triggerTask = null, pipTask = null, remoteTransition = null, displayChange = null, flags = 16, debugId = 5347 }
02-23 01:47:05.778 V/WindowManager( 2545):     startWCT=WindowContainerTransaction { changes = {} hops = [] errorCallbackToken=null taskFragmentOrganizer=null }
02-23 01:47:05.778 V/WindowManager( 2545):     info={id=5347 t=CLOSE f=0x10 trk=0 r=[0@Point(0, 0)] c=[
02-23 01:47:05.778 V/WindowManager( 2545):         {WCT{RemoteToken{be5ed6 Task{e07e4a2 #1 type=home}}} m=TO_FRONT f=SHOW_WALLPAPER|MOVE_TO_TOP|EDGE_EXTENSION_RESTRICTION leash=Surface(name=Task=1)/@0xe7208ea sb=Rect(0, 0 - 1440, 3120) eb=Rect(0, 0 - 1440, 3120) d=0 taskParent=-1 inset=Rect(0, 113 - 0, 56)},
02-23 01:47:05.778 V/WindowManager( 2545):         {WCT{RemoteToken{9c2a11b Task{5ae0ac2 #2210 type=standard A=10733:com.sikwin.app}}} m=TO_BACK f=EDGE_EXTENSION_RESTRICTION leash=Surface(name=Task=2210)/@0x554e015 sb=Rect(0, 0 - 1440, 3120) eb=Rect(0, 0 - 1440, 3120) d=0 taskParent=-1 inset=Rect(0, 0 - 0, 0) dim=true},
02-23 01:47:05.778 V/WindowManager( 2545):         {null m=TO_FRONT f=IS_WALLPAPER p=WCT{RemoteToken{f38a27f RemoteWallpaperAnim:1:1@195896643}} leash=Surface(name=WallpaperWindowToken{ea15a45 token=android.os.Binder@1da9abc})/@0x50a8a98 sb=Rect(0, 0 - 1440, 3120) eb=Rect(0, 0 - 1440, 3120) d=0 inset=Rect(0, 0 - 0, 0)}
02-23 01:47:05.778 V/WindowManager( 2545):     ]}
02-23 01:47:05.779 V/WindowManager( 2545): Finish Transition: TransitionRecord{7de27ba id=5346 type=OPEN flags=0x0}, caller=com.android.server.wm.WindowOrganizerController.finishTransitionInner:26 com.android.server.wm.WindowOrganizerController.finishAllTransitions:59 android.window.IWindowOrganizerController$Stub.onTransact:311 
02-23 01:47:05.779 V/WindowManager( 2545): Finish Transition (#5346): created at 02-23 01:47:05.174 collect-started=0.207ms request-sent=3.158ms started=7.161ms ready=45.095ms sent=133.96ms finished=604.475ms
02-23 01:47:05.779 V/WindowManager( 2545): Setting visibility of Window{4a2bd54 u0 Pop-Up Window EXITING}: false, caller=com.android.server.wm.WindowContainer.sendAppVisibilityToClients:19 com.android.server.wm.WindowState.sendAppVisibilityToClients:5 com.android.server.wm.WindowContainer.sendAppVisibilityToClients:19 com.android.server.wm.WindowToken.setClientVisible:49 com.android.server.wm.ActivityRecord.setClientVisible:8 
02-23 01:47:05.779 E/IPCThreadState( 2545): Binder transaction failure. id: 125163600, BR_*: 29189, error: -22 (Invalid argument)
02-23 01:47:05.779 W/ActivityManager( 2545): pid 2545 system sent binder code 7 with flags 1 to frozen apps and got error -32
02-23 01:47:05.779 W/WindowManager( 2545): Exception thrown during dispatchAppVisibility Window{4a2bd54 u0 Pop-Up Window EXITING}
02-23 01:47:05.779 W/WindowManager( 2545): android.os.DeadObjectException
02-23 01:47:05.779 W/WindowManager( 2545): 	at android.os.BinderProxy.transactNative(Native Method)
02-23 01:47:05.779 W/WindowManager( 2545): 	at android.os.BinderProxy.transact(BinderProxy.java:655)
02-23 01:47:05.779 W/WindowManager( 2545): 	at android.view.IWindow$Stub$Proxy.dispatchAppVisibility(IWindow.java:655)
02-23 01:47:05.779 W/WindowManager( 2545): 	at com.android.server.wm.WindowState.sendAppVisibilityToClients(qb/95038144 0ba830a6ad55cb920f76c0bf08c337f3bf5b5f7e0d571af2367f2696bbde2abb:60)
02-23 01:47:05.779 W/WindowManager( 2545): 	at com.android.server.wm.WindowContainer.sendAppVisibilityToClients(qb/95038144 0ba830a6ad55cb920f76c0bf08c337f3bf5b5f7e0d571af2367f2696bbde2abb:19)
02-23 01:47:05.779 W/WindowManager( 2545): 	at com.android.server.wm.WindowState.sendAppVisibilityToClients(qb/95038144 0ba830a6ad55cb920f76c0bf08c337f3bf5b5f7e0d571af2367f2696bbde2abb:5)
02-23 01:47:05.779 W/WindowManager( 2545): 	at com.android.server.wm.WindowContainer.sendAppVisibilityToClients(qb/95038144 0ba830a6ad55cb920f76c0bf08c337f3bf5b5f7e0d571af2367f2696bbde2abb:19)
02-23 01:47:05.779 W/WindowManager( 2545): 	at com.android.server.wm.WindowToken.setClientVisible(qb/95038144 0ba830a6ad55cb920f76c0bf08c337f3bf5b5f7e0d571af2367f2696bbde2abb:49)
02-23 01:47:05.779 W/WindowManager( 2545): 	at com.android.server.wm.ActivityRecord.setClientVisible(qb/95038144 0ba830a6ad55cb920f76c0bf08c337f3bf5b5f7e0d571af2367f2696bbde2abb:8)
02-23 01:47:05.779 W/WindowManager( 2545): 	at com.android.server.wm.ActivityRecord.commitVisibility(qb/95038144 0ba830a6ad55cb920f76c0bf08c337f3bf5b5f7e0d571af2367f2696bbde2abb:273)
02-23 01:47:05.779 W/WindowManager( 2545): 	at com.android.server.wm.TransitionController.finishTransition(qb/95038144 0ba830a6ad55cb920f76c0bf08c337f3bf5b5f7e0d571af2367f2696bbde2abb:766)
02-23 01:47:05.779 W/WindowManager( 2545): 	at com.android.server.wm.WindowOrganizerController.finishTransitionInner(qb/95038144 0ba830a6ad55cb920f76c0bf08c337f3bf5b5f7e0d571af2367f2696bbde2abb:26)
02-23 01:47:05.779 W/WindowManager( 2545): 	at com.android.server.wm.WindowOrganizerController.finishAllTransitions(qb/95038144 0ba830a6ad55cb920f76c0bf08c337f3bf5b5f7e0d571af2367f2696bbde2abb:59)
02-23 01:47:05.779 W/WindowManager( 2545): 	at android.window.IWindowOrganizerController$Stub.onTransact(IWindowOrganizerController.java:311)
02-23 01:47:05.779 W/WindowManager( 2545): 	at com.android.server.wm.WindowOrganizerController.onTransact(qb/95038144 0ba830a6ad55cb920f76c0bf08c337f3bf5b5f7e0d571af2367f2696bbde2abb:1)
02-23 01:47:05.779 W/WindowManager( 2545): 	at android.os.Binder.execTransactInternal(Binder.java:1541)
02-23 01:47:05.779 W/WindowManager( 2545): 	at android.os.Binder.execTransact(Binder.java:1480)
02-23 01:47:05.779 W/Process ( 2545): Unable to open /proc/8723/status
02-23 01:47:05.779 W/Process ( 2545): Unable to open /proc/8723/status
02-23 01:47:05.779 V/WindowManager( 2545): Setting visibility of Window{3e71d65 u0 com.sikwin.app/com.sikwin.app.MainActivity EXITING}: false, caller=com.android.server.wm.WindowContainer.sendAppVisibilityToClients:19 com.android.server.wm.WindowToken.setClientVisible:49 com.android.server.wm.ActivityRecord.setClientVisible:8 com.android.server.wm.ActivityRecord.commitVisibility:273 com.android.server.wm.TransitionController.finishTransition:766 
02-23 01:47:05.779 E/IPCThreadState( 2545): Binder transaction failure. id: 125163604, BR_*: 29189, error: -22 (Invalid argument)
02-23 01:47:05.779 W/ActivityManager( 2545): pid 2545 system sent binder code 7 with flags 1 to frozen apps and got error -32
02-23 01:47:05.779 D/ActivityManager( 2545): Too many transaction errors, throttling freezer binder callback.
02-23 01:47:05.780 W/WindowManager( 2545): Exception thrown during dispatchAppVisibility Window{3e71d65 u0 com.sikwin.app/com.sikwin.app.MainActivity EXITING}
02-23 01:47:05.780 W/WindowManager( 2545): android.os.DeadObjectException
02-23 01:47:05.780 W/WindowManager( 2545): 	at android.os.BinderProxy.transactNative(Native Method)
02-23 01:47:05.780 W/WindowManager( 2545): 	at android.os.BinderProxy.transact(BinderProxy.java:655)
02-23 01:47:05.780 W/WindowManager( 2545): 	at android.view.IWindow$Stub$Proxy.dispatchAppVisibility(IWindow.java:655)
02-23 01:47:05.780 W/WindowManager( 2545): 	at com.android.server.wm.WindowState.sendAppVisibilityToClients(qb/95038144 0ba830a6ad55cb920f76c0bf08c337f3bf5b5f7e0d571af2367f2696bbde2abb:60)
02-23 01:47:05.780 W/WindowManager( 2545): 	at com.android.server.wm.WindowContainer.sendAppVisibilityToClients(qb/95038144 0ba830a6ad55cb920f76c0bf08c337f3bf5b5f7e0d571af2367f2696bbde2abb:19)
02-23 01:47:05.780 W/WindowManager( 2545): 	at com.android.server.wm.WindowToken.setClientVisible(qb/95038144 0ba830a6ad55cb920f76c0bf08c337f3bf5b5f7e0d571af2367f2696bbde2abb:49)
02-23 01:47:05.780 W/WindowManager( 2545): 	at com.android.server.wm.ActivityRecord.setClientVisible(qb/95038144 0ba830a6ad55cb920f76c0bf08c337f3bf5b5f7e0d571af2367f2696bbde2abb:8)
02-23 01:47:05.780 W/WindowManager( 2545): 	at com.android.server.wm.ActivityRecord.commitVisibility(qb/95038144 0ba830a6ad55cb920f76c0bf08c337f3bf5b5f7e0d571af2367f2696bbde2abb:273)
02-23 01:47:05.780 W/WindowManager( 2545): 	at com.android.server.wm.TransitionController.finishTransition(qb/95038144 0ba830a6ad55cb920f76c0bf08c337f3bf5b5f7e0d571af2367f2696bbde2abb:766)
02-23 01:47:05.780 W/WindowManager( 2545): 	at com.android.server.wm.WindowOrganizerController.finishTransitionInner(qb/95038144 0ba830a6ad55cb920f76c0bf08c337f3bf5b5f7e0d571af2367f2696bbde2abb:26)
02-23 01:47:05.780 W/WindowManager( 2545): 	at com.android.server.wm.WindowOrganizerController.finishAllTransitions(qb/95038144 0ba830a6ad55cb920f76c0bf08c337f3bf5b5f7e0d571af2367f2696bbde2abb:59)
02-23 01:47:05.780 W/WindowManager( 2545): 	at android.window.IWindowOrganizerController$Stub.onTransact(IWindowOrganizerController.java:311)
02-23 01:47:05.780 W/WindowManager( 2545): 	at com.android.server.wm.WindowOrganizerController.onTransact(qb/95038144 0ba830a6ad55cb920f76c0bf08c337f3bf5b5f7e0d571af2367f2696bbde2abb:1)
02-23 01:47:05.780 W/WindowManager( 2545): 	at android.os.Binder.execTransactInternal(Binder.java:1541)
02-23 01:47:05.780 W/WindowManager( 2545): 	at android.os.Binder.execTransact(Binder.java:1480)
02-23 01:47:05.780 W/Process ( 2545): Unable to open /proc/8723/status
02-23 01:47:05.780 W/Process ( 2545): Unable to open /proc/8723/status
02-23 01:47:05.780 D/PersonaActivityHelper( 2545): token.toString()  Token{66de0d3 ActivityRecord{33fb0d u0 com.sikwin.app/.MainActivity t2210 f} isExiting}}
02-23 01:47:05.780 D/PersonaActivityHelper( 2545): mLastResumedSFActivity getPackageName  com.google.android.permissioncontroller
02-23 01:47:05.780 D/PersonaActivityHelper( 2545): mLastResumedSFActivity getShortClassName  com.android.permissioncontroller.permission.ui.GrantPermissionsActivity
02-23 01:47:05.780 D/PersonaActivityHelper( 2545): token.toString()  Token{99445c8 ActivityRecord{d8dc66b u0 com.sikwin.app/com.unity3d.player.UnityPlayerGameActivity t2210 f} isExiting}}
02-23 01:47:05.780 D/PersonaActivityHelper( 2545): mLastResumedSFActivity getPackageName  com.google.android.permissioncontroller
02-23 01:47:05.780 D/PersonaActivityHelper( 2545): mLastResumedSFActivity getShortClassName  com.android.permissioncontroller.permission.ui.GrantPermissionsActivity
02-23 01:47:05.780 D/ChangeTransitionController( 2545): onTransitionFinished: TransitionRecord{7de27ba id=5346 type=OPEN flags=0x0}
02-23 01:47:05.780 I/SurfaceFlinger( 1656): Layer [ActivityRecord{33fb0d u0 com.sikwin.app/.MainActivity t2210}#78925] hidden!! flag(1)
02-23 01:47:05.780 I/SurfaceFlinger( 1656): [LayerHierarchy{RequestedLayerState{DimTransitionLayer for Surface(name=ActivityRecord{d8dc66b u0 com.sikwin.app/com.unity3d.player.UnityPlayerGameActivity t2210})/@0xbe4cf17#78959 z=-1} no children}] reparent to OffscreenRoot
02-23 01:47:05.780 I/SurfaceFlinger( 1656): [LayerHierarchy{RequestedLayerState{DimTransitionLayer for Surface(name=ActivityRecord{d8dc66b u0 com.sikwin.app/com.unity3d.player.UnityPlayerGameActivity t2210})/@0xbe4cf17#78959 z=-1} no children}] RelativeParent to null
02-23 01:47:05.780 I/SurfaceFlinger( 1656): [LayerHierarchy{RequestedLayerState{ActivityRecord{33fb0d u0 com.sikwin.app/.MainActivity t2210}#78925 parentId=78924} 2 children}] reparent to LayerHierarchy{RequestedLayerState{Task=2210#78924 parentId=11 z=4} 2 children}
02-23 01:47:05.780 I/SurfaceFlinger( 1656): [LayerHierarchy{RequestedLayerState{Transition Root: ActivityRecord{d8dc66b u0 com.sikwin.app/com.unity3d.player.UnityPlayerGameActivity t2210}#78957 z=1} 1 children}] reparent to OffscreenRoot
02-23 01:47:05.780 I/SurfaceFlinger( 1656): [LayerHierarchy{RequestedLayerState{Transition Root: ActivityRecord{d8dc66b u0 com.sikwin.app/com.unity3d.player.UnityPlayerGameActivity t2210}#78957 z=1} 1 children}] RelativeParent to null
02-23 01:47:05.780 I/SurfaceFlinger( 1656): [LayerHierarchy{RequestedLayerState{ActivityRecord{d8dc66b u0 com.sikwin.app/com.unity3d.player.UnityPlayerGameActivity t2210}#78948 parentId=78924 z=1} 3 children}] reparent to LayerHierarchy{RequestedLayerState{Task=2210#78924 parentId=11 z=4} 2 children}
02-23 01:47:05.780 D/WindowManager( 2545): finishDrawingWindow: Window{cec6155 u0 com.sec.android.app.launcher/com.sec.android.app.launcher.activities.LauncherActivity} mDrawState=HAS_DRAWN seqId=0
02-23 01:47:05.780 V/WindowManager( 2545): Relayout Window{90c3c06 u0 com.sec.android.app.launcher/com.samsung.app.honeyspace.edge.edgepanel.app.CocktailBarService}: viewVisibility=0 req=67x454 ty=2226 d0
02-23 01:47:05.781 W/UserManagerService( 2545): Requested status bar icon for non-badged user 0
02-23 01:47:05.781 I/SurfaceFlinger( 1656): id=78966 createSurf, flag=44004, com.sec.android.app.launcher/com.samsung.app.honeyspace.edge.edgepanel.app.CocktailBarService$_4505#78966
02-23 01:47:05.781 I/SurfaceFlinger( 1656): id=78957 Removed Transition Root: ActivityRecord{d8dc66b u0 com.sikwin.app/com.unity3d.player.UnityPlayerGameActivity t2210}#78957 (187)
02-23 01:47:05.781 D/WindowManager( 2545): makeSurface duration=0 name=com.sec.android.app.launcher/com.samsung.app.honeyspace.edge.edgepanel.app.CocktailBarService$_4505
02-23 01:47:05.781 V/WindowManager( 2545): Relayout hash=90c3c06, pid=4505, syncId=-1: mAttrs={(0,1532)(67x454) gr=TOP RIGHT CENTER sim={adjust=nothing} layoutInDisplayCutoutMode=shortEdges ty=2226 fmt=TRANSPARENT
02-23 01:47:05.781 V/WindowManager( 2545):   fl=81800108
02-23 01:47:05.781 V/WindowManager( 2545):   pfl=10000070
02-23 01:47:05.781 V/WindowManager( 2545):   apr=10
02-23 01:47:05.781 V/WindowManager( 2545):   bhv=1
02-23 01:47:05.781 V/WindowManager( 2545):   frameRateBoostOnTouch=true
02-23 01:47:05.781 V/WindowManager( 2545):   dvrrWindowFrameRateHint=true
02-23 01:47:05.781 V/WindowManager( 2545):  dimAmount=0.0 dimDuration=0 naviIconColor=0
02-23 01:47:05.781 V/WindowManager( 2545):   sfl=420000}
02-23 01:47:05.782 I/InsetsController( 4505): onStateChanged: host=com.sec.android.app.launcher/com.samsung.app.honeyspace.edge.edgepanel.app.CocktailBarService, from=android.view.ViewRootImpl.relayoutWindow:11304, state=InsetsState: {mDisplayFrame=Rect(0, 0 - 1440, 3120), mDisplayCutout=DisplayCutout{insets=Rect(0, 112 - 0, 0) waterfall=Insets{left=0, top=0, right=0, bottom=0} boundingRect={Bounds=[Rect(0, 0 - 0, 0), Rect(686, 0 - 754, 112), Rect(0, 0 - 0, 0), Rect(0, 0 - 0, 0)]} cutoutPathParserInfo={CutoutPathParserInfo{displayWidth=1440 displayHeight=3120 physicalDisplayWidth=1440 physicalDisplayHeight=3120 density={3.75} cutoutSpec={M 0,0 H -9.066666666666667 V 29.86666666666667 H 9.066666666666667 V 0 H 0 Z @dp} rotation={0} scale={1.0} physicalPixelDisplaySizeRatio={1.0}}} sideOverrides={}}, mRoundedCorners=RoundedCorners{[RoundedCorner{position=TopLeft, radius=8, center=Point(8, 8)}, RoundedCorner{position=TopRight, radius=8, center=Point(1432, 8)}, RoundedCorner{position=BottomRight, radius=8, center=Point(1432, 3112)}, RoundedCorner{position=BottomLeft, radius=8, center=Point(8, 3112)}]}  mRoundedCornerFrame=Rect(0, 0 - 0, 0), mPrivacyIndicatorBounds=PrivacyIndicatorBounds {static bounds=Rect(1275, 0 - 1440, 113) rotation=0}, mDisplayShape=DisplayShape{ spec=1406003047 displayWidth=1440 displayHeight=3120 physicalPixelDisplaySizeRatio=1.0 rotation=0 offsetX=0 offsetY=0 scale=1.0}, mSources= { InsetsSource: {9f5d0005 mType=mandatorySystemGestures mFrame=[0,0][1440,157] mVisible=true mFlags= mSideHint=TOP mBoundingRects=null}, InsetsSource: {e2030001 mType=navigationBars mFrame=[0,3064][1440,3120] mVisible=true mFlags=SUPPRESS_SCRIM mSideHint=BOTTOM mBoundingRects=null}, InsetsSource: {e2030004 mType=systemGestures mFrame=[0,0][112,3120] mVisible=true mFlags= mSideHint=LEFT mBoundingRects=null}, InsetsSource: {e2030005 mType=mandatorySystemGestures mFrame=[0,3000][1440,3120] mVisible=true mFlags= mSideHint=BOTTOM mBoundingRects=null}, InsetsSource: {e2030006 mType=tappableElement mFrame=[0,0][0,0] mVisible=true mFlags= mSideHint=NONE mBoundingRects=null}, InsetsSource: {e2030024 mType=systemGestures mFrame=[1328,0][1440,3120] mVisible=true mFlags= mSideHint=RIGHT mBoundingRects=null}, InsetsSource: {27 mType=displayCutout mFrame=[0,0][1440,112] mVisible=true mFlags= mSideHint=TOP mBoundingRects=null} }
02-23 01:47:05.782 V/WindowManager( 2545): Relayout Window{ff6929f u0 com.samsung.android.wallpaper.live.layered.LayeredWallpaperService}: viewVisibility=0 req=-1x-1 ty=2013 d0
02-23 01:47:05.782 I/BufferQueueProducer( 4505): [](id:119900000dda,api:0,p:-1,c:4505) setDequeueTimeout:2077252342
02-23 01:47:05.782 I/BLASTBufferQueue_Java( 4505): new BLASTBufferQueue, mName= VRI[CocktailBarService]@7e9e031 mNativeObject= 0xb400007da3fe6650 sc.mNativeObject= 0xb400007d43f69710 caller= android.view.ViewRootImpl.updateBlastSurfaceIfNeeded:3397 android.view.ViewRootImpl.relayoutWindow:11361 android.view.ViewRootImpl.performTraversals:4544 android.view.ViewRootImpl.doTraversal:3708 android.view.ViewRootImpl$TraversalRunnable.run:12542 android.view.Choreographer$CallbackRecord.run:1751 android.view.Choreographer$CallbackRecord.run:1760 android.view.Choreographer.doCallbacks:1216 android.view.Choreographer.doFrame:1142 android.view.Choreographer$FrameDisplayEventReceiver.run:1707 
02-23 01:47:05.782 I/BLASTBufferQueue_Java( 4505): update, w= 67 h= 454 mName = VRI[CocktailBarService]@7e9e031 mNativeObject= 0xb400007da3fe6650 sc.mNativeObject= 0xb400007d43f69710 format= -2 caller= android.graphics.BLASTBufferQueue.<init>:88 android.view.ViewRootImpl.updateBlastSurfaceIfNeeded:3397 android.view.ViewRootImpl.relayoutWindow:11361 android.view.ViewRootImpl.performTraversals:4544 android.view.ViewRootImpl.doTraversal:3708 android.view.ViewRootImpl$TraversalRunnable.run:12542 
02-23 01:47:05.782 V/WindowManagerShell( 3940): Playing animation for (#5347) android.os.BinderProxy@6d9f246@0
02-23 01:47:05.782 V/WindowManager( 2545): Relayout hash=ff6929f, pid=4056, syncId=-1: mAttrs={(0,0)(fillxfill) gr=TOP START CENTER layoutInDisplayCutoutMode=always ty=WALLPAPER fmt=RGBA_1010102 wanim=0x1030323
02-23 01:47:05.782 V/WindowManager( 2545):   fl=10318
02-23 01:47:05.782 V/WindowManager( 2545):   pfl=14
02-23 01:47:05.782 V/WindowManager( 2545):   bhv=1
02-23 01:47:05.782 V/WindowManager( 2545):   frameRateBoostOnTouch=true
02-23 01:47:05.782 V/WindowManager( 2545):   dvrrWindowFrameRateHint=true naviIconColor=0}
02-23 01:47:05.782 I/SurfaceControlRegistry( 3940): show, t=StartTransaction_SyncId<5347> sc=Transition Root: Task=1, caller=android.view.SurfaceControl$Transaction.show:3232 com.android.wm.shell.transition.Transitions.playTransition:81 com.android.wm.shell.transition.Transitions.processReadyQueue:250 com.android.wm.shell.transition.Transitions.onFinish:521 com.android.wm.shell.transition.Transitions$$ExternalSyntheticLambda8.onTransitionFinished:10 com.android.wm.shell.transition.DefaultTransitionHandler$$ExternalSyntheticLambda6.run:36 
02-23 01:47:05.782 W/libc    ( 4505): Access denied finding property "vendor.gpp.create_frc_extension"
02-23 01:47:05.782 V/WindowManagerShell( 3940):  try handler com.android.wm.shell.transition.DefaultMixedHandler@c519ef4
02-23 01:47:05.782 V/WindowManagerShell( 3940):  try handler com.android.wm.shell.keyguard.KeyguardTransitionHandler@1e7361d
02-23 01:47:05.782 I/VRI[CocktailBarService]@7e9e031( 4505): Relayout returned: old=(1373,1532,1440,1986) new=(1373,1532,1440,1986) relayoutAsync=false req=(67,454)0 dur=8 res=0x3 s={true 0xb400007dc44b4670} ch=true seqId=54
02-23 01:47:05.782 V/WindowManagerShell( 3940):  try handler com.android.wm.shell.pip.PipTransition@95d1092
02-23 01:47:05.782 V/WindowManagerShell( 3940):  try handler com.android.wm.shell.activityembedding.ActivityEmbeddingController@a98ba63
02-23 01:47:05.782 V/WindowManagerShell( 3940):  try handler com.android.wm.shell.splitscreen.StageCoordinator@763b660
02-23 01:47:05.782 V/WindowManagerShell( 3940):  try handler com.android.wm.shell.recents.RecentsTransitionHandler@5461719
02-23 01:47:05.782 V/ShellRecents( 3940): RecentsTransitionHandler.startAnimation: no controller found
02-23 01:47:05.782 V/WindowManagerShell( 3940):  try handler com.android.wm.shell.transition.RemoteTransitionHandler@37a3de
02-23 01:47:05.783 V/WindowManagerShell( 3940): Transition doesn't have explicit remote, search filters for match for {id=5347 t=CLOSE f=0x10 trk=0 r=[0@Point(0, 0)] c=[{WCT{android.window.IWindowContainerToken$Stub$Proxy@3998ca0} m=TO_FRONT f=SHOW_WALLPAPER|MOVE_TO_TOP|EDGE_EXTENSION_RESTRICTION leash=Surface(name=Task=1)/@0xb4a9134 sb=Rect(0, 0 - 1440, 3120) eb=Rect(0, 0 - 1440, 3120) d=0 taskParent=-1 inset=Rect(0, 113 - 0, 56)},{WCT{android.window.IWindowContainerToken$Stub$Proxy@4f9d059} m=TO_BACK f=EDGE_EXTENSION_RESTRICTION leash=Surface(name=Task=2210)/@0x935db5d sb=Rect(0, 0 - 1440, 3120) eb=Rect(0, 0 - 1440, 3120) d=0 taskParent=-1 inset=Rect(0, 0 - 0, 0) dim=true},{null m=TO_FRONT f=IS_WALLPAPER p=WCT{android.window.IWindowContainerToken$Stub$Proxy@9af041e} leash=Surface(name=WallpaperWindowToken{ea15a45 token=android.os.Binder@1da9abc})/@0xbb2ecd2 sb=Rect(0, 0 - 1440, 3120) eb=Rect(0, 0 - 1440, 3120) d=0 inset=Rect(0, 0 - 0, 0)}]}
02-23 01:47:05.783 V/WindowManagerShell( 3940):  Checking filter Pair{{types=[] flags=0x0] notFlags=0x100 checks=[{atype=home independent=true modes=[OPEN,TO_FRONT] flags=NONE mustBeTask=false order=TOP topActivity=ComponentInfo{com.sec.android.app.launcher/com.sec.android.app.launcher.Launcher} launchCookie=null},{atype=recents independent=true modes=[CLOSE,TO_BACK] flags=NONE mustBeTask=false order=ANY topActivity=null launchCookie=null}]} RemoteTransition { remoteTransition = android.window.IRemoteTransition$Stub$Proxy@efaf571, appThread = android.app.IApplicationThread$Stub$Proxy@e091f56, debugName = QuickstepLaunchHomeFromRecentsflags =NONE }}
02-23 01:47:05.783 V/WindowManagerShell( 3940):  Checking filter Pair{{types=[] flags=0x0] notFlags=0x100 checks=[{atype=home independent=true modes=[OPEN,TO_FRONT] flags=NONE mustBeTask=false order=TOP topActivity=ComponentInfo{com.sec.android.app.launcher/com.sec.android.app.launcher.Launcher} launchCookie=null},{atype=standard independent=true modes=[CLOSE,TO_BACK] flags=NONE mustBeTask=false order=ANY topActivity=null launchCookie=null}]} RemoteTransition { remoteTransition = android.window.IRemoteTransition$Stub$Proxy@3f2bbd7, appThread = android.app.IApplicationThread$Stub$Proxy@2dfacc4, debugName = QuickstepLaunchHomeflags =NONE }}
02-23 01:47:05.783 I/BLASTBufferQueue_Java( 4056): update, w= 1440 h= 3120 mName = Wallpaper mNativeObject= 0xb400007da3f0d670 sc.mNativeObject= 0xb400007d43f0eb10 format= 43 caller= android.service.wallpaper.WallpaperService$Engine.getOrCreateBLASTSurface:2887 android.service.wallpaper.WallpaperService$Engine.updateSurface:1643 android.service.wallpaper.WallpaperService$IWallpaperEngineWrapper.handleResized:3483 android.service.wallpaper.WallpaperService$IWallpaperEngineWrapper.executeMessage:3402 com.android.internal.os.HandlerCaller$MyHandler.handleMessage:44 android.os.Handler.dispatchMessage:107 
02-23 01:47:05.783 D/RemoteTransitionHandler( 3940): Found filterPair{{types=[] flags=0x0] notFlags=0x100 checks=[{atype=home independent=true modes=[OPEN,TO_FRONT] flags=NONE mustBeTask=false order=TOP topActivity=ComponentInfo{com.sec.android.app.launcher/com.sec.android.app.launcher.Launcher} launchCookie=null},{atype=standard independent=true modes=[CLOSE,TO_BACK] flags=NONE mustBeTask=false order=ANY topActivity=null launchCookie=null}]} RemoteTransition { remoteTransition = android.window.IRemoteTransition$Stub$Proxy@3f2bbd7, appThread = android.app.IApplicationThread$Stub$Proxy@2dfacc4, debugName = QuickstepLaunchHomeflags =NONE }}
02-23 01:47:05.783 V/WindowManagerShell( 3940):  Delegate animation for (#5347) to RemoteTransition { remoteTransition = android.window.IRemoteTransition$Stub$Proxy@3f2bbd7, appThread = android.app.IApplicationThread$Stub$Proxy@2dfacc4, debugName = QuickstepLaunchHomeflags =NONE }
02-23 01:47:05.783 V/WindowManagerShell( 3940):  Excluded change from remote targets at (#5347), change={null m=TO_FRONT f=IS_WALLPAPER p=WCT{android.window.IWindowContainerToken$Stub$Proxy@9af041e} leash=Surface(name=WallpaperWindowToken{ea15a45 token=android.os.Binder@1da9abc})/@0xbb2ecd2 sb=Rect(0, 0 - 1440, 3120) eb=Rect(0, 0 - 1440, 3120) d=0 inset=Rect(0, 0 - 0, 0)}
02-23 01:47:05.783 I/VRI[CocktailBarService]@7e9e031( 4505): Creating new active sync group VRI[CocktailBarService]@7e9e031#69
02-23 01:47:05.784 I/VRI[CocktailBarService]@7e9e031( 4505): mWNT: t=0xb400007dd3f4efd0 mBlastBufferQueue=0xb400007da3fe6650 fn= 1 HdrRenderState mRenderHdrSdrRatio=1.0 caller= android.view.ViewRootImpl$11.onFrameDraw:15016 android.view.ThreadedRenderer$1.onFrameDraw:761 <bottom of call stack> 
02-23 01:47:05.784 I/VRI[CocktailBarService]@7e9e031( 4505): Setting up sync and frameCommitCallback
02-23 01:47:05.784 W/qdgralloc( 4505): getInterlacedFlag: getMetaData returned 3, defaulting to interlaced_flag = 0
02-23 01:47:05.784 I/BLASTBufferQueue( 4505): [VRI[CocktailBarService]@7e9e031#3546](f:0,a:0,s:0) onFrameAvailable the first frame is available
02-23 01:47:05.784 I/SurfaceComposerClient( 4505): apply transaction with the first frame. layerId: 78966, bufferData(ID: 19348827688971, frameNumber: 1)
02-23 01:47:05.784 I/VRI[CocktailBarService]@7e9e031( 4505): Received frameCommittedCallback lastAttemptedDrawFrameNum=1 didProduceBuffer=true
02-23 01:47:05.784 I/SurfaceFlinger( 1656): [com.sec.android.app.launcher/com.samsung.app.honeyspace.edge.edgepanel.app.CocktailBarService$_4505#78966] setTransactionState with the first frame. bufferData(ID: 19348827688971, frameNumber: 1)
02-23 01:47:05.785 E/AppIconSolution( 4505): Couldn't get theme package resources, package is null
02-23 01:47:05.785 I/AppIconSolution( 4505): load= live icon for com.sec.android.app.clockpackage, from overlay = false
02-23 01:47:05.786 I/SurfaceFlinger( 1656): id=78967 createSurf, flag=84000, Surface(name=Task=1)/@0x4ef9ae0_transition-leash#78967
02-23 01:47:05.786 I/SurfaceControlRegistry( 4505): show, t=StartTransaction_SyncId<5347> sc=Task=1, caller=android.view.SurfaceControl$Transaction.show:3232 P.g.a:125 P.g.o:0 P.g.n:0 com.android.systemui.animation.RemoteAnimationTargetCompat.wrap:48 com.android.systemui.animation.RemoteAnimationTargetCompat.wrapApps:10 
02-23 01:47:05.786 I/LauncherActivityInfo( 4505): packageName: com.sec.android.app.clockpackage, useThemeIcon: false, height: 324, width: 324, density: 640
02-23 01:47:05.786 I/SurfaceFlinger( 1656): id=78968 createSurf, flag=84000, Surface(name=Task=2210)/@0xf0d5c5e_transition-leash#78968
02-23 01:47:05.786 I/SurfaceControlRegistry( 4505): show, t=StartTransaction_SyncId<5347> sc=Task=2210, caller=android.view.SurfaceControl$Transaction.show:3232 P.g.a:125 P.g.o:0 P.g.n:0 com.android.systemui.animation.RemoteAnimationTargetCompat.wrap:48 com.android.systemui.animation.RemoteAnimationTargetCompat.wrapApps:10 
02-23 01:47:05.787 I/SurfaceControlRegistry( 4505): apply, t=StartTransaction_SyncId<5347>, caller=android.view.SurfaceControl$Transaction.apply:3135 android.view.SurfaceControl$Transaction.apply:3122 android.view.SurfaceControl$Transaction.apply:3078 com.android.systemui.animation.RemoteAnimationRunnerCompat$1.startAnimation:634 android.window.IRemoteTransition$Stub.onTransact:158 android.os.Binder.execTransactInternal:1541 
02-23 01:47:05.787 I/HoneySpace.ShellAnimationRunner( 4505): [onAnimationStart] appTarget(0) : taskId-1, mode-0
02-23 01:47:05.787 I/HoneySpace.ShellAnimationRunner( 4505): cookie: -2147483648
02-23 01:47:05.787 I/HoneySpace.ShellAnimationRunner( 4505): [onAnimationStart] appTarget(1) : taskId-2210, mode-1
02-23 01:47:05.787 I/HoneySpace.ShellAnimationRunner( 4505): this , com.honeyspace.transition.ShellAnimationRunner@e52e3fa
02-23 01:47:05.787 I/HoneySpace.ShellAnimationRunner( 4505): finishExistingAnimation, null
02-23 01:47:05.787 I/HoneySpace.AppCloseAnimationDelegate( 4505): onAnimationStart
02-23 01:47:05.787 V/WindowManagerShell( 3940):  animated by com.android.wm.shell.transition.RemoteTransitionHandler@37a3de
02-23 01:47:05.787 I/HoneySpace.AppCloseAnimationDelegate( 4505): findTargetView() called with: targets = com.honeyspace.transition.remote.RemoteAnimationTargets@6f2095b, centerMostInfo = null
02-23 01:47:05.787 I/HoneySpace.AppCloseAnimationDelegate( 4505): findTargetValue [cookie--2147483648, pkgName-com.sikwin.app]
02-23 01:47:05.787 I/HoneySpace.AppListFastRecyclerViewAdapter( 4505): findCloseTarget : 784632, ComponentInfo{com.sikwin.app/com.sikwin.app.MainActivity}
02-23 01:47:05.787 I/HoneySpace.AppCloseAnimationDelegate( 4505): findTargetView found:Value(view=com.honeyspace.ui.common.iconview.IconViewImpl{cca1372 VFED..CL. ........ 666,1955-999,2346 #7f0a029b app:id/icon} - Sikwin, visibility:0, alpha:1.0, badge:0, icon:218x218, iconAlpha:255, iconState:NONE, iconSize:236, forceHideBadge:false, isTransparent:false, x=2, y=5, component=ComponentInfo{com.sikwin.app/com.sikwin.app.MainActivity}, isTargetShortcut=false), com.honeyspace.ui.common.iconview.IconViewImpl{cca1372 VFED..CL. ........ 666,1955-999,2346 #7f0a029b app:id/icon} - Sikwin, visibility:0, alpha:1.0, badge:0, icon:218x218, iconAlpha:255, iconState:NONE, iconSize:236, forceHideBadge:false, isTransparent:false, x=2, y=5
02-23 01:47:05.787 I/HoneySpace.AppCloseAnimationDelegate( 4505): getCloseAnimator : isGestureClosing-true, target-com.honeyspace.ui.common.iconview.IconViewImpl{cca1372 VFED..CL. ........ 666,1955-999,2346 #7f0a029b app:id/icon} - Sikwin, visibility:0, alpha:1.0, badge:0, icon:218x218, iconAlpha:255, iconState:NONE, iconSize:236, forceHideBadge:false, isTransparent:false, x=2, y=5
02-23 01:47:05.787 I/HoneySpace.RecentTasks( 4505): onRecentTasksChanged
02-23 01:47:05.787 I/HoneySpace.FloatingAnimator( 4505): playerCount : 1
02-23 01:47:05.787 I/HoneySpace.FloatingAnimator( 4505): [Player:A(5.787)] create
02-23 01:47:05.787 I/HoneySpace.AppCloseAnimationDelegate( 4505): playFloatingIconAnim, appPlayer: A(5.787)
02-23 01:47:05.787 I/HoneySpace.TransitionUtils( 4505): [getRotationChange] home-0, app-0
02-23 01:47:05.787 I/HoneySpace.TransitionUtils( 4505): getWindowTargetBounds: Rect(0, 0 - 1440, 3120)
02-23 01:47:05.787 D/SGM:GameManager( 2545): identifyGamePackage. com.sec.android.app.launcher, mCurrentUserId: 0, callerUserId: 0, callingMethodInfo: com.samsung.android.game.IGameManagerService$Stub.onTransact(IGameManagerService.java:228)
02-23 01:47:05.787 I/HoneySpace.FloatingAnimator( 4505): [Player:A(5.787)] setup. isLandscape:false, isTranslucent:false, screenSize[1440, 3120], isMultiTargets:false, useCurrentDrawable:false
02-23 01:47:05.787 D/WindowManager( 2545): finishDrawingWindow: Window{90c3c06 u0 com.sec.android.app.launcher/com.samsung.app.honeyspace.edge.edgepanel.app.CocktailBarService} mDrawState=DRAW_PENDING seqId=54
02-23 01:47:05.787 I/HoneySpace.IconView( 4505): setIconVisible : visible-false, currentForceHideBadge-false
02-23 01:47:05.788 V/WindowManager( 2545): performShowLocked: mDrawState=HAS_DRAWN in Window{90c3c06 u0 com.sec.android.app.launcher/com.samsung.app.honeyspace.edge.edgepanel.app.CocktailBarService}
02-23 01:47:05.788 I/HoneySpace.SpringAnimPlayer( 4505): [Player:A(5.787)] spring onAnimationStart
02-23 01:47:05.788 I/HoneySpace.ContentsAnimator( 4505): from : 0.0
02-23 01:47:05.788 I/HoneySpace.HoneyScreenManagerImpl( 4505): Close floating task bar
02-23 01:47:05.788 I/HoneySpace.ContentsAnimator( 4505): ContentsAnimator start [1014800]
02-23 01:47:05.788 I/HoneySpace.AnimationResult( 4505): setAnimation, animation: false
02-23 01:47:05.788 I/HoneySpace.AppTransitionAnimationAwait( 4505): proceed 0
02-23 01:47:05.788 I/HoneySpace.AppTransitionAnimationAwait( 4505): prepare refCnt:1 timeout:800
02-23 01:47:05.789 I/HoneySpace.RectFAnimation( 4505): animateToFinalPosition RectF(0.0, 0.0, 1440.0, 3120.0)
02-23 01:47:05.789 I/HoneySpace.LiveIconSupplier( 4505): updateIcon - 71, CLOCK, true - 01:47, view: #ef1b540, parent: ApplistCellLayout#1c83b2f
02-23 01:47:05.789 I/HoneySpace.RectFAnimation( 4505): animateToFinalPosition RectF(0.0, 0.0, 1440.0, 3120.0)
02-23 01:47:05.789 I/SurfaceFlinger( 1656): Layer [Surface(name=5fa1179 StatusBar)/@0x9[...]tion-leash of insets_animation#78964] hidden!! flag(0)
02-23 01:47:05.789 I/SurfaceFlinger( 1656): Layer [Surface(name=edfe357 NavigationBar0)[...]tion-leash of insets_animation#78963] hidden!! flag(0)
02-23 01:47:05.789 I/SurfaceFlinger( 1656): Layer [Task=1239#124] hidden!! flag(0)
02-23 01:47:05.789 I/HoneySpace.RectFAnimation( 4505): animateToFinalPosition RectF(0.0, 0.0, 1440.0, 3120.0)
02-23 01:47:05.789 I/SurfaceFlinger( 1656): Layer [Task=1#52] hidden!! flag(0)
02-23 01:47:05.789 I/SurfaceFlinger( 1656): Layer [com.samsung.android.wallpaper.live.layered.LayeredWallpaperService$_4056#94] hidden!! flag(0)
02-23 01:47:05.789 I/SurfaceFlinger( 1656): Layer [$_7946#78961] hidden!! flag(0)
02-23 01:47:05.789 I/SurfaceFlinger( 1656): Layer [com.sec.android.app.launcher/com.sec[...]ivities.LauncherActivity$_4505#78962] hidden!! flag(0)
02-23 01:47:05.789 I/SurfaceFlinger( 1656): Layer [Transition Root: Task=1#78965] hidden!! flag(0)
02-23 01:47:05.789 E/SurfaceFlinger( 1656): alpha changed 1.000 -> 0.000 - Surface(name=Task=1)/@0x4ef9ae0_transition-leash#78967
02-23 01:47:05.789 I/SurfaceFlinger( 1656): Layer [ActivityRecord{39bc085 u0 com.sec.an[...]tivities.LauncherActivity t1239}#125] hidden!! flag(0)
02-23 01:47:05.789 I/SurfaceFlinger( 1656): Layer [WallpaperWindowToken{ea15a45 token=android.os.Binder@1da9abc}#65] hidden!! flag(0)
02-23 01:47:05.789 I/SurfaceFlinger( 1656): destroyed Transition Root: ActivityRecord{d8dc66b u0 com.sikwin.app/com.unity3d.player.UnityPlayerGameActivity t2210}#78957
02-23 01:47:05.789 I/SurfaceFlinger( 1656): [LayerHierarchy{RequestedLayerState{Task=1#52 parentId=78967} 2 children}] reparent to LayerHierarchy{RequestedLayerState{Surface(name=Task=1)/@0x4ef9ae0_transition-leash#78967 parentId=78965 z=2} 1 children}
02-23 01:47:05.789 I/SurfaceFlinger( 1656): [LayerHierarchy{RequestedLayerState{Task=2210#78924 parentId=78968} 2 children}] reparent to LayerHierarchy{RequestedLayerState{Surface(name=Task=2210)/@0xf0d5c5e_transition-leash#78968 parentId=78965 z=5} 1 children}
02-23 01:47:05.789 I/SurfaceFlinger( 1656): [Surface(name=Task=2210)/@0xf0d5c5e_transition-leash#78968] attach to parent LayerHierarchy{RequestedLayerState{Transition Root: Task=1#78965 parentId=11} 1 children}
02-23 01:47:05.789 I/SurfaceFlinger( 1656): [com.sec.android.app.launcher/com.samsung.app.honeyspace.edge.edgepanel.app.CocktailBarService$_4505#78966] attach to parent LayerHierarchy{RequestedLayerState{90c3c06 com.sec.android.app.launcher/com.samsung.app.honeyspace.edge.edgepanel.app.CocktailBarService#162 parentId=161} 1 children}
02-23 01:47:05.789 I/SurfaceFlinger( 1656): [Surface(name=Task=1)/@0x4ef9ae0_transition-leash#78967] attach to parent LayerHierarchy{RequestedLayerState{Transition Root: Task=1#78965 parentId=11} 2 children}
02-23 01:47:05.789 I/HoneySpace.FloatingAnimator( 4505): container x: 0.0, y: 0.0, scale : 1.0
02-23 01:47:05.789 I/HoneySpace.FloatingAnimator( 4505): add positionListener - com.honeyspace.transition.anim.floating.b@3914527
02-23 01:47:05.789 I/Layer   ( 1656): id=78957 Destroyed Transition Root: ActivityRecord{d8dc66b u0 com.sikwin.app/com.unity3d.player.UnityPlayerGameActivity t2210}#78957
02-23 01:47:05.790 D/SurfaceFlinger( 1656): Display 4630946315032985731 HWC layers:
02-23 01:47:05.790 D/SurfaceFlinger( 1656):   SOLID_COLOR |                      | 0003 | Unknown      |    0.0    0.0    0.0    0.0 |    0    0 1440 3120 | Background for SurfaceView[com.sikwi[...]yer.UnityPlayerGameActivity]@0#78956
02-23 01:47:05.790 D/SurfaceFlinger( 1656):        DEVICE |   0xb40000714aa9aa90 | 0001 | RGBA_8888    |    0.0    0.0 1440.0 3120.0 |    0    0 1440 3120 | com.sikwin.app/com.unity3d.player.UnityPlayerGameActivity$_8723#78950 (2)
02-23 01:47:05.790 D/SurfaceFlinger( 1656):        DEVICE |   0xb40000714aa97c70 | 0001 | RGBA_8888    |    0.0    0.0 1440.0  124.0 |    0 2996 1440 3120 | NavigationBar0$_3940#92 (98640)
02-23 01:47:05.790 D/SurfaceFlinger( 1656): 
02-23 01:47:05.791 I/VRI[LauncherActivity]@94ca360( 4505): mWNT: t=0xb400007dd3fe5990 mBlastBufferQueue=0xb400007da3f447b0 fn= 3 HdrRenderState mRenderHdrSdrRatio=1.0 caller= com.android.systemui.shared.launcher.ViewRootImplCompat.mergeWithNextTransaction:4 com.honeyspace.transition.utils.SurfaceTransactionApplier.scheduleApply$lambda$1:26 com.honeyspace.transition.utils.SurfaceTransactionApplier.b:0 
02-23 01:47:05.791 W/qdgralloc( 4505): getInterlacedFlag: getMetaData returned 3, defaulting to interlaced_flag = 0
02-23 01:47:05.792 D/RestrictionPolicy( 2545): isScreenCaptureEnabled : ret=true userId=0
02-23 01:47:05.793 D/ScreenCapture( 2545): [Capture_TEST] : setIsScreenShotBySystem true
02-23 01:47:05.794 W/UserManagerService( 2545): Requested status bar icon for non-badged user 0
02-23 01:47:05.795 D/SemInputDeviceManager( 2545): setProperty: (0) CMD,GRIP_DATA,0,2,1532,1986
02-23 01:47:05.795 D/TspStateManager( 2545): wrote command: cmd=0,2,1532,1986, type=3
02-23 01:47:05.795 D/RenderEngine( 1656): [SEC_SF_EFFECTS] drawLayersInternal,1299, Rendering layer  at index 0
02-23 01:47:05.795 D/RenderEngine( 1656): [SEC_SF_EFFECTS] drawLayersInternal,1299, Rendering layer Background for SurfaceView[com.sikwin.app/com.unity3d.player.UnityPlayerGameActivity]@0#78956 at index 1
02-23 01:47:05.795 D/RenderEngine( 1656): [SEC_SF_EFFECTS] drawLayersInternal,1299, Rendering layer com.sikwin.app/com.unity3d.player.UnityPlayerGameActivity$_8723#78950 at index 2
02-23 01:47:05.795 D/SemInputDevice:TSP( 2545): SetPropertyTask: CMD,set_grip_data,0,2,1532,1986 [02-23 01:47:05.795]
02-23 01:47:05.797 I/SurfaceFlinger( 1656): Layer [com.sec.android.app.launcher/com.sam[...]l.app.CocktailBarService$_4505#78966] hidden!! flag(0)
02-23 01:47:05.797 E/SurfaceFlinger( 1656): alpha changed 0.000 -> 1.000 - Surface(name=Task=1)/@0x4ef9ae0_transition-leash#78967
02-23 01:47:05.797 I/HoneySpace.RectFAnimation( 4505): animateToFinalPosition RectF(0.0, 0.0, 1440.0, 3120.0)
02-23 01:47:05.797 I/HoneySpace.RectFAnimation( 4505): animateToFinalPosition RectF(0.0, 4.8310547, 1440.0, 3124.831)
02-23 01:47:05.797 I/HoneySpace.RectFAnimation( 4505): animateToFinalPosition RectF(4.6030273, 14.848389, 1435.397, 3110.4023)
02-23 01:47:05.797 I/HoneySpace.FloatingAnimator( 4505): container x: 0.065427445, y: -0.11773093, scale : 0.9994729
02-23 01:47:05.797 I/HoneySpace.RectFAnimation( 4505): animateToFinalPosition RectF(4.6030273, 14.848389, 1435.397, 3110.4023)
02-23 01:47:05.798 I/sysinput:aidl( 1614): onReportInformation:91, 1, cmd@set_grip_data,0,2,1532,198
02-23 01:47:05.798 I/VRI[LauncherActivity]@94ca360( 4505): mWNT: t=0xb400007dd3fe0750 mBlastBufferQueue=0xb400007da3f447b0 fn= 4 HdrRenderState mRenderHdrSdrRatio=1.0 caller= com.android.systemui.shared.launcher.ViewRootImplCompat.mergeWithNextTransaction:4 com.honeyspace.transition.utils.SurfaceTransactionApplier.scheduleApply$lambda$1:26 com.honeyspace.transition.utils.SurfaceTransactionApplier.b:0 
02-23 01:47:05.798 W/qdgralloc( 4505): getInterlacedFlag: getMetaData returned 3, defaulting to interlaced_flag = 0
02-23 01:47:05.798 I/SDM     ( 1583): HWCColorModeStc::ApplyCurrentColorModeWithRenderIntent: Applying Stc mode (gamut 12 gamma 1 intent 1), curr mode 9, render intent 0, hdr present 0
02-23 01:47:05.798 I/SDM     ( 1583): ToneMappingCore::set_default_vals():922 Initial enablement signals - bypass adaptive TM: 0, actual panel luma usage: 1, temporal filtering of dynamic meta data: 1, histTM enable: 1, static meta data usage: 1
02-23 01:47:05.798 I/SDM     ( 1583): HdrAlgorithm::SetXMLParameters():288 Override enablement signals - bypass adaptive TM: 0, bypass sdr dimming: 0
02-23 01:47:05.798 I/SDM     ( 1583): ClstcAlgorithmAdapter::UcscToneMap():1580 Checksum for layer 25688 is: 711819
02-23 01:47:05.799 I/AppIconSolution( 4505): getThemeIconWithBG called with public API, pkg = com.sikwin.app, mode = 48
02-23 01:47:05.799 I/AppIconSolution( 4505): return adaptive icon for com.sikwin.app, isNight = true
02-23 01:47:05.799 I/AppIconSolution( 4505): skip wrapping shadow bitmap because of abnormal icon size = 1922
02-23 01:47:05.799 I/LauncherActivityInfo( 4505): packageName: com.sikwin.app, useThemeIcon: false, height: 1922, width: 1987, density: 640
02-23 01:47:05.800 I/sysinput:Touch1( 1614): operator():237, OK
02-23 01:47:05.800 I/HoneySpace.WallpaperAnimator( 4505): createWallpaperSurface
02-23 01:47:05.800 D/SurfaceFlinger( 1656): Display 4630946315032985731 HWC layers:
02-23 01:47:05.800 D/SurfaceFlinger( 1656):        CLIENT |   0xb40000714aab3e70 | 0000 | RGBA_1010102 |    0.0    0.0 1440.0 3120.0 |    0    0 1440 3120 | Wallpaper BBQ wrapper 5_system#95 (1114)
02-23 01:47:05.800 D/SurfaceFlinger( 1656):        CLIENT |   0xb40000714aacb750 | 0001 | RGBA_8888    |    0.0    0.0 1440.0 3120.0 |    0    0 1440 3120 | com.sec.android.app.launcher/com.sec[...]ivities.LauncherActivity$_4505#78962 (3)
02-23 01:47:05.800 D/SurfaceFlinger( 1656):        CLIENT |   0xb40000714aab01b0 | 0001 | RGBA_8888    |    0.0    0.0    1.0 2951.0 |  720  113  721 3064 | $_7946#78961 (2)
02-23 01:47:05.800 D/SurfaceFlinger( 1656):        CLIENT |                      | 0003 | Unknown      |    0.0    0.0    0.0    0.0 |    0    0 1440 3120 | Background for SurfaceView[com.sikwi[...]yer.UnityPlayerGameActivity]@0#78956
02-23 01:47:05.800 D/SurfaceFlinger( 1656):        CLIENT |   0xb40000714aa9aa90 | 0001 | RGBA_8888    |    0.0    0.0 1440.0 3120.0 |    0    0 1440 3120 | com.sikwin.app/com.unity3d.player.UnityPlayerGameActivity$_8723#78950 (2)
02-23 01:47:05.800 D/SurfaceFlinger( 1656):        DEVICE |   0xb40000714aa812c0 | 0001 | RGBA_8888    |    0.0    0.0   67.0  454.0 | 1373 1532 1440 1986 | com.sec.andro
02-23 01:47:05.800 D/SurfaceFlinger( 1656): id.app.launcher/com.sam[...]l.app.CocktailBarService$_4505#78966 (1)
02-23 01:47:05.800 D/SurfaceFlinger( 1656):        DEVICE |   0xb40000714aa97c70 | 0001 | RGBA_8888    |    0.0    0.0 1440.0  124.0 |    0 2996 1440 3120 | NavigationBar0$_3940#92 (98640)
02-23 01:47:05.800 D/SurfaceFlinger( 1656): 
02-23 01:47:05.800 D/SysinputHAL_AIDL( 2545): setProperty(TSP(1)): CMD, set_grip_data,0,2,1532,1986 ret=0
02-23 01:47:05.801 D/NativeSemDvfsManager( 1656): acquire:: timeout = 2000 mIsAcquired = 1  mTagName : SurfaceFlinger 
02-23 01:47:05.803 E/NativeCustomFrequencyManager( 1656): [NativeCFMS] BpCustomFrequencyManager::acquire()
02-23 01:47:05.803 I/WindowManager( 2545): Reparenting to leash, surface=Surface(name=RemoteWallpaperAnim:1:1)/@0x1ffeb0a, syncState=0, syncCommitDepth=0, leashParent=Surface(name=OneHanded:0:14)/@0x7504f7b
02-23 01:47:05.803 I/SurfaceFlinger( 1656): id=78969 createSurf, flag=24000, Surface(name=RemoteWallpaperAnim:1:1)/@0x1ffeb0a - animation-leash of remote_wallpaper#78969
02-23 01:47:05.803 I/HYPER-HAL( 1567): [RequestManager.cpp]acquire(): Acquired ID : 3529496  [1656 / 1000]    HINT : SF_GPU_MINLOCK    list : [TIMEOUT / 2000] 
02-23 01:47:05.803 D/WindowManager( 2545): makeSurface duration=0 leash=Surface(name=Surface(name=RemoteWallpaperAnim:1:1)/@0x1ffeb0a - animation-leash of remote_wallpaper)/@0x89f9f5b
02-23 01:47:05.803 D/WindowManager( 2545): startAnimation for remote wallpaper, leash=Surface(name=Surface(name=RemoteWallpaperAnim:1:1)/@0x1ffeb0a - animation-leash of remote_wallpaper)/@0x89f9f5b
