02-23 01:47:05.632 D/SurfaceFlinger( 1656):   SOLID_COLOR |                      | 0001 | Unknown      |    0.0    0.0    0.0    0.0 |    0    0 1440 3120 | DimTransitionLayer for Surface(name=[...]ameActivity t2210})/@0xbe4cf17#78959
02-23 01:47:05.632 D/SurfaceFlinger( 1656):   SOLID_COLOR |                      | 0003 | Unknown      |    0.0    0.0    0.0    0.0 |   31    0 1440 3120 | Background for SurfaceView[com.sikwi[...]yer.UnityPlayerGameActivity]@0#78956
02-23 01:47:05.632 D/SurfaceFlinger( 1656):        DEVICE |   0xb40000714aa9aa90 | 0001 | RGBA_8888    |    0.0    0.0 1409.0 3120.0 |   31    0 1440 3120 | com.sikwin.app/com.unity3d.player.UnityPlayerGameActivity$_8723#78950 (2)
02-23 01:47:05.632 D/SurfaceFlinger( 1656):        DEVICE |   0xb40000714aa97c70 | 0001 | RGBA_
02-23 01:47:05.632 D/SurfaceFlinger( 1656): 8888    |    0.0    0.0 1440.0  124.0 |    0 2996 1440 3120 | NavigationBar0$_3940#92 (98640)
02-23 01:47:05.632 D/SurfaceFlinger( 1656): 
02-23 01:47:05.666 W/InteractionJankMonitor( 8723): Initializing without READ_DEVICE_CONFIG permission. enabled=false, interval=1, missedFrameThreshold=3, frameTimeThreshold=64, package=com.sikwin.app
02-23 01:47:05.672 I/SurfaceFlinger( 1656): Layer [Surface(name=5fa1179 StatusBar)/@0x9[...]tion-leash of insets_animation#78952] hidden!! flag(1)
02-23 01:47:05.672 I/SurfaceFlinger( 1656): Layer [Surface(name=edfe357 NavigationBar0)[...]tion-leash of insets_animation#78951] hidden!! flag(1)
02-23 01:47:05.673 D/SurfaceFlinger( 1656): Display 4630946315032985731 HWC layers:
02-23 01:47:05.673 D/SurfaceFlinger( 1656):        DEVICE |   0xb40000714aab8670 | 0002 | 0x7fa30c06   |   39.8    0.0  478.0  850.0 |    0 1515  605 2688 | SurfaceView[com.sikwin.app/com.sikwin.app.MainActivity]@0(BLAST)#78938 (88)
02-23 01:47:05.673 D/SurfaceFlinger( 1656):        DEVICE |   0xb40000714aa8d0e0 | 0001 | RGBA_8888    |  445.0    0.0 1440.0 3120.0 |    0    0  995 3120 | com.sikwin.app/com.sikwin.app.MainActivity$_8723#78933 (135)
02-23 01:47:05.673 D/SurfaceFlinger( 1656):   SOLID_COLOR |                      | 0001 | Unknown      |    0.0    0.0    0.0    0.0 |    0    0 1440 3120 | DimTransitionLayer for Surface(name=[...]ameActivity t2210})/@0xbe4cf17#78959
02-23 01:47:05.673 D/SurfaceFlinger( 1656):   SOLID_COLOR |                      | 0003 | Unknown      |    0.0    0.0    0.0    0.0 |   15    0 1440 3120 | Background for SurfaceView[com.sikwi[...]yer.UnityPlayerGameActivity]@0#78956
02-23 01:47:05.673 D/SurfaceFlinger( 1656):        DEVICE |   0xb40000714aa9aa90 | 0001 | RGBA_8888    |    0.0    0.0 1425.0 3120.0 |   15    0 1440 3120 | com.sikwin.app/com.unity3d.player.UnityPlayerGameActivity$_8723#78950 (2)
02-23 01:47:05.673 D/SurfaceFlinger( 1656): 
02-23 01:47:05.677 F/DEBUG   ( 8906): *** *** *** *** *** *** *** *** *** *** *** *** *** *** *** ***
02-23 01:47:05.677 F/DEBUG   ( 8906): Build fingerprint: 'samsung/e3qxxx/e3q:15/AP3A.240905.015.A2/S928BXXU4BYD9:user/release-keys'
02-23 01:47:05.677 F/DEBUG   ( 8906): Revision: '13'
02-23 01:47:05.677 F/DEBUG   ( 8906): ABI: 'arm64'
02-23 01:47:05.677 F/DEBUG   ( 8906): Processor: '7'
02-23 01:47:05.677 F/DEBUG   ( 8906): Timestamp: 2026-02-23 01:47:05.545232586+0530
02-23 01:47:05.677 F/DEBUG   ( 8906): Process uptime: 6s
02-23 01:47:05.677 F/DEBUG   ( 8906): Cmdline: com.sikwin.app
02-23 01:47:05.677 F/DEBUG   ( 8906): pid: 8723, tid: 8875, name: UnityMain  >>> com.sikwin.app <<<
02-23 01:47:05.677 F/DEBUG   ( 8906): uid: 10733
02-23 01:47:05.677 F/DEBUG   ( 8906): tagged_addr_ctrl: 0000000000000001 (PR_TAGGED_ADDR_ENABLE)
02-23 01:47:05.677 F/DEBUG   ( 8906): pac_enabled_keys: 000000000000000f (PR_PAC_APIAKEY, PR_PAC_APIBKEY, PR_PAC_APDAKEY, PR_PAC_APDBKEY)
02-23 01:47:05.677 F/DEBUG   ( 8906): signal 11 (SIGSEGV), code 2 (SEGV_ACCERR), fault addr 0x0000007a25be455d
02-23 01:47:05.677 F/DEBUG   ( 8906):     x0  0000007a25be455d  x1  0000007a25be455d  x2  0000007ac74a0ddc  x3  00000079f02813c0
02-23 01:47:05.677 F/DEBUG   ( 8906):     x4  000000000000055d  x5  0000000000000004  x6  0000000000000197  x7  0000915000009600
02-23 01:47:05.677 F/DEBUG   ( 8906):     x8  0000007bc9d79320  x9  0000007bc9d79320  x10 0000000000000058  x11 0000000005d00000
02-23 01:47:05.677 F/DEBUG   ( 8906):     x12 0000000005db0000  x13 00000000056a0000  x14 0000000005ce0000  x15 0000000005c30000
02-23 01:47:05.677 F/DEBUG   ( 8906):     x16 0000007a2d1adf80  x17 0000007e99adabc0  x18 0000007a297fc000  x19 0000007ac74a0da8
02-23 01:47:05.677 F/DEBUG   ( 8906):     x20 0000000000000000  x21 0000007a25be455d  x22 00000000000014a6  x23 0000000000000001
02-23 01:47:05.677 F/DEBUG   ( 8906):     x24 0000007a2d342000  x25 0000007a2d342000  x26 0000007a2d342000  x27 0000000000000048
02-23 01:47:05.677 F/DEBUG   ( 8906):     x28 0000007a2d342000  x29 00000079f0249560
02-23 01:47:05.677 F/DEBUG   ( 8906):     lr  0000007a2b6b133c  sp  0000007ac74a0d60  pc  0000007e99adabd0  pst 0000000080001000
02-23 01:47:05.677 F/DEBUG   ( 8906): 16 total frames
02-23 01:47:05.677 F/DEBUG   ( 8906): backtrace:
02-23 01:47:05.677 F/DEBUG   ( 8906):       #00 pc 000000000005abd0  /apex/com.android.runtime/lib64/bionic/libc.so (__strlen_aarch64+16) (BuildId: a7d3435cebd777f0dc1a07c5e7386036)
02-23 01:47:05.677 F/DEBUG   ( 8906):       #01 pc 00000000012ac338  /data/app/~~qSjgF-7UBYFGgOzHmSrFAA==/com.sikwin.app-gZVZHlv24bcGWL4GpEYKAw==/lib/arm64/libil2cpp.so (BuildId: 33a1eaf998d49645b2c13b0258968bca953aef4a)
02-23 01:47:05.677 F/DEBUG   ( 8906):       #02 pc 0000000001308bec  /data/app/~~qSjgF-7UBYFGgOzHmSrFAA==/com.sikwin.app-gZVZHlv24bcGWL4GpEYKAw==/lib/arm64/libil2cpp.so (BuildId: 33a1eaf998d49645b2c13b0258968bca953aef4a)
02-23 01:47:05.677 F/DEBUG   ( 8906):       #03 pc 00000000013023c0  /data/app/~~qSjgF-7UBYFGgOzHmSrFAA==/com.sikwin.app-gZVZHlv24bcGWL4GpEYKAw==/lib/arm64/libil2cpp.so (BuildId: 33a1eaf998d49645b2c13b0258968bca953aef4a)
02-23 01:47:05.677 F/DEBUG   ( 8906):       #04 pc 00000000012ac414  /data/app/~~qSjgF-7UBYFGgOzHmSrFAA==/com.sikwin.app-gZVZHlv24bcGWL4GpEYKAw==/lib/arm64/libil2cpp.so (il2cpp_init+28) (BuildId: 33a1eaf998d49645b2c13b0258968bca953aef4a)
02-23 01:47:05.677 F/DEBUG   ( 8906):       #05 pc 0000000000675b8c  /data/app/~~qSjgF-7UBYFGgOzHmSrFAA==/com.sikwin.app-gZVZHlv24bcGWL4GpEYKAw==/lib/arm64/libunity.so (BuildId: a36850ec310c55bd)
02-23 01:47:05.677 F/DEBUG   ( 8906):       #06 pc 000000000070899c  /data/app/~~qSjgF-7UBYFGgOzHmSrFAA==/com.sikwin.app-gZVZHlv24bcGWL4GpEYKAw==/lib/arm64/libunity.so (BuildId: a36850ec310c55bd)
02-23 01:47:05.677 F/DEBUG   ( 8906):       #07 pc 0000000000712cf8  /data/app/~~qSjgF-7UBYFGgOzHmSrFAA==/com.sikwin.app-gZVZHlv24bcGWL4GpEYKAw==/lib/arm64/libunity.so (BuildId: a36850ec310c55bd)
02-23 01:47:05.678 F/DEBUG   ( 8906):       #08 pc 000000000001e79c  /data/app/~~qSjgF-7UBYFGgOzHmSrFAA==/com.sikwin.app-gZVZHlv24bcGWL4GpEYKAw==/lib/arm64/libgame.so (Unity::UnityApplication::OnApplicationCommand(android_app*, int)+436) (BuildId: a6bc6b12001bb11dc8e0e14a0f650df56dddb7d3)
02-23 01:47:05.678 F/DEBUG   ( 8906):       #09 pc 0000000000032108  /data/app/~~qSjgF-7UBYFGgOzHmSrFAA==/com.sikwin.app-gZVZHlv24bcGWL4GpEYKAw==/lib/arm64/libgame.so (process_cmd+176) (BuildId: a6bc6b12001bb11dc8e0e14a0f650df56dddb7d3)
02-23 01:47:05.678 F/DEBUG   ( 8906):       #10 pc 000000000001f240  /data/app/~~qSjgF-7UBYFGgOzHmSrFAA==/com.sikwin.app-gZVZHlv24bcGWL4GpEYKAw==/lib/arm64/libgame.so (Unity::UnityApplication::Loop()+172) (BuildId: a6bc6b12001bb11dc8e0e14a0f650df56dddb7d3)
02-23 01:47:05.678 F/DEBUG   ( 8906):       #11 pc 0000000000029608  /data/app/~~qSjgF-7UBYFGgOzHmSrFAA==/com.sikwin.app-gZVZHlv24bcGWL4GpEYKAw==/lib/arm64/libgame.so (MainLoop(android_app*)+116) (BuildId: a6bc6b12001bb11dc8e0e14a0f650df56dddb7d3)
02-23 01:47:05.678 F/DEBUG   ( 8906):       #12 pc 000000000002969c  /data/app/~~qSjgF-7UBYFGgOzHmSrFAA==/com.sikwin.app-gZVZHlv24bcGWL4GpEYKAw==/lib/arm64/libgame.so (android_main+104) (BuildId: a6bc6b12001bb11dc8e0e14a0f650df56dddb7d3)
02-23 01:47:05.678 F/DEBUG   ( 8906):       #13 pc 0000000000031fdc  /data/app/~~qSjgF-7UBYFGgOzHmSrFAA==/com.sikwin.app-gZVZHlv24bcGWL4GpEYKAw==/lib/arm64/libgame.so (android_app_entry+260) (BuildId: a6bc6b12001bb11dc8e0e14a0f650df56dddb7d3)
02-23 01:47:05.678 F/DEBUG   ( 8906):       #14 pc 0000000000071ae8  /apex/com.android.runtime/lib64/bionic/libc.so (__pthread_start(void*)+196) (BuildId: a7d3435cebd777f0dc1a07c5e7386036)
02-23 01:47:05.678 F/DEBUG   ( 8906):       #15 pc 0000000000063be0  /apex/com.android.runtime/lib64/bionic/libc.so (__start_thread+68) (BuildId: a7d3435cebd777f0dc1a07c5e7386036)
02-23 01:47:05.689 I/InsetsController( 8723): cancelAnimation: types=statusBars navigationBars, animType=1, host=com.sikwin.app/com.unity3d.player.UnityPlayerGameActivity, from=android.view.InsetsController.notifyFinished:1890 android.view.InsetsAnimationThreadControlRunner$1.lambda$notifyFinished$0:87 android.view.InsetsAnimationThreadControlRunner$1.$r8$lambda$cDFF0h4Ncq-8EXdGszv69jrUu7c:0 
02-23 01:47:05.701 I/DropBoxManagerService( 2545): add tag=data_app_native_crash isTagEnabled=true flags=0x2
02-23 01:47:05.703 E/tombstoned( 1260): Tombstone written to: tombstone_26
02-23 01:47:05.704 W/ActivityTaskManager( 2545):   Force finishing activity com.sikwin.app/com.unity3d.player.UnityPlayerGameActivity
02-23 01:47:05.704 D/WindowManager( 2545): Transition is created, t=TransitionRecord{4e568e9 id=-1 type=CLOSE flags=0x10}, caller=com.android.server.wm.Transition.<init>:170 com.android.server.wm.TransitionController.createTransition:17 com.android.server.wm.TransitionController.requestTransitionIfNeeded:48 com.android.server.wm.RootWindowContainer$$ExternalSyntheticLambda29.accept:179 com.android.server.wm.Task.forAllLeafTasks:6 
02-23 01:47:05.704 D/BLASTSyncEngine( 2545): SyncGroup is created, id=5347, name=Transition-CLOSE, caller=com.android.server.wm.BLASTSyncEngine$SyncGroup.<init>:51 com.android.server.wm.TransitionController.moveToCollecting:78 com.android.server.wm.TransitionController.createTransition:47 com.android.server.wm.TransitionController.requestTransitionIfNeeded:48 com.android.server.wm.RootWindowContainer$$ExternalSyntheticLambda29.accept:179 com.android.server.wm.Task.forAllLeafTasks:6 com.android.server.wm.WindowContainer.forAllLeafTasks:4 
02-23 01:47:05.704 W/BLASTSyncEngine( 2545): setSyncMethod, id=5347, method=0, caller=com.android.server.wm.TransitionController.moveToCollecting:90 com.android.server.wm.TransitionController.createTransition:47 com.android.server.wm.TransitionController.requestTransitionIfNeeded:48 
02-23 01:47:05.705 V/WindowManager( 2545): Start collecting in Transition: TransitionRecord{4e568e9 id=5347 type=CLOSE flags=0x10}, caller=com.android.server.wm.TransitionController.createTransition:47 com.android.server.wm.TransitionController.requestTransitionIfNeeded:48 com.android.server.wm.RootWindowContainer$$ExternalSyntheticLambda29.accept:179 com.android.server.wm.Task.forAllLeafTasks:6 com.android.server.wm.WindowContainer.forAllLeafTasks:4 
02-23 01:47:05.705 V/WindowManager( 2545): Requesting StartTransition: TransitionRecord{4e568e9 id=5347 type=CLOSE flags=0x10}, caller=com.android.server.wm.TransitionController.requestTransitionIfNeeded:60 com.android.server.wm.RootWindowContainer$$ExternalSyntheticLambda29.accept:179 com.android.server.wm.Task.forAllLeafTasks:6 com.android.server.wm.WindowContainer.forAllLeafTasks:4 com.android.server.wm.DisplayArea.forAllLeafTasks:4 
02-23 01:47:05.705 I/DropBoxManagerService( 2545): add tag=SYSTEM_TOMBSTONE_PROTO_WITH_HEADERS isTagEnabled=true flags=0x4
02-23 01:47:05.708 V/WindowManager( 2545): Collecting in transition 5347: ActivityRecord{d8dc66b u0 com.sikwin.app/com.unity3d.player.UnityPlayerGameActivity t2210 f}}, caller=com.android.server.wm.Transition.collectExistenceChange:42 com.android.server.wm.Transition.collectClose:7 com.android.server.wm.ActivityRecord.finishIfPossible:46 com.android.server.wm.ActivityRecord.finishIfPossible:1 com.android.server.wm.RootWindowContainer$$ExternalSyntheticLambda29.accept:182 
02-23 01:47:05.708 D/WindowManager( 2545): prepareSync <SYNC_STATE_WAITING_FOR_DRAW>, mPrepareSyncSeqId=0, win=Window{c56d64b u0 com.sikwin.app/com.unity3d.player.UnityPlayerGameActivity}
02-23 01:47:05.708 V/WindowManagerShell( 3940): Transition requested (#5347): android.os.BinderProxy@6d9f246 TransitionRequestInfo { type = CLOSE, triggerTask = null, pipTask = null, remoteTransition = null, displayChange = null, flags = 16, debugId = 5347 }
02-23 01:47:05.708 V/WindowManager( 2545): Collecting in transition 5347: ActivityRecord{d8dc66b u0 com.sikwin.app/com.unity3d.player.UnityPlayerGameActivity t2210 f}}, caller=com.android.server.wm.TransitionController.collect:7 com.android.server.wm.ActivityRecord.setVisibility:189 com.android.server.wm.ActivityRecord.finishIfPossible:85 com.android.server.wm.ActivityRecord.finishIfPossible:1 com.android.server.wm.RootWindowContainer$$ExternalSyntheticLambda29.accept:182 
02-23 01:47:05.708 D/ActivityTaskManager( 2545): scheduleTopResumedActivityChanged, onTop=false, r=ActivityRecord{d8dc66b u0 com.sikwin.app/com.unity3d.player.UnityPlayerGameActivity t2210 f}}, caller=com.android.server.wm.ActivityTaskSupervisor.scheduleTopResumedActivityStateLossIfNeeded:11 com.android.server.wm.ActivityTaskSupervisor.updateTopResumedActivityIfNeeded:19 com.android.server.wm.TaskFragment.setResumedActivity:29 com.android.server.wm.ActivityRecord.setState:95 com.android.server.wm.TaskFragment.startPausing$1:210 com.android.server.wm.ActivityRecord.finishIfPossible:92 
02-23 01:47:05.709 W/ActivityTaskManager( 2545):   Force finishing activity com.sikwin.app/.MainActivity
02-23 01:47:05.709 V/WindowManager( 2545): Collecting in transition 5347: Task{5ae0ac2 #2210 type=standard A=10733:com.sikwin.app}, caller=com.android.server.wm.Transition.collectClose:12 com.android.server.wm.ActivityRecord.finishIfPossible:46 com.android.server.wm.ActivityRecord.finishIfPossible:1 com.android.server.wm.RootWindowContainer$$ExternalSyntheticLambda29.accept:244 com.android.server.wm.Task.forAllLeafTasks:6 
02-23 01:47:05.709 D/WindowManager( 2545): prepareSync <SYNC_STATE_WAITING_FOR_DRAW>, mPrepareSyncSeqId=0, win=Window{4a2bd54 u0 Pop-Up Window}
02-23 01:47:05.709 D/WindowManager( 2545): prepareSync <SYNC_STATE_WAITING_FOR_DRAW>, mPrepareSyncSeqId=0, win=Window{3e71d65 u0 com.sikwin.app/com.sikwin.app.MainActivity}
02-23 01:47:05.709 V/WindowManager( 2545): Collecting in transition 5347: ActivityRecord{39bc085 u0 com.sec.android.app.launcher/.activities.LauncherActivity t1239}, caller=com.android.server.wm.TransitionController.collect:7 com.android.server.wm.ActivityRecord.setVisibility:189 com.android.server.wm.EnsureActivitiesVisibleHelper.process:561 com.android.server.wm.TaskFragment.updateActivityVisibilities:12 com.android.server.wm.Task$$ExternalSyntheticLambda3.accept:399 
02-23 01:47:05.709 D/WindowManager( 2545): prepareSync <SYNC_STATE_WAITING_FOR_DRAW>, mPrepareSyncSeqId=0, win=Window{cec6155 u0 com.sec.android.app.launcher/com.sec.android.app.launcher.activities.LauncherActivity}
02-23 01:47:05.710 V/WindowManager( 2545): Setting visibility of Window{41ec985 u0 com.samsung.android.app.spage}: true, caller=com.android.server.wm.WindowContainer.sendAppVisibilityToClients:19 com.android.server.wm.WindowState.sendAppVisibilityToClients:5 com.android.server.wm.WindowContainer.sendAppVisibilityToClients:19 com.android.server.wm.WindowToken.setClientVisible:49 com.android.server.wm.ActivityRecord.setVisibility:392 
02-23 01:47:05.710 V/WindowManager( 2545): Setting visibility of Window{cec6155 u0 com.sec.android.app.launcher/com.sec.android.app.launcher.activities.LauncherActivity}: true, caller=com.android.server.wm.WindowContainer.sendAppVisibilityToClients:19 com.android.server.wm.WindowToken.setClientVisible:49 com.android.server.wm.ActivityRecord.setVisibility:392 com.android.server.wm.EnsureActivitiesVisibleHelper.process:561 com.android.server.wm.TaskFragment.updateActivityVisibilities:12 
02-23 01:47:05.710 I/VRI[LauncherActivity]@94ca360( 4505): handleAppVisibility mAppVisible = false visible = true
02-23 01:47:05.710 I/VRI[]@5ef046f( 7946): handleAppVisibility mAppVisible = false visible = true
02-23 01:47:05.711 V/WindowManager( 2545): Starting Transition 5347, caller=com.android.server.wm.WindowOrganizerController.startTransition:37 com.android.server.wm.WindowOrganizerController.startTransition:1 android.window.IWindowOrganizerController$Stub.onTransact:271 
02-23 01:47:05.711 I/HYPER-HAL( 1567): [RequestManager.cpp]acquire(): Acquired ID : 354963119  [1570 / 25073]    HINT :      list : [TID_LOW_LATENCY / 1] [TID / 8454] [TID / 8460] [TID / 7946] [TID / 8444] 
02-23 01:47:05.713 I/HoneySpace.RecentTasks( 4505): onRecentTasksChanged
02-23 01:47:05.713 I/HoneySpace.TopTaskSource( 4505): onTaskMovedToFront : taskId = 1239, displayId = 0
02-23 01:47:05.713 W/ActivityManager( 2545): crash : com.sikwin.app,10733
02-23 01:47:05.715 D/ActivityManager( 2545): !@AM_BOOT_PROGRESS , ensureBootCompleted booting:false /enableScreen:false /caller:com.android.server.am.ActivityManagerService.ensureBootCompleted:46 com.android.server.am.ActivityManagerService$UiHandler.handleMessage$com$android$server$am$ActivityManagerService$UiHandler:646 
02-23 01:47:05.715 V/WindowManager( 2545): Relayout Window{41ec985 u0 com.samsung.android.app.spage}: viewVisibility=0 req=0x2951 ty=1000 d0
02-23 01:47:05.715 I/SurfaceFlinger( 1656): id=78961 createSurf, flag=44004, $_7946#78961
02-23 01:47:05.716 D/WindowManager( 2545): makeSurface duration=1 name=$_7946
02-23 01:47:05.718 D/WindowManager( 2545): Changing focus from Window{c56d64b u0 com.sikwin.app/com.unity3d.player.UnityPlayerGameActivity} to null displayId=0 Callers=com.android.server.wm.WindowManagerService.relayoutWindowInner:142 com.android.server.wm.WindowManagerService.relayoutWindow:6 com.android.server.wm.Session.relayout:27 android.view.IWindowSession$Stub.onTransact:861 
02-23 01:47:05.718 V/SystemKeyManager( 2545): updateFocusedWindow() is called, 
02-23 01:47:05.718 V/WindowManager( 2545): rotationForOrientation(orient=SCREEN_ORIENTATION_NOSENSOR (5), last=ROTATION_0 (0)); user=ROTATION_0 (0) USER_ROTATION_LOCKED
02-23 01:47:05.718 D/WindowManager( 2545): rotationForOrientation, orientationSource=ActivityRecord{39bc085 u0 com.sec.android.app.launcher/.activities.LauncherActivity t1239}
02-23 01:47:05.718 V/WindowManager( 2545): Computed rotation=ROTATION_0 (0) for display id=0 based on lastOrientation=SCREEN_ORIENTATION_NOSENSOR (5) and oldRotation=ROTATION_0 (0), caller=com.android.server.wm.DisplayRotation.updateOrientation:25 com.android.server.wm.DisplayContent.updateOrientation:65 com.android.server.wm.DisplayContent.updateOrientation:1 com.android.server.wm.WindowManagerService.relayoutWindowInner:149 com.android.server.wm.WindowManagerService.relayoutWindow:6 com.android.server.wm.Session.relayout:27 
02-23 01:47:05.719 V/WindowManager( 2545): Relayout hash=41ec985, pid=7946, syncId=-1: mAttrs={(0,0)(0xfill) sim={adjust=pan} ty=APPLICATION_PANEL fmt=RGBA_8888
02-23 01:47:05.719 V/WindowManager( 2545):   fl=1000018
02-23 01:47:05.719 V/WindowManager( 2545):   pfl=40000040
02-23 01:47:05.719 V/WindowManager( 2545):   bhv=1
02-23 01:47:05.719 V/WindowManager( 2545):   fitTypes=207
02-23 01:47:05.719 V/WindowManager( 2545):   frameRateBoostOnTouch=true
02-23 01:47:05.719 V/WindowManager( 2545):   dvrrWindowFrameRateHint=true naviIconColor=0}
02-23 01:47:05.719 I/InsetsController( 7946): onStateChanged: host=, from=android.view.ViewRootImpl.relayoutWindow:11304, state=InsetsState: {mDisplayFrame=Rect(0, 0 - 1440, 3120), mDisplayCutout=DisplayCutout{insets=Rect(0, 112 - 0, 0) waterfall=Insets{left=0, top=0, right=0, bottom=0} boundingRect={Bounds=[Rect(0, 0 - 0, 0), Rect(686, 0 - 754, 112), Rect(0, 0 - 0, 0), Rect(0, 0 - 0, 0)]} cutoutPathParserInfo={CutoutPathParserInfo{displayWidth=1440 displayHeight=3120 physicalDisplayWidth=1440 physicalDisplayHeight=3120 density={3.75} cutoutSpec={M 0,0 H -9.066666666666667 V 29.86666666666667 H 9.066666666666667 V 0 H 0 Z @dp} rotation={0} scale={1.0} physicalPixelDisplaySizeRatio={1.0}}} sideOverrides={}}, mRoundedCorners=RoundedCorners{[RoundedCorner{position=TopLeft, radius=8, center=Point(8, 8)}, RoundedCorner{position=TopRight, radius=8, center=Point(1432, 8)}, RoundedCorner{position=BottomRight, radius=8, center=Point(1432, 3112)}, RoundedCorner{position=BottomLeft, radius=8, center=Point(8, 3112)}]}  mRoundedCornerFrame=Rect(0, 0 - 1440, 3120), mPrivacyIndicatorBounds=PrivacyIndicatorBounds {static bounds=Rect(1275, 0 - 1440, 113) rotation=0}, mDisplayShape=DisplayShape{ spec=1406003047 displayWidth=1440 displayHeight=3120 physicalPixelDisplaySizeRatio=1.0 rotation=0 offsetX=0 offsetY=0 scale=1.0}, mSources= { InsetsSource: {9f5d0000 mType=statusBars mFrame=[0,0][1440,113] mVisible=false mFlags= mSideHint=TOP mBoundingRects=null}, InsetsSource: {9f5d0005 mType=mandatorySystemGestures mFrame=[0,0][1440,157] mVisible=true mFlags= mSideHint=TOP mBoundingRects=null}, InsetsSource: {9f5d0006 mType=tappableElement mFrame=[0,0][1440,113] mVisible=true mFlags= mSideHint=TOP mBoundingRects=null}, InsetsSource: {e2030001 mType=navigationBars mFrame=[0,3064][1440,3120] mVisible=false mFlags=SUPPRESS_SCRIM mSideHint=BOTTOM mBoundingRects=null}, InsetsSource: {e2030004 mType=systemGestures mFrame=[0,0][112,3120] mVisible=true mFlags= mSideHint=LEFT mBoundingRects=null}, InsetsSource: {e2030005 mType=mandatorySystemGestures mFrame=[0,3000][1440,3120] mVisible=true mFlags= mSideHint=BOTTOM mBoundingRects=null}, InsetsSource: {e2030006 mType=tappableElement mFrame=[0,0][0,0] mVisible=true mFlags= mSideHint=NONE mBoundingRects=null}, InsetsSource: {e2030024 mType=systemGestures mFrame=[1328,0][1440,3120] mVisible=true mFlags= mSideHint=RIGHT mBoundingRects=null}, InsetsSource: {3 mType=ime mFrame=[0,0][0,0] mVisible=false mFlags= mSideHint=NONE mBoundingRects=null}, InsetsSource: {27 mType=displayCutout mFrame=[0,0][1440,112] mVisible=true mFlags= mSideHint=TOP mBoundingRects=null} }
02-23 01:47:05.719 I/BufferQueueProducer( 7946): [](id:1f0a000003ff,api:0,p:-1,c:7946) setDequeueTimeout:2077252342
02-23 01:47:05.720 I/BLASTBufferQueue_Java( 7946): new BLASTBufferQueue, mName= VRI[]@5ef046f mNativeObject= 0xb400007da3f75b30 sc.mNativeObject= 0xb400007d43f1ca90 caller= android.view.ViewRootImpl.updateBlastSurfaceIfNeeded:3397 android.view.ViewRootImpl.relayoutWindow:11361 android.view.ViewRootImpl.performTraversals:4544 android.view.ViewRootImpl.doTraversal:3708 android.view.ViewRootImpl$TraversalRunnable.run:12542 android.view.Choreographer$CallbackRecord.run:1751 android.view.Choreographer$CallbackRecord.run:1760 android.view.Choreographer.doCallbacks:1216 android.view.Choreographer.doFrame:1142 android.view.Choreographer$FrameDisplayEventReceiver.run:1707 
02-23 01:47:05.720 I/BLASTBufferQueue_Java( 7946): update, w= 1 h= 3007 mName = VRI[]@5ef046f mNativeObject= 0xb400007da3f75b30 sc.mNativeObject= 0xb400007d43f1ca90 format= 1 caller= android.graphics.BLASTBufferQueue.<init>:88 android.view.ViewRootImpl.updateBlastSurfaceIfNeeded:3397 android.view.ViewRootImpl.relayoutWindow:11361 android.view.ViewRootImpl.performTraversals:4544 android.view.ViewRootImpl.doTraversal:3708 android.view.ViewRootImpl$TraversalRunnable.run:12542 
02-23 01:47:05.720 I/HoneySpace.TopTaskUseCase( 4505): topTaskId 1239, DisplayId : 0
02-23 01:47:05.720 W/libc    ( 7946): Access denied finding property "vendor.gpp.create_frc_extension"
02-23 01:47:05.720 I/VRI[]@5ef046f( 7946): Force to draw a frame when frame become empty from non-empty
02-23 01:47:05.720 I/VRI[]@5ef046f( 7946): Relayout returned: old=(720,113,720,3064) new=(720,113,720,3120) relayoutAsync=false req=(0,2951)0 dur=5 res=0x3 s={true 0xb400007dc3faa490} ch=true seqId=521
02-23 01:47:05.721 I/VRI[]@5ef046f( 7946): Creating new active sync group VRI[]@5ef046f#24
02-23 01:47:05.721 I/VRI[]@5ef046f( 7946): Force to draw even when frame is empty
02-23 01:47:05.721 I/VRI[]@5ef046f( 7946): mWNT: t=0xb400007dd3f43f10 mBlastBufferQueue=0xb400007da3f75b30 fn= 1 HdrRenderState mRenderHdrSdrRatio=1.0 caller= android.view.ViewRootImpl$11.onFrameDraw:15016 android.view.ThreadedRenderer$1.onFrameDraw:761 <bottom of call stack> 
02-23 01:47:05.721 I/VRI[]@5ef046f( 7946): Setting up sync and frameCommitCallback
02-23 01:47:05.722 I/HoneySpace.HistoryViewModel@118881667@OneUI( 4505): Illegal access. Unknown type. skip load history items
02-23 01:47:05.722 D/ActivityManager( 2545): sync unfroze 7657 com.samsung.android.dqagent for 3
02-23 01:47:05.722 I/SurfaceFlinger( 1656): [$_7946#78961] attach to parent LayerHierarchy{RequestedLayerState{41ec985 com.samsung.android.app.spage#140 parentId=129 z=2} 1 children}
02-23 01:47:05.724 W/qdgralloc( 7946): getInterlacedFlag: getMetaData returned 3, defaulting to interlaced_flag = 0
02-23 01:47:05.726 I/BLASTBufferQueue( 7946): [VRI[]@5ef046f#1023](f:0,a:0,s:0) onFrameAvailable the first frame is available
02-23 01:47:05.726 I/SurfaceComposerClient( 7946): apply transaction with the first frame. layerId: 78961, bufferData(ID: 34127810138537, frameNumber: 1)
02-23 01:47:05.726 D/InputDispatcher( 2545): Focus left window (0): c56d64b com.sikwin.app/com.unity3d.player.UnityPlayerGameActivity
02-23 01:47:05.726 I/VRI[]@5ef046f( 7946): Received frameCommittedCallback lastAttemptedDrawFrameNum=1 didProduceBuffer=true
02-23 01:47:05.726 I/SurfaceFlinger( 1656): [$_7946#78961] setTransactionState with the first frame. bufferData(ID: 34127810138537, frameNumber: 1)
02-23 01:47:05.727 D/WindowManager( 2545): finishDrawingWindow: Window{41ec985 u0 com.samsung.android.app.spage} mDrawState=DRAW_PENDING seqId=521
02-23 01:47:05.729 W/ProcessCpuTracker( 2545): Failed to stat(/proc/8906): android.system.ErrnoException: stat failed: ENOENT (No such file or directory)
02-23 01:47:05.729 W/ProcessCpuTracker( 2545): Skipping unknown process pid 8906
02-23 01:47:05.730 E/Codec2-Component@1.2( 1598): blockpools are not cleared yet at dtor
02-23 01:47:05.730 E/Codec2-Component@1.2( 1598): Client died ! no component to release !!
02-23 01:47:05.730 I/vendor.qti.media.c2@1.0-service( 1598): HDRToneMappingFilter DTOR
02-23 01:47:05.731 I/vendor.qti.media.c2@1.0-service( 1598): AIFRCFilter DTOR
02-23 01:47:05.731 I/QC2CompStore( 1598): Deleting component(c2.qti.avc.decoder) id(339)
02-23 01:47:05.731 I/SurfaceFlinger( 1656): [LayerHierarchy{RequestedLayerState{ImeContainer#16 parentId=78948 relativeParentId=78948 z=1} 1 children}] RelativeParent to null
02-23 01:47:05.732 I/adbd    (19994): Remote process closed the socket (on MSG_PEEK)
02-23 01:47:05.735 I/Zygote  ( 1485): Process 8723 exited due to signal 11 (Segmentation fault)
02-23 01:47:05.736 D/InputMethodManagerService( 2545): onClientRemoved
02-23 01:47:05.736 D/InputTransport( 2545): Input channel destroyed: 'ClientS', fd=908
02-23 01:47:05.737 I/WindowManager( 2545): WIN DEATH: Window{c56d64b u0 com.sikwin.app/com.unity3d.player.UnityPlayerGameActivity}
02-23 01:47:05.737 I/ImeTracker( 2545): com.sikwin.app:72960755: onRequestHide at ORIGIN_SERVER reason HIDE_REMOVE_CLIENT fromUser false
02-23 01:47:05.737 D/InputTransport( 2545): Input channel destroyed: 'c56d64b', fd=1402
02-23 01:47:05.737 D/InputMethodManagerService( 2545): setWindowStateInner, windowToken=android.os.BinderProxy@7a40b1a, state=ImeTargetWindowState{ imeToken android.os.Binder@64fd39 imeFocusChanged true hasEditorFocused false requestedImeVisible false imeDisplayId 0 softInputModeState STATE_UNSPECIFIED|ADJUST_RESIZE|IS_FORWARD_NAVIGATION isStartInputByGainFocus true}
02-23 01:47:05.737 W/InputManager-JNI( 2545): Input channel object 'c56d64b com.sikwin.app/com.unity3d.player.UnityPlayerGameActivity (client)' was disposed without first being removed with the input manager!
02-23 01:47:05.737 D/InputTransport( 2545): Input channel destroyed: 'c56d64b', fd=1440
02-23 01:47:05.737 V/WindowManager( 2545): Remove Window{c56d64b u0 com.sikwin.app/com.unity3d.player.UnityPlayerGameActivity}: mSurfaceController=Surface(name=com.sikwin.app/com.unity3d.player.UnityPlayerGameActivity$_8723)/@0x33d5f7e mAnimatingExit=false mRemoveOnExit=false mHasSurface=true surfaceShowing=true animating=false app-animation=false mDisplayFrozen=false callers=com.android.server.wm.Session.binderDied:118 android.os.IBinder$DeathRecipient.binderDied:339 android.os.BinderProxy.sendDeathNotice:794 <bottom of call stack> <bottom of call stack> <bottom of call stack> 
02-23 01:47:05.737 I/ImeTracker( 2545): com.sikwin.app:72960755: onCancelled at PHASE_SERVER_SHOULD_HIDE
02-23 01:47:05.737 V/InputMethodManagerService( 2545): hideCurrentInputLocked : canceled, shouldHideSoftInput=false, mInputShown=false, mImeWindowVis=0
02-23 01:47:05.737 I/AudioFlinger( 1642): removeDlbCodecCallback pid:8723 type:-1
02-23 01:47:05.737 I/WindowManager( 2545): WIN DEATH: Window{4a2bd54 u0 Pop-Up Window}
02-23 01:47:05.737 D/InputTransport( 2545): Input channel destroyed: '4a2bd54', fd=1438
02-23 01:47:05.737 W/InputManager-JNI( 2545): Input channel object '4a2bd54 Pop-Up Window (client)' was disposed without first being removed with the input manager!
02-23 01:47:05.737 D/InputTransport( 2545): Input channel destroyed: '4a2bd54', fd=1439
02-23 01:47:05.737 V/WindowManager( 2545): Remove Window{4a2bd54 u0 Pop-Up Window}: mSurfaceController=Surface(name=Pop-Up Window$_8723)/@0xdae3cdf mAnimatingExit=false mRemoveOnExit=false mHasSurface=true surfaceShowing=true animating=false app-animation=false mDisplayFrozen=false callers=com.android.server.wm.Session.binderDied:118 android.os.IBinder$DeathRecipient.binderDied:339 android.os.BinderProxy.sendDeathNotice:794 <bottom of call stack> <bottom of call stack> <bottom of call stack> 
02-23 01:47:05.737 I/ActivityManager( 2545): Process com.sikwin.app (pid 8723) has died: fg  TOP (630,4296)
02-23 01:47:05.737 I/WindowManager( 2545): WIN DEATH: Window{3e71d65 u0 com.sikwin.app/com.sikwin.app.MainActivity}
02-23 01:47:05.737 D/InputTransport( 2545): Input channel destroyed: '3e71d65', fd=1435
02-23 01:47:05.737 W/InputManager-JNI( 2545): Input channel object '3e71d65 com.sikwin.app/com.sikwin.app.MainActivity (client)' was disposed without first being removed with the input manager!
02-23 01:47:05.737 D/InputTransport( 2545): Input channel destroyed: '3e71d65', fd=1436
02-23 01:47:05.737 V/WindowManager( 2545): Remove Window{3e71d65 u0 com.sikwin.app/com.sikwin.app.MainActivity}: mSurfaceController=Surface(name=com.sikwin.app/com.sikwin.app.MainActivity$_8723)/@0xd360d2c mAnimatingExit=false mRemoveOnExit=false mHasSurface=true surfaceShowing=true animating=false app-animation=false mDisplayFrozen=false callers=com.android.server.wm.Session.binderDied:118 android.os.IBinder$DeathRecipient.binderDied:339 android.os.BinderProxy.sendDeathNotice:794 <bottom of call stack> <bottom of call stack> <bottom of call stack> 
02-23 01:47:05.738 I/SurfaceFlinger( 1656): id=78936 Removed Bounds for - com.sikwin.app/com.sikwin.app.MainActivity@0#78936 (184)
02-23 01:47:05.738 I/SurfaceFlinger( 1656): id=78937 Removed SurfaceView[com.sikwin.app/com.sikwin.app.MainActivity]@0#78937 (184)
02-23 01:47:05.738 I/SurfaceFlinger( 1656): id=78938 Removed SurfaceView[com.sikwin.app/com.sikwin.app.MainActivity]@0(BLAST)#78938 (184)
02-23 01:47:05.738 I/SurfaceFlinger( 1656): id=78939 Removed Background for SurfaceView[com.sikwin.app/com.sikwin.app.MainActivity]@0#78939 (184)
02-23 01:47:05.738 I/SurfaceFlinger( 1656): id=78953 Removed Bounds for - com.sikwin.app/com.unity3d.player.UnityPlayerGameActivity@0#78953 (184)
02-23 01:47:05.738 I/SurfaceFlinger( 1656): id=78954 Removed SurfaceView[com.sikwin.app/com.unity3d.player.UnityPlayerGameActivity]@0#78954 (184)
02-23 01:47:05.739 I/ResourceManagerService( 2129): removeResourceInfo pid 8723, removed 406300 (width 478 height 850), remained hw codec count 0
02-23 01:47:05.739 E/mediaserver64( 2129): unlinkToDeath: removed reference to death recipient but unlink failed: DEAD_OBJECT
02-23 01:47:05.739 E/IPCThreadState( 2129): attemptIncStrongHandle(18): Not supported
02-23 01:47:05.738 V/WindowManager( 2545): Collecting in transition 5347: ActivityRecord{d8dc66b u0 com.sikwin.app/com.unity3d.player.UnityPlayerGameActivity t2210 f}}, caller=com.android.server.wm.Transition.collectClose:12 com.android.server.wm.WindowProcessController.handleAppDied$1:473 com.android.server.am.ActivityManagerService.handleAppDiedLocked:247 com.android.server.am.ActivityManagerService.appDiedLocked:479 com.android.server.am.ActivityManagerService$AppDeathRecipient.binderDied:17 
02-23 01:47:05.740 V/WindowManager( 2545): Collecting in transition 5347: ActivityRecord{d8dc66b u0 com.sikwin.app/com.unity3d.player.UnityPlayerGameActivity t2210 f}}, caller=com.android.server.wm.TransitionController.collect:7 com.android.server.wm.ActivityRecord.onRemovedFromDisplay:324 com.android.server.wm.ActivityRecord.removeFromHistory:176 com.android.server.wm.WindowProcessController.handleAppDied$1:514 com.android.server.am.ActivityManagerService.handleAppDiedLocked:247 
02-23 01:47:05.740 D/SGM:FgCheckThread( 2545): TaskStackListener.onTaskFocusChanged(), taskId=2210, focused=false
02-23 01:47:05.740 V/WindowManager( 2545): Collecting in transition 5347: ActivityRecord{33fb0d u0 com.sikwin.app/.MainActivity t2210 f}}, caller=com.android.server.wm.Transition.collectClose:12 com.android.server.wm.WindowProcessController.handleAppDied$1:473 com.android.server.am.ActivityManagerService.handleAppDiedLocked:247 com.android.server.am.ActivityManagerService.appDiedLocked:479 com.android.server.am.ActivityManagerService$AppDeathRecipient.binderDied:17 
02-23 01:47:05.740 V/WindowManager( 2545): Collecting in transition 5347: ActivityRecord{33fb0d u0 com.sikwin.app/.MainActivity t2210 f}}, caller=com.android.server.wm.TransitionController.collect:7 com.android.server.wm.ActivityRecord.onRemovedFromDisplay:324 com.android.server.wm.ActivityRecord.removeFromHistory:176 com.android.server.wm.WindowProcessController.handleAppDied$1:514 com.android.server.am.ActivityManagerService.handleAppDiedLocked:247 
02-23 01:47:05.740 I/SemDvfsHyPerManager( 2545): acquire hyper - AMS_APP_HOME/2545@23, type = -999
02-23 01:47:05.740 I/SurfaceFlinger( 1656): id=78955 Removed SurfaceView[com.sikwin.app/com.unity3d.player.UnityPlayerGameActivity]@0(BLAST)#78955 (184)
02-23 01:47:05.740 I/SurfaceFlinger( 1656): id=78956 Removed Background for SurfaceView[com.sikwin.app/com.unity3d.player.UnityPlayerGameActivity]@0#78956 (184)
02-23 01:47:05.741 D/CustomizedBinderCallsStatsInternal( 2545): reportCpuUsage() : 4%
02-23 01:47:05.742 I/BinderCallsStats( 2545): Collected cpu time : 0us, collected call count : 0 for 51311061 ms
02-23 01:47:05.742 I/CustomizedBinderCallsStatsInternal( 2545): should write the current data!!
02-23 01:47:05.742 I/BinderCallsStats( 2545): Nothing to write to file. Just return
02-23 01:47:05.743 I/libprocessgroup( 2545): Removed cgroup /sys/fs/cgroup/uid_10733/pid_8723
02-23 01:47:05.743 I/HYPER-HAL( 1567): [RequestManager.cpp]acquire(): Acquired ID : 3298619  [2545 / 23]    HINT : AMS_APP_HOME    list : 
02-23 01:47:05.744 I/SemMediaResourceHelper( 2545): onRemove
02-23 01:47:05.745 I/HYPER-HAL( 1567): [RequestManager.cpp]acquire(): Acquired ID : 354803270  [1570 / 25067]    HINT :      list : [TID_LOW_LATENCY / 0] [TID / 8748] [TID / 8749] [TID / 8723] [TID / 8743] 
02-23 01:47:05.745 I/HYPER-HAL( 1567): [RequestManager.cpp]acquire(): Acquired ID : 354829909  [1570 / 25068]    HINT :      list : [UCLAMP_MIN_BOOST / 0] [TID / 8748] [TID / 8749] [TID / 8723] [TID / 8743] 
02-23 01:47:05.745 E/ANDR-PERF-UTIL( 1587): ANDR-PERF-UTIL: change_node_val() 319: Failed to update node /proc/sys/walt/sched_low_latency with value 8743 0
02-23 01:47:05.745 E/ANDR-PERF-OPTSHANDLER( 1587): ANDR-PERF-OPTSHANDLER: sched_reset_low_latency() 3683: can't reset low latency for tid 8743
02-23 01:47:05.745 E/ANDR-PERF-RESOURCEQS( 1587): ANDR-PERF-RESOURCEQS: RemovePendingRequest() 434: Failed to reset optimization [3, 52]
02-23 01:47:05.745 E/ANDR-PERF-UTIL( 1587): ANDR-PERF-UTIL: change_node_val() 319: Failed to update node /proc/sys/walt/sched_low_latency with value 8723 0
02-23 01:47:05.745 E/ANDR-PERF-OPTSHANDLER( 1587): ANDR-PERF-OPTSHANDLER: sched_reset_low_latency() 3683: can't reset low latency for tid 8723
02-23 01:47:05.745 E/ANDR-PERF-RESOURCEQS( 1587): ANDR-PERF-RESOURCEQS: RemovePendingRequest() 434: Failed to reset optimization [3, 52]
02-23 01:47:05.745 E/ANDR-PERF-UTIL( 1587): ANDR-PERF-UTIL: change_node_val() 319: Failed to update node /proc/sys/walt/sched_low_latency with value 8749 0
02-23 01:47:05.745 E/ANDR-PERF-OPTSHANDLER( 1587): ANDR-PERF-OPTSHANDLER: sched_reset_low_latency() 3683: can't reset low latency for tid 8749
02-23 01:47:05.745 E/ANDR-PERF-RESOURCEQS( 1587): ANDR-PERF-RESOURCEQS: RemovePendingRequest() 434: Failed to reset optimization [3, 52]
02-23 01:47:05.745 E/ANDR-PERF-UTIL( 1587): ANDR-PERF-UTIL: change_node_val() 319: Failed to update node /proc/sys/walt/sched_low_latency with value 8748 0
02-23 01:47:05.745 E/ANDR-PERF-OPTSHANDLER( 1587): ANDR-PERF-OPTSHANDLER: sched_reset_low_latency() 3683: can't reset low latency for tid 8748
02-23 01:47:05.745 E/ANDR-PERF-RESOURCEQS( 1587): ANDR-PERF-RESOURCEQS: RemovePendingRequest() 434: Failed to reset optimization [3, 52]
02-23 01:47:05.745 D/ActivityManagerPerformance( 2545): AMP_acquire() HOME
02-23 01:47:05.745 E/HYPER-HAL( 1567): [HandlerUClamp.cpp]set_uclamp_min(): sched_setattr failed for thread 8748, err = -1
02-23 01:47:05.745 E/HYPER-HAL( 1567): [HandlerUClamp.cpp]set_uclamp_min(): sched_setattr failed for thread 8749, err = -1
02-23 01:47:05.745 E/HYPER-HAL( 1567): [HandlerUClamp.cpp]set_uclamp_min(): sched_setattr failed for thread 8723, err = -1
02-23 01:47:05.745 E/HYPER-HAL( 1567): [HandlerUClamp.cpp]set_uclamp_min(): sched_setattr failed for thread 8743, err = -1
02-23 01:47:05.745 I/HYPER-HAL( 1567): [RequestManager.cpp]releaseLocked(): Released ID : 354803270
02-23 01:47:05.745 E/HYPER-HAL( 1567): [HandlerUClamp.cpp]set_uclamp_min(): sched_setattr failed for thread 8748, err = -1
02-23 01:47:05.745 E/HYPER-HAL( 1567): [HandlerUClamp.cpp]set_uclamp_min(): sched_setattr failed for thread 8749, err = -1
02-23 01:47:05.745 E/HYPER-HAL( 1567): [HandlerUClamp.cpp]set_uclamp_min(): sched_setattr failed for thread 8723, err = -1
02-23 01:47:05.745 E/HYPER-HAL( 1567): [HandlerUClamp.cpp]set_uclamp_min(): sched_setattr failed for thread 8743, err = -1
02-23 01:47:05.745 D/SGM:FgCheckThread( 2545): TaskStackListener.onTaskFocusChanged(), taskId=1239, focused=true
02-23 01:47:05.745 I/HYPER-HAL( 1567): [RequestManager.cpp]releaseLocked(): Released ID : 354829909
02-23 01:47:05.745 I/HYPER-HAL( 1567): [RequestManager.cpp]acquire(): Acquired ID : 354856549  [1570 / 25069]    HINT :      list : [TID_LOW_LATENCY / 0] [TID / 8748] [TID / 8749] [TID / 8723] [TID / 8743] 
02-23 01:47:05.745 D/SGM:FgCheckThread( 2545):   sendRunningComponentFocus(), pkgName: com.sec.android.app.launcher, userId: 0
02-23 01:47:05.745 D/SGM:FgCheckThread( 2545): onLooperPrepared(), msg: MSG_TASK_FOCUSED, pkgName: com.sec.android.app.launcher, userId: 0
02-23 01:47:05.745 I/HYPER-HAL( 1567): [RequestManager.cpp]acquire(): Acquired ID : 354883190  [1570 / 25070]    HINT :      list : [UCLAMP_MIN_BOOST / 0] [TID / 8748] [TID / 8749] [TID / 8723] [TID / 8743] 
02-23 01:47:05.745 D/AS.MultiSoundManager( 2545): mForegroundUid = 10157
02-23 01:47:05.745 D/SGM:FgCheckThread( 2545): handleTaskFocused().
02-23 01:47:05.745 D/SGM:FgCheckThread( 2545): sendFocusOutConditionally() - mPrevNotiPkg: KILL_YOURSELF, userId: 0
02-23 01:47:05.745 D/SGM:FgCheckThread( 2545):   handleTaskFocused(), pkgName: com.sec.android.app.launcher, userID:0 mResumedPkgMap does not containsKey.
02-23 01:47:05.745 E/ANDR-PERF-UTIL( 1587): ANDR-PERF-UTIL: change_node_val() 319: Failed to update node /proc/sys/walt/sched_low_latency with value 8743 0
02-23 01:47:05.745 E/ANDR-PERF-OPTSHANDLER( 1587): ANDR-PERF-OPTSHANDLER: sched_reset_low_latency() 3683: can't reset low latency for tid 8743
02-23 01:47:05.745 E/ANDR-PERF-RESOURCEQS( 1587): ANDR-PERF-RESOURCEQS: RemovePendingRequest() 434: Failed to reset optimization [3, 52]
02-23 01:47:05.745 D/InputDispatcher( 2545): Focused application(0): ActivityRecord{39bc085 u0 com.sec.android.app.launcher/.activities.LauncherActivity t1239}
02-23 01:47:05.745 E/ANDR-PERF-UTIL( 1587): ANDR-PERF-UTIL: change_node_val() 319: Failed to update node /proc/sys/walt/sched_low_latency with value 8723 0
02-23 01:47:05.745 E/ANDR-PERF-OPTSHANDLER( 1587): ANDR-PERF-OPTSHANDLER: sched_reset_low_latency() 3683: can't reset low latency for tid 8723
02-23 01:47:05.745 E/HYPER-HAL( 1567): [HandlerUClamp.cpp]set_uclamp_min(): sched_setattr failed for thread 8748, err = -1
02-23 01:47:05.745 E/HYPER-HAL( 1567): [HandlerUClamp.cpp]set_uclamp_min(): sched_setattr failed for thread 8749, err = -1
02-23 01:47:05.745 E/HYPER-HAL( 1567): [HandlerUClamp.cpp]set_uclamp_min(): sched_setattr failed for thread 8723, err = -1
02-23 01:47:05.745 E/HYPER-HAL( 1567): [HandlerUClamp.cpp]set_uclamp_min(): sched_setattr failed for thread 8743, err = -1
02-23 01:47:05.745 E/ANDR-PERF-RESOURCEQS( 1587): ANDR-PERF-RESOURCEQS: RemovePendingRequest() 434: Failed to reset optimization [3, 52]
02-23 01:47:05.745 I/HYPER-HAL( 1567): [RequestManager.cpp]releaseLocked(): Released ID : 354856549
02-23 01:47:05.745 E/HYPER-HAL( 1567): [HandlerUClamp.cpp]set_uclamp_min(): sched_setattr failed for thread 8748, err = -1
02-23 01:47:05.745 E/HYPER-HAL( 1567): [HandlerUClamp.cpp]set_uclamp_min(): sched_setattr failed for thread 8749, err = -1
02-23 01:47:05.745 E/HYPER-HAL( 1567): [HandlerUClamp.cpp]set_uclamp_min(): sched_setattr failed for thread 8723, err = -1
02-23 01:47:05.745 E/HYPER-HAL( 1567): [HandlerUClamp.cpp]set_uclamp_min(): sched_setattr failed for thread 8743, err = -1
02-23 01:47:05.745 I/HYPER-HAL( 1567): [RequestManager.cpp]releaseLocked(): Released ID : 354883190
02-23 01:47:05.745 E/ANDR-PERF-UTIL( 1587): ANDR-PERF-UTIL: change_node_val() 319: Failed to update node /proc/sys/walt/sched_low_latency with value 8749 0
02-23 01:47:05.745 E/ANDR-PERF-OPTSHANDLER( 1587): ANDR-PERF-OPTSHANDLER: sched_reset_low_latency() 3683: can't reset low latency for tid 8749
02-23 01:47:05.745 E/ANDR-PERF-RESOURCEQS( 1587): ANDR-PERF-RESOURCEQS: RemovePendingRequest() 434: Failed to reset optimization [3, 52]
02-23 01:47:05.745 I/HYPER-HAL( 1567): [RequestManager.cpp]acquire(): Acquired ID : 354909832  [1570 / 25071]    HINT :      list : [TID_LOW_LATENCY / 0] [TID / 8748] [TID / 8749] [TID / 8723] [TID / 8743] 
02-23 01:47:05.746 E/ANDR-PERF-UTIL( 1587): ANDR-PERF-UTIL: change_node_val() 319: Failed to update node /proc/sys/walt/sched_low_latency with value 8748 0
02-23 01:47:05.746 E/ANDR-PERF-OPTSHANDLER( 1587): ANDR-PERF-OPTSHANDLER: sched_reset_low_latency() 3683: can't reset low latency for tid 8748
02-23 01:47:05.746 E/ANDR-PERF-RESOURCEQS( 1587): ANDR-PERF-RESOURCEQS: RemovePendingRequest() 434: Failed to reset optimization [3, 52]
02-23 01:47:05.746 V/WindowManager( 2545): Computed rotation=ROTATION_0 (0) for display id=0 based on lastOrientation=SCREEN_ORIENTATION_NOSENSOR (5) and oldRotation=ROTATION_0 (0), caller=com.android.server.wm.DisplayRotation.updateOrientation:25 com.android.server.wm.DisplayContent.updateOrientation:65 com.android.server.wm.DisplayContent.updateOrientation:11 com.android.server.wm.RootWindowContainer.ensureVisibilityAndConfig:7 com.android.server.wm.TaskFragment.resumeTopActivity:1836 com.android.server.wm.Task.resumeTopActivityInnerLocked:98 
02-23 01:47:05.746 I/HYPER-HAL( 1567): [RequestManager.cpp]acquire(): Acquired ID : 354936475  [1570 / 25072]    HINT :      list : [UCLAMP_MIN_BOOST / 0] [TID / 8748] [TID / 8749] [TID / 8723] [TID / 8743] 
02-23 01:47:05.746 E/HYPER-HAL( 1567): [HandlerUClamp.cpp]set_uclamp_min(): sched_setattr failed for thread 8748, err = -1
02-23 01:47:05.746 E/HYPER-HAL( 1567): [HandlerUClamp.cpp]set_uclamp_min(): sched_setattr failed for thread 8749, err = -1
02-23 01:47:05.746 E/HYPER-HAL( 1567): [HandlerUClamp.cpp]set_uclamp_min(): sched_setattr failed for thread 8723, err = -1
02-23 01:47:05.746 E/HYPER-HAL( 1567): [HandlerUClamp.cpp]set_uclamp_min(): sched_setattr failed for thread 8743, err = -1
02-23 01:47:05.746 I/HYPER-HAL( 1567): [RequestManager.cpp]releaseLocked(): Released ID : 354909832
02-23 01:47:05.746 E/HYPER-HAL( 1567): [HandlerUClamp.cpp]set_uclamp_min(): sched_setattr failed for thread 8748, err = -1
02-23 01:47:05.746 E/HYPER-HAL( 1567): [HandlerUClamp.cpp]set_uclamp_min(): sched_setattr failed for thread 8749, err = -1
02-23 01:47:05.746 E/HYPER-HAL( 1567): [HandlerUClamp.cpp]set_uclamp_min(): sched_setattr failed for thread 8723, err = -1
02-23 01:47:05.746 E/HYPER-HAL( 1567): [HandlerUClamp.cpp]set_uclamp_min(): sched_setattr failed for thread 8743, err = -1
02-23 01:47:05.746 I/HYPER-HAL( 1567): [RequestManager.cpp]releaseLocked(): Released ID : 354936475
02-23 01:47:05.746 E/ANDR-PERF-UTIL( 1587): ANDR-PERF-UTIL: change_node_val() 319: Failed to update node /proc/sys/walt/sched_low_latency with value 8743 0
02-23 01:47:05.746 E/ANDR-PERF-OPTSHANDLER( 1587): ANDR-PERF-OPTSHANDLER: sched_reset_low_latency() 3683: can't reset low latency for tid 8743
02-23 01:47:05.746 E/ANDR-PERF-RESOURCEQS( 1587): ANDR-PERF-RESOURCEQS: RemovePendingRequest() 434: Failed to reset optimization [3, 52]
02-23 01:47:05.746 E/ANDR-PERF-UTIL( 1587): ANDR-PERF-UTIL: change_node_val() 319: Failed to update node /proc/sys/walt/sched_low_latency with value 8723 0
02-23 01:47:05.746 E/ANDR-PERF-OPTSHANDLER( 1587): ANDR-PERF-OPTSHANDLER: sched_reset_low_latency() 3683: can't reset low latency for tid 8723
02-23 01:47:05.746 E/ANDR-PERF-RESOURCEQS( 1587): ANDR-PERF-RESOURCEQS: RemovePendingRequest() 434: Failed to reset optimization [3, 52]
02-23 01:47:05.746 E/ANDR-PERF-UTIL( 1587): ANDR-PERF-UTIL: change_node_val() 319: Failed to update node /proc/sys/walt/sched_low_latency with value 8749 0
02-23 01:47:05.746 D/WindowManagerServiceExt( 2545): updateTaskbarTargetIfNeeded: reset
02-23 01:47:05.746 E/ANDR-PERF-OPTSHANDLER( 1587): ANDR-PERF-OPTSHANDLER: sched_reset_low_latency() 3683: can't reset low latency for tid 8749
02-23 01:47:05.746 E/ANDR-PERF-RESOURCEQS( 1587): ANDR-PERF-RESOURCEQS: RemovePendingRequest() 434: Failed to reset optimization [3, 52]
02-23 01:47:05.746 E/ANDR-PERF-UTIL( 1587): ANDR-PERF-UTIL: change_node_val() 319: Failed to update node /proc/sys/walt/sched_low_latency with value 8748 0
02-23 01:47:05.746 E/ANDR-PERF-OPTSHANDLER( 1587): ANDR-PERF-OPTSHANDLER: sched_reset_low_latency() 3683: can't reset low latency for tid 8748
02-23 01:47:05.746 E/ANDR-PERF-RESOURCEQS( 1587): ANDR-PERF-RESOURCEQS: RemovePendingRequest() 434: Failed to reset optimization [3, 52]
02-23 01:47:05.746 I/VRI[LauncherActivity]@94ca360( 4505): stopped(false) old = true
02-23 01:47:05.747 D/BLASTSyncEngine( 2545): SyncGroup 5347:  Unfinished container: ActivityRecord{39bc085 u0 com.sec.android.app.launcher/.activities.LauncherActivity t1239} mSyncState=2
02-23 01:47:05.747 I/HoneySpace.Launcher( 4505): !@Boot_EBS_D: Launcher.onStart()
02-23 01:47:05.748 I/ActivityManager( 2545): Changes in 10157 5 to 2, 56 to 127
02-23 01:47:05.748 W/ActivityManager( 2545): setHasOverlayUi called on unknown pid: 8723
02-23 01:47:05.748 D/SGM:FgCheckThread( 2545): getForegroundApp(), foregroundPkgName=com.sec.android.app.launcher
02-23 01:47:05.748 D/SGM:FgCheckThread( 2545): pkgName: com.sikwin.app is not in foreground
02-23 01:47:05.748 D/SGM:FgCheckThread( 2545): noteStopComponent(), received pkgName: com.sikwin.app, focusedPkgName: com.sec.android.app.launcher, userId: 0
02-23 01:47:05.748 D/SGM:FgCheckThread( 2545): getForegroundApp(), foregroundPkgName=com.sec.android.app.launcher
02-23 01:47:05.748 D/SGM:FgCheckThread( 2545): pkgName: com.sikwin.app is not in foreground
02-23 01:47:05.748 D/SGM:FgCheckThread( 2545): noteStopComponent(), received pkgName: com.sikwin.app, focusedPkgName: com.sec.android.app.launcher, userId: 0
02-23 01:47:05.749 I/HoneySpace.Launcher( 4505): !@Boot_EBS_D: Launcher.onResume()
02-23 01:47:05.749 I/HoneySpace.Launcher( 4505): updateLauncherShowing false -> true
02-23 01:47:05.749 I/HoneySpace.Memory-Monitor( 4505): cancelTrimIfNeeded
02-23 01:47:05.749 I/HoneySpace.PredictionDataSourceImpl( 4505): requestPredictionUpdate 0 true
02-23 01:47:05.749 I/HoneySpace.ShellTransitionManager( 4505): myHomeResumed
02-23 01:47:05.749 I/HoneySpace.ResumeTimer( 4505): last resume updated : 131759664
02-23 01:47:05.749 I/HoneySpace.LiveIconSupplier( 4505): time tick - 71, CLOCK, 01:47 - 01:46, view: #ef1b540, parent: ApplistCellLayout#1c83b2f
02-23 01:47:05.749 I/SearchHoneyPot( 4505): onViewCreated: onResume
02-23 01:47:05.749 I/HoneySpace.HoneyAppWidgetHost( 4505): called startListening, host: @6f8e57c
02-23 01:47:05.749 I/AppWidgetHost( 4505): semStartListening()
02-23 01:47:05.749 I/SDHMS:BarTender:Gatherer:AppError( 7298): update AppError : uid=10733, pkg=com.sikwin.app, errorType=crash
02-23 01:47:05.750 I/AppWidgetServiceImpl( 2545): startListening() 
02-23 01:47:05.750 D/AnalyticsContainerHandler( 2545): handleMessage : { when=0 what=1 target=com.android.server.knox.KnoxAnalyticsContainer$AnalyticsHandler }
02-23 01:47:05.750 I/AppWidgetServiceImpl( 2545): startListening callbacks : com.android.internal.appwidget.IAppWidgetHost$Stub$Proxy@8de5a77 intervalEnsure:193882034 intervalHostLock:193882034 LhostId:HostId{user:0, app:10157, hostId:1024, pkg:com.sec.android.app.launcher}
02-23 01:47:05.750 I/AppWidgetServiceImpl( 2545): startListening() finish
