02-23 01:47:05.314 I/SurfaceFlinger( 1656): Layer [Transition Root: ActivityRecord{d8dc[...]UnityPlayerGameActivity t2210}#78957] hidden!! flag(0)
02-23 01:47:05.314 I/SurfaceFlinger( 1656): Layer [com.sikwin.app/com.unity3d.player.UnityPlayerGameActivity$_8723#78950] hidden!! flag(0)
02-23 01:47:05.314 I/SurfaceFlinger( 1656): Layer [c56d64b com.sikwin.app/com.unity3d.player.UnityPlayerGameActivity#78949] hidden!! flag(0)
02-23 01:47:05.314 E/SurfaceFlinger( 1656): alpha changed 0.000 -> 1.000 - ActivityRecord{d8dc66b u0 com.sikwin.app/com.unity3d.player.UnityPlayerGameActivity t2210}#78948
02-23 01:47:05.314 E/SurfaceFlinger( 1656): alpha changed 0.000 -> 0.000 - DimTransitionLayer for Surface(name=ActivityRecord{d8dc66b u0 com.sikwin.app/com.unity3d.player.UnityPlayerGameActivity t2210})/@0xbe4cf17#78959
02-23 01:47:05.314 D/SystemUIService( 3940): SYSUI_RAM_OPTIMIZATION onTrimMemory=20
02-23 01:47:05.314 I/SurfaceFlinger( 1656): [LayerHierarchy{RequestedLayerState{com.sec.android.app.launcher/com.samsung.app.honeyspace.edge.edgepanel.app.CocktailBarService$_4505#78920} no children}] reparent to OffscreenRoot
02-23 01:47:05.314 I/SurfaceFlinger( 1656): [LayerHierarchy{RequestedLayerState{com.sec.android.app.launcher/com.samsung.app.honeyspace.edge.edgepanel.app.CocktailBarService$_4505#78920} no children}] RelativeParent to null
02-23 01:47:05.314 D/CentralSurfaces( 3940): SYSUI_RAM_OPTIMIZATION onTrimMemory=20
02-23 01:47:05.314 I/SurfaceFlinger( 1656): [LayerHierarchy{RequestedLayerState{ActivityRecord{33fb0d u0 com.sikwin.app/.MainActivity t2210}#78925 parentId=78957 z=2} 3 children}] reparent to LayerHierarchy{RequestedLayerState{Transition Root: ActivityRecord{d8dc66b u0 com.sikwin.app/com.unity3d.player.UnityPlayerGameActivity t2210}#78957 parentId=78924 z=1} 1 children}
02-23 01:47:05.314 I/SurfaceFlinger( 1656): [LayerHierarchy{RequestedLayerState{ActivityRecord{d8dc66b u0 com.sikwin.app/com.unity3d.player.UnityPlayerGameActivity t2210}#78948 parentId=78957 z=5} 1 children}] reparent to LayerHierarchy{RequestedLayerState{Transition Root: ActivityRecord{d8dc66b u0 com.sikwin.app/com.unity3d.player.UnityPlayerGameActivity t2210}#78957 parentId=78924 z=1} 2 children}
02-23 01:47:05.314 I/SurfaceFlinger( 1656): [Transition Root: ActivityRecord{d8dc66b u0 com.sikwin.app/com.unity3d.player.UnityPlayerGameActivity t2210}#78957] attach to parent LayerHierarchy{RequestedLayerState{Task=2210#78924 parentId=11 z=4} 1 children}
02-23 01:47:05.314 I/SurfaceFlinger( 1656): [6ff10e5 ActivityRecordInputSink com.sikwin.app/com.unity3d.player.UnityPlayerGameActivity#78958] attach to parent LayerHierarchy{RequestedLayerState{ActivityRecord{d8dc66b u0 com.sikwin.app/com.unity3d.player.UnityPlayerGameActivity t2210}#78948 parentId=78957 z=5} 2 children}
02-23 01:47:05.314 I/SurfaceFlinger( 1656): [DimTransitionLayer for Surface(name=ActivityRecord{d8dc66b u0 com.sikwin.app/com.unity3d.player.UnityPlayerGameActivity t2210})/@0xbe4cf17#78959] attach to parent LayerHierarchy{RequestedLayerState{Transition Root: ActivityRecord{d8dc66b u0 com.sikwin.app/com.unity3d.player.UnityPlayerGameActivity t2210}#78957 parentId=78924 z=1} 3 children}
02-23 01:47:05.315 D/HWUI    ( 3940): CacheManager::trimMemory(20)
02-23 01:47:05.315 V/WindowManager( 2545): Relayout Window{90c3c06 u0 com.sec.android.app.launcher/com.samsung.app.honeyspace.edge.edgepanel.app.CocktailBarService}: viewVisibility=8 req=0x0 ty=2226 d0
02-23 01:47:05.315 I/SurfaceFlinger( 1656): id=78920 Removed com.sec.android.app.launcher/com.samsung.app.honeyspace.edge.edgepanel.app.CocktailBarService$_4505#78920 (186)
02-23 01:47:05.315 V/WindowManager( 2545): Relayout hash=90c3c06, pid=4505, syncId=-1: mAttrs={(0,1532)(0x0) gr=TOP RIGHT CENTER sim={adjust=nothing} layoutInDisplayCutoutMode=shortEdges ty=2226 fmt=TRANSPARENT
02-23 01:47:05.315 V/WindowManager( 2545):   fl=81800108
02-23 01:47:05.315 V/WindowManager( 2545):   pfl=10000070
02-23 01:47:05.315 V/WindowManager( 2545):   apr=10
02-23 01:47:05.315 V/WindowManager( 2545):   bhv=1
02-23 01:47:05.315 V/WindowManager( 2545):   frameRateBoostOnTouch=true
02-23 01:47:05.315 V/WindowManager( 2545):   dvrrWindowFrameRateHint=true
02-23 01:47:05.315 V/WindowManager( 2545):  dimAmount=0.0 dimDuration=0 naviIconColor=0
02-23 01:47:05.315 V/WindowManager( 2545):   sfl=420000}
02-23 01:47:05.315 I/VRI[CocktailBarService]@7e9e031( 4505): Relayout returned: old=(1373,1532,1440,1986) new=(1373,1532,1440,1986) relayoutAsync=false req=(0,0)8 dur=1 res=0x0 s={false 0x0} ch=false seqId=54
02-23 01:47:05.316 D/SurfaceFlinger( 1656): Display 4630946315032985731 HWC layers:
02-23 01:47:05.316 D/SurfaceFlinger( 1656):        DEVICE |   0xb40000714aab8670 | 0002 | 0x7fa30c06   |    0.0    0.0  478.0  850.0 |  390 1515 1050 2688 | SurfaceView[com.sikwin.app/com.sikwin.app.MainActivity]@0(BLAST)#78938 (88)
02-23 01:47:05.316 D/SurfaceFlinger( 1656):        DEVICE |   0xb40000714aa8d0e0 | 0001 | RGBA_8888    |    0.0    0.0 1440.0 3120.0 |    0    0 1440 3120 | com.sikwin.app/com.sikwin.app.MainActivity$_8723#78933 (97)
02-23 01:47:05.316 D/SurfaceFlinger( 1656):        DEVICE |   0xb40000714aa95990 | 0001 | RGBA_8888    |   60.0    0.0  375.0  615.0 |    0 1832  315 2447 | Pop-Up Window$_8723#78944 (15)
02-23 01:47:05.316 D/SurfaceFlinger( 1656):        DEVICE |   0xb40000714aaa1f00 | 0001 | RGBA_8888    |    0.0    0.0 1440.0  113.0 |    0    0 1440  113 | StatusBar$_3940#99 (78502)
02-23 01:47:05.316 D/SurfaceFlinger( 1656):        DEVICE |   0xb40000714aa97c70 | 0001 | RGBA_8888    |    0.0    0.0 1440.0  180.0 |    0 2940 1440 3120 | NavigationBar0$_3940#92 (98640)
02-23 01:47:05.316 D/SurfaceFlinger( 1656): 
02-23 01:47:05.317 D/InputDispatcher( 2545): Focus entered window (0): c56d64b com.sikwin.app/com.unity3d.player.UnityPlayerGameActivity
02-23 01:47:05.317 D/gti.InputConnection( 8723): onApplyWindowInsetsfalse
02-23 01:47:05.317 V/GameActivity( 8723): onImeInsetsChanged from Text Listener
02-23 01:47:05.318 D/gti.InputConnection( 8723): onApplyWindowInsetsfalse
02-23 01:47:05.318 V/GameActivity( 8723): onImeInsetsChanged from Text Listener
02-23 01:47:05.318 V/WindowManager( 2545): Relayout Window{4a2bd54 u0 Pop-Up Window}: viewVisibility=0 req=255x495 ty=1002 d0
02-23 01:47:05.318 V/WindowManager( 2545): Relayout hash=4a2bd54, pid=0, syncId=-1: mAttrs={(0,1892)(255x495) gr=TOP START CENTER sim={adjust=pan} ty=APPLICATION_SUB_PANEL fmt=TRANSLUCENT surfaceInsets=Rect(60, 60 - 60, 60)
02-23 01:47:05.318 V/WindowManager( 2545):   fl=1040008
02-23 01:47:05.318 V/WindowManager( 2545):   pfl=40000000
02-23 01:47:05.318 V/WindowManager( 2545):   bhv=1
02-23 01:47:05.318 V/WindowManager( 2545):   fitTypes=207
02-23 01:47:05.318 V/WindowManager( 2545):   frameRateBoostOnTouch=true
02-23 01:47:05.318 V/WindowManager( 2545):   dvrrWindowFrameRateHint=true naviIconColor=0}
02-23 01:47:05.318 I/BLASTBufferQueue_Java( 8723): update, w= 375 h= 615 mName = VRI[Pop-Up Window]@fa45613 mNativeObject= 0xb400007da3f1e010 sc.mNativeObject= 0xb400007d43f1d090 format= -3 caller= android.view.ViewRootImpl.updateBlastSurfaceIfNeeded:3386 android.view.ViewRootImpl.relayoutWindow:11361 android.view.ViewRootImpl.performTraversals:4544 android.view.ViewRootImpl.doTraversal:3708 android.view.ViewRootImpl$TraversalRunnable.run:12542 android.view.Choreographer$CallbackRecord.run:1751 
02-23 01:47:05.319 I/VRI[Pop-Up Window]@fa45613( 8723): Relayout returned: old=(0,1892,255,2387) new=(0,1892,255,2387) relayoutAsync=true req=(255,495)0 dur=0 res=0x0 s={true 0xb400007dc3f5fc60} ch=false seqId=0
02-23 01:47:05.319 I/VRI[Pop-Up Window]@fa45613( 8723): registerCallbackForPendingTransactions
02-23 01:47:05.319 I/VRI[Pop-Up Window]@fa45613( 8723): mWNT: t=0xb400007dd3f742d0 mBlastBufferQueue=0xb400007da3f1e010 fn= 16 HdrRenderState mRenderHdrSdrRatio=1.0 caller= android.view.ViewRootImpl$9.onFrameDraw:6276 android.view.ViewRootImpl$3.onFrameDraw:2440 android.view.ThreadedRenderer$1.onFrameDraw:761 
02-23 01:47:05.319 I/InsetsController( 8723): onStateChanged: host=com.sikwin.app/com.unity3d.player.UnityPlayerGameActivity, from=android.view.ViewRootImpl.handleInsetsControlChanged:2888, state=InsetsState: {mDisplayFrame=Rect(0, 0 - 1440, 3120), mDisplayCutout=DisplayCutout{insets=Rect(0, 112 - 0, 0) waterfall=Insets{left=0, top=0, right=0, bottom=0} boundingRect={Bounds=[Rect(0, 0 - 0, 0), Rect(686, 0 - 754, 112), Rect(0, 0 - 0, 0), Rect(0, 0 - 0, 0)]} cutoutPathParserInfo={CutoutPathParserInfo{displayWidth=1440 displayHeight=3120 physicalDisplayWidth=1440 physicalDisplayHeight=3120 density={3.75} cutoutSpec={M 0,0 H -9.066666666666667 V 29.86666666666667 H 9.066666666666667 V 0 H 0 Z @dp} rotation={0} scale={1.0} physicalPixelDisplaySizeRatio={1.0}}} sideOverrides={}}, mRoundedCorners=RoundedCorners{[RoundedCorner{position=TopLeft, radius=8, center=Point(8, 8)}, RoundedCorner{position=TopRight, radius=8, center=Point(1432, 8)}, RoundedCorner{position=BottomRight, radius=8, center=Point(1432, 3112)}, RoundedCorner{position=BottomLeft, radius=8, center=Point(8, 3112)}]}  mRoundedCornerFrame=Rect(0, 0 - 1440, 3120), mPrivacyIndicatorBounds=PrivacyIndicatorBounds {static bounds=Rect(1275, 0 - 1440, 113) rotation=0}, mDisplayShape=DisplayShape{ spec=1406003047 displayWidth=1440 displayHeight=3120 physicalPixelDisplaySizeRatio=1.0 rotation=0 offsetX=0 offsetY=0 scale=1.0}, mSources= { InsetsSource: {9f5d0000 mType=statusBars mFrame=[0,0][1440,113] mVisible=true mFlags= mSideHint=TOP mBoundingRects=null}, InsetsSource: {9f5d0005 mType=mandatorySystemGestures mFrame=[0,0][1440,157] mVisible=true mFlags= mSideHint=TOP mBoundingRects=null}, InsetsSource: {9f5d0006 mType=tappableElement mFrame=[0,0][1440,113] mVisible=true mFlags= mSideHint=TOP mBoundingRects=null}, InsetsSource: {e2030001 mType=navigationBars mFrame=[0,3064][1440,3120] mVisible=true mFlags=SUPPRESS_SCRIM mSideHint=BOTTOM mBoundingRects=null}, InsetsSource: {e2030004 mType=systemGestures mFrame=[0,0][112,3120] mVisible=true mFlags= mSideHint=LEFT mBoundingRects=null}, InsetsSource: {e2030005 mType=mandatorySystemGestures mFrame=[0,3000][1440,3120] mVisible=true mFlags= mSideHint=BOTTOM mBoundingRects=null}, InsetsSource: {e2030006 mType=tappableElement mFrame=[0,0][0,0] mVisible=true mFlags= mSideHint=NONE mBoundingRects=null}, InsetsSource: {e2030024 mType=systemGestures mFrame=[1328,0][1440,3120] mVisible=true mFlags= mSideHint=RIGHT mBoundingRects=null}, InsetsSource: {3 mType=ime mFrame=[0,0][0,0] mVisible=false mFlags= mSideHint=NONE mBoundingRects=null}, InsetsSource: {27 mType=displayCutout mFrame=[0,0][1440,112] mVisible=true mFlags= mSideHint=TOP mBoundingRects=null} }
02-23 01:47:05.320 I/SDHMS:l ( 7298): onTaskStackChanged
02-23 01:47:05.320 I/HoneySpace.RecentTasks( 4505): onRecentTasksChanged
02-23 01:47:05.320 I/[AirCmd]_ActivitySwitchDetector( 7114): onTaskStackChanged : componentName - ComponentInfo{com.sikwin.app/com.unity3d.player.UnityPlayerGameActivity}
02-23 01:47:05.320 I/[AirCmd]_ActivitySwitchDetector( 7114): onTaskStackChanged :top mTopMostActivity - ComponentInfo{com.sikwin.app/com.sikwin.app.MainActivity}
02-23 01:47:05.321 I/HoneySpace.HistoryViewModel@118881667@OneUI( 4505): Illegal access. Unknown type. skip load history items
02-23 01:47:05.321 I/InsetsController( 8723): controlAnimationUncheckedInner: Added types=statusBars navigationBars, animType=1, host=com.sikwin.app/com.unity3d.player.UnityPlayerGameActivity, from=android.view.InsetsController.controlAnimationUnchecked:1502 android.view.InsetsController.applyAnimation:2228 android.view.InsetsController.applyAnimation:2159 
02-23 01:47:05.321 I/[AirCmd]_CallbackRepeater( 7114): stopRepeat : isWorking=false
02-23 01:47:05.321 I/[AirCmd]_MediaControlStateMonitor( 7114): isForegroundAppSupportsMediaButton : mediaSession is empty
02-23 01:47:05.321 I/SurfaceFlinger( 1656): id=78945 Removed Surface(name=edfe357 NavigationBar0)/@0x6864123 - animation-leash of insets_animation#78945 (186)
02-23 01:47:05.321 I/SurfaceFlinger( 1656): id=78946 Removed Surface(name=5fa1179 StatusBar)/@0x9dce99e - animation-leash of insets_animation#78946 (186)
02-23 01:47:05.321 I/VRI[UnityPlayerGameActivity]@b15634b( 8723): handleResized, frames=ClientWindowFrames{frame=[0,0][1440,3120] display=[0,0][1440,3120] parentFrame=[0,0][0,0]} displayId=0 dragResizing=false compatScale=1.0 frameChanged=false attachedFrameChanged=false configChanged=false displayChanged=false compatScaleChanged=false dragResizingChanged=false
02-23 01:47:05.321 I/VRI[UnityPlayerGameActivity]@b15634b( 8723): handleResized mSyncSeqId = 0
02-23 01:47:05.321 D/VRI[UnityPlayerGameActivity]@b15634b( 8723): reportNextDraw android.view.ViewRootImpl.handleResized:2864 android.view.ViewRootImpl.-$$Nest$mhandleResized:0 android.view.ViewRootImpl$W.resized:13691 android.app.servertransaction.WindowStateResizeItem.execute:64 android.app.servertransaction.WindowStateTransactionItem.execute:59 
02-23 01:47:05.322 E/[AirCmd]_MediaControlStateMonitor( 7114): getActiveNotificationPackageName : notification service monitor is null
02-23 01:47:05.322 I/[AirCmd]_ButtonEventDetectionThread( 7114): enableDoubleClickDetection: enabled= false
02-23 01:47:05.323 I/SurfaceFlinger( 1656): destroyed com.sec.android.app.launcher/com.samsung.app.honeyspace.edge.edgepanel.app.CocktailBarService$_4505#78920
02-23 01:47:05.323 I/SurfaceFlinger( 1656): destroyed Surface(name=5fa1179 StatusBar)/@0x9dce99e - animation-leash of insets_animation#78946
02-23 01:47:05.323 I/SurfaceFlinger( 1656): destroyed Surface(name=edfe357 NavigationBar0)/@0x6864123 - animation-leash of insets_animation#78945
02-23 01:47:05.323 I/Layer   ( 1656): id=78945 Destroyed Surface(name=edfe357 NavigationBar0)/@0x6864123 - animation-leash of insets_animation#78945
02-23 01:47:05.323 I/Layer   ( 1656): id=78920 Destroyed com.sec.android.app.launcher/com.samsung.app.honeyspace.edge.edgepanel.app.CocktailBarService$_4505#78920
02-23 01:47:05.323 I/Layer   ( 1656): id=78946 Destroyed Surface(name=5fa1179 StatusBar)/@0x9dce99e - animation-leash of insets_animation#78946
02-23 01:47:05.325 I/Unity   ( 8723): SystemInfo CPU = ARM64 FP ASIMD AES, Cores = 8, Memory = 11089mb
02-23 01:47:05.325 I/Unity   ( 8723): SystemInfo ARM big.LITTLE configuration: 6 big (mask: 0xfc), 2 little (mask: 0x3)
02-23 01:47:05.325 I/Unity   ( 8723): ApplicationInfo 'com.sikwin.app', Version '1.0', Min API Level '25', Target API Level '34'
02-23 01:47:05.325 I/Unity   ( 8723): Built from '6000.3/staging' branch, Version '6000.3.8f1 (1c7db571dde0)', Build type 'Release', Scripting Backend 'il2cpp', CPU 'arm64-v8a', Stripping 'Enabled'
02-23 01:47:05.325 I/Unity   ( 8723): Device Model 'samsung SM-S928B', OS 'Android OS 15 (API 35)'
02-23 01:47:05.331 D/gti.InputConnection( 8723): onApplyWindowInsetsfalse
02-23 01:47:05.331 V/GameActivity( 8723): onImeInsetsChanged from Text Listener
02-23 01:47:05.331 E/SurfaceFlinger( 1656): alpha changed 0.000 -> 0.010 - DimTransitionLayer for Surface(name=ActivityRecord{d8dc66b u0 com.sikwin.app/com.unity3d.player.UnityPlayerGameActivity t2210})/@0xbe4cf17#78959
02-23 01:47:05.331 D/gti.InputConnection( 8723): onApplyWindowInsetsfalse
02-23 01:47:05.331 V/GameActivity( 8723): onImeInsetsChanged from Text Listener
02-23 01:47:05.331 D/VRI[UnityPlayerGameActivity]@b15634b( 8723): Setup new sync=wmsSync-VRI[UnityPlayerGameActivity]@b15634b#11
02-23 01:47:05.331 I/VRI[UnityPlayerGameActivity]@b15634b( 8723): Creating new active sync group VRI[UnityPlayerGameActivity]@b15634b#12
02-23 01:47:05.331 D/VRI[UnityPlayerGameActivity]@b15634b( 8723): registerCallbacksForSync syncBuffer=false
02-23 01:47:05.331 D/VRI[UnityPlayerGameActivity]@b15634b( 8723): Received frameDrawingCallback syncResult=0 frameNum=2.
02-23 01:47:05.331 I/VRI[UnityPlayerGameActivity]@b15634b( 8723): Setting up sync and frameCommitCallback
02-23 01:47:05.332 I/VRI[UnityPlayerGameActivity]@b15634b( 8723): Received frameCommittedCallback lastAttemptedDrawFrameNum=2 didProduceBuffer=false
02-23 01:47:05.332 I/BLASTBufferQueue_Java( 8723): gatherPendingTransactions, mName= VRI[UnityPlayerGameActivity]@b15634b mNativeObject= 0xb400007da3f816b0 frameNumber= 2 caller= android.view.ViewRootImpl$11.lambda$onFrameDraw$3:15100 android.view.ViewRootImpl$11.$r8$lambda$lOIKKNnrcWn9ZndeJebfX4H5mOg:0 android.view.ViewRootImpl$11$$ExternalSyntheticLambda3.onFrameCommit:0 android.view.ThreadedRenderer$1.lambda$onFrameDraw$0:773 android.view.ThreadedRenderer$1$$ExternalSyntheticLambda0.onFrameCommit:0 <bottom of call stack> 
02-23 01:47:05.332 D/VRI[UnityPlayerGameActivity]@b15634b( 8723): reportDrawFinished seqId=0
02-23 01:47:05.332 D/WindowManager( 2545): finishDrawingWindow: Window{c56d64b u0 com.sikwin.app/com.unity3d.player.UnityPlayerGameActivity} mDrawState=HAS_DRAWN seqId=0
02-23 01:47:05.332 D/VRI[UnityPlayerGameActivity]@b15634b( 8723): mThreadedRenderer.initializeIfNeeded()#2 mSurface={isValid=true 0xb400007dc3f72ef0}
02-23 01:47:05.332 D/InputMethodManagerUtils( 8723): startInputInner - Id : 0
02-23 01:47:05.332 I/InputMethodManager( 8723): startInputInner - IInputMethodManagerGlobalInvoker.startInputOrWindowGainedFocus
02-23 01:47:05.332 D/SurfaceFlinger( 1656): Display 4630946315032985731 HWC layers:
02-23 01:47:05.332 D/SurfaceFlinger( 1656):        DEVICE |   0xb40000714aab8670 | 0002 | 0x7fa30c06   |    0.0    0.0  478.0  850.0 |  369 1515 1029 2688 | SurfaceView[com.sikwin.app/com.sikwin.app.MainActivity]@0(BLAST)#78938 (88)
02-23 01:47:05.332 D/SurfaceFlinger( 1656):        DEVICE |   0xb40000714aa86720 | 0001 | RGBA_8888    |   21.0    0.0 1440.0 3120.0 |    0    0 1419 3120 | com.sikwin.app/com.sikwin.app.MainActivity$_8723#78933 (99)
02-23 01:47:05.332 D/SurfaceFlinger( 1656):        DEVICE |   0xb40000714aa8a470 | 0001 | RGBA_8888    |   81.0    0.0  375.0  615.0 |    0 1832  294 2447 | Pop-Up Window$_8723#78944 (16)
02-23 01:47:05.332 D/SurfaceFlinger( 1656):   SOLID_COLOR |                      | 0001 | Unknown      |    0.0    0.0    0.0    0.0 |    0    0 1440 3120 | DimTransitionLayer for Surface(name=[...]ameActivity t2210})/@0xbe4cf17#78959
02-23 01:47:05.332 D/SurfaceFlinger( 1656):   SOLID_COLOR |                      | 0003 | Unknown      |    0.0    0.0    0.0    0.0 | 1374    0 1440 3120 | Background for SurfaceView[com.sikwi[...]yer.UnityPlayerGameActivity]@0#78956
02-23 01:47:05.332 D/SurfaceFlinger( 1656):        DEVICE |   0xb40000714aa9d040 | 0001 | RGBA_8888    |    0.0    0.0   66.0 3120.0 | 1374
02-23 01:47:05.333 D/SurfaceFlinger( 1656):     0 1440 3120 | com.sikwin.app/com.unity3d.player.UnityPlayerGameActivity$_8723#78950 (1)
02-23 01:47:05.333 D/SurfaceFlinger( 1656):        DEVICE |   0xb40000714aaa1f00 | 0001 | RGBA_8888    |    0.0    0.0 1440.0  113.0 |    0    0 1440  113 | StatusBar$_3940#99 (78502)
02-23 01:47:05.333 D/SurfaceFlinger( 1656):        DEVICE |   0xb40000714aa97c70 | 0001 | RGBA_8888    |    0.0    0.0 1440.0  180.0 |    0 2940 1440 3120 | NavigationBar0$_3940#92 (98640)
02-23 01:47:05.333 D/SurfaceFlinger( 1656): 
02-23 01:47:05.333 D/InputMethodManagerService( 2545): setWindowStateInner, windowToken=android.os.BinderProxy@7a40b1a, state=ImeTargetWindowState{ imeToken null imeFocusChanged true hasEditorFocused false requestedImeVisible false imeDisplayId 0 softInputModeState STATE_UNSPECIFIED|ADJUST_RESIZE|IS_FORWARD_NAVIGATION isStartInputByGainFocus true}
02-23 01:47:05.333 V/InputMethodManagerService( 2545): Unspecified window will hide input
02-23 01:47:05.333 I/ImeTracker( 2545): com.sikwin.app:ee1eeb88: onRequestHide at ORIGIN_SERVER reason HIDE_UNSPECIFIED_WINDOW fromUser false
02-23 01:47:05.333 V/InputMethodManagerService( 2545): applyImeVisibility state=6
02-23 01:47:05.333 D/InputMethodManagerService( 2545): setWindowStateInner, windowToken=android.os.BinderProxy@7a40b1a, state=ImeTargetWindowState{ imeToken android.os.Binder@8e9ca35 imeFocusChanged true hasEditorFocused false requestedImeVisible false imeDisplayId 0 softInputModeState STATE_UNSPECIFIED|ADJUST_RESIZE|IS_FORWARD_NAVIGATION isStartInputByGainFocus true}
02-23 01:47:05.333 I/ImeTracker( 2545): com.sikwin.app:ee1eeb88: onCancelled at PHASE_SERVER_SHOULD_HIDE
02-23 01:47:05.333 V/InputMethodManagerService( 2545): hideCurrentInputLocked : canceled, shouldHideSoftInput=false, mInputShown=false, mImeWindowVis=0
02-23 01:47:05.333 D/InputMethodManagerService( 2545): DESKTOP MODE! : 2
02-23 01:47:05.333 D/InputMethodManagerService( 2545): NOT IN KNOX DESKTOP MODE!
02-23 01:47:05.333 V/InputMethodManagerService( 2545): semComputeImeDisplayIdForTarget: displayId=0
02-23 01:47:05.333 D/InputMethodManagerService( 2545): isImeSwitcherDisabledPackage : false
02-23 01:47:05.334 D/InputMethodManagerService( 2545): checkDisplayOfStartInputAndUpdateKeyboard: displayId=0, mFocusedDisplayId=0
02-23 01:47:05.334 D/InputTransport( 2545): Input channel constructed: 'ClientS', fd=1443
02-23 01:47:05.334 D/InputTransport( 2545): Input channel destroyed: 'ClientS', fd=1443
02-23 01:47:05.334 D/InputTransport( 8723): Input channel constructed: 'ClientS', fd=328
02-23 01:47:05.334 D/RestrictionPolicy( 2545): isScreenCaptureEnabled : ret=true userId=0
02-23 01:47:05.334 I/WindowManager( 2545): Cancelling animation restarting=true, leash=Surface(name=Surface(name=c80fa88 InputMethod)/@0x66f3734 - animation-leash of insets_animation)/@0xbac976
02-23 01:47:05.334 I/WindowManager( 2545): Reparenting to original parent: Surface(name=WindowToken{b731dae type=2011 android.os.Binder@3df1629})/@0x664895d, destroy=false, syncState=0, syncCommitDepth=0, surface=Surface(name=c80fa88 InputMethod)/@0x66f3734
02-23 01:47:05.334 I/WindowManager( 2545): Reparenting to leash, surface=Surface(name=c80fa88 InputMethod)/@0x66f3734, syncState=0, syncCommitDepth=0, leashParent=Surface(name=WindowToken{b731dae type=2011 android.os.Binder@3df1629})/@0x664895d
02-23 01:47:05.334 I/HBD     ( 7072): HoneyBoardService onFinishInput 
02-23 01:47:05.334 I/SurfaceFlinger( 1656): id=78960 createSurf, flag=24004, Surface(name=c80fa88 InputMethod)/@0x66f3734 - animation-leash of insets_animation#78960
02-23 01:47:05.334 D/WindowManager( 2545): makeSurface duration=0 leash=Surface(name=Surface(name=c80fa88 InputMethod)/@0x66f3734 - animation-leash of insets_animation)/@0xb00b58
02-23 01:47:05.334 D/InsetsSourceProvider( 2545): updateControlForTarget: control=InsetsSourceControl: {3 mType=ime mSurfacePosition=Point(0, 113) mInsetsHint=Insets{left=0, top=0, right=0, bottom=1345}}, target=Window{c56d64b u0 com.sikwin.app/com.unity3d.player.UnityPlayerGameActivity}, from=com.android.server.wm.ImeInsetsSourceProvider.updateControlForTarget:17 com.android.server.wm.InsetsStateController.onControlTargetChanged:81 com.android.server.wm.DisplayContent.updateImeControlTarget:21 com.android.server.wm.DisplayContent.updateImeInputAndControlTarget:81 com.android.server.wm.WindowManagerService$LocalService.updateInputMethodTargetWindow:21 
02-23 01:47:05.335 I/HBD     ( 7072): a IC have been unbinding,  RemoteInputConnection{idHash=#e64db7b}
02-23 01:47:05.335 I/HBD     ( 7072): HoneyBoardService [PF_CL][onFinishInput]  1 ms 
02-23 01:47:05.335 I/HBD     ( 7072): HoneyBoardService [IMI] onStartInput - caller pid : 8723 , caller uid : 10733 
02-23 01:47:05.335 I/HBD     ( 7072): t updateConfigs 
02-23 01:47:05.335 I/HBD     ( 7072): t isEnabledNightMode : true 
02-23 01:47:05.335 I/HBD     ( 7072): a IC have been binding, RemoteInputConnection{idHash=#e64db7b} 
02-23 01:47:05.335 I/HBD     ( 7072): g [EditorInputType]setPrivateImeOptionsToTable privateImeOptions ( null )
02-23 01:47:05.335 I/HBD     ( 7072): b incognitoMode : false 
02-23 01:47:05.335 I/HBD     ( 7072): b needOff = true , isForceOff = false, isNullInputClass : true 
02-23 01:47:05.335 I/HBD     ( 7072): g getDefaultInputRange : UNKNOWN 
02-23 01:47:05.335 I/HBD     ( 7072): g getDefaultInputRange : UNKNOWN 
02-23 01:47:05.335 I/HBD     ( 7072): g getDefaultInputRange : UNKNOWN 
02-23 01:47:05.336 I/HBD     ( 7072): i [AiWriter] isChildBlockCase:
02-23 01:47:05.336 I/SamsungAccount(25065): [AccountManagerProvider] isChildAccount
02-23 01:47:05.337 I/SamsungAccount(25065): [AccountManagerProvider] Calling package : android.honeyboard.
02-23 01:47:05.338 I/SamsungAccount(25065): [SignatureInfoDbHelper] searchOnUser(fromDb) - [10/lfgff][android.honeyboard.][64/3291d] => matched
02-23 01:47:05.338 I/SamsungAccount(25065): [AccountManagerProvider] This is the access of the allowed application
02-23 01:47:05.338 I/SamsungAccount(25065): [AccountManagerUtil] isSamsungAccountSignedIn : true
02-23 01:47:05.338 I/SamsungAccount(25065): [TPMU]  SIMState     :SIM_STATE_READY
02-23 01:47:05.338 I/SamsungAccount(25065): [CountryCodeUtil] isChinaCountryCode : false
02-23 01:47:05.339 I/SurfaceFlinger( 1656): [Surface(name=c80fa88 InputMethod)/@0x66f3734 - animation-leash of insets_animation#78960] attach to parent LayerHierarchy{RequestedLayerState{WindowToken{b731dae type=2011 android.os.Binder@3df1629}#123 parentId=16} 2 children}
02-23 01:47:05.340 I/SamsungAccount(25065): [TPMU] getMccFromUsim
02-23 01:47:05.340 I/SamsungAccount(25065): [MccManager] saveMccToPreference Start
02-23 01:47:05.340 I/SamsungAccount(25065): [MccManager] saveMccToPreference, mcc is same with previous mcc
02-23 01:47:05.340 I/SamsungAccount(25065): [ChildAccountSupportedListManager] getSupportedListFromPreference from cache
02-23 01:47:05.340 E/SamsungAccount(25065): [FamilyGroupUtil] getCountryCodeListWithRegionMcc - no country code with region mcc
02-23 01:47:05.340 I/SamsungAccount(25065): [FamilyGroupUtil] isSupportFamilyService: false
02-23 01:47:05.340 I/SamsungAccount(25065): [AccountManagerProvider] makeResultBundle - resultCode : 1
02-23 01:47:05.341 I/HBD     ( 7072): b needOff = true , isForceOff = false, isNullInputClass : true 
02-23 01:47:05.341 I/HBD     ( 7072): b update cached prediction status : false 
02-23 01:47:05.341 I/HBD     ( 7072): g getDefaultInputRange : UNKNOWN 
02-23 01:47:05.341 I/HBD     ( 7072): a currentState : 0 
02-23 01:47:05.341 I/HBD     ( 7072): a [UpdatePolicy] [post] a: 0 cl: 65538 kit: [0/0] vt: 0 ir: 1 
02-23 01:47:05.343 D/gti.InputConnection( 8723): onApplyWindowInsetsfalse
02-23 01:47:05.343 V/GameActivity( 8723): onImeInsetsChanged from Text Listener
02-23 01:47:05.343 V/WindowManager( 2545): Relayout Window{c56d64b u0 com.sikwin.app/com.unity3d.player.UnityPlayerGameActivity}: viewVisibility=0 req=1440x3120 ty=1 d0
02-23 01:47:05.343 I/BLASTBufferQueue_Java( 8723): update, w= 1440 h= 3120 mName = VRI[UnityPlayerGameActivity]@b15634b mNativeObject= 0xb400007da3f816b0 sc.mNativeObject= 0xb400007d43f1c0d0 format= -3 caller= android.view.ViewRootImpl.updateBlastSurfaceIfNeeded:3386 android.view.ViewRootImpl.relayoutWindow:11361 android.view.ViewRootImpl.performTraversals:4544 android.view.ViewRootImpl.doTraversal:3708 android.view.ViewRootImpl$TraversalRunnable.run:12542 android.view.Choreographer$CallbackRecord.run:1751 
02-23 01:47:05.343 I/VRI[UnityPlayerGameActivity]@b15634b( 8723): Relayout returned: old=(0,0,1440,3120) new=(0,0,1440,3120) relayoutAsync=true req=(1440,3120)0 dur=0 res=0x0 s={true 0xb400007dc3f72ef0} ch=false seqId=0
02-23 01:47:05.343 I/VRI[UnityPlayerGameActivity]@b15634b( 8723): updateBoundsLayer: t=android.view.SurfaceControl$Transaction@2398388 sc=Surface(name=Bounds for - com.sikwin.app/com.unity3d.player.UnityPlayerGameActivity@0)/@0xbc0a121 frame=2
02-23 01:47:05.343 D/gti.InputConnection( 8723): onApplyWindowInsetsfalse
02-23 01:47:05.343 V/GameActivity( 8723): onImeInsetsChanged from Text Listener
02-23 01:47:05.343 D/gti.InputConnection( 8723): onApplyWindowInsetsfalse
02-23 01:47:05.343 V/GameActivity( 8723): onImeInsetsChanged from Text Listener
02-23 01:47:05.343 I/VRI[UnityPlayerGameActivity]@b15634b( 8723): registerCallbackForPendingTransactions
02-23 01:47:05.343 D/PowerManagerService( 2545): [api] acquire WakeLock SCREEN_BRIGHT_WAKE_LOCK           'WindowManager/displayId:0' ON_AFTER_RELEASE (uid=1000 pid=2545 ws=WorkSource{10733 com.sikwin.app} displayId=0 lock=413f1a0)
02-23 01:47:05.344 I/VRI[UnityPlayerGameActivity]@b15634b( 8723): mWNT: t=0xb400007dd3f56190 mBlastBufferQueue=0xb400007da3f816b0 fn= 2 HdrRenderState mRenderHdrSdrRatio=1.0 caller= android.view.ViewRootImpl$9.onFrameDraw:6276 android.view.ViewRootImpl$3.onFrameDraw:2440 android.view.ThreadedRenderer$1.onFrameDraw:761 
02-23 01:47:05.344 V/WindowManager( 2545): Relayout hash=c56d64b, pid=0, syncId=-1: mAttrs={(0,0)(fillxfill) sim={adjust=resize} layoutInDisplayCutoutMode=always ty=BASE_APPLICATION fmt=TRANSLUCENT wanim=0x1030312
02-23 01:47:05.344 V/WindowManager( 2545):   fl=81810580
02-23 01:47:05.344 V/WindowManager( 2545):   pfl=10008040
02-23 01:47:05.344 V/WindowManager( 2545):   bhv=2
02-23 01:47:05.344 V/WindowManager( 2545):   fitSides=0
02-23 01:47:05.344 V/WindowManager( 2545):   frameRateBoostOnTouch=true
02-23 01:47:05.344 V/WindowManager( 2545):   dvrrWindowFrameRateHint=true naviIconColor=0}
02-23 01:47:05.344 W/qdgralloc( 8723): getInterlacedFlag: getMetaData returned 3, defaulting to interlaced_flag = 0
02-23 01:47:05.345 E/CRASH   ( 8723): *** *** *** *** *** *** *** *** *** *** *** *** *** *** *** ***
02-23 01:47:05.345 E/CRASH   ( 8723): Version '6000.3.8f1 (1c7db571dde0)', Build type 'Release', Scripting Backend 'il2cpp', CPU 'arm64-v8a', Stripping 'Enabled'
02-23 01:47:05.345 E/CRASH   ( 8723): Build fingerprint: 'samsung/e3qxxx/e3q:15/AP3A.240905.015.A2/S928BXXU4BYD9:user/release-keys'
02-23 01:47:05.345 E/CRASH   ( 8723): Revision: '13'
02-23 01:47:05.345 E/CRASH   ( 8723): ABI: 'arm64'
02-23 01:47:05.345 E/CRASH   ( 8723): Timestamp: 2026-02-23 01:47:05.345486649+0530
02-23 01:47:05.345 E/CRASH   ( 8723): pid: 8723, tid: 8875, name: UnityMain  >>> com.sikwin.app <<<
02-23 01:47:05.345 E/CRASH   ( 8723): uid: 10733
02-23 01:47:05.345 E/CRASH   ( 8723): signal 11 (SIGSEGV), code 2 (SEGV_ACCERR), fault addr --------
02-23 01:47:05.348 I/SurfaceFlinger( 1656): [LayerHierarchy{RequestedLayerState{ImeContainer#16 parentId=78948 relativeParentId=78949 z=1} 1 children}] reparent to LayerHierarchy{RequestedLayerState{ActivityRecord{d8dc66b u0 com.sikwin.app/com.unity3d.player.UnityPlayerGameActivity t2210}#78948 parentId=78957 z=5} 4 children}
02-23 01:47:05.348 I/SurfaceFlinger( 1656): [LayerHierarchy{RequestedLayerState{ImeContainer#16 parentId=78948 relativeParentId=78949 z=1} 1 children}] RelativeParent to LayerHierarchy{RequestedLayerState{c56d64b com.sikwin.app/com.unity3d.player.UnityPlayerGameActivity#78949 parentId=78948} 2 children}
02-23 01:47:05.348 I/SurfaceFlinger( 1656): [LayerHierarchy{RequestedLayerState{c80fa88 InputMethod#137 parentId=78960} no children}] reparent to LayerHierarchy{RequestedLayerState{Surface(name=c80fa88 InputMethod)/@0x66f3734 - animation-leash of insets_animation#78960 parentId=123} 1 children}
02-23 01:47:05.348 I/SurfaceFlinger( 1656): [LayerHierarchy{RequestedLayerState{Surface(name=c80fa88 InputMethod)/@0x66f3734 - animation-leash of insets_animation#78947} no children}] reparent to OffscreenRoot
02-23 01:47:05.348 I/SurfaceFlinger( 1656): [LayerHierarchy{RequestedLayerState{Surface(name=c80fa88 InputMethod)/@0x66f3734 - animation-leash of insets_animation#78947} no children}] RelativeParent to null
02-23 01:47:05.351 E/CRASH   ( 8723):     x0  0000007a25be455d  x1  0000007a25be455d  x2  0000007ac74a0ddc  x3  00000079f02813c0
02-23 01:47:05.351 E/CRASH   ( 8723):     x4  000000000000055d  x5  0000000000000004  x6  0000000000000197  x7  0000915000009600
02-23 01:47:05.351 E/CRASH   ( 8723):     x8  0000007bc9d79320  x9  0000007bc9d79320  x10 0000000000000058  x11 0000000005d00000
02-23 01:47:05.351 E/CRASH   ( 8723):     x12 0000000005db0000  x13 00000000056a0000  x14 0000000005ce0000  x15 0000000005c30000
02-23 01:47:05.351 E/CRASH   ( 8723):     x16 0000007a2d1adf80  x17 0000007e99adabc0  x18 0000007a297fc000  x19 0000007ac74a0da8
02-23 01:47:05.351 E/CRASH   ( 8723):     x20 0000000000000000  x21 0000007a25be455d  x22 00000000000014a6  x23 0000000000000001
02-23 01:47:05.351 E/CRASH   ( 8723):     x24 0000007a2d342000  x25 0000007a2d342000  x26 0000007a2d342000  x27 0000000000000048
02-23 01:47:05.351 E/CRASH   ( 8723):     x28 0000007a2d342000  x29 00000079f0249560
02-23 01:47:05.351 E/CRASH   ( 8723):     lr  0000007a2b6b133c  sp  0000007ac74a0d60  pc  0000007e99adabd0  pst 0000000080001000
02-23 01:47:05.351 E/CRASH   ( 8723): backtrace:
02-23 01:47:05.351 E/CRASH   ( 8723):       #00 pc 000000000005abd0  /apex/com.android.runtime/lib64/bionic/libc.so (__strlen_aarch64+16) (BuildId: a7d3435cebd777f0dc1a07c5e7386036)
02-23 01:47:05.351 E/CRASH   ( 8723):       #01 pc 00000000012ac338  /data/app/~~qSjgF-7UBYFGgOzHmSrFAA==/com.sikwin.app-gZVZHlv24bcGWL4GpEYKAw==/lib/arm64/libil2cpp.so (BuildId: 33a1eaf998d49645b2c13b0258968bca953aef4a)
02-23 01:47:05.351 E/CRASH   ( 8723):       #02 pc 0000000001308bec  /data/app/~~qSjgF-7UBYFGgOzHmSrFAA==/com.sikwin.app-gZVZHlv24bcGWL4GpEYKAw==/lib/arm64/libil2cpp.so (BuildId: 33a1eaf998d49645b2c13b0258968bca953aef4a)
02-23 01:47:05.351 E/CRASH   ( 8723):       #03 pc 00000000013023c0  /data/app/~~qSjgF-7UBYFGgOzHmSrFAA==/com.sikwin.app-gZVZHlv24bcGWL4GpEYKAw==/lib/arm64/libil2cpp.so (BuildId: 33a1eaf998d49645b2c13b0258968bca953aef4a)
02-23 01:47:05.351 E/CRASH   ( 8723):       #04 pc 00000000012ac414  /data/app/~~qSjgF-7UBYFGgOzHmSrFAA==/com.sikwin.app-gZVZHlv24bcGWL4GpEYKAw==/lib/arm64/libil2cpp.so (il2cpp_init+28) (BuildId: 33a1eaf998d49645b2c13b0258968bca953aef4a)
02-23 01:47:05.351 E/CRASH   ( 8723):       #05 pc 0000000000675b8c  /data/app/~~qSjgF-7UBYFGgOzHmSrFAA==/com.sikwin.app-gZVZHlv24bcGWL4GpEYKAw==/lib/arm64/libunity.so (BuildId: a36850ec310c55bd)
02-23 01:47:05.351 E/CRASH   ( 8723):       #06 pc 000000000070899c  /data/app/~~qSjgF-7UBYFGgOzHmSrFAA==/com.sikwin.app-gZVZHlv24bcGWL4GpEYKAw==/lib/arm64/libunity.so (BuildId: a36850ec310c55bd)
02-23 01:47:05.351 E/CRASH   ( 8723):       #07 pc 0000000000712cf8  /data/app/~~qSjgF-7UBYFGgOzHmSrFAA==/com.sikwin.app-gZVZHlv24bcGWL4GpEYKAw==/lib/arm64/libunity.so (BuildId: a36850ec310c55bd)
02-23 01:47:05.351 E/CRASH   ( 8723):       #08 pc 000000000001e79c  /data/app/~~qSjgF-7UBYFGgOzHmSrFAA==/com.sikwin.app-gZVZHlv24bcGWL4GpEYKAw==/lib/arm64/libgame.so (Unity::UnityApplication::OnApplicationCommand(android_app*, int)+436) (BuildId: a6bc6b12001bb11dc8e0e14a0f650df56dddb7d3)
02-23 01:47:05.351 E/CRASH   ( 8723):       #09 pc 0000000000032108  /data/app/~~qSjgF-7UBYFGgOzHmSrFAA==/com.sikwin.app-gZVZHlv24bcGWL4GpEYKAw==/lib/arm64/libgame.so (process_cmd+176) (BuildId: a6bc6b12001bb11dc8e0e14a0f650df56dddb7d3)
02-23 01:47:05.351 E/CRASH   ( 8723):       #10 pc 000000000001f240  /data/app/~~qSjgF-7UBYFGgOzHmSrFAA==/com.sikwin.app-gZVZHlv24bcGWL4GpEYKAw==/lib/arm64/libgame.so (Unity::UnityApplication::Loop()+172) (BuildId: a6bc6b12001bb11dc8e0e14a0f650df56dddb7d3)
02-23 01:47:05.351 E/CRASH   ( 8723):       #11 pc 0000000000029608  /data/app/~~qSjgF-7UBYFGgOzHmSrFAA==/com.sikwin.app-gZVZHlv24bcGWL4GpEYKAw==/lib/arm64/libgame.so (MainLoop(android_app*)+116) (BuildId: a6bc6b12001bb11dc8e0e14a0f650df56dddb7d3)
02-23 01:47:05.351 E/CRASH   ( 8723):       #12 pc 000000000002969c  /data/app/~~qSjgF-7UBYFGgOzHmSrFAA==/com.sikwin.app-gZVZHlv24bcGWL4GpEYKAw==/lib/arm64/libgame.so (android_main+104) (BuildId: a6bc6b12001bb11dc8e0e14a0f650df56dddb7d3)
02-23 01:47:05.351 E/CRASH   ( 8723):       #13 pc 0000000000031fdc  /data/app/~~qSjgF-7UBYFGgOzHmSrFAA==/com.sikwin.app-gZVZHlv24bcGWL4GpEYKAw==/lib/arm64/libgame.so (android_app_entry+260) (BuildId: a6bc6b12001bb11dc8e0e14a0f650df56dddb7d3)
02-23 01:47:05.351 E/CRASH   ( 8723):       #14 pc 0000000000071ae8  /apex/com.android.runtime/lib64/bionic/libc.so (__pthread_start(void*)+196) (BuildId: a7d3435cebd777f0dc1a07c5e7386036)
02-23 01:47:05.351 E/CRASH   ( 8723):       #15 pc 0000000000063be0  /apex/com.android.runtime/lib64/bionic/libc.so (__start_thread+68) (BuildId: a7d3435cebd777f0dc1a07c5e7386036)
02-23 01:47:05.353 I/InsetsSourceConsumer( 8723): applyRequestedVisibilityToControl: visible=false, type=ime, host=com.sikwin.app/com.unity3d.player.UnityPlayerGameActivity
02-23 01:47:05.353 D/InputMethodManagerService( 2545): isImeSwitcherDisabledPackage : false
02-23 01:47:05.353 I/SurfaceFlinger( 1656): id=78947 Removed Surface(name=c80fa88 InputMethod)/@0x66f3734 - animation-leash of insets_animation#78947 (184)
02-23 01:47:05.354 D/NavigationBar( 3940): setImeWindowStatus displayId=0 vis=0 backDisposition=0 showImeSwitcher=false imeShown=false
02-23 01:47:05.354 I/HBD     ( 7072): a [NRIC] resetNoResponseState 
02-23 01:47:05.354 I/HBD     ( 7072): b needOff = true , isForceOff = false, isNullInputClass : true 
02-23 01:47:05.354 I/HBD     ( 7072): b update cached prediction status : false 
02-23 01:47:05.354 I/HBD     ( 7072): c [AiWriter] setContact : com.sikwin.app
02-23 01:47:05.354 I/HBD     ( 7072): HoneyBoardService [PF_OP][onStartInput]  19 ms 
02-23 01:47:05.354 I/InputMethodService( 7072): scheduleImeSurfaceRemoval: removeImeSurface is posted.
02-23 01:47:05.354 I/HBD     ( 7072): [DirectWriting] DirectWriting emitInputConnection : RemoteInputConnection{idHash=#e64db7b} 
02-23 01:47:05.356 E/SurfaceFlinger( 1656): alpha changed 1.000 -> 0.000 - Surface(name=c80fa88 InputMethod)/@0x66f3734 - animation-leash of insets_animation#78960
02-23 01:47:05.356 I/SurfaceFlinger( 1656): destroyed Surface(name=c80fa88 InputMethod)/@0x66f3734 - animation-leash of insets_animation#78947
02-23 01:47:05.356 I/Layer   ( 1656): id=78947 Destroyed Surface(name=c80fa88 InputMethod)/@0x66f3734 - animation-leash of insets_animation#78947
02-23 01:47:05.424 D/SurfaceFlinger( 1656): Display 4630946315032985731 HWC layers:
02-23 01:47:05.424 D/SurfaceFlinger( 1656):        DEVICE |   0xb40000714aab8670 | 0002 | 0x7fa30c06   |    0.0    0.0  478.0  850.0 |   70 1515  730 2688 | SurfaceView[com.sikwin.app/com.sikwin.app.MainActivity]@0(BLAST)#78938 (88)
02-23 01:47:05.424 D/SurfaceFlinger( 1656):        DEVICE |   0xb40000714aac7a90 | 0001 | RGBA_8888    |  320.0    0.0 1440.0 3120.0 |    0    0 1120 3120 | com.sikwin.app/com.sikwin.app.MainActivity$_8723#78933 (110)
02-23 01:47:05.424 D/SurfaceFlinger( 1656):   SOLID_COLOR |                      | 0001 | Unknown      |    0.0    0.0    0.0    0.0 |    0    0 1440 3120 | DimTransitionLayer for Surface(name=[...]ameActivity t2210})/@0xbe4cf17#78959
02-23 01:47:05.424 D/SurfaceFlinger( 1656):   SOLID_COLOR |                      | 0003 | Unknown      |    0.0    0.0    0.0    0.0 |  416    0 1440 3120 | Background for SurfaceView[com.sikwi[...]yer.UnityPlayerGameActivity]@0#78956
02-23 01:47:05.424 D/SurfaceFlinger( 1656):        DEVICE |   0xb40000714aa9aa90 | 0001 | RGBA_8888    |    0.0    0.0 1024.0 3120.0 |  416    0 1440 3120 | com.sikwin.app/com.unity3d.player.UnityPlayerGameActivity$_8723#78950 (2)
02-23 01:47:05.424 D/SurfaceFlinger( 1656):        DEVICE |   0xb40000714aaa1f00 | 0001 | RGBA_
02-23 01:47:05.424 D/SurfaceFlinger( 1656): 8888    |    0.0   33.0 1440.0  113.0 |    0    0 1440   80 | StatusBar$_3940#99 (78502)
02-23 01:47:05.424 D/SurfaceFlinger( 1656):        DEVICE |   0xb40000714aa97c70 | 0001 | RGBA_8888    |    0.0    0.0 1440.0  163.0 |    0 2957 1440 3120 | NavigationBar0$_3940#92 (98640)
02-23 01:47:05.424 D/SurfaceFlinger( 1656): 
02-23 01:47:05.433 I/GestureDetector( 2545): handleMessage TAP
02-23 01:47:05.433 I/GestureDetector( 2545): handleMessage TAP
02-23 01:47:05.434 I/GestureDetector(11490): handleMessage TAP
02-23 01:47:05.469 E/CRASH   ( 8723): Tombstone written to: /storage/emulated/0/Android/data/com.sikwin.app/files/tombstone_02
02-23 01:47:05.469 E/CRASH   ( 8723): Forwarding signal 11
--------- beginning of crash
02-23 01:47:05.469 F/libc    ( 8723): Fatal signal 11 (SIGSEGV), code 2 (SEGV_ACCERR), fault addr 0x7a25be455d in tid 8875 (UnityMain), pid 8723 (com.sikwin.app)
02-23 01:47:05.485 W/qdgralloc( 8723): getInterlacedFlag: getMetaData returned 3, defaulting to interlaced_flag = 0
02-23 01:47:05.499 D/UnityTokenHelper( 8723): Skipping UnitySendMessage token injection (access=eyJhbGci...)
02-23 01:47:05.499 D/UnityTokenHelper( 8723): Token broadcast sent
02-23 01:47:05.499 D/AppNavigation( 8723): Sent tokens (broadcast + UnitySendMessage) at 300ms
02-23 01:47:05.505 E/crash_dump64( 8906): failed to get the guest state header for thread 8723: Bad address
02-23 01:47:05.505 E/crash_dump64( 8906): failed to get the guest state header for thread 8727: Bad address
02-23 01:47:05.505 E/crash_dump64( 8906): failed to get the guest state header for thread 8728: Bad address
02-23 01:47:05.505 E/crash_dump64( 8906): failed to get the guest state header for thread 8729: Bad address
02-23 01:47:05.505 E/crash_dump64( 8906): failed to get the guest state header for thread 8730: Bad address
02-23 01:47:05.505 E/crash_dump64( 8906): failed to get the guest state header for thread 8731: Bad address
02-23 01:47:05.505 E/crash_dump64( 8906): failed to get the guest state header for thread 8733: Bad address
02-23 01:47:05.505 E/crash_dump64( 8906): failed to get the guest state header for thread 8734: Bad address
02-23 01:47:05.505 E/crash_dump64( 8906): failed to get the guest state header for thread 8735: Bad address
02-23 01:47:05.505 E/crash_dump64( 8906): failed to get the guest state header for thread 8736: Bad address
02-23 01:47:05.506 E/crash_dump64( 8906): failed to get the guest state header for thread 8737: Bad address
02-23 01:47:05.506 E/crash_dump64( 8906): failed to get the guest state header for thread 8739: Bad address
02-23 01:47:05.506 E/crash_dump64( 8906): failed to get the guest state header for thread 8741: Bad address
02-23 01:47:05.506 E/crash_dump64( 8906): failed to get the guest state header for thread 8743: Bad address
02-23 01:47:05.506 E/crash_dump64( 8906): failed to get the guest state header for thread 8747: Bad address
02-23 01:47:05.506 E/crash_dump64( 8906): failed to get the guest state header for thread 8748: Bad address
02-23 01:47:05.506 E/crash_dump64( 8906): failed to get the guest state header for thread 8749: Bad address
02-23 01:47:05.506 E/crash_dump64( 8906): failed to get the guest state header for thread 8751: Bad address
02-23 01:47:05.506 E/crash_dump64( 8906): failed to get the guest state header for thread 8752: Bad address
02-23 01:47:05.506 E/crash_dump64( 8906): failed to get the guest state header for thread 8753: Bad address
02-23 01:47:05.506 E/crash_dump64( 8906): failed to get the guest state header for thread 8754: Bad address
02-23 01:47:05.506 E/crash_dump64( 8906): failed to get the guest state header for thread 8755: Bad address
02-23 01:47:05.507 E/crash_dump64( 8906): failed to get the guest state header for thread 8756: Bad address
02-23 01:47:05.507 E/crash_dump64( 8906): failed to get the guest state header for thread 8757: Bad address
02-23 01:47:05.507 E/crash_dump64( 8906): failed to get the guest state header for thread 8758: Bad address
02-23 01:47:05.507 E/crash_dump64( 8906): failed to get the guest state header for thread 8761: Bad address
02-23 01:47:05.507 E/crash_dump64( 8906): failed to get the guest state header for thread 8762: Bad address
02-23 01:47:05.507 E/crash_dump64( 8906): failed to get the guest state header for thread 8763: Bad address
02-23 01:47:05.507 E/crash_dump64( 8906): failed to get the guest state header for thread 8764: Bad address
02-23 01:47:05.507 E/crash_dump64( 8906): failed to get the guest state header for thread 8765: Bad address
02-23 01:47:05.507 E/crash_dump64( 8906): failed to get the guest state header for thread 8766: Bad address
02-23 01:47:05.507 E/crash_dump64( 8906): failed to get the guest state header for thread 8767: Bad address
02-23 01:47:05.507 E/crash_dump64( 8906): failed to get the guest state header for thread 8770: Bad address
02-23 01:47:05.507 E/crash_dump64( 8906): failed to get the guest state header for thread 8771: Bad address
02-23 01:47:05.507 E/crash_dump64( 8906): failed to get the guest state header for thread 8779: Bad address
02-23 01:47:05.507 E/crash_dump64( 8906): failed to get the guest state header for thread 8780: Bad address
02-23 01:47:05.507 E/crash_dump64( 8906): failed to get the guest state header for thread 8781: Bad address
02-23 01:47:05.507 E/crash_dump64( 8906): failed to get the guest state header for thread 8783: Bad address
02-23 01:47:05.507 E/crash_dump64( 8906): failed to get the guest state header for thread 8784: Bad address
02-23 01:47:05.507 E/crash_dump64( 8906): failed to get the guest state header for thread 8786: Bad address
02-23 01:47:05.507 E/crash_dump64( 8906): failed to get the guest state header for thread 8796: Bad address
02-23 01:47:05.507 E/crash_dump64( 8906): failed to get the guest state header for thread 8798: Bad address
02-23 01:47:05.508 E/crash_dump64( 8906): failed to get the guest state header for thread 8800: Bad address
02-23 01:47:05.508 E/crash_dump64( 8906): failed to get the guest state header for thread 8802: Bad address
02-23 01:47:05.508 E/crash_dump64( 8906): failed to get the guest state header for thread 8803: Bad address
02-23 01:47:05.508 E/crash_dump64( 8906): failed to get the guest state header for thread 8809: Bad address
02-23 01:47:05.508 E/crash_dump64( 8906): failed to get the guest state header for thread 8812: Bad address
02-23 01:47:05.508 E/crash_dump64( 8906): failed to get the guest state header for thread 8813: Bad address
02-23 01:47:05.508 E/crash_dump64( 8906): failed to get the guest state header for thread 8822: Bad address
02-23 01:47:05.508 E/crash_dump64( 8906): failed to get the guest state header for thread 8823: Bad address
02-23 01:47:05.508 E/crash_dump64( 8906): failed to get the guest state header for thread 8836: Bad address
02-23 01:47:05.508 E/crash_dump64( 8906): failed to get the guest state header for thread 8839: Bad address
02-23 01:47:05.508 E/crash_dump64( 8906): failed to get the guest state header for thread 8844: Bad address
02-23 01:47:05.508 E/crash_dump64( 8906): failed to get the guest state header for thread 8846: Bad address
02-23 01:47:05.508 E/crash_dump64( 8906): failed to get the guest state header for thread 8847: Bad address
02-23 01:47:05.508 E/crash_dump64( 8906): failed to get the guest state header for thread 8849: Bad address
02-23 01:47:05.508 E/crash_dump64( 8906): failed to get the guest state header for thread 8853: Bad address
02-23 01:47:05.508 E/crash_dump64( 8906): failed to get the guest state header for thread 8875: Bad address
02-23 01:47:05.508 E/crash_dump64( 8906): failed to get the guest state header for thread 8882: Bad address
02-23 01:47:05.508 E/crash_dump64( 8906): failed to get the guest state header for thread 8883: Bad address
02-23 01:47:05.508 E/crash_dump64( 8906): failed to get the guest state header for thread 8885: Bad address
02-23 01:47:05.508 E/crash_dump64( 8906): failed to get the guest state header for thread 8887: Bad address
02-23 01:47:05.508 E/crash_dump64( 8906): failed to get the guest state header for thread 8888: Bad address
02-23 01:47:05.509 E/crash_dump64( 8906): failed to get the guest state header for thread 8894: Bad address
02-23 01:47:05.509 E/crash_dump64( 8906): failed to get the guest state header for thread 8900: Bad address
02-23 01:47:05.509 E/crash_dump64( 8906): failed to get the guest state header for thread 8901: Bad address
02-23 01:47:05.509 E/crash_dump64( 8906): failed to get the guest state header for thread 8903: Bad address
02-23 01:47:05.536 I/crash_dump64( 8906): obtaining output fd from tombstoned, type: kDebuggerdTombstoneProto
02-23 01:47:05.536 I/tombstoned( 1260): received crash request for pid 8875
02-23 01:47:05.537 I/crash_dump64( 8906): performing dump of process 8723 (target tid = 8875)
02-23 01:47:05.544 D/UnityTokenReceiver( 8723): Received token update via broadcast
02-23 01:47:05.545 D/UnityTokenReceiver( 8723): Tokens written to PlayerPrefs via broadcast
02-23 01:47:05.545 D/UnityTokenReceiver( 8723): SetAccessAndRefreshTokens sent
02-23 01:47:05.545 D/UnityTokenReceiver( 8723): Received token update via broadcast
02-23 01:47:05.546 D/UnityTokenReceiver( 8723): Tokens written to PlayerPrefs via broadcast
02-23 01:47:05.546 D/UnityTokenReceiver( 8723): SetAccessAndRefreshTokens sent
02-23 01:47:05.597 I/InsetsController( 3940): setRequestedVisibleTypes: visible=false, mask=statusBars, host=NotificationShade, from=android.view.InsetsController.controlAnimationUnchecked:1498 android.view.InsetsController.applyAnimation:2228 android.view.InsetsController.applyAnimation:2159 android.view.InsetsController.hide:1452 android.view.InsetsController.hide:1368 com.android.systemui.shade.SamsungNotificationShadeWindowFullscreenHelper$handler$1.handleMessage:24 android.os.Handler.dispatchMessage:107 android.os.Looper.loopOnce:257 android.os.Looper.loop:342 android.app.ActivityThread.main:9634 
02-23 01:47:05.600 I/NearbyMediums( 9524): No BLE Fast/GATT advertisements found in the latest cycle.
02-23 01:47:05.600 I/NearbyMediums( 9524): Current Tracked Scanning Clients are : {NearbyConnections.EnvironmentMonitor, NearbySharing, NearbyConnections.TxAdvertisement}
02-23 01:47:05.612 I/HYPER-HAL( 1567): [RequestManager.cpp]releaseLocked(): Released ID : 3290915
02-23 01:47:05.632 D/SurfaceFlinger( 1656): Display 4630946315032985731 HWC layers:
02-23 01:47:05.632 D/SurfaceFlinger( 1656):        DEVICE |   0xb40000714aab8670 | 0002 | 0x7fa30c06   |   36.8    0.0  478.0  850.0 |    0 1515  610 2688 | SurfaceView[com.sikwin.app/com.sikwin.app.MainActivity]@0(BLAST)#78938 (88)
02-23 01:47:05.632 D/SurfaceFlinger( 1656):        DEVICE |   0xb40000714aa8d0e0 | 0001 | RGBA_8888    |  440.0    0.0 1440.0 3120.0 |    0    0 1000 3120 | com.sikwin.app/com.sikwin.app.MainActivity$_8723#78933 (131)
