02-23 01:47:05.750 V/WindowManager( 2545): Relayout Window{cec6155 u0 com.sec.android.app.launcher/com.sec.android.app.launcher.activities.LauncherActivity}: viewVisibility=0 req=1440x3120 ty=1 d0
02-23 01:47:05.750 D/AnalyticsContainerHandler( 2545): handleMessage : { when=0 what=2 target=com.android.server.knox.KnoxAnalyticsContainer$AnalyticsHandler }
02-23 01:47:05.750 I/SurfaceFlinger( 1656): id=78962 createSurf, flag=44004, com.sec.android.app.launcher/com.sec.android.app.launcher.activities.LauncherActivity$_4505#78962
02-23 01:47:05.750 I/HoneySpace.PredictionDataSourceImpl( 4505): requestPredictionUpdate 1 true
02-23 01:47:05.750 D/WindowManager( 2545): makeSurface duration=0 name=com.sec.android.app.launcher/com.sec.android.app.launcher.activities.LauncherActivity$_4505
02-23 01:47:05.750 I/HoneySpace.HoneyAppWidgetHost( 4505): success hidden_semStartListening - result: true, host: @6f8e57c
02-23 01:47:05.750 D/BLASTSyncEngine( 2545): SyncGroup 5347:  Unfinished container: ActivityRecord{39bc085 u0 com.sec.android.app.launcher/.activities.LauncherActivity t1239} mSyncState=2
02-23 01:47:05.751 D/WindowManager( 2545): Changing focus from null to Window{cec6155 u0 com.sec.android.app.launcher/com.sec.android.app.launcher.activities.LauncherActivity} displayId=0 Callers=com.android.server.wm.WindowManagerService.relayoutWindowInner:142 com.android.server.wm.WindowManagerService.relayoutWindow:6 com.android.server.wm.Session.relayout:27 android.view.IWindowSession$Stub.onTransact:861 
02-23 01:47:05.751 I/WindowManager( 2545): Cancelling animation restarting=true, leash=Surface(name=Surface(name=edfe357 NavigationBar0)/@0x6864123 - animation-leash of insets_animation)/@0x8cbbed4
02-23 01:47:05.751 I/WindowManager( 2545): Reparenting to original parent: Surface(name=WindowToken{3fef0f1 type=2019 android.os.BinderProxy@3341a7b})/@0x3149620, destroy=false, syncState=0, syncCommitDepth=0, surface=Surface(name=edfe357 NavigationBar0)/@0x6864123
02-23 01:47:05.751 I/WindowManager( 2545): Reparenting to leash, surface=Surface(name=edfe357 NavigationBar0)/@0x6864123, syncState=0, syncCommitDepth=0, leashParent=Surface(name=WindowToken{3fef0f1 type=2019 android.os.BinderProxy@3341a7b})/@0x3149620
02-23 01:47:05.751 I/SurfaceFlinger( 1656): id=78963 createSurf, flag=24004, Surface(name=edfe357 NavigationBar0)/@0x6864123 - animation-leash of insets_animation#78963
02-23 01:47:05.751 D/WindowManager( 2545): makeSurface duration=0 leash=Surface(name=Surface(name=edfe357 NavigationBar0)/@0x6864123 - animation-leash of insets_animation)/@0x6678b49
02-23 01:47:05.751 I/bqwu    (24054): onStart
02-23 01:47:05.751 D/InsetsSourceProvider( 2545): updateControlForTarget: control=InsetsSourceControl: {e2030001 mType=navigationBars mSurfacePosition=Point(0, 2940) mInsetsHint=Insets{left=0, top=0, right=0, bottom=56}}, target=Window{cec6155 u0 com.sec.android.app.launcher/com.sec.android.app.launcher.activities.LauncherActivity}, from=com.android.server.wm.InsetsStateController.onControlTargetChanged:81 com.android.server.wm.InsetsPolicy.updateBarControlTarget:188 com.android.server.wm.DisplayPolicy.updateSystemBarAttributes:269 com.android.server.wm.WindowManagerService.updateFocusedWindowLocked:375 com.android.server.wm.WindowManagerService.relayoutWindowInner:142 
02-23 01:47:05.751 I/WindowManager( 2545): Cancelling animation restarting=true, leash=Surface(name=Surface(name=5fa1179 StatusBar)/@0x9dce99e - animation-leash of insets_animation)/@0xa60e372
02-23 01:47:05.751 I/WindowManager( 2545): Reparenting to original parent: Surface(name=WindowToken{49b9e40 type=2000 android.os.BinderProxy@a35fd72})/@0x71cc7f, destroy=false, syncState=0, syncCommitDepth=0, surface=Surface(name=5fa1179 StatusBar)/@0x9dce99e
02-23 01:47:05.751 I/WindowManager( 2545): Reparenting to leash, surface=Surface(name=5fa1179 StatusBar)/@0x9dce99e, syncState=0, syncCommitDepth=0, leashParent=Surface(name=WindowToken{49b9e40 type=2000 android.os.BinderProxy@a35fd72})/@0x71cc7f
02-23 01:47:05.752 I/bqwu    (24054): onResume
02-23 01:47:05.752 I/SurfaceFlinger( 1656): id=78964 createSurf, flag=24004, Surface(name=5fa1179 StatusBar)/@0x9dce99e - animation-leash of insets_animation#78964
02-23 01:47:05.752 D/WindowManager( 2545): makeSurface duration=0 leash=Surface(name=Surface(name=5fa1179 StatusBar)/@0x9dce99e - animation-leash of insets_animation)/@0xb283e7c
02-23 01:47:05.752 I/SDHMS:BarTender:Analyzer:AppError( 7298): analyze app error : uid=10733, pkg=com.sikwin.app, appErrorCount=4
02-23 01:47:05.752 D/InsetsSourceProvider( 2545): updateControlForTarget: control=InsetsSourceControl: {9f5d0000 mType=statusBars mSurfacePosition=Point(0, 0) mInsetsHint=Insets{left=0, top=113, right=0, bottom=0}}, target=Window{cec6155 u0 com.sec.android.app.launcher/com.sec.android.app.launcher.activities.LauncherActivity}, from=com.android.server.wm.InsetsStateController.onControlTargetChanged:81 com.android.server.wm.InsetsPolicy.updateBarControlTarget:175 com.android.server.wm.DisplayPolicy.updateSystemBarAttributes:269 com.android.server.wm.WindowManagerService.updateFocusedWindowLocked:375 com.android.server.wm.WindowManagerService.relayoutWindowInner:142 
02-23 01:47:05.752 I/SemMediaResourceHelper( 7298): onRemove
02-23 01:47:05.752 I/SemDvfsHyPerManager( 7298): acquire hyper - TABaseBoost/7298@26, type = -999
02-23 01:47:05.752 D/WindowManager( 2545): updateSystemBarAttributes: displayId=0, focusedCanBeNavColorWin=false, win=Window{cec6155 u0 com.sec.android.app.launcher/com.sec.android.app.launcher.activities.LauncherActivity}, navColorWin=null, caller=com.android.server.wm.WindowManagerService.updateFocusedWindowLocked:375 com.android.server.wm.WindowManagerService.relayoutWindowInner:142 com.android.server.wm.WindowManagerService.relayoutWindow:6 
02-23 01:47:05.752 I/SemDvfsHyPerManager( 7298): acquire hyper - APP_START_HOME/7298@20, type = -999
02-23 01:47:05.752 I/HYPER-HAL( 1567): [RequestManager.cpp]acquire(): Acquired ID : 26824176  [7298 / 26]    HINT :      list : [TABoost / 1] 
02-23 01:47:05.752 I/N0      ( 7298): limitCPUFreq:: freq = 2630400
02-23 01:47:05.752 D/WindowManager( 2545): updateSystemBarAttributes, bhv=2, apr=0, statusBarAprRegions=[AppearanceRegion{ bounds=[0,0][1440,3120]}], requestedVisibilities=-9
02-23 01:47:05.752 I/SemDvfsHyPerManager( 7298): acquire hyper - SIOP_ARM_MAX/7298@2, type = 301993986
02-23 01:47:05.752 V/SystemKeyManager( 2545): updateFocusedWindow() is called, com.sec.android.app.launcher/com.sec.android.app.launcher.activities.LauncherActivity
02-23 01:47:05.752 I/HYPER-HAL( 1567): [RequestManager.cpp]acquire(): Acquired ID : 26780241  [7298 / 20]    HINT : APP_START    list : [KERNEL_APP_START_NOTIFY / 0] [TIMEOUT / 1500] 
02-23 01:47:05.752 V/WindowManager( 2545): Relayout hash=cec6155, pid=4505, syncId=-1: mAttrs={(0,0)(fillxfill) sim={adjust=nothing forwardNavigation} layoutInDisplayCutoutMode=always ty=BASE_APPLICATION fmt=TRANSPARENT wanim=0x1030301
02-23 01:47:05.752 V/WindowManager( 2545):   fl=81910100
02-23 01:47:05.752 V/WindowManager( 2545):   pfl=10008840
02-23 01:47:05.752 V/WindowManager( 2545):   bhv=2
02-23 01:47:05.752 V/WindowManager( 2545):   fitSides=0
02-23 01:47:05.752 V/WindowManager( 2545):   frameRateBoostOnTouch=true
02-23 01:47:05.752 V/WindowManager( 2545):   dvrrWindowFrameRateHint=true screenDimDuration=200000 naviIconColor=0}
02-23 01:47:05.752 E/HYPER-HAL( 1567): [HandlerSysfs.cpp]doResourceHandling(): Couldn't Open Sysfs - /sys/kernel/zram/app_launch
02-23 01:47:05.752 I/HYPER-HAL( 1567): [RequestManager.cpp]acquire(): Acquired ID : 26648652  [7298 / 2]    HINT :      list : [CPUMaxFreq / 2630400] 
02-23 01:47:05.753 I/InsetsController( 4505): onStateChanged: host=com.sec.android.app.launcher/com.sec.android.app.launcher.activities.LauncherActivity, from=android.view.ViewRootImpl.relayoutWindow:11304, state=InsetsState: {mDisplayFrame=Rect(0, 0 - 1440, 3120), mDisplayCutout=DisplayCutout{insets=Rect(0, 112 - 0, 0) waterfall=Insets{left=0, top=0, right=0, bottom=0} boundingRect={Bounds=[Rect(0, 0 - 0, 0), Rect(686, 0 - 754, 112), Rect(0, 0 - 0, 0), Rect(0, 0 - 0, 0)]} cutoutPathParserInfo={CutoutPathParserInfo{displayWidth=1440 displayHeight=3120 physicalDisplayWidth=1440 physicalDisplayHeight=3120 density={3.75} cutoutSpec={M 0,0 H -9.066666666666667 V 29.86666666666667 H 9.066666666666667 V 0 H 0 Z @dp} rotation={0} scale={1.0} physicalPixelDisplaySizeRatio={1.0}}} sideOverrides={}}, mRoundedCorners=RoundedCorners{[RoundedCorner{position=TopLeft, radius=8, center=Point(8, 8)}, RoundedCorner{position=TopRight, radius=8, center=Point(1432, 8)}, RoundedCorner{position=BottomRight, radius=8, center=Point(1432, 3112)}, RoundedCorner{position=BottomLeft, radius=8, center=Point(8, 3112)}]}  mRoundedCornerFrame=Rect(0, 0 - 1440, 3120), mPrivacyIndicatorBounds=PrivacyIndicatorBounds {static bounds=Rect(1275, 0 - 1440, 113) rotation=0}, mDisplayShape=DisplayShape{ spec=1406003047 displayWidth=1440 displayHeight=3120 physicalPixelDisplaySizeRatio=1.0 rotation=0 offsetX=0 offsetY=0 scale=1.0}, mSources= { InsetsSource: {9f5d0000 mType=statusBars mFrame=[0,0][1440,113] mVisible=false mFlags= mSideHint=TOP mBoundingRects=null}, InsetsSource: {9f5d0005 mType=mandatorySystemGestures mFrame=[0,0][1440,157] mVisible=true mFlags= mSideHint=TOP mBoundingRects=null}, InsetsSource: {9f5d0006 mType=tappableElement mFrame=[0,0][1440,113] mVisible=true mFlags= mSideHint=TOP mBoundingRects=null}, InsetsSource: {e2030001 mType=navigationBars mFrame=[0,3064][1440,3120] mVisible=false mFlags=SUPPRESS_SCRIM mSideHint=BOTTOM mBoundingRects=null}, InsetsSource: {e2030004 mType=systemGestures mFrame=[0,0][112,3120] mVisible=true mFlags= mSideHint=LEFT mBoundingRects=null}, InsetsSource: {e2030005 mType=mandatorySystemGestures mFrame=[0,3000][1440,3120] mVisible=true mFlags= mSideHint=BOTTOM mBoundingRects=null}, InsetsSource: {e2030006 mType=tappableElement mFrame=[0,0][0,0] mVisible=true mFlags= mSideHint=NONE mBoundingRects=null}, InsetsSource: {e2030024 mType=systemGestures mFrame=[1328,0][1440,3120] mVisible=true mFlags= mSideHint=RIGHT mBoundingRects=null}, InsetsSource: {3 mType=ime mFrame=[0,0][0,0] mVisible=false mFlags= mSideHint=NONE mBoundingRects=null}, InsetsSource: {27 mType=displayCutout mFrame=[0,0][1440,112] mVisible=true mFlags= mSideHint=TOP mBoundingRects=null} }
02-23 01:47:05.753 I/BufferQueueProducer( 4505): [](id:119900000dd9,api:0,p:-1,c:4505) setDequeueTimeout:2077252342
02-23 01:47:05.753 I/BLASTBufferQueue_Java( 4505): new BLASTBufferQueue, mName= VRI[LauncherActivity]@94ca360 mNativeObject= 0xb400007da3f447b0 sc.mNativeObject= 0xb400007d43f478d0 caller= android.view.ViewRootImpl.updateBlastSurfaceIfNeeded:3397 android.view.ViewRootImpl.relayoutWindow:11361 android.view.ViewRootImpl.performTraversals:4544 android.view.ViewRootImpl.doTraversal:3708 android.view.ViewRootImpl$TraversalRunnable.run:12542 android.view.Choreographer$CallbackRecord.run:1751 android.view.Choreographer$CallbackRecord.run:1760 android.view.Choreographer.doCallbacks:1216 android.view.Choreographer.doFrame:1142 android.view.Choreographer$FrameDisplayEventReceiver.run:1707 
02-23 01:47:05.753 I/BLASTBufferQueue_Java( 4505): update, w= 1440 h= 3120 mName = VRI[LauncherActivity]@94ca360 mNativeObject= 0xb400007da3f447b0 sc.mNativeObject= 0xb400007d43f478d0 format= -2 caller= android.graphics.BLASTBufferQueue.<init>:88 android.view.ViewRootImpl.updateBlastSurfaceIfNeeded:3397 android.view.ViewRootImpl.relayoutWindow:11361 android.view.ViewRootImpl.performTraversals:4544 android.view.ViewRootImpl.doTraversal:3708 android.view.ViewRootImpl$TraversalRunnable.run:12542 
02-23 01:47:05.753 W/libc    ( 4505): Access denied finding property "vendor.gpp.create_frc_extension"
02-23 01:47:05.753 I/VRI[LauncherActivity]@94ca360( 4505): Relayout returned: old=(0,0,1440,3120) new=(0,0,1440,3120) relayoutAsync=false req=(1440,3120)0 dur=3 res=0x3 s={true 0xb400007dc4436cc0} ch=true seqId=0
02-23 01:47:05.754 I/HoneySpace.WindowBounds( 4505): immersiveNavigation? false
02-23 01:47:05.754 I/HoneySpace.WindowBounds( 4505): onApplyWindowInsets, Insets{left=0, top=113, right=0, bottom=56} -> Insets{left=0, top=113, right=0, bottom=56}
02-23 01:47:05.754 I/HoneySpace.WindowBounds( 4505): opposite = WindowInsets{
02-23 01:47:05.754 I/HoneySpace.WindowBounds( 4505):     statusBars=Insets{left=0, top=113, right=0, bottom=0} max=Insets{left=0, top=113, right=0, bottom=0} vis=true boundingRects=[Rect(0, 0 - 1440, 113)] maxBoundingRects=[Rect(0, 0 - 1440, 113)]
02-23 01:47:05.754 I/HoneySpace.WindowBounds( 4505):     navigationBars=Insets{left=0, top=0, right=0, bottom=56} max=Insets{left=0, top=0, right=0, bottom=56} vis=true boundingRects=[Rect(0, 3064 - 1440, 3120)] maxBoundingRects=[Rect(0, 3064 - 1440, 3120)]
02-23 01:47:05.754 I/HoneySpace.WindowBounds( 4505):     captionBar=null max=null vis=false boundingRects=null maxBoundingRects=null
02-23 01:47:05.754 I/HoneySpace.WindowBounds( 4505):     ime=null max=null vis=false boundingRects=null maxBoundingRects=null
02-23 01:47:05.754 I/HoneySpace.WindowBounds( 4505):     systemGestures=Insets{left=112, top=157, right=112, bottom=120} max=Insets{left=112, top=157, right=112, bottom=120} vis=true boundingRects=[Rect(1328, 0 - 1440, 3120), Rect(0, 3000 - 1440, 3120), Rect(0, 0 - 112, 3120), Rect(0, 0 - 1440, 157)] maxBoundingRects=[Rect(1328, 0 - 1440, 3120), Rect(0, 3000 - 1440, 3120), Rect(0, 0 - 112, 3120), Rect(0, 0 - 1440, 157)]
02-23 01:47:05.754 I/HoneySpace.WindowBounds( 4505):     mandatorySystemGestures=Insets{left=0, top=157, right=0, bottom=120} max=Insets{left=0, top=157, right=0, bottom=120} vis=true boundingRects=[Rect(0, 3000 - 1440, 3120), Rect(0, 0 - 1440, 157)] maxBoundingRects=[Rect(0, 3000 - 1440, 3120), Rect(0, 0 - 1440, 157)]
02-23 01:47:05.754 I/HoneySpace.WindowBounds( 4505):     tappableElement=Insets{left=0, top=113, right=0, bottom=0} max=Insets{left=0, top=113, right=0, bottom=0} vis=true boundingRects=[Rect(0, 0 - 1440, 113)] maxBoundingRects=[Rect(0, 0 - 1440, 113)]
02-23 01:47:05.754 I/HoneySpace.WindowBounds( 4505):     displayCutout=Insets{left=0, top=112, right=0, bottom=0} max=Insets{left=0, top=112, right=0, bottom=0} vis=true boundingRects=[Rect(0, 0 - 1440, 112)] maxBoundingRects=[Rect(0, 0 - 1440, 112)]
02-23 01:47:05.754 I/HoneySpace.WindowBounds( 4505):     windowDecor=null max=null vis=false boundingRects=null maxBoundingRects=null
02-23 01:47:05.754 I/HoneySpace.WindowBounds( 4505):     systemOverlays=null max=null vis=false boundingRects=null maxBoundingRects=null
02-23 01:47:05.754 I/HoneySpace.WindowBounds( 4505):     cutout=DisplayCutout{insets=Rect(0, 112 - 0, 0) waterfall=Insets{left=0, top=0, right=0, bottom=0} boundingRect={Bounds=[Rect(0, 0 - 0, 0), Rect(686, 0 - 754, 112), Rect(0, 0 - 0, 0), Rect(0, 0 - 0, 0)]} cutoutPathParserInfo={CutoutPathParserInfo{displayWidth=1440 displayHeight=3120 physicalDisplayWidth=1440 physicalDisplayHeight=3120 density={3.75} cutoutSpec={M 0,0 H -9.066666666666667 V 29.86666666666667 H 9.066666666666667 V 0 H 0 Z @dp} rotation={0} scale={1.0} physicalPixelDisplaySizeRatio={1.0}}} sideOverrides={}}
02-23 01:47:05.754 I/HoneySpace.WindowBounds( 4505):     roundedCorners=RoundedCorners{[RoundedCorner{position=TopLeft, radius=8, center=Point(8, 8)}, RoundedCorner{position=TopRight, radius=8, center=Point(1432, 8)}, RoundedCorner{position=BottomRight, radius=8, center=Point(1432, 3112)}, RoundedCorner{position=BottomLeft, radius=8, center=Point(8, 3112)}]}
02-23 01:47:05.754 I/HoneySpace.WindowBounds( 4505):     privacyIndicatorBounds=PrivacyIndicatorBounds {static bounds=Rect(1275, 0 - 1440, 113) rotation=0}
02-23 01:47:05.754 I/HoneySpace.WindowBounds( 4505):     displayShape=DisplayShape{ spec=1406003047 displayWidth=1440 displayHeight=3120 physicalPixelDisplaySizeRatio=1.0 rotation=0 offsetX=0 offsetY=0 scale=1.0}
02-23 01:47:05.754 I/HoneySpace.WindowBounds( 4505):     forceConsumingTypes=
02-23 01:47:05.754 I/HoneySpace.WindowBounds( 4505):     
02-23 01:47:05.754 I/HoneySpace.WindowBounds( 4505):     forceConsumingOpaqueCaptionBar=false
02-23 01:47:05.754 I/HoneySpace.WindowBounds( 4505):     suppressScrimTypes=navigationBars
02-23 01:47:05.754 I/HoneySpace.WindowBounds( 4505):     compatInsetsTypes=statusBars navigationBars captionBar displayCutout systemOverlays
02-23 01:47:05.754 I/HoneySpace.WindowBounds( 4505):     compatIgnoreVisibility=false
02-23 01:47:05.754 I/HoneySpace.WindowBounds( 4505):     systemWindowInsetsConsumed=false
02-23 01:47:05.754 I/HoneySpace.WindowBounds( 4505):     stableInsetsConsumed=false
02-23 01:47:05.754 I/HoneySpace.WindowBounds( 4505):     displayCutoutConsumed=false
02-23 01:47:05.754 I/HoneySpace.WindowBounds( 4505):     
02-23 01:47:05.754 I/HoneySpace.WindowBounds( 4505):     frameWidth=1440
02-23 01:47:05.754 I/HoneySpace.WindowBounds( 4505):     frameHeight=3120}
02-23 01:47:05.754 I/HoneySpace.WindowBounds( 4505): needToUpdate? false
02-23 01:47:05.754 I/ResourceManagerMetrics( 2129): pushConcurrentUsageReport: Concurrent Codec Usage Report for the Process[pid(8723): uid(10733)] is Peak { VideoDec[ HW: 1 ] } Peak Pixels: 406300
02-23 01:47:05.754 I/CameraService( 2081): onUidStateChanged: uid=10324, procState is changed. (5 -> 3)
02-23 01:47:05.754 D/InsetsSourceProvider( 2545): updateVisibility: serverVisible=true, clientVisible=true, source=InsetsSource: {e2030001 mType=navigationBars mFrame=[0,3064][1440,3120] mVisible=true mFlags=SUPPRESS_SCRIM mSideHint=BOTTOM mBoundingRects=null}, controlTarget=Window{cec6155 u0 com.sec.android.app.launcher/com.sec.android.app.launcher.activities.LauncherActivity}, from=com.android.server.wm.InsetsSourceProvider.setClientVisible:8 com.android.server.wm.InsetsSourceProvider.updateClientVisibility:20 com.android.server.wm.InsetsStateController.onRequestedVisibleTypesChanged:20 com.android.server.wm.InsetsStateController$$ExternalSyntheticLambda0.run:87 com.android.server.wm.WindowAnimator.animate:469 com.android.server.wm.WindowAnimator$$ExternalSyntheticLambda1.doFrame:14 android.view.Choreographer$CallbackRecord.run:1749 android.view.Choreographer$CallbackRecord.run:1760 android.view.Choreographer.doCallbacks:1216 android.view.Choreographer.doFrame:1132 
02-23 01:47:05.755 I/LauncherActivityInfo( 4505): Trying to load live icon for com.sec.android.app.clockpackage
02-23 01:47:05.755 D/InsetsSourceProvider( 2545): updateVisibility: serverVisible=true, clientVisible=true, source=InsetsSource: {9f5d0000 mType=statusBars mFrame=[0,0][1440,113] mVisible=true mFlags= mSideHint=TOP mBoundingRects=null}, controlTarget=Window{cec6155 u0 com.sec.android.app.launcher/com.sec.android.app.launcher.activities.LauncherActivity}, from=com.android.server.wm.InsetsSourceProvider.setClientVisible:8 com.android.server.wm.InsetsSourceProvider.updateClientVisibility:20 com.android.server.wm.InsetsStateController.onRequestedVisibleTypesChanged:20 com.android.server.wm.InsetsStateController$$ExternalSyntheticLambda0.run:87 com.android.server.wm.WindowAnimator.animate:469 com.android.server.wm.WindowAnimator$$ExternalSyntheticLambda1.doFrame:14 android.view.Choreographer$CallbackRecord.run:1749 android.view.Choreographer$CallbackRecord.run:1760 android.view.Choreographer.doCallbacks:1216 android.view.Choreographer.doFrame:1132 
02-23 01:47:05.755 I/SurfaceFlinger( 1656): Layer [Surface(name=edfe357 NavigationBar0)[...]tion-leash of insets_animation#78963] hidden!! flag(0)
02-23 01:47:05.755 E/SurfaceFlinger( 1656): alpha changed 1.000 -> 0.000 - Surface(name=edfe357 NavigationBar0)/@0x6864123 - animation-leash of insets_animation#78963
02-23 01:47:05.755 I/SurfaceFlinger( 1656): Layer [Surface(name=5fa1179 StatusBar)/@0x9[...]tion-leash of insets_animation#78964] hidden!! flag(0)
02-23 01:47:05.755 E/SurfaceFlinger( 1656): alpha changed 1.000 -> 0.000 - Surface(name=5fa1179 StatusBar)/@0x9dce99e - animation-leash of insets_animation#78964
02-23 01:47:05.755 I/SurfaceFlinger( 1656): [LayerHierarchy{RequestedLayerState{edfe357 NavigationBar0#80 parentId=78963} 1 children}] reparent to LayerHierarchy{RequestedLayerState{Surface(name=edfe357 NavigationBar0)/@0x6864123 - animation-leash of insets_animation#78963 parentId=79} 1 children}
02-23 01:47:05.755 I/SurfaceFlinger( 1656): [LayerHierarchy{RequestedLayerState{5fa1179 StatusBar#87 parentId=78964} 1 children}] reparent to LayerHierarchy{RequestedLayerState{Surface(name=5fa1179 StatusBar)/@0x9dce99e - animation-leash of insets_animation#78964 parentId=86} 1 children}
02-23 01:47:05.755 I/SurfaceFlinger( 1656): [LayerHierarchy{RequestedLayerState{Surface(name=edfe357 NavigationBar0)/@0x6864123 - animation-leash of insets_animation#78951} no children}] reparent to OffscreenRoot
02-23 01:47:05.755 I/SurfaceFlinger( 1656): [LayerHierarchy{RequestedLayerState{Surface(name=edfe357 NavigationBar0)/@0x6864123 - animation-leash of insets_animation#78951} no children}] RelativeParent to null
02-23 01:47:05.755 I/SurfaceFlinger( 1656): [LayerHierarchy{RequestedLayerState{Surface(name=5fa1179 StatusBar)/@0x9dce99e - animation-leash of insets_animation#78952} no children}] reparent to OffscreenRoot
02-23 01:47:05.755 I/SurfaceFlinger( 1656): [LayerHierarchy{RequestedLayerState{Surface(name=5fa1179 StatusBar)/@0x9dce99e - animation-leash of insets_animation#78952} no children}] RelativeParent to null
02-23 01:47:05.755 I/SurfaceFlinger( 1656): [com.sec.android.app.launcher/com.sec.android.app.launcher.activities.LauncherActivity$_4505#78962] attach to parent LayerHierarchy{RequestedLayerState{cec6155 com.sec.android.app.launcher/com.sec.android.app.launcher.activities.LauncherActivity#129 parentId=125} 2 children}
02-23 01:47:05.755 I/SurfaceFlinger( 1656): [Surface(name=edfe357 NavigationBar0)/@0x6864123 - animation-leash of insets_animation#78963] attach to parent LayerHierarchy{RequestedLayerState{WindowToken{3fef0f1 type=2019 android.os.BinderProxy@3341a7b}#79 parentId=31} 1 children}
02-23 01:47:05.755 I/SurfaceFlinger( 1656): [Surface(name=5fa1179 StatusBar)/@0x9dce99e - animation-leash of insets_animation#78964] attach to parent LayerHierarchy{RequestedLayerState{WindowToken{49b9e40 type=2000 android.os.BinderProxy@a35fd72}#86 parentId=19} 1 children}
02-23 01:47:05.756 D/InetDiagMessage( 2545): Destroyed 0 sockets, proto=IPPROTO_TCP, family=AF_INET, states=14
02-23 01:47:05.756 I/SurfaceFlinger( 1656): id=78952 Removed Surface(name=5fa1179 StatusBar)/@0x9dce99e - animation-leash of insets_animation#78952 (187)
02-23 01:47:05.756 I/SurfaceFlinger( 1656): id=78951 Removed Surface(name=edfe357 NavigationBar0)/@0x6864123 - animation-leash of insets_animation#78951 (187)
02-23 01:47:05.756 V/GameManagerService( 2545): Game power mode OFF (no games in foreground)
02-23 01:47:05.756 I/HoneySpace.SPayHandler( 4505): updateSpayHandler, show = false, defaultPage = true
02-23 01:47:05.756 I/{OngoingActivityDataHelper}( 3940): setBaseActivityComponentName:ComponentInfo{com.sec.android.app.launcher/com.sec.android.app.launcher.Launcher}
02-23 01:47:05.756 D/InetDiagMessage( 2545): Destroyed 0 sockets, proto=IPPROTO_TCP, family=AF_INET6, states=14
02-23 01:47:05.756 D/InetDiagMessage( 2545): Destroyed live tcp sockets for uids={10733} in 1ms
02-23 01:47:05.756 D/DisplayManagerService( 2545): Drop pending events for gone uid 10733
02-23 01:47:05.757 D/NetworkPolicy( 2545): already checked 10157
02-23 01:47:05.757 D/InetDiagMessage( 2545): Destroyed 0 sockets, proto=IPPROTO_TCP, family=AF_INET, states=14
02-23 01:47:05.757 D/PkgPredictorService-SecIpmManagerServiceImpl( 2545): onForegroundActivitiesChanged pid:4505 uid:10157
02-23 01:47:05.757 D/Navbar.Store( 3940): handleEvent(0) OnNavBarWindowStateShowing(noArguments=true) [Module] NavBarHelper
02-23 01:47:05.757 D/InetDiagMessage( 2545): Destroyed 0 sockets, proto=IPPROTO_TCP, family=AF_INET6, states=14
02-23 01:47:05.757 D/InetDiagMessage( 2545): Destroyed live tcp sockets for uids={20733} in 1ms
02-23 01:47:05.757 D/SysUiState( 3940): SysUiState changed: old=0x10000002 new=0x10000000
02-23 01:47:05.757 V/PkgPredictorService-SecIpmManagerServiceImpl( 2545): discard foreground app:com.sec.android.app.launcher 1|true
02-23 01:47:05.758 I/HoneySpace.SearchUI( 4505): updateInsets Insets{left=0, top=113, right=0, bottom=56}
02-23 01:47:05.758 I/HoneySpace.SearchUI( 4505): insetsListener keyboardHeight : 1 0 0 false Insets{left=0, top=113, right=0, bottom=56}
02-23 01:47:05.758 V/WindowManager( 2545): Collecting in transition 5347: WallpaperWindowToken{ea15a45 token=android.os.Binder@1da9abc}_<system>, caller=com.android.server.wm.TransitionController.collect:7 com.android.server.wm.WallpaperWindowToken.setVisibility:54 com.android.server.wm.WallpaperController.adjustWallpaperWindows:736 com.android.server.wm.RootWindowContainer.applySurfaceChangesTransaction$1:141 com.android.server.wm.RootWindowContainer.performSurfacePlacementNoTrace:61 
02-23 01:47:05.758 V/WindowManager( 2545): Setting visibility of Window{ff6929f u0 com.samsung.android.wallpaper.live.layered.LayeredWallpaperService}: true, caller=com.android.server.wm.WindowContainer.sendAppVisibilityToClients:19 com.android.server.wm.WindowToken.setClientVisible:49 com.android.server.wm.WallpaperWindowToken.setVisible$1:3 com.android.server.wm.WallpaperWindowToken.commitVisibility:49 com.android.server.wm.WallpaperWindowToken.setVisibility:111 
02-23 01:47:05.758 I/WallpaperService( 4056): dispatchAppVisibility: system, visible=true , mLidState = -1
02-23 01:47:05.758 I/VRI[LauncherActivity]@94ca360( 4505): Creating new active sync group VRI[LauncherActivity]@94ca360#65
02-23 01:47:05.758 I/WallpaperService( 4056): updateSurface system forceRelayout=false forceReport=false redrawNeeded=false myWidth=-1 myHeight=-1 fixedSize=false x = 0 y = 0 mWidth=-1 mHeight=-1
02-23 01:47:05.758 I/WallpaperService( 4056): reportVisibility: visibility changed. visible=true
02-23 01:47:05.758 I/SprWallpaper|LayeredWallpaperServiceEngine( 4056): onVisibilityChanged : 5 , com.samsung.android.wallpaper.live.layered.c@da4ebc0
02-23 01:47:05.758 I/SprWallpaper|LayeredController_PH( 4056): onVisibilityChanged : true , 2
02-23 01:47:05.758 I/HoneySpace.SystemUiRepository( 4505): systemUiFlags: awake
02-23 01:47:05.759 D/BLASTSyncEngine( 2545): SyncGroup 5347:  Unfinished container: ActivityRecord{39bc085 u0 com.sec.android.app.launcher/.activities.LauncherActivity t1239} mSyncState=2
02-23 01:47:05.759 D/BLASTSyncEngine( 2545): SyncGroup 5347:  Unfinished container: ActivityRecord{39bc085 u0 com.sec.android.app.launcher/.activities.LauncherActivity t1239} mSyncState=2
02-23 01:47:05.759 I/InsetsController( 7946): onStateChanged: host=, from=android.view.ViewRootImpl.handleResized:2789, state=InsetsState: {mDisplayFrame=Rect(0, 0 - 1440, 3120), mDisplayCutout=DisplayCutout{insets=Rect(0, 112 - 0, 0) waterfall=Insets{left=0, top=0, right=0, bottom=0} boundingRect={Bounds=[Rect(0, 0 - 0, 0), Rect(686, 0 - 754, 112), Rect(0, 0 - 0, 0), Rect(0, 0 - 0, 0)]} cutoutPathParserInfo={CutoutPathParserInfo{displayWidth=1440 displayHeight=3120 physicalDisplayWidth=1440 physicalDisplayHeight=3120 density={3.75} cutoutSpec={M 0,0 H -9.066666666666667 V 29.86666666666667 H 9.066666666666667 V 0 H 0 Z @dp} rotation={0} scale={1.0} physicalPixelDisplaySizeRatio={1.0}}} sideOverrides={}}, mRoundedCorners=RoundedCorners{[RoundedCorner{position=TopLeft, radius=8, center=Point(8, 8)}, RoundedCorner{position=TopRight, radius=8, center=Point(1432, 8)}, RoundedCorner{position=BottomRight, radius=8, center=Point(1432, 3112)}, RoundedCorner{position=BottomLeft, radius=8, center=Point(8, 3112)}]}  mRoundedCornerFrame=Rect(0, 0 - 1440, 3120), mPrivacyIndicatorBounds=PrivacyIndicatorBounds {static bounds=Rect(1275, 0 - 1440, 113) rotation=0}, mDisplayShape=DisplayShape{ spec=1406003047 displayWidth=1440 displayHeight=3120 physicalPixelDisplaySizeRatio=1.0 rotation=0 offsetX=0 offsetY=0 scale=1.0}, mSources= { InsetsSource: {9f5d0000 mType=statusBars mFrame=[0,0][1440,113] mVisible=true mFlags= mSideHint=TOP mBoundingRects=null}, InsetsSource: {9f5d0005 mType=mandatorySystemGestures mFrame=[0,0][1440,157] mVisible=true mFlags= mSideHint=TOP mBoundingRects=null}, InsetsSource: {9f5d0006 mType=tappableElement mFrame=[0,0][1440,113] mVisible=true mFlags= mSideHint=TOP mBoundingRects=null}, InsetsSource: {e2030001 mType=navigationBars mFrame=[0,3064][1440,3120] mVisible=true mFlags=SUPPRESS_SCRIM mSideHint=BOTTOM mBoundingRects=null}, InsetsSource: {e2030004 mType=systemGestures mFrame=[0,0][112,3120] mVisible=true mFlags= mSideHint=LEFT mBoundingRects=null}, InsetsSource: {e2030005 mType=mandatorySystemGestures mFrame=[0,3000][1440,3120] mVisible=true mFlags= mSideHint=BOTTOM mBoundingRects=null}, InsetsSource: {e2030006 mType=tappableElement mFrame=[0,0][0,0] mVisible=true mFlags= mSideHint=NONE mBoundingRects=null}, InsetsSource: {e2030024 mType=systemGestures mFrame=[1328,0][1440,3120] mVisible=true mFlags= mSideHint=RIGHT mBoundingRects=null}, InsetsSource: {27 mType=displayCutout mFrame=[0,0][1440,112] mVisible=true mFlags= mSideHint=TOP mBoundingRects=null} }
02-23 01:47:05.759 I/VRI[]@5ef046f( 7946): handleResized, frames=ClientWindowFrames{frame=[720,113][720,3064] display=[0,113][1440,3064] parentFrame=[0,0][0,0] attachedFrame=[0,0][1440,3120]} displayId=0 dragResizing=false compatScale=1.0 frameChanged=true attachedFrameChanged=false configChanged=false displayChanged=false compatScaleChanged=false dragResizingChanged=false
02-23 01:47:05.759 I/VRI[]@5ef046f( 7946): Force to draw a frame when frame become empty from non-empty
02-23 01:47:05.759 I/VRI[]@5ef046f( 7946): handleResized mSyncSeqId = 521
02-23 01:47:05.760 D/EnterpriseDeviceManagerService( 2545): isMdmAdminPresentInternal() : MDM Admin Found - com.samsung.knox.securefolder
02-23 01:47:05.760 I/HoneySpace.SearchUI( 4505): updateInsets Insets{left=0, top=113, right=0, bottom=56}
02-23 01:47:05.760 I/SDHMS:l ( 7298): handleResumeComponent : put = com.sec.android.app.launcher, userid = 0 instanceid =246943499
02-23 01:47:05.761 I/VRI[LauncherActivity]@94ca360( 4505): mWNT: t=0xb400007dd3f96d90 mBlastBufferQueue=0xb400007da3f447b0 fn= 1 HdrRenderState mRenderHdrSdrRatio=1.0 caller= android.view.ViewRootImpl$11.onFrameDraw:15016 android.view.ThreadedRenderer$1.onFrameDraw:761 <bottom of call stack> 
02-23 01:47:05.761 I/VRI[LauncherActivity]@94ca360( 4505): Setting up sync and frameCommitCallback
02-23 01:47:05.761 D/SGM:GameManager( 2545): identifyGamePackage. com.sec.android.app.launcher, mCurrentUserId: 0, callerUserId: 0, callingMethodInfo: com.samsung.android.game.SemGameManager.isGamePackage(SemGameManager.java:105)
02-23 01:47:05.761 I/CocktailBarManagerServiceContainer( 2545): handleMessage: entry what = 5
02-23 01:47:05.761 D/SGM:SemGameManager( 2545): isGamePackage(), pkgName=com.sec.android.app.launcher, ret=false
02-23 01:47:05.761 I/BootReceiver( 2545): Copying /data/tombstones/tombstone_26 to DropBox (SYSTEM_TOMBSTONE)
02-23 01:47:05.761 D/SGM:FgCheckThread( 2545): noteResumeComponent(), received pkgName: com.sec.android.app.launcher, userId: 0
02-23 01:47:05.761 I/ApplicationPackageManager( 4505): package : com.sec.android.app.clockpackage, useAppIconResources : false
02-23 01:47:05.761 I/LiveIconUtil( 4505): getLiveIcon was called in ClockPackage
02-23 01:47:05.761 I/DropBoxManagerService( 2545): add tag=SYSTEM_TOMBSTONE isTagEnabled=true flags=0x6
02-23 01:47:05.761 I/[AirCmd]_ActivitySwitchDetector( 7114): onTaskFocusChanged : taskId=1239, componentName=ComponentInfo{com.sec.android.app.launcher/com.sec.android.app.launcher.Launcher}
02-23 01:47:05.761 I/[AirCmd]_ActivitySwitchDetector( 7114): onTaskFocusChanged :mTopMostActivity = ComponentInfo{com.sikwin.app/com.unity3d.player.UnityPlayerGameActivity}
02-23 01:47:05.761 D/PowerManagerService( 2545): [api] setScreenDimDurationOverrideFromWindowManagerInternal: timeoutMillis: 200000
02-23 01:47:05.762 I/LiveIconUtil( 4505): getLiveIcon res = com.sec.android.app.clockpackage
02-23 01:47:05.762 W/qdgralloc( 4505): getInterlacedFlag: getMetaData returned 3, defaulting to interlaced_flag = 0
02-23 01:47:05.762 D/SGM:FgCheckThread( 2545): onLooperPrepared(), msg: MSG_APP_RESUME, pkgName: com.sec.android.app.launcher, userid: 0
02-23 01:47:05.762 D/SGM:FgCheckThread( 2545): handleResume().
02-23 01:47:05.763 D/SGM:FgCheckThread( 2545): sendFocusOutConditionally() - mPrevNotiPkg: KILL_YOURSELF, userId: 0
02-23 01:47:05.763 I/Rubin   (13836): [1317] S8.h.N(Unknown Source) : Notify com.samsung.android.rubin.inferenceengine.contextanalytics.engine.loggers.AppUsageLogger's database is updated.
02-23 01:47:05.763 D/SGM:FgCheckThread( 2545):   handleResume(). pkgName: com.sec.android.app.launcher, userId: 0, category: non-game
02-23 01:47:05.763 D/SGM:FgCheckThread( 2545): notifyFocusInOut(). of pkg: com.sec.android.app.launcher, type: 4, isSecGameFamily: false, userId: 0
02-23 01:47:05.763 D/SGM:FgCheckThread( 2545):   notifyFocusInOut(). do nothing
02-23 01:47:05.763 D/SGM:SystemHelper( 2545): callReleaseBlock needReleaseBlock:false
02-23 01:47:05.763 I/SystemUiVisibilityPolicyController( 2545): handleMessage: entry what = 1
02-23 01:47:05.763 D/SGM:GameManager( 2545): identifyForegroundApp. com.sec.android.app.launcher, mCurrentUserId: 0, callerUserId: 0
02-23 01:47:05.764 I/SurfaceFlinger( 1656): destroyed Surface(name=edfe357 NavigationBar0)/@0x6864123 - animation-leash of insets_animation#78951
02-23 01:47:05.764 I/SurfaceFlinger( 1656): destroyed Surface(name=5fa1179 StatusBar)/@0x9dce99e - animation-leash of insets_animation#78952
02-23 01:47:05.764 I/Layer   ( 1656): id=78952 Destroyed Surface(name=5fa1179 StatusBar)/@0x9dce99e - animation-leash of insets_animation#78952
02-23 01:47:05.764 I/Layer   ( 1656): id=78951 Destroyed Surface(name=edfe357 NavigationBar0)/@0x6864123 - animation-leash of insets_animation#78951
02-23 01:47:05.765 I/VRI[StatusBar]@cb560d2( 3940): handleResized, frames=ClientWindowFrames{frame=[0,0][1440,113] display=[0,0][1440,3120] parentFrame=[0,0][0,0]} displayId=0 dragResizing=false compatScale=1.0 frameChanged=false attachedFrameChanged=false configChanged=false displayChanged=false compatScaleChanged=false dragResizingChanged=false
02-23 01:47:05.765 I/BLASTBufferQueue_Java( 7946): update, w= 1 h= 2951 mName = VRI[]@5ef046f mNativeObject= 0xb400007da3f75b30 sc.mNativeObject= 0xb400007d43f1ca90 format= 1 caller= android.view.ViewRootImpl.updateBlastSurfaceIfNeeded:3386 android.view.ViewRootImpl.relayoutWindow:11361 android.view.ViewRootImpl.performTraversals:4544 android.view.ViewRootImpl.doTraversal:3708 android.view.ViewRootImpl$TraversalRunnable.run:12542 android.view.Choreographer$CallbackRecord.run:1751 
02-23 01:47:05.765 I/VRI[NavigationBar0]@7f2c60a( 3940): handleResized, frames=ClientWindowFrames{frame=[0,2940][1440,3120] display=[0,0][1440,3120] parentFrame=[0,0][0,0]} displayId=0 dragResizing=false compatScale=1.0 frameChanged=false attachedFrameChanged=false configChanged=false displayChanged=false compatScaleChanged=false dragResizingChanged=false
02-23 01:47:05.765 I/VRI[]@5ef046f( 7946): Relayout returned: old=(720,113,720,3064) new=(720,113,720,3064) relayoutAsync=true req=(0,2951)0 dur=1 res=0x0 s={true 0xb400007dc3faa490} ch=false seqId=521
02-23 01:47:05.765 W/UserManagerService( 2545): Requested status bar icon for non-badged user 0
02-23 01:47:05.765 D/SamsungNotificationShadeWindowFullscreenHelper( 3940): needFullscreen(true >> false) isScreenOn:true, isViewShown:false
02-23 01:47:05.765 I/VRI[]@5ef046f( 7946): registerCallbackForPendingTransactions
02-23 01:47:05.765 I/VRI[]@5ef046f( 7946): Force to draw even when frame is empty
02-23 01:47:05.765 I/[AirCmd]_CallbackRepeater( 7114): stopRepeat : isWorking=false
02-23 01:47:05.765 I/[AirCmd]_MediaControlStateMonitor( 7114): isForegroundAppSupportsMediaButton : mediaSession is empty
02-23 01:47:05.765 D/SurfaceFlinger( 1656): Display 4630946315032985731 HWC layers:
02-23 01:47:05.765 D/SurfaceFlinger( 1656):   SOLID_COLOR |                      | 0003 | Unknown      |    0.0    0.0    0.0    0.0 |    0    0 1440 3120 | Background for SurfaceView[com.sikwi[...]yer.UnityPlayerGameActivity]@0#78956
02-23 01:47:05.765 D/SurfaceFlinger( 1656):        DEVICE |   0xb40000714aa9aa90 | 0001 | RGBA_8888    |    0.0    0.0 1440.0 3120.0 |    0    0 1440 3120 | com.sikwin.app/com.unity3d.player.UnityPlayerGameActivity$_8723#78950 (2)
02-23 01:47:05.765 D/SurfaceFlinger( 1656): 
02-23 01:47:05.765 I/BLASTBufferQueue( 4505): [VRI[LauncherActivity]@94ca360#3545](f:0,a:0,s:0) onFrameAvailable the first frame is available
02-23 01:47:05.766 I/SurfaceComposerClient( 4505): apply transaction with the first frame. layerId: 78962, bufferData(ID: 19348827688967, frameNumber: 1)
02-23 01:47:05.766 D/SurfaceFlinger( 1656): [input] setFocusedWindow: cec6155 com.sec.android.app.launcher/com.sec.android.app.launcher.activities.LauncherActivity
02-23 01:47:05.766 I/VRI[LauncherActivity]@94ca360( 4505): Received frameCommittedCallback lastAttemptedDrawFrameNum=1 didProduceBuffer=true
02-23 01:47:05.766 D/InputDispatcher( 2545): Once focus requested (0): cec6155 com.sec.android.app.launcher/com.sec.android.app.launcher.activities.LauncherActivity
02-23 01:47:05.766 I/SurfaceFlinger( 1656): [com.sec.android.app.launcher/com.sec.android.app.launcher.activities.LauncherActivity$_4505#78962] setTransactionState with the first frame. bufferData(ID: 19348827688967, frameNumber: 1)
02-23 01:47:05.766 D/InputDispatcher( 2545): Focus request (0): cec6155 com.sec.android.app.launcher/com.sec.android.app.launcher.activities.LauncherActivity but waiting because NO_WINDOW
02-23 01:47:05.766 V/WindowManager( 2545): Relayout Window{41ec985 u0 com.samsung.android.app.spage}: viewVisibility=0 req=0x2951 ty=1000 d0
02-23 01:47:05.766 D/BLASTSyncEngine( 2545): SyncGroup 5347:  Unfinished container: ActivityRecord{39bc085 u0 com.sec.android.app.launcher/.activities.LauncherActivity t1239} mSyncState=2
02-23 01:47:05.766 I/VRI[]@5ef046f( 7946): mWNT: t=0xb400007dd3f272d0 mBlastBufferQueue=0xb400007da3f75b30 fn= 2 HdrRenderState mRenderHdrSdrRatio=1.0 caller= android.view.ViewRootImpl$9.onFrameDraw:6276 android.view.ViewRootImpl$3.onFrameDraw:2440 android.view.ThreadedRenderer$1.onFrameDraw:761 
02-23 01:47:05.766 I/WallpaperService( 4056): resized: system, reportDraw=false, forceLayout=false, displayId=0
02-23 01:47:05.766 I/WallpaperService( 4056): handleResized: which=5, reportDraw=false
02-23 01:47:05.766 I/HoneySpace.TaskbarEventTracker( 4505): invokeEvent() called with: event = SystemUiStateChanged(stateFlags=268435456)
02-23 01:47:05.766 I/WallpaperService( 4056): updateSurface system forceRelayout=true forceReport=false redrawNeeded=false myWidth=-1 myHeight=-1 fixedSize=false x = 0 y = 0 mWidth=-1 mHeight=-1
02-23 01:47:05.766 V/WindowManager( 2545): Relayout hash=41ec985, pid=0, syncId=-1: mAttrs={(0,0)(0xfill) sim={adjust=pan} ty=APPLICATION_PANEL fmt=RGBA_8888
02-23 01:47:05.766 V/WindowManager( 2545):   fl=1000018
02-23 01:47:05.766 V/WindowManager( 2545):   pfl=40000040
02-23 01:47:05.766 V/WindowManager( 2545):   bhv=1
02-23 01:47:05.766 V/WindowManager( 2545):   fitTypes=207
02-23 01:47:05.766 V/WindowManager( 2545):   frameRateBoostOnTouch=true
02-23 01:47:05.766 V/WindowManager( 2545):   dvrrWindowFrameRateHint=true naviIconColor=0}
02-23 01:47:05.766 I/WallpaperService( 4056): maxBounds : Rect(0, 0 - 1440, 3120) , mDeviceHeight : 3120, mDeviceWidth : 1440,mDeviceRotation  : 0
02-23 01:47:05.766 I/HoneySpace.TopTaskSource( 4505): onTaskFocusChanged(): taskId = 1239
02-23 01:47:05.766 I/WallpaperService( 4056): updateSurface: invoke Session.relayout
02-23 01:47:05.766 I/HoneySpace.TopTaskSource( 4505): onTaskMovedToFront : taskId = 1239, displayId = 0
02-23 01:47:05.767 I/InsetsController( 4505): onStateChanged: host=com.sec.android.app.launcher/com.sec.android.app.launcher.activities.LauncherActivity, from=android.view.ViewRootImpl.handleInsetsControlChanged:2888, state=InsetsState: {mDisplayFrame=Rect(0, 0 - 1440, 3120), mDisplayCutout=DisplayCutout{insets=Rect(0, 112 - 0, 0) waterfall=Insets{left=0, top=0, right=0, bottom=0} boundingRect={Bounds=[Rect(0, 0 - 0, 0), Rect(686, 0 - 754, 112), Rect(0, 0 - 0, 0), Rect(0, 0 - 0, 0)]} cutoutPathParserInfo={CutoutPathParserInfo{displayWidth=1440 displayHeight=3120 physicalDisplayWidth=1440 physicalDisplayHeight=3120 density={3.75} cutoutSpec={M 0,0 H -9.066666666666667 V 29.86666666666667 H 9.066666666666667 V 0 H 0 Z @dp} rotation={0} scale={1.0} physicalPixelDisplaySizeRatio={1.0}}} sideOverrides={}}, mRoundedCorners=RoundedCorners{[RoundedCorner{position=TopLeft, radius=8, center=Point(8, 8)}, RoundedCorner{position=TopRight, radius=8, center=Point(1432, 8)}, RoundedCorner{position=BottomRight, radius=8, center=Point(1432, 3112)}, RoundedCorner{position=BottomLeft, radius=8, center=Point(8, 3112)}]}  mRoundedCornerFrame=Rect(0, 0 - 1440, 3120), mPrivacyIndicatorBounds=PrivacyIndicatorBounds {static bounds=Rect(1275, 0 - 1440, 113) rotation=0}, mDisplayShape=DisplayShape{ spec=1406003047 displayWidth=1440 displayHeight=3120 physicalPixelDisplaySizeRatio=1.0 rotation=0 offsetX=0 offsetY=0 scale=1.0}, mSources= { InsetsSource: {9f5d0000 mType=statusBars mFrame=[0,0][1440,113] mVisible=false mFlags= mSideHint=TOP mBoundingRects=null}, InsetsSource: {9f5d0005 mType=mandatorySystemGestures mFrame=[0,0][1440,157] mVisible=true mFlags= mSideHint=TOP mBoundingRects=null}, InsetsSource: {9f5d0006 mType=tappableElement mFrame=[0,0][1440,113] mVisible=true mFlags= mSideHint=TOP mBoundingRects=null}, InsetsSource: {e2030001 mType=navigationBars mFrame=[0,3064][1440,3120] mVisible=false mFlags=SUPPRESS_SCRIM mSideHint=BOTTOM mBoundingRects=null}, InsetsSource: {e2030004 mType=systemGestures mFrame=[0,0][112,3120] mVisible=true mFlags= mSideHint=LEFT mBoundingRects=null}, InsetsSource: {e2030005 mType=mandatorySystemGestures mFrame=[0,3000][1440,3120] mVisible=true mFlags= mSideHint=BOTTOM mBoundingRects=null}, InsetsSource: {e2030006 mType=tappableElement mFrame=[0,0][0,0] mVisible=true mFlags= mSideHint=NONE mBoundingRects=null}, InsetsSource: {e2030024 mType=systemGestures mFrame=[1328,0][1440,3120] mVisible=true mFlags= mSideHint=RIGHT mBoundingRects=null}, InsetsSource: {3 mType=ime mFrame=[0,0][0,0] mVisible=false mFlags= mSideHint=NONE mBoundingRects=null}, InsetsSource: {27 mType=displayCutout mFrame=[0,0][1440,112] mVisible=true mFlags= mSideHint=TOP mBoundingRects=null} }
02-23 01:47:05.767 D/WindowManager( 2545): finishDrawingWindow: Window{cec6155 u0 com.sec.android.app.launcher/com.sec.android.app.launcher.activities.LauncherActivity} mDrawState=DRAW_PENDING seqId=0
02-23 01:47:05.767 I/LiveIconUtil( 4505): stdIconSize : 180 , targetIconSize : 217
02-23 01:47:05.767 I/LiveIconUtil( 4505): iconDpi : 720 , mTargetIconDpi : 600
02-23 01:47:05.767 I/InsetsController( 4505): controlAnimationUncheckedInner: Added types=statusBars navigationBars, animType=0, host=com.sec.android.app.launcher/com.sec.android.app.launcher.activities.LauncherActivity, from=android.view.InsetsController.controlAnimationUnchecked:1502 android.view.InsetsController.applyAnimation:2228 android.view.InsetsController.applyAnimation:2159 
02-23 01:47:05.767 I/VRI[LauncherActivity]@94ca360( 4505): handleResized, frames=ClientWindowFrames{frame=[0,0][1440,3120] display=[0,0][1440,3120] parentFrame=[0,0][0,0]} displayId=0 dragResizing=false compatScale=1.0 frameChanged=false attachedFrameChanged=false configChanged=false displayChanged=false compatScaleChanged=false dragResizingChanged=false
02-23 01:47:05.767 I/VRI[LauncherActivity]@94ca360( 4505): handleResized mSyncSeqId = 0
02-23 01:47:05.767 I/HoneySpace.EdgePanel.SystemUiVsibilityObserver( 4505): systemUiVisibilityChanged : 2 4
02-23 01:47:05.767 I/HoneySpace.EdgePanel.EdgeVisibilityRepository( 4505): updateStateAction: 0x100000 false true
02-23 01:47:05.767 I/HoneySpace.EdgePanel.EdgeVisibilityRepository( 4505): updateState: 0x1
02-23 01:47:05.767 I/HoneySpace.EdgePanel.EdgeVisibilityRepository( 4505): getComputedTrayVisible : keyguardState = 1
02-23 01:47:05.768 I/HoneySpace.EdgePanel.EdgeVisibilityRepository( 4505): updateTrayVisible: State = 0x1 , visible = true , current containerState = 4 , specificMode = 0
02-23 01:47:05.768 I/HoneySpace.EdgePanel.EdgeContainerViewModel( 4505): containerState current 4 new 0
02-23 01:47:05.768 I/HoneySpace.EdgePanel.EdgePot( 4505): Container state 0
02-23 01:47:05.768 E/[AirCmd]_MediaControlStateMonitor( 7114): getActiveNotificationPackageName : notification service monitor is null
02-23 01:47:05.768 I/[AirCmd]_ButtonEventDetectionThread( 7114): enableDoubleClickDetection: enabled= false
02-23 01:47:05.768 V/WindowManager( 2545): SyncGroup 5347: Finished!
02-23 01:47:05.768 V/WindowManager( 2545): performShowLocked: mDrawState=HAS_DRAWN in Window{cec6155 u0 com.sec.android.app.launcher/com.sec.android.app.launcher.activities.LauncherActivity}
02-23 01:47:05.768 V/WindowManager( 2545): performShowLocked: mDrawState=HAS_DRAWN in Window{41ec985 u0 com.samsung.android.app.spage}
02-23 01:47:05.768 D/ChangeTransitionController( 2545): onTransactionReady: TransitionRecord{4e568e9 id=5347 type=CLOSE flags=0x10}
02-23 01:47:05.768 V/WindowManager( 2545): Start calculating TransitionInfo based on participants: {ActivityRecord{33fb0d u0 com.sikwin.app/.MainActivity t2210 f} isExiting}, ActivityRecord{39bc085 u0 com.sec.android.app.launcher/.activities.LauncherActivity t1239}, Task{5ae0ac2 #2210 type=standard A=10733:com.sikwin.app}, Task{9d7aeda #1239 type=home I=com.sec.android.app.launcher/.activities.LauncherActivity}, ActivityRecord{d8dc66b u0 com.sikwin.app/com.unity3d.player.UnityPlayerGameActivity t2210 f} isExiting}, Task{e07e4a2 #1 type=home}, WallpaperWindowToken{ea15a45 token=android.os.Binder@1da9abc}_<system>}
02-23 01:47:05.768 V/WindowManager( 2545):   Final targets: [Task{e07e4a2 #1 type=home}, Task{5ae0ac2 #2210 type=standard A=10733:com.sikwin.app}, WallpaperWindowToken{ea15a45 token=android.os.Binder@1da9abc}_<system>]
02-23 01:47:05.768 I/SurfaceFlinger( 1656): id=78965 createSurf, flag=84004, Transition Root: Task=1#78965
02-23 01:47:05.769 I/SurfaceControlRegistry( 2545): show, t=StartTransaction_SyncId<5347> sc=ActivityRecord{39bc085 u0 com.sec.android.app.launcher/.activities.LauncherActivity t1239}, caller=android.view.SurfaceControl$Transaction.show:3232 com.android.server.wm.Transition.onTransactionReady:2273 com.android.server.wm.BLASTSyncEngine$SyncGroup.finishNow:195 com.android.server.wm.BLASTSyncEngine.onSurfacePlacement:269 com.android.server.wm.RootWindowContainer.performSurfacePlacementNoTrace:471 com.android.server.wm.RootWindowContainer.performSurfacePlacement:9 
02-23 01:47:05.769 I/AccessibilityManagerService( 2545): isScreenReaderEnable : false, accesibilityService : 
02-23 01:47:05.769 I/SurfaceControlRegistry( 2545): show, t=StartTransaction_SyncId<5347> sc=Task=1239, caller=android.view.SurfaceControl$Transaction.show:3232 com.android.server.wm.Transition.onTransactionReady:2300 com.android.server.wm.BLASTSyncEngine$SyncGroup.finishNow:195 com.android.server.wm.BLASTSyncEngine.onSurfacePlacement:269 com.android.server.wm.RootWindowContainer.performSurfacePlacementNoTrace:471 com.android.server.wm.RootWindowContainer.performSurfacePlacement:9 
02-23 01:47:05.769 I/HoneySpace.EdgePanel.EdgeWindowController( 4505): updateHandleWindow: 454 1532 true
02-23 01:47:05.769 V/WindowManager( 2545): Calling onTransitionReady: {id=5347 t=CLOSE f=0x10 trk=0 r=[0@Point(0, 0)] c=[
02-23 01:47:05.769 V/WindowManager( 2545):         {WCT{RemoteToken{be5ed6 Task{e07e4a2 #1 type=home}}} m=TO_FRONT f=SHOW_WALLPAPER|MOVE_TO_TOP|EDGE_EXTENSION_RESTRICTION leash=Surface(name=Task=1)/@0xe7208ea sb=Rect(0, 0 - 1440, 3120) eb=Rect(0, 0 - 1440, 3120) d=0 taskParent=-1 inset=Rect(0, 113 - 0, 56)},
02-23 01:47:05.769 V/WindowManager( 2545):         {WCT{RemoteToken{9c2a11b Task{5ae0ac2 #2210 type=standard A=10733:com.sikwin.app}}} m=TO_BACK f=EDGE_EXTENSION_RESTRICTION leash=Surface(name=Task=2210)/@0x554e015 sb=Rect(0, 0 - 1440, 3120) eb=Rect(0, 0 - 1440, 3120) d=0 taskParent=-1 inset=Rect(0, 0 - 0, 0) dim=true},
02-23 01:47:05.769 V/WindowManager( 2545):         {null m=TO_FRONT f=IS_WALLPAPER p=WCT{RemoteToken{f38a27f RemoteWallpaperAnim:1:1@195896643}} leash=Surface(name=WallpaperWindowToken{ea15a45 token=android.os.Binder@1da9abc})/@0x50a8a98 sb=Rect(0, 0 - 1440, 3120) eb=Rect(0, 0 - 1440, 3120) d=0 inset=Rect(0, 0 - 0, 0)}
02-23 01:47:05.769 V/WindowManager( 2545):     ]}
02-23 01:47:05.769 I/HoneySpace.EdgePanel.EdgeWindowController( 4505): handleUpdateWindowParam
02-23 01:47:05.769 W/qdgralloc( 7946): getInterlacedFlag: getMetaData returned 3, defaulting to interlaced_flag = 0
02-23 01:47:05.769 W/CocktailBarStatePolicyController( 2545): updateWindowType: current window type is requested window type(1)
02-23 01:47:05.769 I/HoneySpace.EdgePanel.EdgeWindowController( 4505): updateTouchRect: dynamicInputRegion=112819223@LastEvent=t=1771791384159Rect(11, 0 - 67, 454),Rect=Rect(11, 0 - 67, 454)
02-23 01:47:05.769 D/PowerManagerService( 2545): [api] setPowerBoost(L) boost:0, durationMs:0, caller (uid: 1000 pid: 2545) <- m() in com.android.server.display.DisplayManagerService$BinderService$$ExternalSyntheticOutline0:1
02-23 01:47:05.769 D/TspStateManager( 2545): holeName: com.sec.android.app.launcher, direction: 2, startY: 1532, endY: 1986
02-23 01:47:05.770 D/RestrictionPolicy( 2545): isScreenCaptureEnabled : ret=true userId=0
02-23 01:47:05.770 I/HoneySpace.EdgePanel.CocktailHostRepositoryImpl( 4505): onNoteResume
02-23 01:47:05.770 I/HoneySpace.EdgePanel.EdgeContainerViewModel( 4505): cocktailHostRepository.edgePanelOperation NoteResumeComponent(componentName=ComponentInfo{com.sec.android.app.launcher/com.sec.android.app.launcher.Launcher})
