02-23 01:37:29.744  2545  4988 D OpenNetworkQos[4.00]: getOpenNetworkQosScores: 30 30 25 
02-23 01:37:29.744  7072  7872 I HBD     : i onCapabilitiesChanged network : 149 current network state : wifi 
02-23 01:37:29.744  2545  4988 D OpenNetworkQos[4.00]: getOpenNetworkQosNoInternetStatus: false
02-23 01:37:29.745  2545  4988 I WifiProfileShare.Caster: current network type: 0, score: [30, 30, 25]
02-23 01:37:29.745  2545  4988 V WifiProfileShare.Cache: update network score 24:de:8a:**:**:da
02-23 01:37:29.747  7121  8254 I BugleRcsEngine: handleMessage processing message:[NOTIFY_UPTIME_IGNORE_STATE_CHANGED] with [non-null]:RcsEngineImpl reference [CONTEXT log_prefix="RcsEngineImpl[DUAL_REG]:[e8ca6e42-b8cf]>Handler" thread_id=162 ]
02-23 01:37:29.748  4239  5688 D txpwrJni: sendNetworkInfo start
02-23 01:37:29.748  2545  4988 D WifiProfileShare.ScanMatcher: getMcfDataList size:2
02-23 01:37:29.749  4239  5688 D txpwrJni: sendNetworkInfo RatType 0
02-23 01:37:29.750  2545  4988 I WifiProfileShare.Caster: qos data was updated , before:type:QOS, pBssid:a2:05:fe, qosData:7c after:type:QOS, pBssid:a2:05:fe, qosData:7c
02-23 01:37:29.750  2545  4988 I [MCFSDK_android_1.2.27006]_4_McfCasterImpl: isNetworkEnabled - type : 1 ret : true
02-23 01:37:29.753  2545  4988 D WifiProfileShare.McfCast: -ME--- mIsNetworkEnabled :true
02-23 01:37:29.754  2545  4988 D WifiProfileShare.McfCast: updateQoSData ignored, same contents
02-23 01:37:29.754  2545  4988 D WifiProfileShare.MCF: success update QosData !
02-23 01:37:29.754  7121  8050 I BugleRcsEngine: Connected state: [1], networkType: [WIFI] [CONTEXT thread_id=158 ]
02-23 01:37:29.754  2545  3737 D SemWifiApTrafficPriority: onCapabilitiesChanged Wifi:wlan0,mGapiValue:24.512Uplink: 18.975
02-23 01:37:29.756  2545  4988 I [MCFSDK_android_1.2.27006]_4_McfCasterImpl: isNetworkEnabled - type : 1 ret : true
02-23 01:37:29.756  2545  4988 D WifiProfileShare.McfCast: -ME--- mIsNetworkEnabled :true
02-23 01:37:29.774 26022 26037 D txpwrJni: sendNetworkInfo start
02-23 01:37:29.774  9524  9524 D BoundBrokerSvc: onRebind: Intent { act=com.google.android.gms.common.telemetry.service.START dat=chimera-action:/... cmp=com.google.android.gms/.chimera.PersistentApiService }
02-23 01:37:29.774 26022 26037 D txpwrJni: sendNetworkInfo RatType 0
02-23 01:37:29.774  2545  4988 D WifiProfileShare.McfCast: -ME--- updatePasswordDate pwdData size:2
02-23 01:37:29.846  7072  7072 I HBD     : i onCapabilityChanged  setNetworkState currentNetworkState : wifi 
02-23 01:37:29.996 25583 25628 D BufferPoolAccessor2.0: bufferpool2 0xb400007be3f1b838 : 11(92274688 size) total buffers - 10(83886080 size) used buffers - 1155/1166 (recycle/alloc) - 11/1163 (fetch/transfer)
02-23 01:37:30.032  1548  5104 I vendor.qti.bluetooth@1.1-ibs_handler: DeviceSleep: TX Awake, Sending SLEEP_IND
02-23 01:37:30.033  1548  5104 D vendor.qti.bluetooth@1.1-ibs_handler: SerialClockVote: vote for UART CLK OFF
02-23 01:37:30.141  1561 11172 I sensors-hal: handle_sns_client_event:375, [0][7103816] accel_sample [ 0.335,  0.196,  9.835] 193306422556059
02-23 01:37:30.163 25583 25653 I okhttp.OkHttpClient: --> GET https://gunduata.online/api/game/round/
02-23 01:37:30.163 25583 25653 I okhttp.OkHttpClient: --> END GET
02-23 01:37:30.184  1548  4571 D vendor.qti.bluetooth@1.1-wake_lock: Release wakelock is released 
02-23 01:37:30.259  9524 22268 I NearbySharing: Network state changed: NetworkState(isRestricted=false, isOnline=true, isCongested=false, isMetered=false, isWifiConnected=true)
02-23 01:37:30.293 25583 25653 I okhttp.OkHttpClient: <-- 200 https://gunduata.online/api/game/round/ (129ms)
02-23 01:37:30.294 25583 25653 I okhttp.OkHttpClient: server: nginx/1.24.0 (Ubuntu)
02-23 01:37:30.294 25583 25653 I okhttp.OkHttpClient: date: Sun, 22 Feb 2026 20:07:30 GMT
02-23 01:37:30.295 25583 25653 I okhttp.OkHttpClient: content-type: application/json
02-23 01:37:30.295 25583 25653 I okhttp.OkHttpClient: content-length: 720
02-23 01:37:30.295 25583 25653 I okhttp.OkHttpClient: vary: Accept, origin, Cookie
02-23 01:37:30.295 25583 25653 I okhttp.OkHttpClient: allow: GET, OPTIONS
02-23 01:37:30.295 25583 25653 I okhttp.OkHttpClient: x-frame-options: DENY
02-23 01:37:30.296 25583 25653 I okhttp.OkHttpClient: x-content-type-options: nosniff
02-23 01:37:30.296 25583 25653 I okhttp.OkHttpClient: referrer-policy: same-origin
02-23 01:37:30.296 25583 25653 I okhttp.OkHttpClient: cross-origin-opener-policy: same-origin
02-23 01:37:30.297 25583 25653 I okhttp.OkHttpClient: access-control-allow-origin: *
02-23 01:37:30.297 25583 25653 I okhttp.OkHttpClient: access-control-allow-methods: GET, POST, OPTIONS, PUT, DELETE
02-23 01:37:30.297 25583 25653 I okhttp.OkHttpClient: access-control-allow-headers: DNT,User-Agent,X-Requested-With,If-Modified-Since,Cache-Control,Content-Type,Range,Authorization
02-23 01:37:30.299 25583 25653 I okhttp.OkHttpClient: {"type":"timer","round_id":"R1771790805","timer":0,"status":"RESULT","dice_result":"4,5","is_rolling":false,"server_time":1771790850,"end_time":1771790850,"total_round_duration":55,"betting_close_time":30,"dice_roll_time":38,"dice_result_time":43,"settings":{"dice_mode":"random","CHIP_VALUES":"[10, 50, 100, 500, 1000, 5000]","PAYOUT_RATIOS":"{\"1\": 1.0, \"2\": 2.0, \"3\": 3.0, \"4\": 4.0, \"5\": 5.0, \"6\": 6.0}","TOTAL_ROUND_DURATION":50,"RESULT_SELECTION_DURATION":8,"RESULT_DISPLAY_DURATION":5,"BETTING_CLOSE_TIME":30,"DICE_ROLL_TIME":38,"DICE_RESULT_TIME":43,"ROUND_END_TIME":55,"BETTING_DURATION":30},"dice_values":[4,5,4,5,5,4],"dice_1":4,"dice_2":5,"dice_3":4,"dice_4":5,"dice_5":5,"dice_6":4,"result":"4,5"}
02-23 01:37:30.299 25583 25653 I okhttp.OkHttpClient: <-- END HTTP (720-byte body)
02-23 01:37:30.313 25583 25583 D SessionManager: Syncing auth data to Unity PlayerPrefs for com.company.dicegame
02-23 01:37:30.327 25583 25583 D SessionManager: Sent TOKEN_UPDATE broadcast for Unity
02-23 01:37:30.739  1561 15753 I sensors-hal: handle_sns_client_event:422, [0][33702] gyro_sample_cal(cal_available:1)(3) [ 0.000, 0.000,-0.000] bias[ 0.002,-0.006,-0.007] 193307011490382
02-23 01:37:30.779  1561 16539 I sensors-hal: handle_sns_client_event:341, [78664] mag_sample_cal(magcal_available:1): ts=193307012206111 ns; cal = [-36.383575, -5.389542, -42.727345], uncal = [-63.623577, -85.729538, -82.567345], bias = [-27.240000, -80.339996, -39.840000], status=3
02-23 01:37:30.832 25583 25653 I okhttp.OkHttpClient: --> GET https://gunduata.online/api/game/round/
02-23 01:37:30.833 25583 25653 I okhttp.OkHttpClient: --> END GET
02-23 01:37:30.953  1561 16542 I sensors-hal: handle_sns_std_sensor_event:158, [39337] Pressure 1004.235, cal -0.289, sw_offset 0.000 (lsb(bit) 0x13 0xbf 0x3e)
02-23 01:37:30.956 25583 25653 I okhttp.OkHttpClient: <-- 200 https://gunduata.online/api/game/round/ (122ms)
02-23 01:37:30.956 25583 25653 I okhttp.OkHttpClient: server: nginx/1.24.0 (Ubuntu)
02-23 01:37:30.956 25583 25653 I okhttp.OkHttpClient: date: Sun, 22 Feb 2026 20:07:31 GMT
02-23 01:37:30.957 25583 25653 I okhttp.OkHttpClient: content-type: application/json
02-23 01:37:30.957 25583 25653 I okhttp.OkHttpClient: content-length: 720
02-23 01:37:30.957 25583 25653 I okhttp.OkHttpClient: vary: Accept, origin, Cookie
02-23 01:37:30.957 25583 25653 I okhttp.OkHttpClient: allow: GET, OPTIONS
02-23 01:37:30.958 25583 25653 I okhttp.OkHttpClient: x-frame-options: DENY
02-23 01:37:30.958 25583 25653 I okhttp.OkHttpClient: x-content-type-options: nosniff
02-23 01:37:30.958 25583 25653 I okhttp.OkHttpClient: referrer-policy: same-origin
02-23 01:37:30.958 25583 25653 I okhttp.OkHttpClient: cross-origin-opener-policy: same-origin
02-23 01:37:30.959 25583 25653 I okhttp.OkHttpClient: access-control-allow-origin: *
02-23 01:37:30.959 25583 25653 I okhttp.OkHttpClient: access-control-allow-methods: GET, POST, OPTIONS, PUT, DELETE
02-23 01:37:30.959 25583 25653 I okhttp.OkHttpClient: access-control-allow-headers: DNT,User-Agent,X-Requested-With,If-Modified-Since,Cache-Control,Content-Type,Range,Authorization
02-23 01:37:30.962 25583 25653 I okhttp.OkHttpClient: {"type":"timer","round_id":"R1771790805","timer":0,"status":"RESULT","dice_result":"4,5","is_rolling":false,"server_time":1771790850,"end_time":1771790850,"total_round_duration":55,"betting_close_time":30,"dice_roll_time":38,"dice_result_time":43,"settings":{"dice_mode":"random","CHIP_VALUES":"[10, 50, 100, 500, 1000, 5000]","PAYOUT_RATIOS":"{\"1\": 1.0, \"2\": 2.0, \"3\": 3.0, \"4\": 4.0, \"5\": 5.0, \"6\": 6.0}","TOTAL_ROUND_DURATION":50,"RESULT_SELECTION_DURATION":8,"RESULT_DISPLAY_DURATION":5,"BETTING_CLOSE_TIME":30,"DICE_ROLL_TIME":38,"DICE_RESULT_TIME":43,"ROUND_END_TIME":55,"BETTING_DURATION":30},"dice_values":[4,5,4,5,5,4],"dice_1":4,"dice_2":5,"dice_3":4,"dice_4":5,"dice_5":5,"dice_6":4,"result":"4,5"}
02-23 01:37:30.962 25583 25653 I okhttp.OkHttpClient: <-- END HTTP (720-byte body)
02-23 01:37:30.978 25583 25583 D SessionManager: Syncing auth data to Unity PlayerPrefs for com.company.dicegame
02-23 01:37:30.995 25583 25583 D SessionManager: Sent TOKEN_UPDATE broadcast for Unity
02-23 01:37:31.381  2545  3576 D ActivityManager: Received BROADCAST intent 0x8fa5505 Key{broadcastIntent pkg=com.sec.epdg intent=act=com.sec.epdg.PERIODIC_DPD_TIMER_EXPIRED flags=0x4000000 u=-1} requestCode=1 sent=0 from uid 1000
02-23 01:37:31.388  2545  2962 D ActivityManager: sync unfroze 23218 com.samsung.android.dqagent for 10
02-23 01:37:31.389  2545  2962 D ActivityManager: sync unfroze 19874 com.samsung.android.lool for 10
02-23 01:37:31.390  2545  2962 D ActivityManager: sync unfroze 11402 com.samsung.android.mdecservice for 10
02-23 01:37:31.391  2545  2962 D ActivityManager: sync unfroze 28334 com.samsung.android.fmm for 10
02-23 01:37:31.397  4149  5421 I EPDG -- SIM0 [EpdgIntentReceiver:Main]: received: com.sec.epdg.PERIODIC_DPD_TIMER_EXPIRED
02-23 01:37:31.397  4149  5421 I EPDG -- SIM0 [EpdgIntentReceiver:Main]: handleIntentPeriodicDpdTimerExpired: ims
02-23 01:37:31.397  4149  5421 I EPDG -- SIM0 [EpdgIntentReceiver:Main]: complete: com.sec.epdg.PERIODIC_DPD_TIMER_EXPIRED
02-23 01:37:31.398  4149  5421 I EPDG -- SIM0 [EpdgHandler]: Event received: PERIODIC_DPD_TIMER_EXPIRED cid - 0
02-23 01:37:31.398  4149  5421 I EPDG -- SIM0 [EpdgHandler]: handlePeriodicDpdTimerExpired: apnType=ims
02-23 01:37:31.398  4149  5421 I EPDG -- SIM0 [IPSECDATACONNSM][1]: ConnectedState[i] Event: PERIODIC_DPD_TIMER_EXPIRED
02-23 01:37:31.398  4149  5421 I EPDG -- SIM0 [EpdgPeriodicDpd]: getDpdPendingIntentKey apntype : ims, key 1
02-23 01:37:31.398  4149  5421 I EPDG -- SIM0 [EpdgPeriodicDpd]: removePeriodicDpdPendingIntent apntype : ims, pIntent PendingIntent{d7d7e28: android.os.BinderProxy@d787bc8}
02-23 01:37:31.399  4149  5421 I EPDG -- SIM1 [UTILS]: isAlwaysOnApn(): result is: true
02-23 01:37:31.399  4149  5421 I EPDG -- SIM0 [IPSECDATACONNSM][1]: ConnectedState[i] SM start periodic DPD timer : 120 Seconds
02-23 01:37:31.399  4149  5421 I EPDG -- SIM0 [EpdgPeriodicDpd]: startTimerForPeriodicDpd: apnType is: ims dpdTimer is: 120000 alarmExpTime is: 193427683
02-23 01:37:31.399  4149  5421 I EPDG -- SIM0 [EpdgPeriodicDpd]: getDpdPendingIntentKey apntype : ims, key 1
02-23 01:37:31.399  4149  5924 E EPDG -- [IPSECADAPTER_ERIS]: checkConnection cid (2 ) - timeout : 5
02-23 01:37:31.401  4149  5924 I ErisClient -- ErisClient: checkConnection() [2:ims]
02-23 01:37:31.401  4149  5924 I ErisClient -- ErisClient: sendRequestToDaemon()
02-23 01:37:31.402  4149  5924 I ErisClient -- ErisClient: Write data to daemon
02-23 01:37:31.402  5928  5941 I eris    : 08[DMN] [eris_interface] handle_request - type = MSG_TYPE_CHECKCONN
02-23 01:37:31.402  5928  5941 I eris    : 08[IKE] sending DPD request
02-23 01:37:31.402  5928  5941 I eris    : 08[ENC] generating INFORMATIONAL request 69 [ ]
02-23 01:37:31.403  5928  5941 I eris    : 08[NET] sending packet: from 192.168.1.4[37653] to 49.44.190.250[4500] (76 bytes)
02-23 01:37:31.403  5928  5941 I eris    : 08[DMN] Search sub-string again
02-23 01:37:31.404  4149  5421 I EPDG -- SIM0 [EpdgPeriodicDpd]: getDpdPendingIntentKey apntype : ims, key 1
02-23 01:37:31.435  1561 21525 I sensors-hal: handle_sns_std_sensor_event:90, light_cct: ts = 193307715614809 ns; value = [13, 0, 34, 57, 0, 25, 0, 0, 2144, 0]
02-23 01:37:31.499 25583 25653 I okhttp.OkHttpClient: --> GET https://gunduata.online/api/game/round/
02-23 01:37:31.499 25583 25653 I okhttp.OkHttpClient: --> END GET
02-23 01:37:31.517  5928  5951 I eris    : 16[NET] received packet: from 49.44.190.250[4500] to 192.168.1.4[37653] (76 bytes)
02-23 01:37:31.518  5928  5951 I eris    : 16[ENC] parsed INFORMATIONAL response 69 [ ]
02-23 01:37:31.518  5928  5951 I eris    : 16[DMN] update {event 3, error 0, ike_error 0} for conn[2]
02-23 01:37:31.518  5928  5951 I eris    : 16[DMN] [eris_interface] send_status 
02-23 01:37:31.519  4149  5925 I ErisClient -- ErisClient: getConnectionEventFromDaemonEvent()
02-23 01:37:31.519  4149  5925 I ErisClient -- ErisClient: parseDaemonResponse() {"msgType":4,"msgData":{"stateCode":3,"errorCode":0,"ikeErrorCode":0,"backoffTimer":-1,"cid":2,"mIkeSrcPort":37653}}
02-23 01:37:31.519  4149  5925 I ErisClient -- ErisClient: getErisErrorFromDaemonError()
02-23 01:37:31.519  4149  5925 I ErisClient -- ErisClient: BACKOFF_TIMER = -1s
02-23 01:37:31.519  4149  5925 I ErisClient -- ErisClient: sendConnectionReport() conn = [2:ims] event = EVENT_CONNECTION_ACTIVE error = ERIS_OK
02-23 01:37:31.520  4149  5924 I EPDG -- [IPSECADAPTER_ERIS]: Retrieving context ID from the DataBase : [2:ims]
02-23 01:37:31.520  4149  5924 I EPDG -- [IPSECADAPTER_ERIS]: onIpSecAdapterConnectionStatusChanged received : EVENT_CONNECTION_ACTIVE cid : 2
02-23 01:37:31.520  4149  5924 I EPDG -- [IPSECADAPTER_ERIS]: checkConnection wake lock release : IPSEC_EVENT_CONNECTION_ACTIVE
02-23 01:37:31.522  4149  5421 I EPDG -- SIM0 [EpdgHandler]: Event received: DPD_SUCCESS cid - 2
02-23 01:37:31.522  4149 16241 I EPDG -- SIM0 [IPSECDATACONNSM_HP]: Event received: DPD_SUCCESS
02-23 01:37:31.539  1084  1084 D io_stats: !@   8,0 r 38943329 478470036 w 16998695 210570484 d 3063265 97853436 f 292783 664031 iot 7415368 0 th 0 0 0 pt 0 inp 0 0 131185.454
02-23 01:37:31.622 25583 25653 I okhttp.OkHttpClient: <-- 200 https://gunduata.online/api/game/round/ (122ms)
02-23 01:37:31.622 25583 25653 I okhttp.OkHttpClient: server: nginx/1.24.0 (Ubuntu)
02-23 01:37:31.622 25583 25653 I okhttp.OkHttpClient: date: Sun, 22 Feb 2026 20:07:31 GMT
02-23 01:37:31.622 25583 25653 I okhttp.OkHttpClient: content-type: application/json
02-23 01:37:31.622 25583 25653 I okhttp.OkHttpClient: content-length: 720
02-23 01:37:31.622 25583 25653 I okhttp.OkHttpClient: vary: Accept, origin, Cookie
02-23 01:37:31.622 25583 25653 I okhttp.OkHttpClient: allow: GET, OPTIONS
02-23 01:37:31.622 25583 25653 I okhttp.OkHttpClient: x-frame-options: DENY
02-23 01:37:31.622 25583 25653 I okhttp.OkHttpClient: x-content-type-options: nosniff
02-23 01:37:31.622 25583 25653 I okhttp.OkHttpClient: referrer-policy: same-origin
02-23 01:37:31.622 25583 25653 I okhttp.OkHttpClient: cross-origin-opener-policy: same-origin
02-23 01:37:31.622 25583 25653 I okhttp.OkHttpClient: access-control-allow-origin: *
02-23 01:37:31.622 25583 25653 I okhttp.OkHttpClient: access-control-allow-methods: GET, POST, OPTIONS, PUT, DELETE
02-23 01:37:31.622 25583 25653 I okhttp.OkHttpClient: access-control-allow-headers: DNT,User-Agent,X-Requested-With,If-Modified-Since,Cache-Control,Content-Type,Range,Authorization
02-23 01:37:31.623 25583 25653 I okhttp.OkHttpClient: {"type":"timer","round_id":"R1771790805","timer":0,"status":"RESULT","dice_result":"4,5","is_rolling":false,"server_time":1771790851,"end_time":1771790851,"total_round_duration":55,"betting_close_time":30,"dice_roll_time":38,"dice_result_time":43,"settings":{"dice_mode":"random","CHIP_VALUES":"[10, 50, 100, 500, 1000, 5000]","PAYOUT_RATIOS":"{\"1\": 1.0, \"2\": 2.0, \"3\": 3.0, \"4\": 4.0, \"5\": 5.0, \"6\": 6.0}","TOTAL_ROUND_DURATION":50,"RESULT_SELECTION_DURATION":8,"RESULT_DISPLAY_DURATION":5,"BETTING_CLOSE_TIME":30,"DICE_ROLL_TIME":38,"DICE_RESULT_TIME":43,"ROUND_END_TIME":55,"BETTING_DURATION":30},"dice_values":[4,5,4,5,5,4],"dice_1":4,"dice_2":5,"dice_3":4,"dice_4":5,"dice_5":5,"dice_6":4,"result":"4,5"}
02-23 01:37:31.623 25583 25653 I okhttp.OkHttpClient: <-- END HTTP (720-byte body)
02-23 01:37:31.624 25583 25583 D SessionManager: Syncing auth data to Unity PlayerPrefs for com.company.dicegame
02-23 01:37:31.631 25583 25583 D SessionManager: Sent TOKEN_UPDATE broadcast for Unity
02-23 01:37:32.135 25583 25653 I okhttp.OkHttpClient: --> GET https://gunduata.online/api/game/round/
02-23 01:37:32.136 25583 25653 I okhttp.OkHttpClient: --> END GET
02-23 01:37:32.142  1561 11172 I sensors-hal: handle_sns_client_event:375, [0][7104772] accel_sample [ 0.359,  0.196,  9.854] 193308423875799
02-23 01:37:32.215  1656  1656 I SurfaceFlinger: SFWD update time=131186130043183
02-23 01:37:32.246  2545  3784 I SemWifiCtlFeatureMediator: Trf ratio: 0.0% (0.02 / 135.60) v ( NR) || Query: BW true (false) 1.0 1.0 1.0 / NSS false (false) 1.0 1.0 1.0 
02-23 01:37:32.267 25583 25653 I okhttp.OkHttpClient: <-- 200 https://gunduata.online/api/game/round/ (130ms)
02-23 01:37:32.268 25583 25653 I okhttp.OkHttpClient: server: nginx/1.24.0 (Ubuntu)
02-23 01:37:32.268 25583 25653 I okhttp.OkHttpClient: date: Sun, 22 Feb 2026 20:07:32 GMT
02-23 01:37:32.268 25583 25653 I okhttp.OkHttpClient: content-type: application/json
02-23 01:37:32.268 25583 25653 I okhttp.OkHttpClient: content-length: 720
02-23 01:37:32.268 25583 25653 I okhttp.OkHttpClient: vary: Accept, origin, Cookie
02-23 01:37:32.269 25583 25653 I okhttp.OkHttpClient: allow: GET, OPTIONS
02-23 01:37:32.269 25583 25653 I okhttp.OkHttpClient: x-frame-options: DENY
02-23 01:37:32.269 25583 25653 I okhttp.OkHttpClient: x-content-type-options: nosniff
02-23 01:37:32.269 25583 25653 I okhttp.OkHttpClient: referrer-policy: same-origin
02-23 01:37:32.269 25583 25653 I okhttp.OkHttpClient: cross-origin-opener-policy: same-origin
02-23 01:37:32.269 25583 25653 I okhttp.OkHttpClient: access-control-allow-origin: *
02-23 01:37:32.269 25583 25653 I okhttp.OkHttpClient: access-control-allow-methods: GET, POST, OPTIONS, PUT, DELETE
02-23 01:37:32.269 25583 25653 I okhttp.OkHttpClient: access-control-allow-headers: DNT,User-Agent,X-Requested-With,If-Modified-Since,Cache-Control,Content-Type,Range,Authorization
02-23 01:37:32.270 25583 25653 I okhttp.OkHttpClient: {"type":"timer","round_id":"R1771790805","timer":0,"status":"RESULT","dice_result":"4,5","is_rolling":false,"server_time":1771790852,"end_time":1771790852,"total_round_duration":55,"betting_close_time":30,"dice_roll_time":38,"dice_result_time":43,"settings":{"dice_mode":"random","CHIP_VALUES":"[10, 50, 100, 500, 1000, 5000]","PAYOUT_RATIOS":"{\"1\": 1.0, \"2\": 2.0, \"3\": 3.0, \"4\": 4.0, \"5\": 5.0, \"6\": 6.0}","TOTAL_ROUND_DURATION":50,"RESULT_SELECTION_DURATION":8,"RESULT_DISPLAY_DURATION":5,"BETTING_CLOSE_TIME":30,"DICE_ROLL_TIME":38,"DICE_RESULT_TIME":43,"ROUND_END_TIME":55,"BETTING_DURATION":30},"dice_values":[4,5,4,5,5,4],"dice_1":4,"dice_2":5,"dice_3":4,"dice_4":5,"dice_5":5,"dice_6":4,"result":"4,5"}
02-23 01:37:32.270 25583 25653 I okhttp.OkHttpClient: <-- END HTTP (720-byte body)
02-23 01:37:32.274 25583 25583 D SessionManager: Syncing auth data to Unity PlayerPrefs for com.company.dicegame
02-23 01:37:32.286 25583 25583 D SessionManager: Sent TOKEN_UPDATE broadcast for Unity
02-23 01:37:32.584  1598 25639 I StatsHandler: [avcD_304] Stats: Pending(0) i/p-done(0) Works: Q: 1226/Done 1217|Work-Rate: Q(24.0/s Avg=24.5/s) Done(23.996/s Avg=24.325/s)| Stream: 24.00fps 937.3Kbps
02-23 01:37:32.584  1598 25639 I StatsHandler: [avcD_304] Mem-usage:  [In-1D: 11 bufs 88.000 MB] [1D-4261: 28 bufs 0.438 MB] [2D-4262: 17 bufs 11.422 MB] | Total: 99.859 MB
02-23 01:37:32.729  1561 15753 I sensors-hal: handle_sns_client_event:422, [0][33797] gyro_sample_cal(cal_available:1)(3) [-0.001, 0.001,-0.001] bias[ 0.002,-0.006,-0.007] 193309000249028
02-23 01:37:32.730  4149  4149 I EPDG -- SIM0 [SMARTWIFI]: isProfiling, hash=207076411, started=true
02-23 01:37:32.730  4149  4149 W Settings: Setting wifi_on has moved from android.provider.Settings.System to android.provider.Settings.Secure, returning read-only value.
02-23 01:37:32.730  4149  4149 W Settings: Setting wifi_on has moved from android.provider.Settings.Secure to android.provider.Settings.Global.
02-23 01:37:32.731  4149  4149 I EPDG -- SIM0 [SMARTWIFI]: isProfiling, hash=207076411, started=true
02-23 01:37:32.732  4149  4149 I EPDG -- SIM0 [SMARTWIFI]: Rssi : -59 highrange : -75 lowrange : -85 mIsRssiInHystersis : false
02-23 01:37:32.732  4149  4149 I EPDG -- SIM0 [SMARTWIFI]: Rssi : -58 highrange : -75 lowrange : -85 mIsRssiInHystersis : false
02-23 01:37:32.732  4149  4149 I EPDG -- SIM0 [SMARTWIFI]: getHandoverThresholdMet: value is: false
02-23 01:37:32.733  2545  3695 D ConnectivityService: notifyType CALLBACK_CAP_CHANGED for [149 WIFI]
02-23 01:37:32.733  2545 30708 D SemWifiUsabilityStatsMonitor: onWifiUsabilityStats - seqNum 32564, isSameBssidAndFreq true
02-23 01:37:32.738  2545  3783 I SemWifiLinkQualityMonitor: Link stat: 805 / 10 / 1.91 (21) / 288 / -58.0 || 100.0 : 288.00 / 0.5 : 0.52 / 0.55 : 0.01 / G (G) || 8a7c8fdb5200: 0.274 / 29.168 /  / N || N N / 0 / N 103.0 / N 0 / 131186650 0
02-23 01:37:32.739  2545  3737 D SemWifiApNsd:Client: lpInterface:wlan0
02-23 01:37:32.739  2545  3737 D SemWifiSwitchForIndividualAppsService: stopTCPMonitoring : already stopped
02-23 01:37:32.739  2545  3737 I WifiConnectivityMonitor.NCC: sNetworkCallback(oCC) FULL : 149(valid: true/captive: false)
02-23 01:37:32.740  2545  3737 I WifiConnectivityMonitor.NCC: [ Transports: WIFI Capabilities: NOT_METERED&INTERNET&NOT_RESTRICTED&TRUSTED&NOT_VPN&VALIDATED&NOT_ROAMING&FOREGROUND&NOT_CONGESTED&NOT_SUSPENDED&NOT_VCN_MANAGED&NOT_BANDWIDTH_CONSTRAINED LinkUpBandwidth>=18975Kbps LinkDnBandwidth>=24512Kbps TransportInfo: <SSID: <unknown ssid>, BSSID: 02:00:00:**:**:00, MAC: 02:00:00:**:**:00, IP: /192.***.*.4, Security type: 2, Supplicant state: COMPLETED, Wi-Fi standard: 11ax, RSSI: -58, Link speed: 288Mbps, Tx Link speed: 288Mbps, Max Supported Tx Link speed: 2401Mbps, Rx Link speed: 432Mbps, Max Supported Rx Link speed: 2401Mbps, Frequency: 5200MHz, Net ID: -1, Metered hint: false, score: 60, isUsable: true, CarrierMerged: false, SubscriptionId: -1, IsPrimary: 1, Trusted: true, Restricted: false, Ephemeral: false, OEM paid: false, OEM private: false, OSU AP: false, FQDN: <none>, Provider friendly name: <none>, Requesting package name: <none><none>MLO Information: , Is TID-To-Link negotiation supported by the AP: false, AP MLD Address: <none>, AP MLO Link Id: <none>, AP MLO Affiliated links: <none>, Vendor Data: <none>> SignalStrength: -58 AdminUids: [1000] SSID: "Airtel_FARM HOUSE" UnderlyingNetworks: Null]
02-23 01:37:32.740  2545  3812 D WifiConnectivityMonitor: HANDLE_ON_CAPABILITIES_CHANGED
02-23 01:37:32.742  2545  3812 I WifiConnectivityMonitor: determineMode : MODE_NON_SWITCHABLE_BY_POOR_NETWORK_DETECTION_DISABLED
02-23 01:37:32.742  2545  3812 D OpenNetworkQos[4.00]: updateBssidNoInternet: mBssidNoInternet = false
02-23 01:37:32.743  2545  3812 D OpenNetworkQos[4.00]: getOpenNetworkQosNoInternetStatus: false
02-23 01:37:32.743  2545  3812 D OpenNetworkQos[4.00]: getOpenNetworkQosScores: 30 30 25 
02-23 01:37:32.745  2545  3812 D KNOX_MDM_SettingsProvider: isChangeAllowed() : name = wifi_wcm_qos_sharing_score_summary
02-23 01:37:32.746  3940  4267 D WifiPickerTracker: updateWifiEntries capabilities
02-23 01:37:32.747  2545  3812 I WifiProfileShare: network QoS data was changed (internet), updateQoSData networkType: true, qosData: false
02-23 01:37:32.748  2545  4988 V WifiProfileShare.Caster: update wips network, size: 0
02-23 01:37:32.748  2545  4988 D WifiProfileShare: nearby scanning settings run
02-23 01:37:32.748  2545  4988 D WifiProfileShare: network score provider settings enabled
02-23 01:37:32.748  2545  4988 D OpenNetworkQos[4.00]: getOpenNetworkQosScores: 30 30 25 
02-23 01:37:32.748  2545  4988 D OpenNetworkQos[4.00]: getOpenNetworkQosNoInternetStatus: false
02-23 01:37:32.748  2545  4988 I WifiProfileShare.Caster: current network type: 0, score: [30, 30, 25]
02-23 01:37:32.749  2545  4988 V WifiProfileShare.Cache: update network score 24:de:8a:**:**:da
02-23 01:37:32.749  2545  4988 D WifiProfileShare.ScanMatcher: getMcfDataList size:2
02-23 01:37:32.749  2545  4988 I WifiProfileShare.Caster: qos data was updated , before:type:QOS, pBssid:a2:05:fe, qosData:7c after:type:QOS, pBssid:a2:05:fe, qosData:7c
02-23 01:37:32.750  2545  3737 D SemWifiApTrafficPriority: onCapabilitiesChanged Wifi:wlan0,mGapiValue:24.512Uplink: 18.975
02-23 01:37:32.750  2545  4988 I [MCFSDK_android_1.2.27006]_4_McfCasterImpl: isNetworkEnabled - type : 1 ret : true
02-23 01:37:32.750  2545  4988 D WifiProfileShare.McfCast: -ME--- mIsNetworkEnabled :true
02-23 01:37:32.750  2545  4988 D WifiProfileShare.McfCast: updateQoSData ignored, same contents
02-23 01:37:32.750  2545  4988 D WifiProfileShare.MCF: success update QosData !
02-23 01:37:32.750  2545  4988 I [MCFSDK_android_1.2.27006]_4_McfCasterImpl: isNetworkEnabled - type : 1 ret : true
02-23 01:37:32.750  2545  4988 D WifiProfileShare.McfCast: -ME--- mIsNetworkEnabled :true
02-23 01:37:32.750  2545  4988 D WifiProfileShare.McfCast: -ME--- updatePasswordDate pwdData size:2
02-23 01:37:32.753  4239  5688 D txpwrJni: sendNetworkInfo start
02-23 01:37:32.753  4239  5688 D txpwrJni: sendNetworkInfo RatType 0
02-23 01:37:32.765  7072  7872 I HBD     : i onCapabilitiesChanged network : 149 current network state : wifi 
02-23 01:37:32.770  3940  4267 D WifiPickerTracker: update AutoHotspot Entries() : bleAccessPoints -> 0
02-23 01:37:32.770  3940  4267 D WifiPickerTracker: handleNetworkCapabilitiesChanged
02-23 01:37:32.777  7121  8254 I BugleRcsEngine: handleMessage processing message:[NOTIFY_UPTIME_IGNORE_STATE_CHANGED] with [non-null]:RcsEngineImpl reference [CONTEXT log_prefix="RcsEngineImpl[DUAL_REG]:[e8ca6e42-b8cf]>Handler" thread_id=162 ]
02-23 01:37:32.779  7121  8050 I BugleRcsEngine: Connected state: [1], networkType: [WIFI] [CONTEXT thread_id=158 ]
02-23 01:37:32.779  9524 10893 I NullBinder: NullBinder for android.net.action.RECOMMEND_NETWORKS triggering remote TransactionTooLargeException due to Service without Chimera impl, calling uid: 1000, calling pid: 0
02-23 01:37:32.779  9524 10893 W .gms.persistent: Large reply transaction of 1056768 bytes, interface descriptor , code 1
02-23 01:37:32.784  1561 16539 I sensors-hal: handle_sns_client_event:341, [78684] mag_sample_cal(magcal_available:1): ts=193309012206111 ns; cal = [-36.424225, -5.587616, -41.710072], uncal = [-63.664227, -85.927612, -81.550072], bias = [-27.240000, -80.339996, -39.840000], status=3
02-23 01:37:32.790 25583 25653 I okhttp.OkHttpClient: --> GET https://gunduata.online/api/game/round/
02-23 01:37:32.790 25583 25653 I okhttp.OkHttpClient: --> END GET
02-23 01:37:32.792  2545  3801 D SGM:GameManager: identifyGamePackage. com.sikwin.app, mCurrentUserId: 0, callerUserId: 0, callingMethodInfo: com.samsung.android.game.SemGameManager.isGamePackage(SemGameManager.java:105)
02-23 01:37:32.792  2545  3801 D SGM:SemGameManager: isGamePackage(), pkgName=com.sikwin.app, ret=false
02-23 01:37:32.793 26022 26037 D txpwrJni: sendNetworkInfo start
02-23 01:37:32.794 26022 26037 D txpwrJni: sendNetworkInfo RatType 0
02-23 01:37:32.797  2545  3804 D SemApeService: Deducted link capacity (M: R=302 T=201) RSSI=-58
02-23 01:37:32.797  2545  3804 D SemApeService: Deducted link capacity (M: R=302 T=201) on (wlan0) GoogleAPI(M: R=24 T=18) RSSI=-58 isDefault=false isMlo=false
02-23 01:37:32.867  7072  7072 I HBD     : i onCapabilityChanged  setNetworkState currentNetworkState : wifi 
02-23 01:37:32.938  7298  7298 I SDHMS:LOAD: type: LoadsFreqs, value: 0:37:4:708863:902400:672000:818687:3148800:499200:231:231:231
02-23 01:37:32.940 25583 25653 I okhttp.OkHttpClient: <-- 200 https://gunduata.online/api/game/round/ (149ms)
02-23 01:37:32.940 25583 25653 I okhttp.OkHttpClient: server: nginx/1.24.0 (Ubuntu)
02-23 01:37:32.941 25583 25653 I okhttp.OkHttpClient: date: Sun, 22 Feb 2026 20:07:33 GMT
02-23 01:37:32.941 25583 25653 I okhttp.OkHttpClient: content-type: application/json
02-23 01:37:32.941 25583 25653 I okhttp.OkHttpClient: content-length: 720
02-23 01:37:32.941 25583 25653 I okhttp.OkHttpClient: vary: Accept, origin, Cookie
02-23 01:37:32.942 25583 25653 I okhttp.OkHttpClient: allow: GET, OPTIONS
02-23 01:37:32.942 25583 25653 I okhttp.OkHttpClient: x-frame-options: DENY
02-23 01:37:32.942 25583 25653 I okhttp.OkHttpClient: x-content-type-options: nosniff
02-23 01:37:32.942 25583 25653 I okhttp.OkHttpClient: referrer-policy: same-origin
02-23 01:37:32.943 25583 25653 I okhttp.OkHttpClient: cross-origin-opener-policy: same-origin
02-23 01:37:32.943 25583 25653 I okhttp.OkHttpClient: access-control-allow-origin: *
02-23 01:37:32.943 25583 25653 I okhttp.OkHttpClient: access-control-allow-methods: GET, POST, OPTIONS, PUT, DELETE
02-23 01:37:32.943 25583 25653 I okhttp.OkHttpClient: access-control-allow-headers: DNT,User-Agent,X-Requested-With,If-Modified-Since,Cache-Control,Content-Type,Range,Authorization
02-23 01:37:32.945 25583 25653 I okhttp.OkHttpClient: {"type":"timer","round_id":"R1771790805","timer":0,"status":"RESULT","dice_result":"4,5","is_rolling":false,"server_time":1771790852,"end_time":1771790852,"total_round_duration":55,"betting_close_time":30,"dice_roll_time":38,"dice_result_time":43,"settings":{"dice_mode":"random","CHIP_VALUES":"[10, 50, 100, 500, 1000, 5000]","PAYOUT_RATIOS":"{\"1\": 1.0, \"2\": 2.0, \"3\": 3.0, \"4\": 4.0, \"5\": 5.0, \"6\": 6.0}","TOTAL_ROUND_DURATION":50,"RESULT_SELECTION_DURATION":8,"RESULT_DISPLAY_DURATION":5,"BETTING_CLOSE_TIME":30,"DICE_ROLL_TIME":38,"DICE_RESULT_TIME":43,"ROUND_END_TIME":55,"BETTING_DURATION":30},"dice_values":[4,5,4,5,5,4],"dice_1":4,"dice_2":5,"dice_3":4,"dice_4":5,"dice_5":5,"dice_6":4,"result":"4,5"}
02-23 01:37:32.945 25583 25653 I okhttp.OkHttpClient: <-- END HTTP (720-byte body)
02-23 01:37:32.949 25583 25583 D SessionManager: Syncing auth data to Unity PlayerPrefs for com.company.dicegame
02-23 01:37:32.953  1561 16542 I sensors-hal: handle_sns_std_sensor_event:158, [39347] Pressure 1004.235, cal -0.289, sw_offset 0.000 (lsb(bit) 0x2c 0xbf 0x3e)
02-23 01:37:32.965 25583 25583 D SessionManager: Sent TOKEN_UPDATE broadcast for Unity
02-23 01:37:33.031  1647  1658 D HeatmapThread: wait_for_battery_event : occured : change@/devices/platform/samsung_mobile_device/samsung_mobile_device:battery/power_supply/battery 
02-23 01:37:33.032  1647  1658 I HeatmapThread: Heatmap battery event
02-23 01:37:33.033  1647  1658 D HeatmapThread: !@ batteryplugType : 2
02-23 01:37:33.033  1647  1658 D HeatmapThread: !@ batteryLevel : 64  batteryTemperature : 363 
02-23 01:37:33.033  1647  1658 D HeatmapThread: !@ Heatmap currtime: 29529847
02-23 01:37:33.033  1647  1658 D HeatmapThread: !@ Heatmap prevtime: 29529823
02-23 01:37:33.033  1647  1658 D HeatmapThread: !@ Heatmap plugstarttime: 29529842
02-23 01:37:33.037  1600  1633 E BatteryDump: !@new_battery_dump : 4073,835,1200,1800,64,363,338,426,363,0,388,426,0,Charging,NO_CHARGING,Normal,Good,PDIC,0,Normal,0,0,9300,0x8000,0x10010000,0x0,0,0,0000,0000,ffff0700,0,0,0,0,625,4028,6490,1000,0,
02-23 01:37:33.040  2545  6899 D [SS]BattFunctions: [sendRemainingChargingTimeChangedIntent]remainingChargingTime:1698 ,mLastRemainingChargingTime:1709
02-23 01:37:33.041  1615  1615 I seh_thermal_service: getTemperaturesWithType SehTemperatureType: 3
02-23 01:37:33.041  1600  1600 I sehhealth-service: updateLrpSysfs: write: 386
02-23 01:37:33.043  3940  3940 I AODBatteryManager: updateBatteryData: ACTION_BATTERY_CHANGED
02-23 01:37:33.043  3940  3940 I ChargingInfoManager: updateChargingInfo: newState = AOD ChargingInfo [mState=BATTERY_AND_REMAIN_TIME, mIsCharging=true, mIsPlugged=true, mIsFullyCharged=false, mIsBatteryProtectMode=false, mBetteryLevel=64, mBetteryProtectModeType1, mIsSlowChargingfalse], oldState = AOD ChargingInfo [mState=BATTERY_AND_REMAIN_TIME, mIsCharging=true, mIsPlugged=true, mIsFullyCharged=false, mIsBatteryProtectMode=false, mBetteryLevel=64, mBetteryProtectModeType1, mIsSlowChargingfalse]
02-23 01:37:33.043  3940  3940 D PowerUI : Charging time is changed, check charging notification
02-23 01:37:33.044  3940  3940 D PowerUI.Notification: showChargingNotice - User swipe charging notification, so return!
02-23 01:37:33.279  9524 22268 I NearbySharing: Network state changed: NetworkState(isRestricted=false, isOnline=true, isCongested=false, isMetered=false, isWifiConnected=true)
02-23 01:37:33.479 25583 25653 I okhttp.OkHttpClient: --> GET https://gunduata.online/api/game/round/
02-23 01:37:33.479 25583 25653 I okhttp.OkHttpClient: --> END GET
02-23 01:37:33.516  1561  6774 I sensors-hal: handle_sns_std_sensor_event:131, [SSC_LIGHT] A: 0(12),c:0,b:25,m:13,cl:0,l:11,s:0,l0:1824,l1:0,s0:0,s1:0,acl:1,opr:0.22,f(r):87,u(bl):100,if:0,wi:2,si:0,po:149(N:0)
02-23 01:37:33.516  1561 15737 I sensors-hal: handle_sns_std_sensor_event:409, [SSC_LIGHT] P: 0(12),c:0,b:25,m:13,cl:0,l:11,s:0,l0:1824,l1:0,s0:0,s1:0,acl:1,opr:0.22,f(r):87,u(bl):100,if:0,wi:2,si:0,po:149(N:0)
02-23 01:37:33.540  1084  1084 D io_stats: !@   8,0 r 38943335 478470060 w 16998850 210572148 d 3063265 97853436 f 292783 664031 iot 7415424 0 th 0 0 0 pt 0 inp 0 0 131187.455
02-23 01:37:33.540  1084  1084 D io_stats: !@ Read_top(KB): system_server(2545) 28 kworker/u16:0(19871) 24 ding:background(22805) 4
02-23 01:37:33.540  1084  1084 D io_stats: !@ Write_top(KB): kworker/u16:0(19871) 1608 system_server(2545) 332 f2fs_ckpt-254:5(1247) 268
02-23 01:37:33.694 25583 25653 I okhttp.OkHttpClient: <-- 200 https://gunduata.online/api/game/round/ (213ms)
02-23 01:37:33.695 25583 25653 I okhttp.OkHttpClient: server: nginx/1.24.0 (Ubuntu)
02-23 01:37:33.695 25583 25653 I okhttp.OkHttpClient: date: Sun, 22 Feb 2026 20:07:33 GMT
02-23 01:37:33.696 25583 25653 I okhttp.OkHttpClient: content-type: application/json
02-23 01:37:33.696 25583 25653 I okhttp.OkHttpClient: content-length: 720
02-23 01:37:33.697 25583 25653 I okhttp.OkHttpClient: vary: Accept, origin, Cookie
02-23 01:37:33.697 25583 25653 I okhttp.OkHttpClient: allow: GET, OPTIONS
02-23 01:37:33.698 25583 25653 I okhttp.OkHttpClient: x-frame-options: DENY
02-23 01:37:33.698 25583 25653 I okhttp.OkHttpClient: x-content-type-options: nosniff
02-23 01:37:33.699 25583 25653 I okhttp.OkHttpClient: referrer-policy: same-origin
02-23 01:37:33.699 25583 25653 I okhttp.OkHttpClient: cross-origin-opener-policy: same-origin
02-23 01:37:33.700 25583 25653 I okhttp.OkHttpClient: access-control-allow-origin: *
02-23 01:37:33.700 25583 25653 I okhttp.OkHttpClient: access-control-allow-methods: GET, POST, OPTIONS, PUT, DELETE
02-23 01:37:33.700 25583 25653 I okhttp.OkHttpClient: access-control-allow-headers: DNT,User-Agent,X-Requested-With,If-Modified-Since,Cache-Control,Content-Type,Range,Authorization
02-23 01:37:33.702 25583 25653 I okhttp.OkHttpClient: {"type":"timer","round_id":"R1771790805","timer":0,"status":"RESULT","dice_result":"4,5","is_rolling":false,"server_time":1771790853,"end_time":1771790853,"total_round_duration":55,"betting_close_time":30,"dice_roll_time":38,"dice_result_time":43,"settings":{"dice_mode":"random","CHIP_VALUES":"[10, 50, 100, 500, 1000, 5000]","PAYOUT_RATIOS":"{\"1\": 1.0, \"2\": 2.0, \"3\": 3.0, \"4\": 4.0, \"5\": 5.0, \"6\": 6.0}","TOTAL_ROUND_DURATION":50,"RESULT_SELECTION_DURATION":8,"RESULT_DISPLAY_DURATION":5,"BETTING_CLOSE_TIME":30,"DICE_ROLL_TIME":38,"DICE_RESULT_TIME":43,"ROUND_END_TIME":55,"BETTING_DURATION":30},"dice_values":[4,5,4,5,5,4],"dice_1":4,"dice_2":5,"dice_3":4,"dice_4":5,"dice_5":5,"dice_6":4,"result":"4,5"}
02-23 01:37:33.702 25583 25653 I okhttp.OkHttpClient: <-- END HTTP (720-byte body)
02-23 01:37:33.708 25583 25583 D SessionManager: Syncing auth data to Unity PlayerPrefs for com.company.dicegame
02-23 01:37:33.726 25583 25583 D SessionManager: Sent TOKEN_UPDATE broadcast for Unity
02-23 01:37:33.801 12798 12924 I TapTracker: 1.3) Sensor update info : 02/23_01:37:33, 0.340 , 0.201, 9.811
02-23 01:37:33.996  1561 21525 I sensors-hal: handle_sns_std_sensor_event:90, light_cct: ts = 193310275614653 ns; value = [13, 0, 34, 57, 0, 25, 0, 0, 2112, 0]
02-23 01:37:34.143  1561 11172 I sensors-hal: handle_sns_client_event:375, [0][7105728] accel_sample [ 0.086,  0.105,  9.968] 193310425193767
02-23 01:37:34.175  2415 14926 D LOWI-9.0.1.74: [LOWI-Scan] wait_event:Wait done with Cmd 103
02-23 01:37:34.176  2415 14926 D LOWI-9.0.1.74: [LOWI-Scan] do_listen_events: Rcvd valid Netlink Cmd 0 Err 0
02-23 01:37:34.176  1563 14924 I WifiHAL : event received NL80211_CMD_VENDOR, vendor_id = 0x1374, subcmd = 0xb6
02-23 01:37:34.176  2173  2173 I cnss-daemon: nl80211 response handler invoked
02-23 01:37:34.176  2173  2173 I cnss-daemon: nl80211_response_handler: cmd 103, vendorID 4980, subcmd 182  received
02-23 01:37:34.198  1548  1573 D vendor.qti.hardware.bttpi-impl: setTpiParams: reqType:38, size:24
02-23 01:37:34.198  1548  1573 D vendor.qti.hardware.bttpi-impl: sendFragment: pendingReq(38), nextSeqNum(0), remainingLen(24)
02-23 01:37:34.198  1548  1573 D vendor.qti.hardware.bttpi-impl: sendDataToController:
02-23 01:37:34.198  1548  1573 D vendor.qti.hardware.bttpi-impl: sendDataToController: sending VS cmd, starting timer
02-23 01:37:34.198  1548  1573 D vendor.qti.hardware.bttpi-impl: BtTpiTimerStart: is_timer_created=1
02-23 01:37:34.198  1548  1573 D vendor.qti.bluetooth@1.1-data_handler: SendBtTpiData
02-23 01:37:34.198  1548  1573 D vendor.qti.bluetooth@1.1-data_handler: isProtocolInitialized:
02-23 01:37:34.198  1548  1573 I vendor.qti.bluetooth@1.1-data_handler: isProtocolInitialized: status:1
02-23 01:37:34.198  1548  1573 D vendor.qti.bluetooth@1.1-ibs_handler: SerialClockVote: vote for UART CLK ON
02-23 01:37:34.200  1548  1573 D vendor.qti.bluetooth@1.1-wake_lock: Acquire wakelock is acquired 
02-23 01:37:34.200  1548  1573 I vendor.qti.bluetooth@1.1-ibs_handler: DeviceWakeUp: Writing IBS_WAKE_IND
02-23 01:37:34.205  1548  5100 I vendor.qti.bluetooth@1.1-ibs_handler: ProcessIbsCmd: Received IBS_WAKE_ACK: 0xFC
02-23 01:37:34.205  1548  5100 I vendor.qti.bluetooth@1.1-ibs_handler: ProcessIbsCmd: Signal wack_cond_
02-23 01:37:34.205  1548  1573 D vendor.qti.bluetooth@1.1-ibs_handler: DeviceWakeUp: Unblocked from waiting for FC, pthread_cond_timedwait ret = 0
02-23 01:37:34.206  1548  1573 D vendor.qti.hardware.bttpi-impl: sendDataToController: Command is sent
02-23 01:37:34.207  1548  5100 I vendor.qti.bluetooth@1.1-ibs_handler: ProcessIbsCmd: Received IBS_WAKE_IND: 0xFD
02-23 01:37:34.207  1548  5100 I vendor.qti.bluetooth@1.1-ibs_handler: ProcessIbsCmd: Writing IBS_WAKE_ACK
02-23 01:37:34.214  1548  5100 D vendor.qti.bluetooth@1.1-data_handler: isBtTpiEvent: cmd_opcode: fcda cmd_subopcode: 26 opcode: fcda subopcode: 26
02-23 01:37:34.214  1548  5100 D vendor.qti.bluetooth@1.1-data_handler: isBtTpiEvent: true
02-23 01:37:34.214  1548  5100 D vendor.qti.hardware.bttpi-impl: operator(): HCI event received. Status(00)
02-23 01:37:34.215  1548  5100 D vendor.qti.hardware.bttpi-impl: BtTpiTimerStop: is_timer_created= 1
02-23 01:37:34.239 25583 25653 I okhttp.OkHttpClient: --> GET https://gunduata.online/api/game/round/
02-23 01:37:34.240 25583 25653 I okhttp.OkHttpClient: --> END GET
02-23 01:37:34.259  1548  5100 I vendor.qti.bluetooth@1.1-ibs_handler: ProcessIbsCmd: Received IBS_SLEEP_IND: 0xFE
02-23 01:37:34.372 25583 25653 I okhttp.OkHttpClient: <-- 200 https://gunduata.online/api/game/round/ (131ms)
02-23 01:37:34.372 25583 25653 I okhttp.OkHttpClient: server: nginx/1.24.0 (Ubuntu)
02-23 01:37:34.373 25583 25653 I okhttp.OkHttpClient: date: Sun, 22 Feb 2026 20:07:34 GMT
02-23 01:37:34.373 25583 25653 I okhttp.OkHttpClient: content-type: application/json
02-23 01:37:34.373 25583 25653 I okhttp.OkHttpClient: content-length: 720
02-23 01:37:34.374 25583 25653 I okhttp.OkHttpClient: vary: Accept, origin, Cookie
02-23 01:37:34.374 25583 25653 I okhttp.OkHttpClient: allow: GET, OPTIONS
02-23 01:37:34.374 25583 25653 I okhttp.OkHttpClient: x-frame-options: DENY
02-23 01:37:34.375 25583 25653 I okhttp.OkHttpClient: x-content-type-options: nosniff
02-23 01:37:34.375 25583 25653 I okhttp.OkHttpClient: referrer-policy: same-origin
02-23 01:37:34.375 25583 25653 I okhttp.OkHttpClient: cross-origin-opener-policy: same-origin
02-23 01:37:34.376 25583 25653 I okhttp.OkHttpClient: access-control-allow-origin: *
02-23 01:37:34.376 25583 25653 I okhttp.OkHttpClient: access-control-allow-methods: GET, POST, OPTIONS, PUT, DELETE
02-23 01:37:34.376 25583 25653 I okhttp.OkHttpClient: access-control-allow-headers: DNT,User-Agent,X-Requested-With,If-Modified-Since,Cache-Control,Content-Type,Range,Authorization
02-23 01:37:34.377 25583 25653 I okhttp.OkHttpClient: {"type":"timer","round_id":"R1771790805","timer":0,"status":"RESULT","dice_result":"4,5","is_rolling":false,"server_time":1771790854,"end_time":1771790854,"total_round_duration":55,"betting_close_time":30,"dice_roll_time":38,"dice_result_time":43,"settings":{"dice_mode":"random","CHIP_VALUES":"[10, 50, 100, 500, 1000, 5000]","PAYOUT_RATIOS":"{\"1\": 1.0, \"2\": 2.0, \"3\": 3.0, \"4\": 4.0, \"5\": 5.0, \"6\": 6.0}","TOTAL_ROUND_DURATION":50,"RESULT_SELECTION_DURATION":8,"RESULT_DISPLAY_DURATION":5,"BETTING_CLOSE_TIME":30,"DICE_ROLL_TIME":38,"DICE_RESULT_TIME":43,"ROUND_END_TIME":55,"BETTING_DURATION":30},"dice_values":[4,5,4,5,5,4],"dice_1":4,"dice_2":5,"dice_3":4,"dice_4":5,"dice_5":5,"dice_6":4,"result":"4,5"}
02-23 01:37:34.378 25583 25653 I okhttp.OkHttpClient: <-- END HTTP (720-byte body)
02-23 01:37:34.407 25583 25583 D SessionManager: Syncing auth data to Unity PlayerPrefs for com.company.dicegame
02-23 01:37:34.413  2545  4948 D FreecessController: com.sec.android.gallery3d(10130) is important[2]
02-23 01:37:34.421 25583 25583 D SessionManager: Sent TOKEN_UPDATE broadcast for Unity
02-23 01:37:34.739  1561 15753 I sensors-hal: handle_sns_client_event:422, [0][33893] gyro_sample_cal(cal_available:1)(3) [-0.004, 0.012, 0.003] bias[ 0.002,-0.006,-0.007] 193311009940174
02-23 01:37:34.778  9524  9524 D BoundBrokerSvc: onUnbind: Intent { act=com.google.android.gms.common.telemetry.service.START dat=chimera-action:/... cmp=com.google.android.gms/.chimera.PersistentApiService }
02-23 01:37:34.779  1561 16539 I sensors-hal: handle_sns_client_event:341, [78704] mag_sample_cal(magcal_available:1): ts=193311012206111 ns; cal = [-36.850174, -6.012215, -41.855579], uncal = [-64.090172, -86.352211, -81.695580], bias = [-27.240000, -80.339996, -39.840000], status=3
02-23 01:37:34.884  7298  7891 I SDHMS:x : SIOP:: AP:423 BAT:363 USB:338 CHG:426 PA:418 WIFI:412 CF:386 BLK:0 SUBBAT:0 LRPTHM:379 SKIN:384 SKINF:364 SKINB:384 LRP2:384 LRF2:364 LRB2:384 AP2:383 CHG2:379 WIFI2:384 RCV2:359 SPK2:324 FCAM:338 UPSPK:388 DNSPK:338 VAP02:428 VWIFI:418 AMB2:280 AVGCUR:903 AVGSYS:457 POWER:3652
02-23 01:37:34.887  7298  7398 I SDHMS:N0: p2p-if:: false, , 
02-23 01:37:34.930 25583 25653 I okhttp.OkHttpClient: --> GET https://gunduata.online/api/game/round/
02-23 01:37:34.930 25583 25653 I okhttp.OkHttpClient: --> END GET
02-23 01:37:34.953  1561 16542 I sensors-hal: handle_sns_std_sensor_event:158, [39357] Pressure 1004.232, cal -0.289, sw_offset 0.000 (lsb(bit) 0xf3 0xbe 0x3e)
02-23 01:37:35.068 25583 25653 I okhttp.OkHttpClient: <-- 200 https://gunduata.online/api/game/round/ (137ms)
02-23 01:37:35.068 25583 25653 I okhttp.OkHttpClient: server: nginx/1.24.0 (Ubuntu)
02-23 01:37:35.069 25583 25653 I okhttp.OkHttpClient: date: Sun, 22 Feb 2026 20:07:35 GMT
02-23 01:37:35.069 25583 25653 I okhttp.OkHttpClient: content-type: application/json
02-23 01:37:35.069 25583 25653 I okhttp.OkHttpClient: content-length: 720
02-23 01:37:35.070 25583 25653 I okhttp.OkHttpClient: vary: Accept, origin, Cookie
02-23 01:37:35.070 25583 25653 I okhttp.OkHttpClient: allow: GET, OPTIONS
02-23 01:37:35.070 25583 25653 I okhttp.OkHttpClient: x-frame-options: DENY
02-23 01:37:35.070 25583 25653 I okhttp.OkHttpClient: x-content-type-options: nosniff
02-23 01:37:35.071 25583 25653 I okhttp.OkHttpClient: referrer-policy: same-origin
02-23 01:37:35.071 25583 25653 I okhttp.OkHttpClient: cross-origin-opener-policy: same-origin
02-23 01:37:35.071 25583 25653 I okhttp.OkHttpClient: access-control-allow-origin: *
02-23 01:37:35.072 25583 25653 I okhttp.OkHttpClient: access-control-allow-methods: GET, POST, OPTIONS, PUT, DELETE
02-23 01:37:35.072 25583 25653 I okhttp.OkHttpClient: access-control-allow-headers: DNT,User-Agent,X-Requested-With,If-Modified-Since,Cache-Control,Content-Type,Range,Authorization
02-23 01:37:35.073 25583 25653 I okhttp.OkHttpClient: {"type":"timer","round_id":"R1771790805","timer":0,"status":"RESULT","dice_result":"4,5","is_rolling":false,"server_time":1771790854,"end_time":1771790854,"total_round_duration":55,"betting_close_time":30,"dice_roll_time":38,"dice_result_time":43,"settings":{"dice_mode":"random","CHIP_VALUES":"[10, 50, 100, 500, 1000, 5000]","PAYOUT_RATIOS":"{\"1\": 1.0, \"2\": 2.0, \"3\": 3.0, \"4\": 4.0, \"5\": 5.0, \"6\": 6.0}","TOTAL_ROUND_DURATION":50,"RESULT_SELECTION_DURATION":8,"RESULT_DISPLAY_DURATION":5,"BETTING_CLOSE_TIME":30,"DICE_ROLL_TIME":38,"DICE_RESULT_TIME":43,"ROUND_END_TIME":55,"BETTING_DURATION":30},"dice_values":[4,5,4,5,5,4],"dice_1":4,"dice_2":5,"dice_3":4,"dice_4":5,"dice_5":5,"dice_6":4,"result":"4,5"}
02-23 01:37:35.073 25583 25653 I okhttp.OkHttpClient: <-- END HTTP (720-byte body)
02-23 01:37:35.077 25583 25583 D SessionManager: Syncing auth data to Unity PlayerPrefs for com.company.dicegame
02-23 01:37:35.093 25583 25583 D SessionManager: Sent TOKEN_UPDATE broadcast for Unity
02-23 01:37:35.206  1548  5104 I vendor.qti.bluetooth@1.1-ibs_handler: DeviceSleep: TX Awake, Sending SLEEP_IND
02-23 01:37:35.206  1548  5104 D vendor.qti.bluetooth@1.1-ibs_handler: SerialClockVote: vote for UART CLK OFF
02-23 01:37:35.239 25583 25628 D BufferPoolAccessor2.0: bufferpool2 0xb400007be3f1b838 : 11(92274688 size) total buffers - 10(83886080 size) used buffers - 1281/1292 (recycle/alloc) - 11/1288 (fetch/transfer)
02-23 01:37:35.259  2545  3784 I SemWifiCtlFeatureMediator: Trf ratio: 0.0% (0.02 / 103.32) v ( NR) || Query: BW false (false) 0.7 0.5 1.0 / NSS false (false) 1.0 1.0 1.0 
02-23 01:37:35.357  1548  4571 D vendor.qti.bluetooth@1.1-wake_lock: Release wakelock is released 
02-23 01:37:35.514  9524 22268 I NearbyMediums: No BLE Fast/GATT advertisements found in the latest cycle.
02-23 01:37:35.514  9524 22268 I NearbyMediums: Current Tracked Scanning Clients are : {NearbyConnections.EnvironmentMonitor, NearbySharing, NearbyConnections.TxAdvertisement}
02-23 01:37:35.541  1084  1084 D io_stats: !@   8,0 r 38943337 478470068 w 16998893 210572632 d 3063265 97853436 f 292783 664031 iot 7415472 0 th 0 0 0 pt 0 inp 0 0 131189.456
02-23 01:37:35.617 25583 25653 I okhttp.OkHttpClient: --> GET https://gunduata.online/api/game/round/
02-23 01:37:35.618 25583 25653 I okhttp.OkHttpClient: --> END GET
02-23 01:37:35.736 25583 25653 I okhttp.OkHttpClient: <-- 200 https://gunduata.online/api/game/round/ (117ms)
02-23 01:37:35.736 25583 25653 I okhttp.OkHttpClient: server: nginx/1.24.0 (Ubuntu)
02-23 01:37:35.736 25583 25653 I okhttp.OkHttpClient: date: Sun, 22 Feb 2026 20:07:36 GMT
02-23 01:37:35.739 25583 25653 I okhttp.OkHttpClient: content-type: application/json
02-23 01:37:35.739 25583 25653 I okhttp.OkHttpClient: content-length: 720
02-23 01:37:35.739 25583 25653 I okhttp.OkHttpClient: vary: Accept, origin, Cookie
02-23 01:37:35.739 25583 25653 I okhttp.OkHttpClient: allow: GET, OPTIONS
02-23 01:37:35.740 25583 25653 I okhttp.OkHttpClient: x-frame-options: DENY
02-23 01:37:35.740 25583 25653 I okhttp.OkHttpClient: x-content-type-options: nosniff
02-23 01:37:35.740 25583 25653 I okhttp.OkHttpClient: referrer-policy: same-origin
02-23 01:37:35.740 25583 25653 I okhttp.OkHttpClient: cross-origin-opener-policy: same-origin
02-23 01:37:35.741 25583 25653 I okhttp.OkHttpClient: access-control-allow-origin: *
02-23 01:37:35.741 25583 25653 I okhttp.OkHttpClient: access-control-allow-methods: GET, POST, OPTIONS, PUT, DELETE
02-23 01:37:35.741 25583 25653 I okhttp.OkHttpClient: access-control-allow-headers: DNT,User-Agent,X-Requested-With,If-Modified-Since,Cache-Control,Content-Type,Range,Authorization
02-23 01:37:35.747 25583 25653 I okhttp.OkHttpClient: {"type":"timer","round_id":"R1771790805","timer":0,"status":"RESULT","dice_result":"4,5","is_rolling":false,"server_time":1771790855,"end_time":1771790855,"total_round_duration":55,"betting_close_time":30,"dice_roll_time":38,"dice_result_time":43,"settings":{"dice_mode":"random","CHIP_VALUES":"[10, 50, 100, 500, 1000, 5000]","PAYOUT_RATIOS":"{\"1\": 1.0, \"2\": 2.0, \"3\": 3.0, \"4\": 4.0, \"5\": 5.0, \"6\": 6.0}","TOTAL_ROUND_DURATION":50,"RESULT_SELECTION_DURATION":8,"RESULT_DISPLAY_DURATION":5,"BETTING_CLOSE_TIME":30,"DICE_ROLL_TIME":38,"DICE_RESULT_TIME":43,"ROUND_END_TIME":55,"BETTING_DURATION":30},"dice_values":[4,5,4,5,5,4],"dice_1":4,"dice_2":5,"dice_3":4,"dice_4":5,"dice_5":5,"dice_6":4,"result":"4,5"}
02-23 01:37:35.747 25583 25653 I okhttp.OkHttpClient: <-- END HTTP (720-byte body)
02-23 01:37:35.765  4149  4149 I EPDG -- SIM0 [SMARTWIFI]: isProfiling, hash=207076411, started=true
02-23 01:37:35.766  4149  4149 W Settings: Setting wifi_on has moved from android.provider.Settings.System to android.provider.Settings.Secure, returning read-only value.
02-23 01:37:35.766  4149  4149 W Settings: Setting wifi_on has moved from android.provider.Settings.Secure to android.provider.Settings.Global.
02-23 01:37:35.766  4149  4149 I EPDG -- SIM0 [SMARTWIFI]: isProfiling, hash=207076411, started=true
