02-19 02:50:59.412  6075 31079 I PlayGamesServices[GamesSyncAdapter]: Sync duration for 11f4c113: 1
02-19 02:50:59.413  6075 30960 I PlayGamesServices[GamesSyncAdapter]: Starting sync for 7b2ac37e
02-19 02:50:59.414  5356 30056 I NetworkScheduler.Stats: (REDACTED) Task %s/%s started execution. cause:%s exec_start_elapsed_seconds: %s
02-19 02:50:59.415  6075 30960 I PlayGamesServices[GamesSyncAdapter]: Sync duration for 7b2ac37e: 1
02-19 02:50:59.419  1554 29929 I sensors-hal: handle_sns_client_event:422, [0][4843] gyro_sample_cal(cal_available:1)(3) [-0.001, 0.001,-0.000] bias[ 0.002,-0.005,-0.007] 42559019163797
02-19 02:50:59.431  6075 31079 W PlayGamesServices[DataBroker]: No player ID found when refreshing
02-19 02:50:59.431  6075 31079 W PlayGamesServices[DataBroker]: No player ID found when refreshing
02-19 02:50:59.431  6075 31079 W PlayGamesServices[DataBroker]: No player ID found when refreshing
02-19 02:50:59.431  6075 31079 W PlayGamesServices[DataBroker]: No player ID found when refreshing
02-19 02:50:59.431  6075 30960 W PlayGamesServices[DataBroker]: No player ID found when refreshing
02-19 02:50:59.432  6075 30960 W PlayGamesServices[DataBroker]: No player ID found when refreshing
02-19 02:50:59.432  6075 30960 W PlayGamesServices[DataBroker]: No player ID found when refreshing
02-19 02:50:59.432  6075 30960 W PlayGamesServices[DataBroker]: No player ID found when refreshing
02-19 02:50:59.437  2557  2990 D PowerManagerService: displayReady: false groupId=0
02-19 02:50:59.438  2557  2990 D DisplayPowerController2[0]: animateScreenStateChange: target=ON, mIsEnabled=true
02-19 02:50:59.438  5356 30056 I NetworkScheduler.Stats: (REDACTED) Task %s/%s finished executing. cause:%s result: %s elapsed_millis: %s uptime_millis: %s exec_start_elapsed_seconds: %s
02-19 02:50:59.438  2557  2990 D PowerManagerService: displayReady: true groupId=0
02-19 02:50:59.442  6075 15268 W PlayGamesServices[UiUtils]: AppVersion: Cannot find the installed destination app.
02-19 02:50:59.442  6075 15268 I GetServiceValidatorImpl: (REDACTED) onGetService() from Client SDK version [%s], Module version [%s], PGA version [%s], Account [%s], Calling package [%s], Game package [%s]
02-19 02:50:59.443  6075 15268 W GetGamesServiceReqFacto: Parsing request with ignored arguments. signInOptionsBundle [Bundle[{com.google.android.gms.signin.internal.serverClientId=null, com.google.android.gms.signin.internal.usePromptModeForAuthCode=true, com.google.android.gms.signin.internal.logSessionId=null, com.google.android.gms.signin.internal.hostedDomain=null, com.google.android.gms.signin.internal.offlineAccessRequested=false, com.google.android.gms.signin.internal.waitForAccessTokenRefresh=false, com.google.android.gms.signin.internal.clientRequestedAccount=Account {name=<<default account>>, type=com.google}, com.google.android.gms.signin.internal.idTokenRequested=false, com.google.android.gms.signin.internal.forceCodeForRefreshToken=false}]], isRetryingSignIn [false], skipWelcomePopup [false], requireGooglePlus [false]
02-19 02:50:59.444  6075 15268 I GetGamesServiceReqFacto: Replacing request for `games` scope with `games_lite`
02-19 02:50:59.448  5356 30056 I NetworkScheduler.Stats: (REDACTED) Task %s/%s finished executing. cause:%s result: %s elapsed_millis: %s uptime_millis: %s exec_start_elapsed_seconds: %s
02-19 02:50:59.452  6075 31130 I SignInPerformer-32: (REDACTED) Handling request [%s], isFirstPartyCaller [%s]
02-19 02:50:59.453  6075 31130 I SignInPerformer-32: Successfully brokered first-party unauthenticated GamesService [CONTEXT service_id=1 ]
02-19 02:50:59.454  6075 31130 I GetGamesServiceV2Op: (REDACTED) Successfully brokered GamesService for request %s
02-19 02:50:59.454  6075 15268 W PlayGamesServices[UiUtils]: AppVersion: Cannot find the installed destination app.
02-19 02:50:59.455  6075 15268 W PlayGamesServices[UiUtils]: AppVersionName: Cannot find the installed destination app.
02-19 02:50:59.457  6075 15268 W PlayGamesServices[UiUtils]: AppVersion: Cannot find the installed destination app.
02-19 02:50:59.458  6075 15268 W PlayGamesServices[UiUtils]: AppVersionName: Cannot find the installed destination app.
02-19 02:50:59.459  2557  3662 D InetDiagMessage: Destroyed 0 sockets, proto=IPPROTO_TCP, family=AF_INET, states=14
02-19 02:50:59.461  2557  3662 D InetDiagMessage: Destroyed 0 sockets, proto=IPPROTO_TCP, family=AF_INET6, states=14
02-19 02:50:59.461  2557  3662 D InetDiagMessage: Destroyed live tcp sockets for uids={10378} in 5ms
02-19 02:50:59.463  2557  3662 D InetDiagMessage: Destroyed 0 sockets, proto=IPPROTO_TCP, family=AF_INET, states=14
02-19 02:50:59.464  2557  3662 D InetDiagMessage: Destroyed 0 sockets, proto=IPPROTO_TCP, family=AF_INET6, states=14
02-19 02:50:59.464  2557  3662 D InetDiagMessage: Destroyed live tcp sockets for uids={20378} in 3ms
02-19 02:50:59.471  1554 11962 I sensors-hal: handle_sns_std_sensor_event:158, [25590] Pressure 1008.110, cal -0.289, sw_offset 0.000 (lsb(bit) 0x1e 0xfd 0x3e)
02-19 02:50:59.475  5356 31059 I NetworkScheduler.Stats: (REDACTED) Task %s/%s started execution. cause:%s exec_start_elapsed_seconds: %s
02-19 02:50:59.480  6075 31079 I PlayGamesServices[GamesSyncAdapter]: Starting sync for c962e114
02-19 02:50:59.482  6075 31079 I PlayGamesServices[GamesSyncAdapter]: Sync duration for c962e114: 1
02-19 02:50:59.490  6075 30960 I PlayGamesServices[GamesSyncAdapter]: Starting sync for 930632ca
02-19 02:50:59.492  5356 30056 I NetworkScheduler.Stats: (REDACTED) Task %s/%s started execution. cause:%s exec_start_elapsed_seconds: %s
02-19 02:50:59.493  6075 30960 I PlayGamesServices[GamesSyncAdapter]: Sync duration for 930632ca: 1
02-19 02:50:59.498  6075 31079 W PlayGamesServices[DataBroker]: No player ID found when refreshing
02-19 02:50:59.498  6075 31079 W PlayGamesServices[DataBroker]: No player ID found when refreshing
02-19 02:50:59.499  6075 31079 W PlayGamesServices[DataBroker]: No player ID found when refreshing
02-19 02:50:59.500  6075 31079 W PlayGamesServices[DataBroker]: No player ID found when refreshing
02-19 02:50:59.502  6075 15268 W PlayGamesServices[UiUtils]: AppVersion: Cannot find the installed destination app.
02-19 02:50:59.502  6075 15268 W PlayGamesServices[UiUtils]: AppVersionName: Cannot find the installed destination app.
02-19 02:50:59.505  5356 30056 I NetworkScheduler.Stats: (REDACTED) Task %s/%s finished executing. cause:%s result: %s elapsed_millis: %s uptime_millis: %s exec_start_elapsed_seconds: %s
02-19 02:50:59.510  6075 30960 W PlayGamesServices[DataBroker]: No player ID found when refreshing
02-19 02:50:59.510  6075 30960 W PlayGamesServices[DataBroker]: No player ID found when refreshing
02-19 02:50:59.510  6075 30960 W PlayGamesServices[DataBroker]: No player ID found when refreshing
02-19 02:50:59.511  6075 30960 W PlayGamesServices[DataBroker]: No player ID found when refreshing
02-19 02:50:59.513  6075 15268 W PlayGamesServices[UiUtils]: AppVersion: Cannot find the installed destination app.
02-19 02:50:59.513  6075 15268 W PlayGamesServices[UiUtils]: AppVersionName: Cannot find the installed destination app.
02-19 02:50:59.544  1554 13402 I sensors-hal: handle_sns_std_sensor_event:409, [SSC_LIGHT] P: 16(16),c:16,b:35,m:13,cl:1,l:16,s:0,l0:2720,l1:0,s0:0,s1:0,acl:1,opr:0.27,f(r):87,u(bl):100,if:0,wi:0,si:0,po:0(N:0)
02-19 02:50:59.545  1554  3896 I sensors-hal: handle_sns_std_sensor_event:131, [SSC_LIGHT] A: 16(16),c:16,b:35,m:13,cl:1,l:16,s:0,l0:2720,l1:0,s0:0,s1:0,acl:1,opr:0.27,f(r):87,u(bl):100,if:0,wi:0,si:0,po:0(N:0)
02-19 02:50:59.639  2557  2990 D PowerManagerService: displayReady: false groupId=0
02-19 02:50:59.639  2557  2990 D DisplayPowerController2[0]: animateScreenStateChange: target=ON, mIsEnabled=true
02-19 02:50:59.640  2557  2990 D PowerManagerService: displayReady: true groupId=0
02-19 02:50:59.663  2557  2557 W Looper  : Slow dispatch took 111ms main h=com.android.server.alarm.AlarmManagerService$AlarmHandler c=null m=21
02-19 02:50:59.680  5356 31059 I NetworkScheduler.Stats: (REDACTED) Task %s/%s started execution. cause:%s exec_start_elapsed_seconds: %s
02-19 02:50:59.681 13495 13634 I TapTracker: 1.3) Sensor update info : 02/19_02:50:59, 0.737 , 0.426, 9.820
02-19 02:50:59.681  6075 31079 I PlayGamesServices[GamesSyncAdapter]: Starting sync for a991a3f
02-19 02:50:59.683  5356 31059 I NetworkScheduler.Stats: (REDACTED) Task %s/%s finished executing. cause:%s result: %s elapsed_millis: %s uptime_millis: %s exec_start_elapsed_seconds: %s
02-19 02:50:59.683  6075 31079 I PlayGamesServices[GamesSyncAdapter]: Sync duration for a991a3f: 1
02-19 02:50:59.694  6075 31079 W PlayGamesServices[DataBroker]: No player ID found when refreshing
02-19 02:50:59.695  6075 31079 W PlayGamesServices[DataBroker]: No player ID found when refreshing
02-19 02:50:59.695  6075 31079 W PlayGamesServices[DataBroker]: No player ID found when refreshing
02-19 02:50:59.695  6075 31079 W PlayGamesServices[DataBroker]: No player ID found when refreshing
02-19 02:50:59.698  6075 15268 W PlayGamesServices[UiUtils]: AppVersion: Cannot find the installed destination app.
02-19 02:50:59.698  6075 15268 W PlayGamesServices[UiUtils]: AppVersionName: Cannot find the installed destination app.
02-19 02:50:59.729  5356 30056 I NetworkScheduler.Stats: (REDACTED) Task %s/%s started execution. cause:%s exec_start_elapsed_seconds: %s
02-19 02:50:59.733  6075 30960 I PlayGamesServices[GamesSyncAdapter]: Starting sync for fdddf79f
02-19 02:50:59.733  5356 31059 I NetworkScheduler.Stats: (REDACTED) Task %s/%s finished executing. cause:%s result: %s elapsed_millis: %s uptime_millis: %s exec_start_elapsed_seconds: %s
02-19 02:50:59.736  6075 30960 I PlayGamesServices[GamesSyncAdapter]: Sync duration for fdddf79f: 2
02-19 02:50:59.751  6075 30960 W PlayGamesServices[DataBroker]: No player ID found when refreshing
02-19 02:50:59.751  6075 30960 W PlayGamesServices[DataBroker]: No player ID found when refreshing
02-19 02:50:59.751  6075 30960 W PlayGamesServices[DataBroker]: No player ID found when refreshing
02-19 02:50:59.752  6075 30960 W PlayGamesServices[DataBroker]: No player ID found when refreshing
02-19 02:50:59.754  6075 15268 W PlayGamesServices[UiUtils]: AppVersion: Cannot find the installed destination app.
02-19 02:50:59.754  6075 15268 W PlayGamesServices[UiUtils]: AppVersionName: Cannot find the installed destination app.
02-19 02:50:59.780  5356 30056 I NetworkScheduler.Stats: (REDACTED) Task %s/%s started execution. cause:%s exec_start_elapsed_seconds: %s
02-19 02:50:59.782  6075 31079 I PlayGamesServices[GamesSyncAdapter]: Starting sync for 3506f099
02-19 02:50:59.783  6075 31079 I PlayGamesServices[GamesSyncAdapter]: Sync duration for 3506f099: 1
02-19 02:50:59.784  5356 30056 I NetworkScheduler.Stats: (REDACTED) Task %s/%s finished executing. cause:%s result: %s elapsed_millis: %s uptime_millis: %s exec_start_elapsed_seconds: %s
02-19 02:50:59.793  6075 31079 W PlayGamesServices[DataBroker]: No player ID found when refreshing
02-19 02:50:59.793  6075 31079 W PlayGamesServices[DataBroker]: No player ID found when refreshing
02-19 02:50:59.793  6075 31079 W PlayGamesServices[DataBroker]: No player ID found when refreshing
02-19 02:50:59.794  6075 31079 W PlayGamesServices[DataBroker]: No player ID found when refreshing
02-19 02:50:59.795  6075 15268 W PlayGamesServices[UiUtils]: AppVersion: Cannot find the installed destination app.
02-19 02:50:59.796  6075 15268 W PlayGamesServices[UiUtils]: AppVersionName: Cannot find the installed destination app.
02-19 02:50:59.803  5356 31129 I NetworkScheduler.Stats: (REDACTED) Task %s/%s finished executing. cause:%s result: %s elapsed_millis: %s uptime_millis: %s exec_start_elapsed_seconds: %s
02-19 02:50:59.839  2557  2990 D PowerManagerService: displayReady: false groupId=0
02-19 02:50:59.839  2557  2990 D DisplayPowerController2[0]: animateScreenStateChange: target=ON, mIsEnabled=true
02-19 02:50:59.840  2557  2990 D PowerManagerService: displayReady: true groupId=0
02-19 02:50:59.921  2557  3769 I SemWifiCtlFeatureMediator: Trf ratio: 0.0% (0.00 / 310.02) (TWT/S-PM: 1.0) v ( NR) || Query: TWT/S-PM false (false) 1.0 1.0 1.0 / BW true (false) 1.0 1.0 1.0 / NSS false (false) 0.9 0.5 1.0 
02-19 02:51:00.005  2557  2557 I EyeComfortSolutionService: action  :  android.intent.action.TIME_TICK
02-19 02:51:00.006  3927  4556 I DateTimeView: updateAll - getTimeFormat
02-19 02:51:00.007  3927  3927 D FaceWidgetPagesController: onTimeChanged()
02-19 02:51:00.009  3927  4556 D QSClockBellTower: onReceive(android.intent.action.TIME_TICK) mTimeZoneString:Asia/Kolkata
02-19 02:51:00.010  1059  1059 D io_stats: !@   8,0 r 9231880 130350856 w 3342379 36752448 d 405345 15812600 f 57667 125492 iot 1533400 0 th 0 0 0 pt 0 inp 0 0 40966.467
02-19 02:51:00.011  3927  3927 D QSClockBellTower: He is ready to ring the bell. (((QSClockBellSound - TimeText:02:51, TimeContentDescription:02:51, DateText:Thu 19 February (Ramadan 2), ShortDateText:Thu, 19 Feb, Demo:false)))
02-19 02:51:00.012  3927  3927 D QSClock : StatusBar clock=02:51 notifyTimeChanged(QSClockBellSound - TimeText:02:51, TimeContentDescription:02:51, DateText:Thu 19 February (Ramadan 2), ShortDateText:Thu, 19 Feb, Demo:false) clockVisibleByPolicy=true, clockVisibleByUser=true, visible=true, parent=android.widget.LinearLayout{787b62a V.E...... ......ID 0,0-143,91 #7f0a061e app:id/left_clock_container} caller=com.android.systemui.statusbar.phone.fragment.CollapsedStatusBarFragment.animateShow:47 com.android.systemui.statusbar.phone.fragment.CollapsedStatusBarFragment.updateStatusBarVisibilitiesInner:207 com.android.systemui.statusbar.phone.fragment.CollapsedStatusBarFragment$$ExternalSyntheticLambda3.run:5 com.android.systemui.statusbar.phone.fragment.CollapsedStatusBarFragment.updateStatusBarVisibilities:47 com.android.systemui.statusbar.phone.fragment.CollapsedStatusBarFragment$$ExternalSyntheticLambda0.onStatusBarWindowStateChanged:7  
02-19 02:51:00.013  3927  3927 D QSClockBellTower: Everyone heard the bell. run(currentTime:1771449660010, getTime():Thu Feb 19 02:51:00 GMT+05:30 2026, getTimeZone():libcore.util.ZoneInfo[mDstSavings=0,mUseDst=false,mDelegate=[id="Asia/Kolkata",mRawOffset=19800000,mEarliestRawOffset=21208000,transitions=7]])
02-19 02:51:00.029  1642  1781 I VSyncReactor: Current= 60, Period= 60, Distance= 0
02-19 02:51:00.040  2557  2990 D PowerManagerService: displayReady: false groupId=0
02-19 02:51:00.040  2557  2990 D DisplayPowerController2[0]: animateScreenStateChange: target=ON, mIsEnabled=true
02-19 02:51:00.040  2557  2990 D PowerManagerService: displayReady: true groupId=0
02-19 02:51:00.045  1642  1781 I VSyncReactor: Current= 60, Period= 60, Distance= 60
02-19 02:51:00.124  1554 12945 I sensors-hal: handle_sns_client_event:375, [0][4739250] accel_sample [ 0.742,  0.407,  9.815] 42559734396506
02-19 02:51:00.241  2557  2990 D PowerManagerService: displayReady: false groupId=0
02-19 02:51:00.241  2557  2990 D DisplayPowerController2[0]: animateScreenStateChange: target=ON, mIsEnabled=true
02-19 02:51:00.241  2557  2990 D PowerManagerService: displayReady: true groupId=0
02-19 02:51:00.411  1556  3861 I WifiHAL : event received NL80211_CMD_VENDOR, vendor_id = 0x1374, subcmd = 0xb6
02-19 02:51:00.412  2201  3865 D LOWI-9.0.1.74: [LOWI-Scan] wait_event:Wait done with Cmd 103
02-19 02:51:00.412  2161  2161 I cnss-daemon: nl80211 response handler invoked
02-19 02:51:00.412  2201  3865 D LOWI-9.0.1.74: [LOWI-Scan] do_listen_events: Rcvd valid Netlink Cmd 0 Err 0
02-19 02:51:00.412  2161  2161 I cnss-daemon: nl80211_response_handler: cmd 103, vendorID 4980, subcmd 182  received
02-19 02:51:00.441  2557  2990 D PowerManagerService: displayReady: false groupId=0
02-19 02:51:00.441  2557  2990 D DisplayPowerController2[0]: animateScreenStateChange: target=ON, mIsEnabled=true
02-19 02:51:00.442  2557  2990 D PowerManagerService: displayReady: true groupId=0
02-19 02:51:00.455  1554 11966 I sensors-hal: handle_sns_client_event:341, [51191] mag_sample_cal(magcal_available:1): ts=42560022313901 ns; cal = [19.104454, -108.946289, 152.196198], uncal = [-61.235542, -226.066284, -62.663807], bias = [-80.339996, -117.119995, -214.860001], status=0
02-19 02:51:00.584  2557  2931 D PackageSettings: ++ writeStateForUserSyncLPr(95)
02-19 02:51:00.585  2557  2931 W PackageSettings: -- writeStateForUserSyncLPr(95)
02-19 02:51:00.642  2557  2990 D PowerManagerService: displayReady: false groupId=0
02-19 02:51:00.643  2557  2990 D DisplayPowerController2[0]: animateScreenStateChange: target=ON, mIsEnabled=true
02-19 02:51:00.643  2557  2990 D PowerManagerService: displayReady: true groupId=0
02-19 02:51:00.843  2557  2990 D PowerManagerService: displayReady: false groupId=0
02-19 02:51:00.843  2557  2990 D DisplayPowerController2[0]: animateScreenStateChange: target=ON, mIsEnabled=true
02-19 02:51:00.844  2557  2990 D PowerManagerService: displayReady: true groupId=0
02-19 02:51:01.003  4488 30989 I HoneySpace.LiveIconSupplier: time tick - 71, CLOCK, 02:51 - 02:50, view: #a434b86, parent: ApplistCellLayout#ca24e9b
02-19 02:51:01.005  4488 30989 I LauncherActivityInfo: Trying to load live icon for com.sec.android.app.clockpackage
02-19 02:51:01.008  1554  3896 I sensors-hal: handle_sns_client_event:190, auto_rotation_debug_2 mode,255, type,1,0 acc,0.751,0.435,9.835, ar,0, ver,12, pedo,1,e,1,i,3
02-19 02:51:01.018  2557  4943 I NSLocationMonitor: getGPSUsingApps() called
02-19 02:51:01.019  4929  6539 I NSLocationManager_FLP: getGPSUsingApps, No change
02-19 02:51:01.020  4488 30989 I ApplicationPackageManager: package : com.sec.android.app.clockpackage, useAppIconResources : false
02-19 02:51:01.020  4488 30989 I LiveIconUtil: getLiveIcon was called in ClockPackage
02-19 02:51:01.021  4488 30989 I LiveIconUtil: getLiveIcon res = com.sec.android.app.clockpackage
02-19 02:51:01.022  4488 30989 I LiveIconUtil: stdIconSize : 180 , targetIconSize : 217
02-19 02:51:01.022  4488 30989 I LiveIconUtil: iconDpi : 720 , mTargetIconDpi : 600
02-19 02:51:01.028  2557  4943 D FreecessController: com.jio.myjio(state: Frozen -> Initial, Reason: Bg)
02-19 02:51:01.043  2557  2990 D PowerManagerService: displayReady: false groupId=0
02-19 02:51:01.043  2557  2990 D DisplayPowerController2[0]: animateScreenStateChange: target=ON, mIsEnabled=true
02-19 02:51:01.044  2557  2990 D PowerManagerService: displayReady: true groupId=0
02-19 02:51:01.058  4488 30989 E AppIconSolution: Couldn't get theme package resources, package is null
02-19 02:51:01.058  4488 30989 I AppIconSolution: load= live icon for com.sec.android.app.clockpackage, from overlay = false
02-19 02:51:01.061  4488 30989 I LauncherActivityInfo: packageName: com.sec.android.app.clockpackage, useThemeIcon: false, height: 324, width: 324, density: 640
02-19 02:51:01.065  4488 30989 I HoneySpace.LiveIconSupplier: updateIcon - 71, CLOCK, true - 02:51, view: #a434b86, parent: ApplistCellLayout#ca24e9b
02-19 02:51:01.078  1642  1781 I VSyncReactor: Current= 60, Period= 60, Distance= 1
02-19 02:51:01.087  2557  2931 D PackageSettings: ++ writeStateForUserSyncLPr(150)
02-19 02:51:01.087  2557  2931 W PackageSettings: -- writeStateForUserSyncLPr(150)
02-19 02:51:01.092  2557  3720 D UsbStatsMonitor: 0 0 0 0 0 0 0 0 0 0 0 0 6 0 0 0 0 0 0 0 0 0 0 0 0 0 0 0 0 0 0 0 0 0 0 0 0 0 0 0 0 0 0 0 0 0 0 0 0 0 0 0 0 0 0 0 0 214748364802
02-19 02:51:01.094  1642  1781 I VSyncReactor: Current= 60, Period= 60, Distance= 60
02-19 02:51:01.142  6955  7535 I SDHMS:x : SIOP:: AP:400 BAT:359 USB:328 CHG:427 PA:401 WIFI:387 CF:368 BLK:0 SUBBAT:0 LRPTHM:362 SKIN:373 SKINF:353 SKINB:373 LRP2:373 LRF2:353 LRB2:373 AP2:372 CHG2:369 WIFI2:373 RCV2:345 SPK2:314 FCAM:328 UPSPK:369 DNSPK:327 VAP02:406 VWIFI:390 AMB2:268 AVGCUR:1689 AVGSYS:304 POWER:6781
02-19 02:51:01.145  6955  7066 I SDHMS:N0: p2p-if:: false, , 
02-19 02:51:01.243  2557  2990 D PowerManagerService: displayReady: false groupId=0
02-19 02:51:01.244  2557  2990 D DisplayPowerController2[0]: animateScreenStateChange: target=ON, mIsEnabled=true
02-19 02:51:01.244  2557  2990 D PowerManagerService: displayReady: true groupId=0
02-19 02:51:01.271  2557  5879 D SemWifiUsabilityStatsMonitor: onWifiUsabilityStats - seqNum 12331, isSameBssidAndFreq true
02-19 02:51:01.272  2557  3662 D ConnectivityService: notifyType CALLBACK_CAP_CHANGED for [105 WIFI]
02-19 02:51:01.282  3927  4249 D WifiPickerTracker: updateWifiEntries capabilities
02-19 02:51:01.284  2557  3721 D SemWifiApNsd:Client: lpInterface:wlan0
02-19 02:51:01.287  3927  4249 D WifiPickerTracker: update AutoHotspot Entries() : bleAccessPoints -> 0
02-19 02:51:01.287  3927  4249 D WifiPickerTracker: handleNetworkCapabilitiesChanged
02-19 02:51:01.288  4229  6066 D txpwrJni: sendNetworkInfo start
02-19 02:51:01.288  4229  6066 D txpwrJni: sendNetworkInfo RatType 0
02-19 02:51:01.289  2557  3792 D SGM:GameManager: identifyGamePackage. com.sec.android.app.launcher, mCurrentUserId: 0, callerUserId: 0, callingMethodInfo: com.samsung.android.game.SemGameManager.isGamePackage(SemGameManager.java:105)
02-19 02:51:01.289  2557  3792 D SGM:SemGameManager: isGamePackage(), pkgName=com.sec.android.app.launcher, ret=false
02-19 02:51:01.289  2557  3721 D SemWifiSwitchForIndividualAppsService: stopTCPMonitoring : already stopped
02-19 02:51:01.290  2557  3795 D SemApeService: Deducted link capacity (M: R=403 T=302) RSSI=-60
02-19 02:51:01.290  2557  3795 D SemApeService: Deducted link capacity (M: R=403 T=302) on (wlan0) GoogleAPI(M: R=24 T=18) RSSI=-60 isDefault=false isMlo=false
02-19 02:51:01.292  6667  8109 I BugleRcsEngine: handleMessage processing message:[NOTIFY_UPTIME_IGNORE_STATE_CHANGED] with [non-null]:RcsEngineImpl reference [CONTEXT log_prefix="RcsEngineImpl[DUAL_REG]:[69aab36d-b03c]>Handler" thread_id=122 ]
02-19 02:51:01.292  2557  3721 I WifiConnectivityMonitor.NCC: sNetworkCallback(oCC) FULL : 105(valid: true/captive: false)
02-19 02:51:01.293  8468  9412 I HBD     : i onCapabilitiesChanged network : 105 current network state : wifi 
02-19 02:51:01.293  2557  3721 I WifiConnectivityMonitor.NCC: [ Transports: WIFI Capabilities: NOT_METERED&INTERNET&NOT_RESTRICTED&TRUSTED&NOT_VPN&VALIDATED&NOT_ROAMING&FOREGROUND&NOT_CONGESTED&NOT_SUSPENDED&NOT_VCN_MANAGED&NOT_BANDWIDTH_CONSTRAINED LinkUpBandwidth>=18986Kbps LinkDnBandwidth>=24435Kbps TransportInfo: <SSID: <unknown ssid>, BSSID: 02:00:00:**:**:00, MAC: 02:00:00:**:**:00, IP: /192.***.*.4, Security type: 2, Supplicant state: COMPLETED, Wi-Fi standard: 11ax, RSSI: -60, Link speed: 432Mbps, Tx Link speed: 432Mbps, Max Supported Tx Link speed: 2401Mbps, Rx Link speed: 576Mbps, Max Supported Rx Link speed: 2401Mbps, Frequency: 5200MHz, Net ID: -1, Metered hint: false, score: 60, isUsable: true, CarrierMerged: false, SubscriptionId: -1, IsPrimary: 1, Trusted: true, Restricted: false, Ephemeral: false, OEM paid: false, OEM private: false, OSU AP: false, FQDN: <none>, Provider friendly name: <none>, Requesting package name: <none><none>MLO Information: , Is TID-To-Link negotiation supported by the AP: false, AP MLD Address: <none>, AP MLO Link Id: <none>, AP MLO Affiliated links: <none>, Vendor Data: <none>> SignalStrength: -60 AdminUids: [1000] SSID: "Airtel_FARM HOUSE" UnderlyingNetworks: Null]
02-19 02:51:01.293  6667  7765 I BugleRcsEngine: Connected state: [1], networkType: [WIFI] [CONTEXT thread_id=116 ]
02-19 02:51:01.293  2557  3803 D WifiConnectivityMonitor: HANDLE_ON_CAPABILITIES_CHANGED
02-19 02:51:01.293  2557  3803 I WifiConnectivityMonitor: determineMode : MODE_NON_SWITCHABLE_BY_POOR_NETWORK_DETECTION_DISABLED
02-19 02:51:01.293  2557  3803 D OpenNetworkQos[4.00]: updateBssidNoInternet: mBssidNoInternet = false
02-19 02:51:01.294  2557  3803 D OpenNetworkQos[4.00]: getOpenNetworkQosNoInternetStatus: false
02-19 02:51:01.294  2557  3803 D OpenNetworkQos[4.00]: getOpenNetworkQosScores: 26 26 19 
02-19 02:51:01.294  2557  3803 D KNOX_MDM_SettingsProvider: isChangeAllowed() : name = wifi_wcm_qos_sharing_score_summary
02-19 02:51:01.294  2557  3803 I WifiProfileShare: network QoS data was changed (internet), updateQoSData networkType: true, qosData: false
02-19 02:51:01.294  2557  4952 V WifiProfileShare.Caster: update wips network, size: 0
02-19 02:51:01.294  2557  4952 D WifiProfileShare: nearby scanning settings run
02-19 02:51:01.294  2557  4952 D WifiProfileShare: network score provider settings enabled
02-19 02:51:01.294  2557  4952 D OpenNetworkQos[4.00]: getOpenNetworkQosScores: 26 26 19 
02-19 02:51:01.294  2557  4952 D OpenNetworkQos[4.00]: getOpenNetworkQosNoInternetStatus: false
02-19 02:51:01.294  2557  4952 I WifiProfileShare.Caster: current network type: 0, score: [26, 26, 19]
02-19 02:51:01.294  2557  4952 V WifiProfileShare.Cache: update network score 24:de:8a:**:**:db
02-19 02:51:01.294  2557  4952 D WifiProfileShare.ScanMatcher: getMcfDataList size:2
02-19 02:51:01.295  2557  4952 I WifiProfileShare.Caster: qos data was updated , before:type:QOS, pBssid:a2:05:ff, qosData:7b after:type:QOS, pBssid:a2:05:ff, qosData:7b
02-19 02:51:01.295  2557  4952 I [MCFSDK_android_1.2.27006]_4_McfCasterImpl: isNetworkEnabled - type : 1 ret : true
02-19 02:51:01.295  2557  4952 D WifiProfileShare.McfCast: -ME--- mIsNetworkEnabled :true
02-19 02:51:01.295  2557  4952 D WifiProfileShare.McfCast: updateQoSData ignored, same contents
02-19 02:51:01.296  2557  4952 D WifiProfileShare.MCF: success update QosData !
02-19 02:51:01.296  2557  4952 I [MCFSDK_android_1.2.27006]_4_McfCasterImpl: isNetworkEnabled - type : 1 ret : true
02-19 02:51:01.296  2557  4952 D WifiProfileShare.McfCast: -ME--- mIsNetworkEnabled :true
02-19 02:51:01.296  2557  4952 D WifiProfileShare.McfCast: -ME--- updatePasswordDate pwdData size:2
02-19 02:51:01.296  2557  3721 D SemWifiApTrafficPriority: onCapabilitiesChanged Wifi:wlan0,mGapiValue:24.435Uplink: 18.986
02-19 02:51:01.299  6667  8109 I BugleRcsEngine: Rcs is enabled from user settings: true [CONTEXT log_prefix="ProvisioningEngineDataRetriever" thread_id=122 ]
02-19 02:51:01.311 20863 20888 D txpwrJni: sendNetworkInfo start
02-19 02:51:01.311 20863 20888 D txpwrJni: sendNetworkInfo RatType 0
02-19 02:51:01.353  2557  3526 D ActivityManager: FCA:Reclamation for pid: 18030
02-19 02:51:01.395  8468  8468 I HBD     : i onCapabilityChanged  setNetworkState currentNetworkState : wifi 
02-19 02:51:01.407  1554 29929 I sensors-hal: handle_sns_client_event:422, [0][4938] gyro_sample_cal(cal_available:1)(3) [ 0.003,-0.004, 0.000] bias[ 0.002,-0.005,-0.007] 42561007808693
02-19 02:51:01.444  2557  2990 D PowerManagerService: displayReady: false groupId=0
02-19 02:51:01.444  2557  2990 D DisplayPowerController2[0]: animateScreenStateChange: target=ON, mIsEnabled=true
02-19 02:51:01.445  2557  2990 D PowerManagerService: displayReady: true groupId=0
02-19 02:51:01.471  1554 11962 I sensors-hal: handle_sns_std_sensor_event:158, [25600] Pressure 1008.107, cal -0.289, sw_offset 0.000 (lsb(bit) 0x7a 0xfc 0x3e)
02-19 02:51:01.588  2557  2931 D PackageSettings: ++ writeStateForUserSyncLPr(0)
02-19 02:51:01.589  2557  2931 W PackageSettings: -- writeStateForUserSyncLPr(0)
02-19 02:51:01.609  2557  3806 D WifiConnectivityMonitor.NetworkStatsAnalyzer: Backhaul result - RSSI:-60, CE:15, PE:15, TI:19, PTI:19, TW:3, PTW:3, Tx:6, Rx:5, TxS:2, RxS:1, RESULT:true, IC:0, ICT:5, WC:0, WCT:5, R:0, RC:0, IE:0, EC:0
02-19 02:51:01.624  1554 26706 I sensors-hal: handle_sns_std_sensor_event:90, light_cct: ts = 42561232185308 ns; value = [17, 17, 60, 69, 0, 35, 1, 0, 2848, 0]
02-19 02:51:01.644  2557  2990 D PowerManagerService: displayReady: false groupId=0
02-19 02:51:01.644  2557  2990 D DisplayPowerController2[0]: animateScreenStateChange: target=ON, mIsEnabled=true
02-19 02:51:01.644  2557  2990 D PowerManagerService: displayReady: true groupId=0
02-19 02:51:01.802  5356 29552 I NearbySharing: Network state changed: NetworkState(isRestricted=false, isOnline=true, isCongested=false, isMetered=false, isWifiConnected=true)
02-19 02:51:01.812 15172 15274 I Finsky  : [3261] AIM: AppInfoManager-Perf > Destroying AppInfoManager ...
02-19 02:51:01.845  2557  2990 D PowerManagerService: displayReady: false groupId=0
02-19 02:51:01.845  2557  2990 D DisplayPowerController2[0]: animateScreenStateChange: target=ON, mIsEnabled=true
02-19 02:51:01.846  2557  2990 D PowerManagerService: displayReady: true groupId=0
02-19 02:51:02.012  1059  1059 D io_stats: !@   8,0 r 9231881 130350864 w 3343339 36761572 d 405631 15849128 f 57686 125512 iot 1533644 0 th 0 0 0 pt 0 inp 0 0 40968.468
02-19 02:51:02.012  1059  1059 D io_stats: !@ Read_top(KB): gle.android.gms(6075) 40 chbox:googleapp(7668) 8
02-19 02:51:02.012  1059  1059 D io_stats: !@ Write_top(KB): system_server(2557) 4112 f2fs_ckpt-254:5(1243) 148 .gms.persistent(5356) 124
02-19 02:51:02.046  2557  2990 D PowerManagerService: displayReady: false groupId=0
02-19 02:51:02.046  2557  2990 D DisplayPowerController2[0]: animateScreenStateChange: target=ON, mIsEnabled=true
02-19 02:51:02.046  2557  2990 D PowerManagerService: displayReady: true groupId=0
02-19 02:51:02.125  1554 12945 I sensors-hal: handle_sns_client_event:375, [0][4740206] accel_sample [ 0.742,  0.421,  9.811] 42561735601037
02-19 02:51:02.247  2557  2990 D PowerManagerService: displayReady: false groupId=0
02-19 02:51:02.247  2557  2990 D DisplayPowerController2[0]: animateScreenStateChange: target=ON, mIsEnabled=true
02-19 02:51:02.248  2557  2990 D PowerManagerService: displayReady: true groupId=0
02-19 02:51:02.447  2557  2990 D PowerManagerService: displayReady: false groupId=0
02-19 02:51:02.447  2557  2990 D DisplayPowerController2[0]: animateScreenStateChange: target=ON, mIsEnabled=true
02-19 02:51:02.448  2557  2990 D PowerManagerService: displayReady: true groupId=0
02-19 02:51:02.455  1554 11966 I sensors-hal: handle_sns_client_event:341, [51211] mag_sample_cal(magcal_available:1): ts=42562022313901 ns; cal = [19.130180, -108.479050, 153.094513], uncal = [-61.209816, -225.599045, -61.765491], bias = [-80.339996, -117.119995, -214.860001], status=0
02-19 02:51:02.647  2557  2990 D PowerManagerService: displayReady: false groupId=0
02-19 02:51:02.648  2557  2990 D DisplayPowerController2[0]: animateScreenStateChange: target=ON, mIsEnabled=true
02-19 02:51:02.648  2557  2990 D PowerManagerService: displayReady: true groupId=0
02-19 02:51:02.744  1554 13402 I sensors-hal: handle_sns_std_sensor_event:409, [SSC_LIGHT] P: 16(16),c:16,b:35,m:13,cl:1,l:17,s:0,l0:2848,l1:0,s0:0,s1:0,acl:1,opr:0.27,f(r):87,u(bl):100,if:0,wi:0,si:0,po:0(N:0)
02-19 02:51:02.847  2557  2990 D PowerManagerService: displayReady: false groupId=0
02-19 02:51:02.848  2557  2990 D DisplayPowerController2[0]: animateScreenStateChange: target=ON, mIsEnabled=true
02-19 02:51:02.848  2557  2990 D PowerManagerService: displayReady: true groupId=0
02-19 02:51:02.923  2557  3769 I SemWifiCtlFeatureMediator: Trf ratio: 0.0% (0.00 / 310.02) (TWT/S-PM: 1.0) v ( NR) || Query: TWT/S-PM false (false) 1.0 1.0 1.0 / BW false (false) 0.7 0.5 1.0 / NSS false (false) 0.9 0.5 1.0 
02-19 02:51:03.047  2557  2990 D PowerManagerService: displayReady: false groupId=0
02-19 02:51:03.048  2557  2990 D DisplayPowerController2[0]: animateScreenStateChange: target=ON, mIsEnabled=true
02-19 02:51:03.048  2557  2990 D PowerManagerService: displayReady: true groupId=0
02-19 02:51:03.248  2557  2990 D PowerManagerService: displayReady: false groupId=0
02-19 02:51:03.248  2557  2990 D DisplayPowerController2[0]: animateScreenStateChange: target=ON, mIsEnabled=true
02-19 02:51:03.249  2557  2990 D PowerManagerService: displayReady: true groupId=0
02-19 02:51:03.285  5356  5356 D BoundBrokerSvc: onUnbind: Intent { act=com.google.android.gms.common.telemetry.service.START dat=chimera-action:/... cmp=com.google.android.gms/.chimera.PersistentApiService }
02-19 02:51:03.417  1554 29929 I sensors-hal: handle_sns_client_event:422, [0][5034] gyro_sample_cal(cal_available:1)(3) [-0.000, 0.001, 0.000] bias[ 0.002,-0.005,-0.007] 42563017386037
02-19 02:51:03.448  2557  2990 D PowerManagerService: displayReady: false groupId=0
02-19 02:51:03.448  2557  2990 D DisplayPowerController2[0]: animateScreenStateChange: target=ON, mIsEnabled=true
02-19 02:51:03.449  2557  2990 D PowerManagerService: displayReady: true groupId=0
02-19 02:51:03.471  1554 11962 I sensors-hal: handle_sns_std_sensor_event:158, [25610] Pressure 1008.112, cal -0.289, sw_offset 0.000 (lsb(bit) 0x38 0xfd 0x3e)
02-19 02:51:03.648  2557  2990 D PowerManagerService: displayReady: false groupId=0
02-19 02:51:03.648  2557  2990 D DisplayPowerController2[0]: animateScreenStateChange: target=ON, mIsEnabled=true
02-19 02:51:03.649  2557  2990 D PowerManagerService: displayReady: true groupId=0
02-19 02:51:03.849  2557  2990 D PowerManagerService: displayReady: false groupId=0
02-19 02:51:03.849  2557  2990 D DisplayPowerController2[0]: animateScreenStateChange: target=ON, mIsEnabled=true
02-19 02:51:03.849  2557  2990 D PowerManagerService: displayReady: true groupId=0
02-19 02:51:03.965  2557  2933 I ActivityManager: Waited long enough for: ServiceRecord{4e8ee7 u0 com.google.android.gms/.statementservice.OperationService c:com.google.android.gms}
02-19 02:51:03.980  2557  4943 I NSLocationMonitor: getGPSUsingApps() called
02-19 02:51:03.981  4929  6539 I NSLocationManager_FLP: getGPSUsingApps, No change
02-19 02:51:03.995  2557  4943 D FreecessController: com.samsung.android.game.gamehome(state: Initial -> Frozen, Reason: Binder(1)-android.service.notification.INotificatio)
02-19 02:51:04.007  2557  4943 D FreecessController: FZ : com.samsung.android.game.gamehome(10316) [8070] reason: Bg
02-19 02:51:04.008  2557  4943 W LocationManagerService: onFreezeStateChanged, uid[10316]=true
02-19 02:51:04.009  2557  4943 I PowerManagerService: [PWL] SetWakeLockEnableDisable uid = 10316 , disable= true
02-19 02:51:04.009  2557  4943 I PowerManagerService: [PWL] can not change uid =  10316
02-19 02:51:04.013  1059  1059 D io_stats: !@   8,0 r 9231881 130350864 w 3343346 36761648 d 405881 15868100 f 57686 125512 iot 1533764 0 th 0 0 0 pt 0 inp 0 0 40970.470
02-19 02:51:04.050  2557  2990 D PowerManagerService: displayReady: false groupId=0
02-19 02:51:04.050  2557  2990 D DisplayPowerController2[0]: animateScreenStateChange: target=ON, mIsEnabled=true
02-19 02:51:04.050  2557  2990 D PowerManagerService: displayReady: true groupId=0
02-19 02:51:04.127  1554 12945 I sensors-hal: handle_sns_client_event:375, [0][4741162] accel_sample [ 0.732,  0.412,  9.801] 42563736804839
02-19 02:51:04.184  1554 26706 I sensors-hal: handle_sns_std_sensor_event:90, light_cct: ts = 42563792182964 ns; value = [16, 16, 60, 69, 0, 35, 1, 0, 2720, 0]
02-19 02:51:04.250  2557  2990 D PowerManagerService: displayReady: false groupId=0
02-19 02:51:04.250  2557  2990 D DisplayPowerController2[0]: animateScreenStateChange: target=ON, mIsEnabled=true
02-19 02:51:04.251  2557  2990 D PowerManagerService: displayReady: true groupId=0
02-19 02:51:04.305  2557  5879 D SemWifiUsabilityStatsMonitor: onWifiUsabilityStats - seqNum 12332, isSameBssidAndFreq true
02-19 02:51:04.316  2557  3792 D SGM:GameManager: identifyGamePackage. com.sec.android.app.launcher, mCurrentUserId: 0, callerUserId: 0, callingMethodInfo: com.samsung.android.game.SemGameManager.isGamePackage(SemGameManager.java:105)
02-19 02:51:04.316  2557  3792 D SGM:SemGameManager: isGamePackage(), pkgName=com.sec.android.app.launcher, ret=false
02-19 02:51:04.397  6075  6075 D BoundBrokerSvc: onUnbind: Intent { act=com.google.android.gms.feedback.internal.IFeedbackService dat=chimera-action:/... cmp=com.google.android.gms/.chimera.GmsBoundBrokerService }
02-19 02:51:04.405  2557  3700 I ActivityManager: Changes in 99008 3 to 10, 56 to 0
02-19 02:51:04.406  2557  3700 I ActivityManager: Changes in 10116 3 to 10, 56 to 0
02-19 02:51:04.450  2557  2990 D PowerManagerService: displayReady: false groupId=0
02-19 02:51:04.451  2557  2990 D DisplayPowerController2[0]: animateScreenStateChange: target=ON, mIsEnabled=true
02-19 02:51:04.452  2557  2990 D PowerManagerService: displayReady: true groupId=0
02-19 02:51:04.455  1554 11966 I sensors-hal: handle_sns_client_event:341, [51231] mag_sample_cal(magcal_available:1): ts=42564022313901 ns; cal = [19.268257, -108.745575, 152.239441], uncal = [-61.071739, -225.865570, -62.620567], bias = [-80.339996, -117.119995, -214.860001], status=0
02-19 02:51:04.614 18036 18036 D BoundBrokerSvc: onUnbind: Intent { act=com.google.android.gms.feedback.internal.IFeedbackService dat=chimera-action:/... cmp=com.google.android.gms/.chimera.GmsBoundBrokerService }
02-19 02:51:04.652  2557  2990 D PowerManagerService: displayReady: false groupId=0
02-19 02:51:04.652  2557  2990 D DisplayPowerController2[0]: animateScreenStateChange: target=ON, mIsEnabled=true
02-19 02:51:04.653  2557  2990 D PowerManagerService: displayReady: true groupId=0
02-19 02:51:04.664  1554  3896 I sensors-hal: handle_sns_std_sensor_event:131, [SSC_LIGHT] A: 15(15),c:16,b:35,m:13,cl:1,l:15,s:0,l0:2688,l1:0,s0:0,s1:0,acl:1,opr:0.27,f(r):87,u(bl):100,if:0,wi:0,si:0,po:0(N:0)
02-19 02:51:04.794 15172 15172 I Finsky  : [2] Memory trim requested to level 40
02-19 02:51:04.795 15172 15172 I Finsky  : [2] Flushing in-memory image cache
02-19 02:51:04.798 29604 29604 I Finsky:background: [2] Memory trim requested to level 40
02-19 02:51:04.807  1642  1781 I VSyncReactor: Current= 60, Period= 60, Distance= 0
02-19 02:51:04.824  1642  1781 I VSyncReactor: Current= 60, Period= 60, Distance= 60
02-19 02:51:04.853  2557  2990 D PowerManagerService: displayReady: false groupId=0
02-19 02:51:04.854  2557  2990 D DisplayPowerController2[0]: animateScreenStateChange: target=ON, mIsEnabled=true
02-19 02:51:04.854  2557  2990 D PowerManagerService: displayReady: true groupId=0
02-19 02:51:04.916 13495 13634 I TapTracker: 1.3) Sensor update info : 02/19_02:51:04, 0.775 , 0.431, 9.806
02-19 02:51:05.054  2557  2990 D PowerManagerService: displayReady: false groupId=0
02-19 02:51:05.054  2557  2990 D DisplayPowerController2[0]: animateScreenStateChange: target=ON, mIsEnabled=true
02-19 02:51:05.054  2557  2990 D PowerManagerService: displayReady: true groupId=0
02-19 02:51:05.255  2557  2990 D PowerManagerService: displayReady: false groupId=0
02-19 02:51:05.255  2557  2990 D DisplayPowerController2[0]: animateScreenStateChange: target=ON, mIsEnabled=true
02-19 02:51:05.256  2557  2990 D PowerManagerService: displayReady: true groupId=0
02-19 02:51:05.406  1554 29929 I sensors-hal: handle_sns_client_event:422, [0][5129] gyro_sample_cal(cal_available:1)(3) [-0.001, 0.002,-0.000] bias[ 0.002,-0.005,-0.007] 42565006029266
02-19 02:51:05.430  3880  3880 I wpa_supplicant: Heartbeat 4178
02-19 02:51:05.455  2557  2990 D PowerManagerService: displayReady: false groupId=0
02-19 02:51:05.455  2557  2990 D DisplayPowerController2[0]: animateScreenStateChange: target=ON, mIsEnabled=true
02-19 02:51:05.456  2557  2990 D PowerManagerService: displayReady: true groupId=0
02-19 02:51:05.472  1554 11962 I sensors-hal: handle_sns_std_sensor_event:158, [25620] Pressure 1008.115, cal -0.289, sw_offset 0.000 (lsb(bit) 0x27 0xfd 0x3e)
02-19 02:51:05.655  2557  2990 D PowerManagerService: displayReady: false groupId=0
02-19 02:51:05.656  2557  2990 D DisplayPowerController2[0]: animateScreenStateChange: target=ON, mIsEnabled=true
02-19 02:51:05.656  2557  2990 D PowerManagerService: displayReady: true groupId=0
02-19 02:51:05.857  2557  2990 D PowerManagerService: displayReady: false groupId=0
02-19 02:51:05.858  2557  2990 D DisplayPowerController2[0]: animateScreenStateChange: target=ON, mIsEnabled=true
02-19 02:51:05.858  2557  2990 D PowerManagerService: displayReady: true groupId=0
02-19 02:51:06.014  1059  1059 D io_stats: !@ Write_top(KB): kworker/u16:5(27583) 60 chbox:googleapp(7668) 16
02-19 02:51:06.057  2557  2990 D PowerManagerService: displayReady: false groupId=0
02-19 02:51:06.058  2557  2990 D DisplayPowerController2[0]: animateScreenStateChange: target=ON, mIsEnabled=true
02-19 02:51:06.058  2557  2990 D PowerManagerService: displayReady: true groupId=0
02-19 02:51:06.128  1554 12945 I sensors-hal: handle_sns_client_event:375, [0][4742118] accel_sample [ 0.742,  0.416,  9.820] 42565738007547
02-19 02:51:06.259  2557  2990 D PowerManagerService: displayReady: false groupId=0
02-19 02:51:06.259  2557  2990 D DisplayPowerController2[0]: animateScreenStateChange: target=ON, mIsEnabled=true
02-19 02:51:06.259  2557  2990 D PowerManagerService: displayReady: true groupId=0
02-19 02:51:06.455  1554 11966 I sensors-hal: handle_sns_client_event:341, [51251] mag_sample_cal(magcal_available:1): ts=42566022313901 ns; cal = [18.660881, -109.188019, 152.442032], uncal = [-61.679115, -226.308014, -62.417969], bias = [-80.339996, -117.119995, -214.860001], status=0
02-19 02:51:06.460  2557  2990 D PowerManagerService: displayReady: false groupId=0
02-19 02:51:06.460  2557  2990 D DisplayPowerController2[0]: animateScreenStateChange: target=ON, mIsEnabled=true
02-19 02:51:06.461  2557  2990 D PowerManagerService: displayReady: true groupId=0
02-19 02:51:06.661  2557  2990 D PowerManagerService: displayReady: false groupId=0
02-19 02:51:06.661  2557  2990 D DisplayPowerController2[0]: animateScreenStateChange: target=ON, mIsEnabled=true
02-19 02:51:06.662  2557  2990 D PowerManagerService: displayReady: true groupId=0
02-19 02:51:06.744  1554 26706 I sensors-hal: handle_sns_std_sensor_event:90, light_cct: ts = 42566352179735 ns; value = [15, 15, 60, 69, 0, 35, 1, 0, 2592, 0]
02-19 02:51:06.862  2557  2990 D PowerManagerService: displayReady: false groupId=0
02-19 02:51:06.862  2557  2990 D DisplayPowerController2[0]: animateScreenStateChange: target=ON, mIsEnabled=true
02-19 02:51:06.863  2557  2990 D PowerManagerService: displayReady: true groupId=0
02-19 02:51:07.062  2557  2990 D PowerManagerService: displayReady: false groupId=0
02-19 02:51:07.062  2557  2990 D DisplayPowerController2[0]: animateScreenStateChange: target=ON, mIsEnabled=true
02-19 02:51:07.063  2557  2990 D PowerManagerService: displayReady: true groupId=0
02-19 02:51:07.263  2557  2990 D PowerManagerService: displayReady: false groupId=0
02-19 02:51:07.263  2557  2990 D DisplayPowerController2[0]: animateScreenStateChange: target=ON, mIsEnabled=true
02-19 02:51:07.263  2557  2990 D PowerManagerService: displayReady: true groupId=0
02-19 02:51:07.342  2557  5879 D SemWifiUsabilityStatsMonitor: onWifiUsabilityStats - seqNum 12333, isSameBssidAndFreq true
02-19 02:51:07.345  2557  3662 D ConnectivityService: notifyType CALLBACK_CAP_CHANGED for [105 WIFI]
02-19 02:51:07.347  4110  4110 I EPDG -- SIM0 [SMARTWIFI]: isProfiling, hash=168687865, started=true
02-19 02:51:07.349  4110  4110 W Settings: Setting wifi_on has moved from android.provider.Settings.System to android.provider.Settings.Secure, returning read-only value.
02-19 02:51:07.349  4110  4110 W Settings: Setting wifi_on has moved from android.provider.Settings.Secure to android.provider.Settings.Global.
02-19 02:51:07.349  4110  4110 I EPDG -- SIM0 [SMARTWIFI]: isProfiling, hash=168687865, started=true
02-19 02:51:07.351  4110  4110 I EPDG -- SIM0 [SMARTWIFI]: Rssi : -59 highrange : -75 lowrange : -85 mIsRssiInHystersis : false
02-19 02:51:07.352  4110  4110 I EPDG -- SIM0 [SMARTWIFI]: Rssi : -59 highrange : -75 lowrange : -85 mIsRssiInHystersis : false
02-19 02:51:07.352  4110  4110 I EPDG -- SIM0 [SMARTWIFI]: getHandoverThresholdMet: value is: false
02-19 02:51:07.352  2557  3721 D SemWifiApNsd:Client: lpInterface:wlan0
02-19 02:51:07.353  2557  3795 D SemApeService: Deducted link capacity (M: R=453 T=201) RSSI=-59
02-19 02:51:07.353  2557  3795 D SemApeService: Deducted link capacity (M: R=453 T=201) on (wlan0) GoogleAPI(M: R=24 T=18) RSSI=-59 isDefault=false isMlo=false
02-19 02:51:07.354  2557  3721 D SemWifiSwitchForIndividualAppsService: stopTCPMonitoring : already stopped
02-19 02:51:07.354  2557  3721 I WifiConnectivityMonitor.NCC: sNetworkCallback(oCC) FULL : 105(valid: true/captive: false)
02-19 02:51:07.355  2557  3792 D SGM:GameManager: identifyGamePackage. com.sec.android.app.launcher, mCurrentUserId: 0, callerUserId: 0, callingMethodInfo: com.samsung.android.game.SemGameManager.isGamePackage(SemGameManager.java:105)
02-19 02:51:07.355  2557  3792 D SGM:SemGameManager: isGamePackage(), pkgName=com.sec.android.app.launcher, ret=false
02-19 02:51:07.355  2557  3721 I WifiConnectivityMonitor.NCC: [ Transports: WIFI Capabilities: NOT_METERED&INTERNET&NOT_RESTRICTED&TRUSTED&NOT_VPN&VALIDATED&NOT_ROAMING&FOREGROUND&NOT_CONGESTED&NOT_SUSPENDED&NOT_VCN_MANAGED&NOT_BANDWIDTH_CONSTRAINED LinkUpBandwidth>=18986Kbps LinkDnBandwidth>=24435Kbps TransportInfo: <SSID: <unknown ssid>, BSSID: 02:00:00:**:**:00, MAC: 02:00:00:**:**:00, IP: /192.***.*.4, Security type: 2, Supplicant state: COMPLETED, Wi-Fi standard: 11ax, RSSI: -59, Link speed: 288Mbps, Tx Link speed: 288Mbps, Max Supported Tx Link speed: 2401Mbps, Rx Link speed: 648Mbps, Max Supported Rx Link speed: 2401Mbps, Frequency: 5200MHz, Net ID: -1, Metered hint: false, score: 60, isUsable: true, CarrierMerged: false, SubscriptionId: -1, IsPrimary: 1, Trusted: true, Restricted: false, Ephemeral: false, OEM paid: false, OEM private: false, OSU AP: false, FQDN: <none>, Provider friendly name: <none>, Requesting package name: <none><none>MLO Information: , Is TID-To-Link negotiation supported by the AP: false, AP MLD Address: <none>, AP MLO Link Id: <none>, AP MLO Affiliated links: <none>, Vendor Data: <none>> SignalStrength: -59 AdminUids: [1000] SSID: "Airtel_FARM HOUSE" UnderlyingNetworks: Null]
02-19 02:51:07.356  3927  4249 D WifiPickerTracker: updateWifiEntries capabilities
02-19 02:51:07.357  2557  3803 D WifiConnectivityMonitor: HANDLE_ON_CAPABILITIES_CHANGED
02-19 02:51:07.357  2557  3721 D SemWifiApTrafficPriority: onCapabilitiesChanged Wifi:wlan0,mGapiValue:24.435Uplink: 18.986
02-19 02:51:07.357  2557  3803 I WifiConnectivityMonitor: determineMode : MODE_NON_SWITCHABLE_BY_POOR_NETWORK_DETECTION_DISABLED
02-19 02:51:07.358  2557  3803 D OpenNetworkQos[4.00]: updateBssidNoInternet: mBssidNoInternet = false
02-19 02:51:07.358  2557  3803 D OpenNetworkQos[4.00]: getOpenNetworkQosNoInternetStatus: false
02-19 02:51:07.358  2557  3803 D OpenNetworkQos[4.00]: getOpenNetworkQosScores: 26 26 19 
02-19 02:51:07.358  2557  3803 D KNOX_MDM_SettingsProvider: isChangeAllowed() : name = wifi_wcm_qos_sharing_score_summary
02-19 02:51:07.358  2557  3803 I WifiProfileShare: network QoS data was changed (internet), updateQoSData networkType: true, qosData: false
02-19 02:51:07.359  2557  4952 V WifiProfileShare.Caster: update wips network, size: 0
02-19 02:51:07.359  2557  4952 D WifiProfileShare: nearby scanning settings run
02-19 02:51:07.359  2557  4952 D WifiProfileShare: network score provider settings enabled
02-19 02:51:07.359  2557  4952 D OpenNetworkQos[4.00]: getOpenNetworkQosScores: 26 26 19 
02-19 02:51:07.359  2557  4952 D OpenNetworkQos[4.00]: getOpenNetworkQosNoInternetStatus: false
02-19 02:51:07.360  2557  4952 I WifiProfileShare.Caster: current network type: 0, score: [26, 26, 19]
02-19 02:51:07.360  3927  4249 D WifiPickerTracker: update AutoHotspot Entries() : bleAccessPoints -> 0
02-19 02:51:07.360  2557  4952 V WifiProfileShare.Cache: update network score 24:de:8a:**:**:db
02-19 02:51:07.360  2557  4952 D WifiProfileShare.ScanMatcher: getMcfDataList size:2
02-19 02:51:07.360  3927  4249 D WifiPickerTracker: handleNetworkCapabilitiesChanged
02-19 02:51:07.360  2557  4952 I WifiProfileShare.Caster: qos data was updated , before:type:QOS, pBssid:a2:05:ff, qosData:7b after:type:QOS, pBssid:a2:05:ff, qosData:7b
02-19 02:51:07.361  2557  4952 I [MCFSDK_android_1.2.27006]_4_McfCasterImpl: isNetworkEnabled - type : 1 ret : true
02-19 02:51:07.361  2557  4952 D WifiProfileShare.McfCast: -ME--- mIsNetworkEnabled :true
02-19 02:51:07.361  2557  4952 D WifiProfileShare.McfCast: updateQoSData ignored, same contents
02-19 02:51:07.361  2557  4952 D WifiProfileShare.MCF: success update QosData !
02-19 02:51:07.362  4229  6066 D txpwrJni: sendNetworkInfo start
02-19 02:51:07.362  4229  6066 D txpwrJni: sendNetworkInfo RatType 0
02-19 02:51:07.362  2557  4952 I [MCFSDK_android_1.2.27006]_4_McfCasterImpl: isNetworkEnabled - type : 1 ret : true
02-19 02:51:07.362  2557  4952 D WifiProfileShare.McfCast: -ME--- mIsNetworkEnabled :true
02-19 02:51:07.362  2557  4952 D WifiProfileShare.McfCast: -ME--- updatePasswordDate pwdData size:2
02-19 02:51:07.365  8468  9412 I HBD     : i onCapabilitiesChanged network : 105 current network state : wifi 
02-19 02:51:07.365  6667  7765 I BugleRcsEngine: Connected state: [1], networkType: [WIFI] [CONTEXT thread_id=116 ]
02-19 02:51:07.365  6667  8109 I BugleRcsEngine: handleMessage processing message:[NOTIFY_UPTIME_IGNORE_STATE_CHANGED] with [non-null]:RcsEngineImpl reference [CONTEXT log_prefix="RcsEngineImpl[DUAL_REG]:[69aab36d-b03c]>Handler" thread_id=122 ]
02-19 02:51:07.373  5356  5356 D BoundBrokerSvc: onRebind: Intent { act=com.google.android.gms.common.telemetry.service.START dat=chimera-action:/... cmp=com.google.android.gms/.chimera.PersistentApiService }
02-19 02:51:07.379 20863 20888 D txpwrJni: sendNetworkInfo start
02-19 02:51:07.379 20863 20888 D txpwrJni: sendNetworkInfo RatType 0
02-19 02:51:07.380  6667  8109 I BugleRcsEngine: Rcs is enabled from user settings: true [CONTEXT log_prefix="ProvisioningEngineDataRetriever" thread_id=122 ]
02-19 02:51:07.415  1554 29929 I sensors-hal: handle_sns_client_event:422, [0][5225] gyro_sample_cal(cal_available:1)(3) [ 0.000, 0.000,-0.000] bias[ 0.002,-0.005,-0.007] 42567015604526
02-19 02:51:07.464  2557  2990 D PowerManagerService: displayReady: false groupId=0
02-19 02:51:07.465  2557  2990 D DisplayPowerController2[0]: animateScreenStateChange: target=ON, mIsEnabled=true
02-19 02:51:07.466  2557  2990 D PowerManagerService: displayReady: true groupId=0
