02-19 02:56:07.996  1167  1167 D android.hardware.security.keymint-service: finish: ret 0
02-19 02:56:07.996  6377  6377 I VRI[UnityPlayerGameActivity]@d927896: onDisplayChanged oldDisplayState=2 newDisplayState=2
02-19 02:56:07.997  3527  5015 I [PASS][SPASS]SpassPolicyManager: isUpdatable : policy updated 1 hours ago. 1771444014802
02-19 02:56:07.997  3461  3461 I [PASS][SPAF]PolicyUtil: getAutofillPolicy - version : 1768179720169
02-19 02:56:07.997  3461  3461 I [PASS][SPAF]PolicyUtil: getAutofillPolicy - savedContent
02-19 02:56:07.998  3527  5015 I [PASS][PASS]SamsungPassProvider: call method in provider method_is_pwg_enabled
02-19 02:56:07.998  3461  3461 I [PASS][SPAF]ProviderUtil: is_password_generator_enabled: true
02-19 02:56:07.998  2557  6946 I AssistStructure: Flattened final assist data: 1176 bytes, containing 1 windows, 7 views
02-19 02:56:07.999  3461  3461 I [PASS][SPAF]AutofillHints: findFromAfHint() [username]
02-19 02:56:07.999  3461  3461 W [PASS][SPAF]AutofillHints: Valid autofill hint: [username]
02-19 02:56:07.999  3461  3461 I [PASS][SPAF]MetadataCollect: Add: 8, null
02-19 02:56:07.999  3461  3461 I [PASS][SPAF]AutofillHints: findFromAfHint() [password]
02-19 02:56:07.999  3461  3461 W [PASS][SPAF]AutofillHints: Valid autofill hint: [password]
02-19 02:56:07.999  3461  3461 I [PASS][SPAF]MetadataCollect: Add: 1, null
02-19 02:56:07.999  3461  3461 W [PASS][SPAF]AutofillHints: Valid autofill hint: [username, password]
02-19 02:56:07.999  3461  3461 I [PASS][SPAF]MetadataCollect: Page type: Sign in with default
02-19 02:56:07.999  3461  3461 I [PASS][SPAF]AutofillService: check autofill support true
02-19 02:56:07.999  3527  5015 I [PASS][PASS]SamsungPassProvider: call method in provider method_put_event_log
02-19 02:56:08.000  3461  3461 I [PASS][SDK]G: getState
02-19 02:56:08.000  3461  3461 I [PASS][SDK]p: isSignedIn
02-19 02:56:08.000  3461  3461 I [PASS][SDK]p: getBooleanAttribute : is_signed_in
02-19 02:56:08.000  3527  5015 I [PASS][PASS]StateRepository: selectionArgs : [is_signed_in]
02-19 02:56:08.001  3527  5015 W [PASS][PASS]StateRepository: does not have uId info
02-19 02:56:08.001  3527  5015 I [PASS][PASS]StateRepository: Query(is_signed_in), attribute:is_signed_in, value:true
02-19 02:56:08.002  3461  3461 I [PASS][SPAF]PassController: SamsungPass.isActivated() : true
02-19 02:56:08.003  3461  3461 I [PASS][SPAF]PassController: isFingerprintRegistered: true
02-19 02:56:08.003  3461  3461 I [PASS][SPAF]PassController: Iris hardware is not detected
02-19 02:56:08.004  3527  5015 I [PASS][SPASS]WalletSettingsProvider: call method: getBiometricSwitchEnabled
02-19 02:56:08.008  3527  5015 I [PASS][SPASS]WalletSettingsProvider: call method: getPassBiometricSwitchEnabled
02-19 02:56:08.008  3527  5015 I [PASS][CMN]DeviceFeature: isJDMDevice : 0
02-19 02:56:08.009  1167  1167 W keymint_tee: [WRN]begin req PARAMS: A32, BM2, PD64, 
02-19 02:56:08.011  1642  4819 I VSyncReactor: Current= 30, Period= 60, hwcPeriod= 60
02-19 02:56:08.011  1167  1167 D keymint_swd: keymint_swd keymint [WRN] (km_add_tag:528) skip: non repetable tag already exists with different value: 268435458
02-19 02:56:08.012  1167  1167 D keymint_swd: keymint_swd keymint [WRN] (swd_run_cb:263) swd_begin() returns 0
02-19 02:56:08.012  1167  1167 D android.hardware.security.keymint-service: begin: ret 0
02-19 02:56:08.012  1166 10241 I keystore2: system/security/keystore2/src/security_level.rs:454 - In create_operation. Success to create IKeystoreOperation. 10127, None
02-19 02:56:08.012  1167  1167 D keymint_swd: keymint_swd keymint [WRN] (swd_run_cb:263) swd_update() returns 0
02-19 02:56:08.012  1167  1167 D android.hardware.security.keymint-service: update: ret 0
02-19 02:56:08.013  1167  1167 D keymint_swd: keymint_swd keymint [WRN] (swd_run_cb:263) swd_finish() returns 0
02-19 02:56:08.013  1167  1167 D android.hardware.security.keymint-service: finish: ret 0
02-19 02:56:08.013  3527  5015 I [PASS][SPASS]BiometricUtils: isEnabledStateForLocalAuth - authType : Fingerprint, isEnrolled : true, setFingerprint : true, setIris : true, set3P : false
02-19 02:56:08.013  3527  5015 I [PASS][SPASS]FrameworkUtils: isInitialized : true
02-19 02:56:08.013  3527  5015 I [PASS][SPASS]PassFramework: ISU
02-19 02:56:08.013  3527  5015 I [PASS][SPASS]FrameworkUtils: isSignedUp - true
02-19 02:56:08.013  3527  5015 I [PASS][CMN]DeviceFeature: isJDMDevice : 0
02-19 02:56:08.014  1167  1167 W keymint_tee: [WRN]begin req PARAMS: A32, BM2, PD64, 
02-19 02:56:08.015  1167  1167 D keymint_swd: keymint_swd keymint [WRN] (km_add_tag:528) skip: non repetable tag already exists with different value: 268435458
02-19 02:56:08.015  1167  1167 D keymint_swd: keymint_swd keymint [WRN] (swd_run_cb:263) swd_begin() returns 0
02-19 02:56:08.015  1167  1167 D android.hardware.security.keymint-service: begin: ret 0
02-19 02:56:08.015  1166 10241 I keystore2: system/security/keystore2/src/security_level.rs:454 - In create_operation. Success to create IKeystoreOperation. 10127, None
02-19 02:56:08.016  1167  1167 D keymint_swd: keymint_swd keymint [WRN] (swd_run_cb:263) swd_update() returns 0
02-19 02:56:08.016  1167  1167 D android.hardware.security.keymint-service: update: ret 0
02-19 02:56:08.016  1167  1167 D keymint_swd: keymint_swd keymint [WRN] (swd_run_cb:263) swd_finish() returns 0
02-19 02:56:08.016  1167  1167 D android.hardware.security.keymint-service: finish: ret 0
02-19 02:56:08.017  3527  5015 I [PASS][SPASS]BiometricUtils: isEnabledStateForLocalAuth - authType : Iris, isEnrolled : false, setFingerprint : true, setIris : true, set3P : false
02-19 02:56:08.017  3527  5015 I [PASS][SPASS]FrameworkUtils: isInitialized : true
02-19 02:56:08.017  3527  5015 I [PASS][SPASS]PassFramework: ISU
02-19 02:56:08.017  3527  5015 I [PASS][SPASS]FrameworkUtils: isSignedUp - true
02-19 02:56:08.017  2557  6946 D BiometricService: canAuthenticate: User=0, Caller=0, Authenticators=32768
02-19 02:56:08.017  2557  6946 D BiometricService: false true true true
02-19 02:56:08.017  2557  6946 D BiometricService/PreAuthInfo: create: false, false, true, 0, 0
02-19 02:56:08.017  2557  6946 D BiometricService/PreAuthInfo: getCanAuthenticateInternal Modality: 1 AuthenticatorStatus: 1
02-19 02:56:08.017  2557  6946 D AuthService: canAuthenticate, userId: 0, callingUserId: 0, authenticators: 32768, result: 0
02-19 02:56:08.017  3527  5015 I [PASS][CMN]DeviceFeature: isJDMDevice : 0
02-19 02:56:08.018  1167  1167 W keymint_tee: [WRN]begin req PARAMS: A32, BM2, PD64, 
02-19 02:56:08.019  1167  1167 D keymint_swd: keymint_swd keymint [WRN] (km_add_tag:528) skip: non repetable tag already exists with different value: 268435458
02-19 02:56:08.019  1167  1167 D keymint_swd: keymint_swd keymint [WRN] (swd_run_cb:263) swd_begin() returns 0
02-19 02:56:08.019  1167  1167 D android.hardware.security.keymint-service: begin: ret 0
02-19 02:56:08.019  1166 10241 I keystore2: system/security/keystore2/src/security_level.rs:454 - In create_operation. Success to create IKeystoreOperation. 10127, None
02-19 02:56:08.020  1167  1167 D keymint_swd: keymint_swd keymint [WRN] (swd_run_cb:263) swd_update() returns 0
02-19 02:56:08.020  1167  1167 D android.hardware.security.keymint-service: update: ret 0
02-19 02:56:08.020  1167  1167 D keymint_swd: keymint_swd keymint [WRN] (swd_run_cb:263) swd_finish() returns 0
02-19 02:56:08.020  1167  1167 D android.hardware.security.keymint-service: finish: ret 0
02-19 02:56:08.020  3527  5015 I [PASS][SPASS]BiometricUtils: isEnabledStateForLocalAuth - authType : ppp, isEnrolled : true, setFingerprint : true, setIris : true, set3P : false
02-19 02:56:08.020  3527  5015 I [PASS][SPASS]FrameworkUtils: isInitialized : true
02-19 02:56:08.020  3527  5015 I [PASS][SPASS]PassFramework: ISU
02-19 02:56:08.021  3527  5015 I [PASS][SPASS]FrameworkUtils: isSignedUp - true
02-19 02:56:08.021  2557  6946 D BiometricService: canAuthenticate: User=0, Caller=0, Authenticators=32768
02-19 02:56:08.021  2557  6946 D BiometricService: false true true true
02-19 02:56:08.021  2557  6946 D BiometricService/PreAuthInfo: create: false, false, true, 0, 0
02-19 02:56:08.021  2557  6946 D BiometricService/PreAuthInfo: getCanAuthenticateInternal Modality: 1 AuthenticatorStatus: 1
02-19 02:56:08.021  2557  6946 D AuthService: canAuthenticate, userId: 0, callingUserId: 0, authenticators: 32768, result: 0
02-19 02:56:08.021  2557  6946 D BiometricService: canAuthenticate: User=0, Caller=0, Authenticators=32768
02-19 02:56:08.021  2557  6946 D BiometricService: false true true true
02-19 02:56:08.021  2557  6946 D BiometricService/PreAuthInfo: create: false, false, true, 0, 0
02-19 02:56:08.021  2557  6946 D BiometricService/PreAuthInfo: getCanAuthenticateInternal Modality: 1 AuthenticatorStatus: 1
02-19 02:56:08.021  2557  6946 D AuthService: canAuthenticate, userId: 0, callingUserId: 0, authenticators: 32768, result: 0
02-19 02:56:08.022  3527  3646 I [PASS][SPASS]WalletSettingsProvider: call method: getUseScreenLockEnabled
02-19 02:56:08.022  2557  6946 D BiometricService: canAuthenticate: User=0, Caller=0, Authenticators=32768
02-19 02:56:08.022  2557  6946 D BiometricService: false true true true
02-19 02:56:08.022  2557  6946 D BiometricService/PreAuthInfo: create: false, false, true, 0, 0
02-19 02:56:08.022  2557  6946 D BiometricService/PreAuthInfo: getCanAuthenticateInternal Modality: 1 AuthenticatorStatus: 1
02-19 02:56:08.022  2557  6946 D AuthService: canAuthenticate, userId: 0, callingUserId: 0, authenticators: 32768, result: 0
02-19 02:56:08.022  3527  3646 I [PASS][CMN]DeviceFeature: isJDMDevice : 0
02-19 02:56:08.023  1167  1167 W keymint_tee: [WRN]begin req PARAMS: A32, BM2, PD64, 
02-19 02:56:08.024  1167  1167 D keymint_swd: keymint_swd keymint [WRN] (km_add_tag:528) skip: non repetable tag already exists with different value: 268435458
02-19 02:56:08.024  1167  1167 D keymint_swd: keymint_swd keymint [WRN] (swd_run_cb:263) swd_begin() returns 0
02-19 02:56:08.024  1167  1167 D android.hardware.security.keymint-service: begin: ret 0
02-19 02:56:08.024  1166 10241 I keystore2: system/security/keystore2/src/security_level.rs:454 - In create_operation. Success to create IKeystoreOperation. 10127, None
02-19 02:56:08.025  2557  2908 D SGM:GameManager: identifyForegroundApp. com.company.dicegame, mCurrentUserId: 0, callerUserId: 0
02-19 02:56:08.025  2557  2908 D SGM:SemGameManager: isForegroundGame(), ret=false
02-19 02:56:08.025  1167  1167 D keymint_swd: keymint_swd keymint [WRN] (swd_run_cb:263) swd_update() returns 0
02-19 02:56:08.025  1167  1167 D android.hardware.security.keymint-service: update: ret 0
02-19 02:56:08.025  2557  6548 D SemInputDeviceManager: setProperty: (0) CMD,GRIP_DATA,1,60,10,20,936
02-19 02:56:08.025  2557  6548 D TspStateManager: wrote command: cmd=1,60,10,20,936, type=1
02-19 02:56:08.025  2557  3734 D SemInputDevice:TSP: SetPropertyTask: CMD,set_grip_data,1,60,10,20,936 [02-19 02:56:08.025]
02-19 02:56:08.025  1167  1167 D keymint_swd: keymint_swd keymint [WRN] (swd_run_cb:263) swd_finish() returns 0
02-19 02:56:08.026  1167  1167 D android.hardware.security.keymint-service: finish: ret 0
02-19 02:56:08.026  3527  3646 I [PASS][SPASS]BiometricUtils: isEnabledStateForLocalAuth - authType : ppp, isEnrolled : true, setFingerprint : true, setIris : true, set3P : false
02-19 02:56:08.026  3527  3646 I [PASS][SPASS]FrameworkUtils: isInitialized : true
02-19 02:56:08.026  3527  3646 I [PASS][SPASS]PassFramework: ISU
02-19 02:56:08.026  3527  3646 I [PASS][SPASS]FrameworkUtils: isSignedUp - true
02-19 02:56:08.027  2557  6946 D BiometricService: canAuthenticate: User=0, Caller=0, Authenticators=32768
02-19 02:56:08.027  2557  6946 D BiometricService: false true true true
02-19 02:56:08.027  2557  6946 D BiometricService/PreAuthInfo: create: false, false, true, 0, 0
02-19 02:56:08.027  2557  6946 D BiometricService/PreAuthInfo: getCanAuthenticateInternal Modality: 1 AuthenticatorStatus: 1
02-19 02:56:08.027  2557  6946 D AuthService: canAuthenticate, userId: 0, callingUserId: 0, authenticators: 32768, result: 0
02-19 02:56:08.027  3461  3461 I [PASS][SPAF]PassController: isActivated : true
02-19 02:56:08.028  3461  3461 I [PASS][SPAF]DataSamsungPass: selectionArgs = com.company.dicegame
02-19 02:56:08.028  1608  1701 I sysinput:aidl: onReportInformation:91, 1, cmd@set_grip_data,1,60,10,20,9
02-19 02:56:08.028  2557  3734 D SysinputHAL_AIDL: setProperty(TSP(1)): CMD, set_grip_data,1,60,10,20,936 ret=0
02-19 02:56:08.028  3527  3646 I [PASS][SPASS]EasySigninProvider: query called from com.samsung.android.samsungpassautofill
02-19 02:56:08.028  1608  1701 I sysinput:Touch1: operator():237, OK
02-19 02:56:08.029  3461  3461 I [PASS][SPAF]AutofillDataSource: has DAL field in Pass DB
02-19 02:56:08.030  3527  3646 I [PASS][SPASS]EasySigninProvider: query called from com.samsung.android.samsungpassautofill
02-19 02:56:08.032  3461  3461 I [PASS][SPAF]DataSamsungPass: No matched [credential]
02-19 02:56:08.033  3461  3461 I [PASS][SPAF]AutofillRepo: dataMap: 0
02-19 02:56:08.033  3461  3461 I [PASS][SDK]G: getState
02-19 02:56:08.033  3461  3461 I [PASS][SDK]p: isSignedIn
02-19 02:56:08.033  3461  3461 I [PASS][SDK]p: getBooleanAttribute : is_signed_in
02-19 02:56:08.033  3527  3646 I [PASS][PASS]StateRepository: selectionArgs : [is_signed_in]
02-19 02:56:08.034  3527  3646 W [PASS][PASS]StateRepository: does not have uId info
02-19 02:56:08.034  3527  3646 I [PASS][PASS]StateRepository: Query(is_signed_in), attribute:is_signed_in, value:true
02-19 02:56:08.035  3461  3461 I [PASS][SPAF]PassController: noSignUpComplete: false
02-19 02:56:08.035  3527  3646 I [PASS][SPASS]EasySigninProvider: query called from com.samsung.android.samsungpassautofill
02-19 02:56:08.036  2557  2908 D LocalDisplayAdapter: updateActiveModeLocked for d=4630946315032985731, mActiveModeId=3, mActiveSfDisplayMode=DisplayMode{id=2, width=1440, height=3120, xDpi=508.0, yDpi=504.764, peakRefreshRate=60.000004, vsyncRate=60.000004, appVsyncOffsetNanos=0, presentationDeadlineNanos=17666666, supportedHdrTypes=[4, 2, 3], group=1440}
02-19 02:56:08.036  1642  1642 W Layer   : gatherBufferInfo: Received unknown dataspace from gralloc
02-19 02:56:08.036  2557  2908 I DisplayDeviceRepository: Display device changed render timings: "Built-in Screen", renderFrameRate=60.000004, presentationDeadlineNanos=17666666, appVsyncOffsetNanos=0
02-19 02:56:08.036  3461  3461 I [PASS][SPAF]AutofillDataSource: has DAL field in Pass DB
02-19 02:56:08.037  3527  3646 I [PASS][SPASS]EasySigninProvider: query called from com.samsung.android.samsungpassautofill
02-19 02:56:08.037  2557  2990 D BrightnessThermalClamper: Thermal status observer already started
02-19 02:56:08.038  2557  5739 D LiftUpHandler: [LTW] Stopped already.
02-19 02:56:08.038  2557  2908 D RefreshRateModeManager: updateDefaultDisplayToken: android.os.BinderProxy@5dc8ade, isChanged: false
02-19 02:56:08.038  2557  2557 D SGM:GameManager: onDisplayChanged. displyId: 0, state: 2
02-19 02:56:08.038  2557  2557 D SGM:GameManager: dpi: 600, longPixel: 3120, shortPixel: 1440
02-19 02:56:08.038  2557  2557 D AODManagerService: requestReCalToTSP IsSingleTouchMode = falserequestedReCalToTSP = false / previousDisplayState = ON
02-19 02:56:08.039  8468  8468 I VRI[InputMethod]@fa7a747: onDisplayChanged oldDisplayState=2 newDisplayState=2
02-19 02:56:08.039  8468  8468 I SPenContext: virtual void SPen::Context::SetDisplayRefreshRate(float) framerate=60
02-19 02:56:08.039  8468  8468 I LatencyConfiguration: void SPen::LatencyConfiguration::UpdateRefreshRate(float) RefreshRate=60.000004
02-19 02:56:08.039  8468  8468 I LatencyConfiguration: void SPen::LatencyConfiguration::UpdateRefreshRate(float) RefreshRateCallback 0xb400006fd7292910
02-19 02:56:08.039  8468  8468 I PredictorBase: virtual void SPen::PredictorBase::SetRefreshRate(float) Refresh rate: 60.000
02-19 02:56:08.039  8468  8468 I spe_log : virtual void SPen::FbrDrawPad::SetRefreshRate(float) = 60.000
02-19 02:56:08.039  8468  8468 I spe_log : virtual void SPen::FbrDrawPad::SetRefreshRate(float) mFrameDurationNano=16666667, mDisplayRefreshDurationNano: 16666667
02-19 02:56:08.039  8468  8468 I spe_log : virtual void SPen::LowLatencyStrokeView::SetRefreshRate(float) refresh rate=60.000
02-19 02:56:08.039  2557  3575 D SGM:FgCheckThread: onLooperPrepared(), msg: MSG_LCD_ON
02-19 02:56:08.039  6377  6377 I VRI[UnityPlayerGameActivity]@d927896: onDisplayChanged oldDisplayState=2 newDisplayState=2
02-19 02:56:08.039 10576 10576 I VRI[WindowManager$LayoutParams]@874de3f: onDisplayChanged oldDisplayState=2 newDisplayState=2
02-19 02:56:08.039  4488  4488 I VRI[LauncherActivity]@66a84ac: onDisplayChanged oldDisplayState=2 newDisplayState=2
02-19 02:56:08.039  4488  4488 I VRI[RecentsTransitionOverlay]@df5a686: onDisplayChanged oldDisplayState=2 newDisplayState=2
02-19 02:56:08.039  4488  4488 I VRI[RecentsActivity]@17dccb4: onDisplayChanged oldDisplayState=2 newDisplayState=2
02-19 02:56:08.039  4488  4488 I VRI[CocktailBarService]@f2d6caa: onDisplayChanged oldDisplayState=2 newDisplayState=2
02-19 02:56:08.039  4488 32058 I HoneySpace.Memory-Monitor: current state = 2, didTrim = false
02-19 02:56:08.040  4488 32058 I HoneySpace.RefreshRateSource: singleFrameMs 16
02-19 02:56:08.040  1630 21420 D AudioFlinger: setParameters: filtered dev setParameters keyvalue screen_state=on
02-19 02:56:08.040  3927  4019 I VRI[ShellDropTarget]@fa71c1a: onDisplayChanged oldDisplayState=2 newDisplayState=2
02-19 02:56:08.040  1537  1603 D AHAL: AudioDevice: SetParameters: 1865: enter
02-19 02:56:08.040  1537  1603 D AHAL: AudioVoice: VoiceSetParameters: 200: Enter
02-19 02:56:08.040  1537  1603 D AHAL: AudioVoice: VoiceSetParameters: 479: Exit ret: 0
02-19 02:56:08.040  1537  1603 D AHAL: hfp: hfp_set_parameters: 444: enter
02-19 02:56:08.040  1537  1603 D AHAL: AudioDevice: SetParameters: 1945:  - screen = on
02-19 02:56:08.040  1537  1603 I PAL: ResourceManager: setParameter: 10683: Screen State:1
02-19 02:56:08.040  1537  1603 D AHAL: AudioDevice: SetParameters: 2798: exit: screen_state=on
02-19 02:56:08.040  2557  6946 D WifiDisplayAdapter: isFitToActiveDisplayLocked : false
02-19 02:56:08.040  3927  4050 D StackScroller: onDisplayChanged for predraw skip to 2
02-19 02:56:08.040  3927  3927 D DisplayLifecycle: updateDisplay id = 0
02-19 02:56:08.041  7614  7614 I VRI[]@5c3d758: onDisplayChanged oldDisplayState=2 newDisplayState=2
02-19 02:56:08.041  3927  3927 I VRI[LockscreenShortcutBlur]@183c7ad: onDisplayChanged oldDisplayState=2 newDisplayState=2
02-19 02:56:08.041  3927  3927 I VRI[NavigationBar0]@10aacdf: onDisplayChanged oldDisplayState=2 newDisplayState=2
02-19 02:56:08.041  3927  3927 I VRI[EdgeBackGestureHandler0]@5fbf465: onDisplayChanged oldDisplayState=2 newDisplayState=2
02-19 02:56:08.041  3927  3927 I VRI[NotificationShade]@52c1f8f: onDisplayChanged oldDisplayState=2 newDisplayState=2
02-19 02:56:08.041  3927  3927 I VRI[StatusBar]@6be7187: onDisplayChanged oldDisplayState=2 newDisplayState=2
02-19 02:56:08.041  3927  3927 I VRI[Bouncer]@dd53cc5: onDisplayChanged oldDisplayState=2 newDisplayState=2
02-19 02:56:08.041  3927  3927 I VRI[SecondaryHomeHandle0]@c09f045: onDisplayChanged oldDisplayState=2 newDisplayState=2
02-19 02:56:08.041  3927  3927 I VRI[KeyguardBiometricToastView]@7fe46cc: onDisplayChanged oldDisplayState=2 newDisplayState=2
02-19 02:56:08.042  3461  3461 I [PASS][SPAF]MetadataCollect: Page type: Sign in with default
02-19 02:56:08.042  3461  3461 I [PASS][SDK]G: getState
02-19 02:56:08.042  3461  3461 I [PASS][SDK]p: isSignedIn
02-19 02:56:08.042  3461  3461 I [PASS][SDK]p: getBooleanAttribute : is_signed_in
02-19 02:56:08.042  3527  3646 I [PASS][PASS]StateRepository: selectionArgs : [is_signed_in]
02-19 02:56:08.042  3527  3646 W [PASS][PASS]StateRepository: does not have uId info
02-19 02:56:08.042  3527  3646 I [PASS][PASS]StateRepository: Query(is_signed_in), attribute:is_signed_in, value:true
02-19 02:56:08.043  2557  3690 V MdnieScenarioControlService: mAclOffEnabled : false
02-19 02:56:08.044  3461  3461 I [PASS][SPAF]PassController: SamsungPass.isActivated() : true
02-19 02:56:08.044  1642  4819 I VSyncReactor: Current= 60, Period= 60, Distance= 2
02-19 02:56:08.044  3461  3461 I [PASS][SPAF]PassController: isFingerprintRegistered: true
02-19 02:56:08.044  3461  3461 I [PASS][SPAF]PassController: Iris hardware is not detected
02-19 02:56:08.045  3527  3646 I [PASS][SPASS]WalletSettingsProvider: call method: getBiometricSwitchEnabled
02-19 02:56:08.047  3527  3646 I [PASS][SPASS]WalletSettingsProvider: call method: getPassBiometricSwitchEnabled
02-19 02:56:08.047  3527  3646 I [PASS][CMN]DeviceFeature: isJDMDevice : 0
02-19 02:56:08.048  1167  1167 W keymint_tee: [WRN]begin req PARAMS: A32, BM2, PD64, 
02-19 02:56:08.050  8468  8468 I InputMethodService: removeImeSurface
02-19 02:56:08.050  8468  8468 I InputMethodService: cancelImeSurfaceRemoval: removeCallbacks
02-19 02:56:08.050  1167  1167 D keymint_swd: keymint_swd keymint [WRN] (km_add_tag:528) skip: non repetable tag already exists with different value: 268435458
02-19 02:56:08.050  1167  1167 D keymint_swd: keymint_swd keymint [WRN] (swd_run_cb:263) swd_begin() returns 0
02-19 02:56:08.050  1167  1167 D android.hardware.security.keymint-service: begin: ret 0
02-19 02:56:08.050  1166 10241 I keystore2: system/security/keystore2/src/security_level.rs:454 - In create_operation. Success to create IKeystoreOperation. 10127, None
02-19 02:56:08.051  1167  1167 D keymint_swd: keymint_swd keymint [WRN] (swd_run_cb:263) swd_update() returns 0
02-19 02:56:08.051  1167  1167 D android.hardware.security.keymint-service: update: ret 0
02-19 02:56:08.051  1167  1167 D keymint_swd: keymint_swd keymint [WRN] (swd_run_cb:263) swd_finish() returns 0
02-19 02:56:08.051  1167  1167 D android.hardware.security.keymint-service: finish: ret 0
02-19 02:56:08.052  3527  3646 I [PASS][SPASS]BiometricUtils: isEnabledStateForLocalAuth - authType : Fingerprint, isEnrolled : true, setFingerprint : true, setIris : true, set3P : false
02-19 02:56:08.052  3527  3646 I [PASS][SPASS]FrameworkUtils: isInitialized : true
02-19 02:56:08.052  3527  3646 I [PASS][SPASS]PassFramework: ISU
02-19 02:56:08.052  3527  3646 I [PASS][SPASS]FrameworkUtils: isSignedUp - true
02-19 02:56:08.052  3527  3646 I [PASS][CMN]DeviceFeature: isJDMDevice : 0
02-19 02:56:08.052  6613  7681 W AiSuggestionModuleProvider: createAiSuggestionApiImplInstance, failed to create instance
02-19 02:56:08.053  1167  1167 W keymint_tee: [WRN]begin req PARAMS: A32, BM2, PD64, 
02-19 02:56:08.054  1167  1167 D keymint_swd: keymint_swd keymint [WRN] (km_add_tag:528) skip: non repetable tag already exists with different value: 268435458
02-19 02:56:08.054  1167  1167 D keymint_swd: keymint_swd keymint [WRN] (swd_run_cb:263) swd_begin() returns 0
02-19 02:56:08.054  1167  1167 D android.hardware.security.keymint-service: begin: ret 0
02-19 02:56:08.054  1166 10241 I keystore2: system/security/keystore2/src/security_level.rs:454 - In create_operation. Success to create IKeystoreOperation. 10127, None
02-19 02:56:08.055  1167  1167 D keymint_swd: keymint_swd keymint [WRN] (swd_run_cb:263) swd_update() returns 0
02-19 02:56:08.055  1167  1167 D android.hardware.security.keymint-service: update: ret 0
02-19 02:56:08.055  1167  1167 D keymint_swd: keymint_swd keymint [WRN] (swd_run_cb:263) swd_finish() returns 0
02-19 02:56:08.055  1167  1167 D android.hardware.security.keymint-service: finish: ret 0
02-19 02:56:08.056  3527  3646 I [PASS][SPASS]BiometricUtils: isEnabledStateForLocalAuth - authType : Iris, isEnrolled : false, setFingerprint : true, setIris : true, set3P : false
02-19 02:56:08.056  3527  3646 I [PASS][SPASS]FrameworkUtils: isInitialized : true
02-19 02:56:08.056  3527  3646 I [PASS][SPASS]PassFramework: ISU
02-19 02:56:08.056  3527  3646 I [PASS][SPASS]FrameworkUtils: isSignedUp - true
02-19 02:56:08.056  2557  6946 D BiometricService: canAuthenticate: User=0, Caller=0, Authenticators=32768
02-19 02:56:08.056  2557  6946 D BiometricService: false true true true
02-19 02:56:08.056  2557  6946 D BiometricService/PreAuthInfo: create: false, false, true, 0, 0
02-19 02:56:08.056  2557  6946 D BiometricService/PreAuthInfo: getCanAuthenticateInternal Modality: 1 AuthenticatorStatus: 1
02-19 02:56:08.056  2557  6946 D AuthService: canAuthenticate, userId: 0, callingUserId: 0, authenticators: 32768, result: 0
02-19 02:56:08.056  3527  3646 I [PASS][CMN]DeviceFeature: isJDMDevice : 0
02-19 02:56:08.057  2557  2990 D PowerManagerService: displayReady: false groupId=0
02-19 02:56:08.057  2557  2990 D DisplayPowerController2[0]: animateScreenStateChange: target=ON, mIsEnabled=true
02-19 02:56:08.057  2557  2990 D PowerManagerService: displayReady: true groupId=0
02-19 02:56:08.057  1167  1167 W keymint_tee: [WRN]begin req PARAMS: A32, BM2, PD64, 
02-19 02:56:08.059  1167  1167 D keymint_swd: keymint_swd keymint [WRN] (km_add_tag:528) skip: non repetable tag already exists with different value: 268435458
02-19 02:56:08.059  1167  1167 D keymint_swd: keymint_swd keymint [WRN] (swd_run_cb:263) swd_begin() returns 0
02-19 02:56:08.059  1167  1167 D android.hardware.security.keymint-service: begin: ret 0
02-19 02:56:08.059  1166 10241 I keystore2: system/security/keystore2/src/security_level.rs:454 - In create_operation. Success to create IKeystoreOperation. 10127, None
02-19 02:56:08.059  1167  1167 D keymint_swd: keymint_swd keymint [WRN] (swd_run_cb:263) swd_update() returns 0
02-19 02:56:08.059  1167  1167 D android.hardware.security.keymint-service: update: ret 0
02-19 02:56:08.060  1167  1167 D keymint_swd: keymint_swd keymint [WRN] (swd_run_cb:263) swd_finish() returns 0
02-19 02:56:08.060  1167  1167 D android.hardware.security.keymint-service: finish: ret 0
02-19 02:56:08.060  3527  3646 I [PASS][SPASS]BiometricUtils: isEnabledStateForLocalAuth - authType : ppp, isEnrolled : true, setFingerprint : true, setIris : true, set3P : false
02-19 02:56:08.060  3527  3646 I [PASS][SPASS]FrameworkUtils: isInitialized : true
02-19 02:56:08.060  3527  3646 I [PASS][SPASS]PassFramework: ISU
02-19 02:56:08.060  3527  3646 I [PASS][SPASS]FrameworkUtils: isSignedUp - true
02-19 02:56:08.060  2557  3826 D NetdEventListenerService: DNS Requested by 105, 10676(com.company.dicegame), SUCCESS, 1ms
02-19 02:56:08.060  2557  6946 D BiometricService: canAuthenticate: User=0, Caller=0, Authenticators=32768
02-19 02:56:08.060  2557  6946 D BiometricService: false true true true
02-19 02:56:08.060  2557  6946 D BiometricService/PreAuthInfo: create: false, false, true, 0, 0
02-19 02:56:08.060  1642  4819 I VSyncReactor: Current= 60, Period= 60, Distance= 60
02-19 02:56:08.060  2557  6946 D BiometricService/PreAuthInfo: getCanAuthenticateInternal Modality: 1 AuthenticatorStatus: 1
02-19 02:56:08.060  2557  6946 D AuthService: canAuthenticate, userId: 0, callingUserId: 0, authenticators: 32768, result: 0
02-19 02:56:08.061  2557  4013 D BiometricService: canAuthenticate: User=0, Caller=0, Authenticators=32768
02-19 02:56:08.061  2557  4013 D BiometricService: false true true true
02-19 02:56:08.061  2557  4013 D BiometricService/PreAuthInfo: create: false, false, true, 0, 0
02-19 02:56:08.061  2557  4013 D BiometricService/PreAuthInfo: getCanAuthenticateInternal Modality: 1 AuthenticatorStatus: 1
02-19 02:56:08.061  2557  4013 D AuthService: canAuthenticate, userId: 0, callingUserId: 0, authenticators: 32768, result: 0
02-19 02:56:08.061  3527  3646 I [PASS][SPASS]WalletSettingsProvider: call method: getUseScreenLockEnabled
02-19 02:56:08.061  2557  4013 D BiometricService: canAuthenticate: User=0, Caller=0, Authenticators=32768
02-19 02:56:08.061  2557  4013 D BiometricService: false true true true
02-19 02:56:08.061  2557  4013 D BiometricService/PreAuthInfo: create: false, false, true, 0, 0
02-19 02:56:08.061  2557  4013 D BiometricService/PreAuthInfo: getCanAuthenticateInternal Modality: 1 AuthenticatorStatus: 1
02-19 02:56:08.061  2557  4013 D AuthService: canAuthenticate, userId: 0, callingUserId: 0, authenticators: 32768, result: 0
02-19 02:56:08.062  3527  3646 I [PASS][CMN]DeviceFeature: isJDMDevice : 0
02-19 02:56:08.063  1167  1167 W keymint_tee: [WRN]begin req PARAMS: A32, BM2, PD64, 
02-19 02:56:08.064  1167  1167 D keymint_swd: keymint_swd keymint [WRN] (km_add_tag:528) skip: non repetable tag already exists with different value: 268435458
02-19 02:56:08.064  1167  1167 D keymint_swd: keymint_swd keymint [WRN] (swd_run_cb:263) swd_begin() returns 0
02-19 02:56:08.064  1167  1167 D android.hardware.security.keymint-service: begin: ret 0
02-19 02:56:08.064  1166 10241 I keystore2: system/security/keystore2/src/security_level.rs:454 - In create_operation. Success to create IKeystoreOperation. 10127, None
02-19 02:56:08.065  1167  1167 D keymint_swd: keymint_swd keymint [WRN] (swd_run_cb:263) swd_update() returns 0
02-19 02:56:08.065  1167  1167 D android.hardware.security.keymint-service: update: ret 0
02-19 02:56:08.065  1167  1167 D keymint_swd: keymint_swd keymint [WRN] (swd_run_cb:263) swd_finish() returns 0
02-19 02:56:08.065  1167  1167 D android.hardware.security.keymint-service: finish: ret 0
02-19 02:56:08.066  3527  3646 I [PASS][SPASS]BiometricUtils: isEnabledStateForLocalAuth - authType : ppp, isEnrolled : true, setFingerprint : true, setIris : true, set3P : false
02-19 02:56:08.066  3527  3646 I [PASS][SPASS]FrameworkUtils: isInitialized : true
02-19 02:56:08.066  3527  3646 I [PASS][SPASS]PassFramework: ISU
02-19 02:56:08.066  3527  3646 I [PASS][SPASS]FrameworkUtils: isSignedUp - true
02-19 02:56:08.066  2557  6946 D BiometricService: canAuthenticate: User=0, Caller=0, Authenticators=32768
02-19 02:56:08.066  2557  6946 D BiometricService: false true true true
02-19 02:56:08.066  2557  6946 D BiometricService/PreAuthInfo: create: false, false, true, 0, 0
02-19 02:56:08.066  2557  6946 D BiometricService/PreAuthInfo: getCanAuthenticateInternal Modality: 1 AuthenticatorStatus: 1
02-19 02:56:08.066  2557  6946 D AuthService: canAuthenticate, userId: 0, callingUserId: 0, authenticators: 32768, result: 0
02-19 02:56:08.066  3461  3461 I [PASS][SPAF]PassController: isActivated : true
02-19 02:56:08.066  3461  3461 I [PASS][SPAF]MetadataCollect: Page type: Sign in with default
02-19 02:56:08.067  3461  3461 I [PASS][SDK]G: getState
02-19 02:56:08.067  3461  3461 I [PASS][SDK]p: isSignedIn
02-19 02:56:08.067  3461  3461 I [PASS][SDK]p: getBooleanAttribute : is_signed_in
02-19 02:56:08.067  3527  3646 I [PASS][PASS]StateRepository: selectionArgs : [is_signed_in]
02-19 02:56:08.067  3527  3646 W [PASS][PASS]StateRepository: does not have uId info
02-19 02:56:08.067  3527  3646 I [PASS][PASS]StateRepository: Query(is_signed_in), attribute:is_signed_in, value:true
02-19 02:56:08.068  3461  3461 I [PASS][SPAF]PassController: SamsungPass.isActivated() : true
02-19 02:56:08.069  3461  3461 I [PASS][SPAF]PassController: isFingerprintRegistered: true
02-19 02:56:08.069  3461  3461 I [PASS][SPAF]PassController: Iris hardware is not detected
02-19 02:56:08.069  3527  3646 I [PASS][SPASS]WalletSettingsProvider: call method: getBiometricSwitchEnabled
02-19 02:56:08.072  3527  3646 I [PASS][SPASS]WalletSettingsProvider: call method: getPassBiometricSwitchEnabled
02-19 02:56:08.072  3527  3646 I [PASS][CMN]DeviceFeature: isJDMDevice : 0
02-19 02:56:08.073  1167  1167 W keymint_tee: [WRN]begin req PARAMS: A32, BM2, PD64, 
02-19 02:56:08.075  1167  1167 D keymint_swd: keymint_swd keymint [WRN] (km_add_tag:528) skip: non repetable tag already exists with different value: 268435458
02-19 02:56:08.075  1167  1167 D keymint_swd: keymint_swd keymint [WRN] (swd_run_cb:263) swd_begin() returns 0
02-19 02:56:08.075  1167  1167 D android.hardware.security.keymint-service: begin: ret 0
02-19 02:56:08.075  1166  9430 I keystore2: system/security/keystore2/src/security_level.rs:454 - In create_operation. Success to create IKeystoreOperation. 10127, None
02-19 02:56:08.076  1167  1167 D keymint_swd: keymint_swd keymint [WRN] (swd_run_cb:263) swd_update() returns 0
02-19 02:56:08.076  1167  1167 D android.hardware.security.keymint-service: update: ret 0
02-19 02:56:08.076  1167  1167 D keymint_swd: keymint_swd keymint [WRN] (swd_run_cb:263) swd_finish() returns 0
02-19 02:56:08.076  1167  1167 D android.hardware.security.keymint-service: finish: ret 0
02-19 02:56:08.076  3527  3646 I [PASS][SPASS]BiometricUtils: isEnabledStateForLocalAuth - authType : Fingerprint, isEnrolled : true, setFingerprint : true, setIris : true, set3P : false
02-19 02:56:08.076  3527  3646 I [PASS][SPASS]FrameworkUtils: isInitialized : true
02-19 02:56:08.076  3527  3646 I [PASS][SPASS]PassFramework: ISU
02-19 02:56:08.076  3527  3646 I [PASS][SPASS]FrameworkUtils: isSignedUp - true
02-19 02:56:08.076  3527  3646 I [PASS][CMN]DeviceFeature: isJDMDevice : 0
02-19 02:56:08.077  1167  1167 W keymint_tee: [WRN]begin req PARAMS: A32, BM2, PD64, 
02-19 02:56:08.079  1167  1167 D keymint_swd: keymint_swd keymint [WRN] (km_add_tag:528) skip: non repetable tag already exists with different value: 268435458
02-19 02:56:08.079  1167  1167 D keymint_swd: keymint_swd keymint [WRN] (swd_run_cb:263) swd_begin() returns 0
02-19 02:56:08.079  1167  1167 D android.hardware.security.keymint-service: begin: ret 0
02-19 02:56:08.079  1166  9798 I keystore2: system/security/keystore2/src/security_level.rs:454 - In create_operation. Success to create IKeystoreOperation. 10127, None
02-19 02:56:08.080  1167  1167 D keymint_swd: keymint_swd keymint [WRN] (swd_run_cb:263) swd_update() returns 0
02-19 02:56:08.080  1167  1167 D android.hardware.security.keymint-service: update: ret 0
02-19 02:56:08.080  1167  1167 D keymint_swd: keymint_swd keymint [WRN] (swd_run_cb:263) swd_finish() returns 0
02-19 02:56:08.080  1167  1167 D android.hardware.security.keymint-service: finish: ret 0
02-19 02:56:08.081  3527  3646 I [PASS][SPASS]BiometricUtils: isEnabledStateForLocalAuth - authType : Iris, isEnrolled : false, setFingerprint : true, setIris : true, set3P : false
02-19 02:56:08.081  3527  3646 I [PASS][SPASS]FrameworkUtils: isInitialized : true
02-19 02:56:08.081  3527  3646 I [PASS][SPASS]PassFramework: ISU
02-19 02:56:08.081  3527  3646 I [PASS][SPASS]FrameworkUtils: isSignedUp - true
02-19 02:56:08.081  2557  6946 D BiometricService: canAuthenticate: User=0, Caller=0, Authenticators=32768
02-19 02:56:08.081  2557  6946 D BiometricService: false true true true
02-19 02:56:08.081  2557  6946 D BiometricService/PreAuthInfo: create: false, false, true, 0, 0
02-19 02:56:08.081  2557  6946 D BiometricService/PreAuthInfo: getCanAuthenticateInternal Modality: 1 AuthenticatorStatus: 1
02-19 02:56:08.081  2557  6946 D AuthService: canAuthenticate, userId: 0, callingUserId: 0, authenticators: 32768, result: 0
02-19 02:56:08.081  3527  3646 I [PASS][CMN]DeviceFeature: isJDMDevice : 0
02-19 02:56:08.082  1167  1167 W keymint_tee: [WRN]begin req PARAMS: A32, BM2, PD64, 
02-19 02:56:08.084  1167  1167 D keymint_swd: keymint_swd keymint [WRN] (km_add_tag:528) skip: non repetable tag already exists with different value: 268435458
02-19 02:56:08.084  1167  1167 D keymint_swd: keymint_swd keymint [WRN] (swd_run_cb:263) swd_begin() returns 0
02-19 02:56:08.084  1167  1167 D android.hardware.security.keymint-service: begin: ret 0
02-19 02:56:08.084  1166 10241 I keystore2: system/security/keystore2/src/security_level.rs:454 - In create_operation. Success to create IKeystoreOperation. 10127, None
02-19 02:56:08.085  1167  1167 D keymint_swd: keymint_swd keymint [WRN] (swd_run_cb:263) swd_update() returns 0
02-19 02:56:08.085  1167  1167 D android.hardware.security.keymint-service: update: ret 0
02-19 02:56:08.085  1167  1167 D keymint_swd: keymint_swd keymint [WRN] (swd_run_cb:263) swd_finish() returns 0
02-19 02:56:08.085  1167  1167 D android.hardware.security.keymint-service: finish: ret 0
02-19 02:56:08.085  3527  3646 I [PASS][SPASS]BiometricUtils: isEnabledStateForLocalAuth - authType : ppp, isEnrolled : true, setFingerprint : true, setIris : true, set3P : false
02-19 02:56:08.085  3527  3646 I [PASS][SPASS]FrameworkUtils: isInitialized : true
02-19 02:56:08.085  3527  3646 I [PASS][SPASS]PassFramework: ISU
02-19 02:56:08.085  3527  3646 I [PASS][SPASS]FrameworkUtils: isSignedUp - true
02-19 02:56:08.086  2557  6946 D BiometricService: canAuthenticate: User=0, Caller=0, Authenticators=32768
02-19 02:56:08.086  2557  6946 D BiometricService: false true true true
02-19 02:56:08.086  2557  6946 D BiometricService/PreAuthInfo: create: false, false, true, 0, 0
02-19 02:56:08.086  2557  6946 D BiometricService/PreAuthInfo: getCanAuthenticateInternal Modality: 1 AuthenticatorStatus: 1
02-19 02:56:08.086  2557  6946 D AuthService: canAuthenticate, userId: 0, callingUserId: 0, authenticators: 32768, result: 0
02-19 02:56:08.086  2557  6946 D BiometricService: canAuthenticate: User=0, Caller=0, Authenticators=32768
02-19 02:56:08.086  2557  6946 D BiometricService: false true true true
02-19 02:56:08.086  2557  6946 D BiometricService/PreAuthInfo: create: false, false, true, 0, 0
02-19 02:56:08.086  2557  6946 D BiometricService/PreAuthInfo: getCanAuthenticateInternal Modality: 1 AuthenticatorStatus: 1
02-19 02:56:08.087  2557  6946 D AuthService: canAuthenticate, userId: 0, callingUserId: 0, authenticators: 32768, result: 0
02-19 02:56:08.087  3527  3646 I [PASS][SPASS]WalletSettingsProvider: call method: getUseScreenLockEnabled
02-19 02:56:08.087  2557  6946 D BiometricService: canAuthenticate: User=0, Caller=0, Authenticators=32768
02-19 02:56:08.087  2557  6946 D BiometricService: false true true true
02-19 02:56:08.087  2557  6946 D BiometricService/PreAuthInfo: create: false, false, true, 0, 0
02-19 02:56:08.087  2557  6946 D BiometricService/PreAuthInfo: getCanAuthenticateInternal Modality: 1 AuthenticatorStatus: 1
02-19 02:56:08.087  2557  6946 D AuthService: canAuthenticate, userId: 0, callingUserId: 0, authenticators: 32768, result: 0
02-19 02:56:08.087  3527  3646 I [PASS][CMN]DeviceFeature: isJDMDevice : 0
02-19 02:56:08.089  1167  1167 W keymint_tee: [WRN]begin req PARAMS: A32, BM2, PD64, 
02-19 02:56:08.090  1167  1167 D keymint_swd: keymint_swd keymint [WRN] (km_add_tag:528) skip: non repetable tag already exists with different value: 268435458
02-19 02:56:08.090  1167  1167 D keymint_swd: keymint_swd keymint [WRN] (swd_run_cb:263) swd_begin() returns 0
02-19 02:56:08.090  1167  1167 D android.hardware.security.keymint-service: begin: ret 0
02-19 02:56:08.091  1166  9430 I keystore2: system/security/keystore2/src/security_level.rs:454 - In create_operation. Success to create IKeystoreOperation. 10127, None
02-19 02:56:08.091  1167  1167 D keymint_swd: keymint_swd keymint [WRN] (swd_run_cb:263) swd_update() returns 0
02-19 02:56:08.091  1167  1167 D android.hardware.security.keymint-service: update: ret 0
02-19 02:56:08.092  1167  1167 D keymint_swd: keymint_swd keymint [WRN] (swd_run_cb:263) swd_finish() returns 0
02-19 02:56:08.092  1167  1167 D android.hardware.security.keymint-service: finish: ret 0
02-19 02:56:08.092  3527  3646 I [PASS][SPASS]BiometricUtils: isEnabledStateForLocalAuth - authType : ppp, isEnrolled : true, setFingerprint : true, setIris : true, set3P : false
02-19 02:56:08.092  3527  3646 I [PASS][SPASS]FrameworkUtils: isInitialized : true
02-19 02:56:08.092  3527  3646 I [PASS][SPASS]PassFramework: ISU
02-19 02:56:08.092  3527  3646 I [PASS][SPASS]FrameworkUtils: isSignedUp - true
02-19 02:56:08.092  2557  6946 D BiometricService: canAuthenticate: User=0, Caller=0, Authenticators=32768
02-19 02:56:08.092  2557  6946 D BiometricService: false true true true
02-19 02:56:08.092  2557  6946 D BiometricService/PreAuthInfo: create: false, false, true, 0, 0
02-19 02:56:08.092  2557  6946 D BiometricService/PreAuthInfo: getCanAuthenticateInternal Modality: 1 AuthenticatorStatus: 1
02-19 02:56:08.092  2557  6946 D AuthService: canAuthenticate, userId: 0, callingUserId: 0, authenticators: 32768, result: 0
02-19 02:56:08.093  3461  3461 I [PASS][SPAF]PassController: isActivated : true
02-19 02:56:08.093  3527  3646 I [PASS][SPASS]EasySigninProvider: call method in provider use_keyboard_autofill
02-19 02:56:08.093  3461  3461 I [PASS][SPAF]InlinePresentationUtil: useInlineSuggestions - useKeyboardAutofill : true
02-19 02:56:08.094  3527  3646 I [PASS][SPASS]EasySigninProvider: query called from com.samsung.android.samsungpassautofill
02-19 02:56:08.095  3461  3461 I [PASS][SPAF]AutofillDataSource: has DAL field in Pass DB
02-19 02:56:08.096  3527  3646 I [PASS][SPASS]EasySigninProvider: query called from com.samsung.android.samsungpassautofill
02-19 02:56:08.098  3461  3461 I [PASS][SPAF]DataSamsungPass: queryEasySignData - count : 11
02-19 02:56:08.098  3461  3461 I [PASS][SPAF]SALogging: screenId:PS9999, eventId:PS0138, dimension:{}, value:-1
02-19 02:56:08.099  3461  3461 I [PASS][SPAF]SALogging: saResult:0
02-19 02:56:08.099  3461  3461 I [PASS][SPAF]DataSamsungPass: selectionArgs = com.company.dicegame
02-19 02:56:08.099  3527  5015 I [PASS][SPASS]EasySigninProvider: query called from com.samsung.android.samsungpassautofill
02-19 02:56:08.101  3461  3461 I [PASS][SPAF]AutofillDataSource: has DAL field in Pass DB
02-19 02:56:08.102  3527  5015 I [PASS][SPASS]EasySigninProvider: query called from com.samsung.android.samsungpassautofill
02-19 02:56:08.104  3461  3461 I [PASS][SPAF]DataSamsungPass: No matched [credential]
02-19 02:56:08.105  3461  3461 I [PASS][SPAF]AutofillRepo: dataMap: 0
02-19 02:56:08.105  3461  3461 I [PASS][SPAF]MetadataCollect: Page type: Sign in with default
02-19 02:56:08.105  3527  5015 I [PASS][SPASS]EasySigninProvider: call method in provider use_keyboard_autofill
02-19 02:56:08.106  3461  3461 I [PASS][SPAF]InlinePresentationUtil: useInlineSuggestions - useKeyboardAutofill : true
02-19 02:56:08.106  3461  3461 I [PASS][SDK]G: getState
02-19 02:56:08.106  3461  3461 I [PASS][SDK]p: isSignedIn
02-19 02:56:08.106  3461  3461 I [PASS][SDK]p: getBooleanAttribute : is_signed_in
02-19 02:56:08.106  3527  5015 I [PASS][PASS]StateRepository: selectionArgs : [is_signed_in]
02-19 02:56:08.106  3527  5015 W [PASS][PASS]StateRepository: does not have uId info
02-19 02:56:08.106  3527  5015 I [PASS][PASS]StateRepository: Query(is_signed_in), attribute:is_signed_in, value:true
02-19 02:56:08.108  3461  3461 I [PASS][SPAF]PassController: SamsungPass.isActivated() : true
02-19 02:56:08.109  3461  3461 I [PASS][SPAF]PassController: isFingerprintRegistered: true
02-19 02:56:08.109  3461  3461 I [PASS][SPAF]PassController: Iris hardware is not detected
02-19 02:56:08.109  3527  5015 I [PASS][SPASS]WalletSettingsProvider: call method: getBiometricSwitchEnabled
02-19 02:56:08.111  3527  5015 I [PASS][SPASS]WalletSettingsProvider: call method: getPassBiometricSwitchEnabled
02-19 02:56:08.112  3527  5015 I [PASS][CMN]DeviceFeature: isJDMDevice : 0
02-19 02:56:08.113  1167  1167 W keymint_tee: [WRN]begin req PARAMS: A32, BM2, PD64, 
02-19 02:56:08.114  1559  6402 E HYPER-HAL: [HandlerSysfs.cpp]doResourceHandling(): Couldn't Open Sysfs - /sys/kernel/zram/app_launch
02-19 02:56:08.114  1167  1167 D keymint_swd: keymint_swd keymint [WRN] (km_add_tag:528) skip: non repetable tag already exists with different value: 268435458
02-19 02:56:08.115  1167  1167 D keymint_swd: keymint_swd keymint [WRN] (swd_run_cb:263) swd_begin() returns 0
02-19 02:56:08.115  1167  1167 D android.hardware.security.keymint-service: begin: ret 0
02-19 02:56:08.115  1559  6402 I HYPER-HAL: [RequestManager.cpp]releaseLocked(): Released ID : 10082297
02-19 02:56:08.115  1166  9430 I keystore2: system/security/keystore2/src/security_level.rs:454 - In create_operation. Success to create IKeystoreOperation. 10127, None
02-19 02:56:08.115  1167  1167 D keymint_swd: keymint_swd keymint [WRN] (swd_run_cb:263) swd_update() returns 0
02-19 02:56:08.115  1167  1167 D android.hardware.security.keymint-service: update: ret 0
02-19 02:56:08.116  1167  1167 D keymint_swd: keymint_swd keymint [WRN] (swd_run_cb:263) swd_finish() returns 0
02-19 02:56:08.116  1167  1167 D android.hardware.security.keymint-service: finish: ret 0
02-19 02:56:08.116  3527  5015 I [PASS][SPASS]BiometricUtils: isEnabledStateForLocalAuth - authType : Fingerprint, isEnrolled : true, setFingerprint : true, setIris : true, set3P : false
02-19 02:56:08.116  3527  5015 I [PASS][SPASS]FrameworkUtils: isInitialized : true
02-19 02:56:08.116  3527  5015 I [PASS][SPASS]PassFramework: ISU
02-19 02:56:08.116  3527  5015 I [PASS][SPASS]FrameworkUtils: isSignedUp - true
02-19 02:56:08.116  3527  5015 I [PASS][CMN]DeviceFeature: isJDMDevice : 0
02-19 02:56:08.117  1167  1167 W keymint_tee: [WRN]begin req PARAMS: A32, BM2, PD64, 
02-19 02:56:08.119  1167  1167 D keymint_swd: keymint_swd keymint [WRN] (km_add_tag:528) skip: non repetable tag already exists with different value: 268435458
02-19 02:56:08.119  1167  1167 D keymint_swd: keymint_swd keymint [WRN] (swd_run_cb:263) swd_begin() returns 0
02-19 02:56:08.119  1167  1167 D android.hardware.security.keymint-service: begin: ret 0
02-19 02:56:08.119  1166  9430 I keystore2: system/security/keystore2/src/security_level.rs:454 - In create_operation. Success to create IKeystoreOperation. 10127, None
02-19 02:56:08.120  1167  1167 D keymint_swd: keymint_swd keymint [WRN] (swd_run_cb:263) swd_update() returns 0
02-19 02:56:08.120  1167  1167 D android.hardware.security.keymint-service: update: ret 0
02-19 02:56:08.120  1167  1167 D keymint_swd: keymint_swd keymint [WRN] (swd_run_cb:263) swd_finish() returns 0
02-19 02:56:08.120  1167  1167 D android.hardware.security.keymint-service: finish: ret 0
02-19 02:56:08.120  3527  5015 I [PASS][SPASS]BiometricUtils: isEnabledStateForLocalAuth - authType : Iris, isEnrolled : false, setFingerprint : true, setIris : true, set3P : false
02-19 02:56:08.120  3527  5015 I [PASS][SPASS]FrameworkUtils: isInitialized : true
02-19 02:56:08.120  3527  5015 I [PASS][SPASS]PassFramework: ISU
02-19 02:56:08.120  3527  5015 I [PASS][SPASS]FrameworkUtils: isSignedUp - true
02-19 02:56:08.121  2557  6946 D BiometricService: canAuthenticate: User=0, Caller=0, Authenticators=32768
02-19 02:56:08.121  2557  6946 D BiometricService: false true true true
02-19 02:56:08.121  2557  6946 D BiometricService/PreAuthInfo: create: false, false, true, 0, 0
02-19 02:56:08.121  2557  6946 D BiometricService/PreAuthInfo: getCanAuthenticateInternal Modality: 1 AuthenticatorStatus: 1
02-19 02:56:08.121  2557  6946 D AuthService: canAuthenticate, userId: 0, callingUserId: 0, authenticators: 32768, result: 0
02-19 02:56:08.121  3527  5015 I [PASS][CMN]DeviceFeature: isJDMDevice : 0
02-19 02:56:08.122  1167  1167 W keymint_tee: [WRN]begin req PARAMS: A32, BM2, PD64, 
02-19 02:56:08.124  1167  1167 D keymint_swd: keymint_swd keymint [WRN] (km_add_tag:528) skip: non repetable tag already exists with different value: 268435458
02-19 02:56:08.124  1167  1167 D keymint_swd: keymint_swd keymint [WRN] (swd_run_cb:263) swd_begin() returns 0
02-19 02:56:08.124  1167  1167 D android.hardware.security.keymint-service: begin: ret 0
02-19 02:56:08.124  1166  9430 I keystore2: system/security/keystore2/src/security_level.rs:454 - In create_operation. Success to create IKeystoreOperation. 10127, None
02-19 02:56:08.124  1167  1167 D keymint_swd: keymint_swd keymint [WRN] (swd_run_cb:263) swd_update() returns 0
02-19 02:56:08.125  1167  1167 D android.hardware.security.keymint-service: update: ret 0
02-19 02:56:08.125  1167  1167 D keymint_swd: keymint_swd keymint [WRN] (swd_run_cb:263) swd_finish() returns 0
02-19 02:56:08.125  1167  1167 D android.hardware.security.keymint-service: finish: ret 0
02-19 02:56:08.125  3527  5015 I [PASS][SPASS]BiometricUtils: isEnabledStateForLocalAuth - authType : ppp, isEnrolled : true, setFingerprint : true, setIris : true, set3P : false
02-19 02:56:08.125  3527  5015 I [PASS][SPASS]FrameworkUtils: isInitialized : true
02-19 02:56:08.125  3527  5015 I [PASS][SPASS]PassFramework: ISU
02-19 02:56:08.125  3527  5015 I [PASS][SPASS]FrameworkUtils: isSignedUp - true
02-19 02:56:08.126  2557  6946 D BiometricService: canAuthenticate: User=0, Caller=0, Authenticators=32768
02-19 02:56:08.126  2557  6946 D BiometricService: false true true true
02-19 02:56:08.126  2557  6946 D BiometricService/PreAuthInfo: create: false, false, true, 0, 0
02-19 02:56:08.126  2557  6946 D BiometricService/PreAuthInfo: getCanAuthenticateInternal Modality: 1 AuthenticatorStatus: 1
02-19 02:56:08.126  2557  6946 D AuthService: canAuthenticate, userId: 0, callingUserId: 0, authenticators: 32768, result: 0
02-19 02:56:08.126  2557  6946 D BiometricService: canAuthenticate: User=0, Caller=0, Authenticators=32768
02-19 02:56:08.126  2557  6946 D BiometricService: false true true true
02-19 02:56:08.126  2557  6946 D BiometricService/PreAuthInfo: create: false, false, true, 0, 0
02-19 02:56:08.126  2557  6946 D BiometricService/PreAuthInfo: getCanAuthenticateInternal Modality: 1 AuthenticatorStatus: 1
02-19 02:56:08.126  2557  6946 D AuthService: canAuthenticate, userId: 0, callingUserId: 0, authenticators: 32768, result: 0
02-19 02:56:08.127  3527  5015 I [PASS][SPASS]WalletSettingsProvider: call method: getUseScreenLockEnabled
02-19 02:56:08.127  2557  6946 D BiometricService: canAuthenticate: User=0, Caller=0, Authenticators=32768
02-19 02:56:08.127  2557  6946 D BiometricService: false true true true
02-19 02:56:08.127  2557  6946 D BiometricService/PreAuthInfo: create: false, false, true, 0, 0
02-19 02:56:08.127  2557  6946 D BiometricService/PreAuthInfo: getCanAuthenticateInternal Modality: 1 AuthenticatorStatus: 1
02-19 02:56:08.127  2557  6946 D AuthService: canAuthenticate, userId: 0, callingUserId: 0, authenticators: 32768, result: 0
02-19 02:56:08.127  3527  5015 I [PASS][CMN]DeviceFeature: isJDMDevice : 0
