02-19 02:56:09.403  1559  1739 I HYPER-HAL: [RequestManager.cpp]acquire(): Acquired ID : 24377680  [6955 / 27]    HINT :      list : [TABoost / 1] [TIMEOUT / 1500] 
02-19 02:56:09.403  1559  1739 I HYPER-HAL: [RequestManager.cpp]acquire(): Acquired ID : 24384664  [6955 / 28]    HINT : TA_TOUCH_SHARE    list : [TIMEOUT / 1500] 
02-19 02:56:09.405  2557  2906 I GestureDetector: obtain mCurrentMotionEventRaw. action: 2 id: 587811093
02-19 02:56:09.405  2557  2906 I GestureDetector: obtain mCurrentMotionEventRaw. action: 2 id: 587811093
02-19 02:56:09.409  1559  6380 I HYPER-HAL: [RequestManager.cpp]releaseLocked(): Released ID : 3492403
02-19 02:56:09.420  1554 29929 I sensors-hal: handle_sns_client_event:422, [0][19652] gyro_sample_cal(cal_available:1)(3) [ 0.003, 0.007, 0.001] bias[ 0.002,-0.005,-0.007] 42869019651652
02-19 02:56:09.464  2557  2990 D PowerManagerService: displayReady: false groupId=0
02-19 02:56:09.464  2557  2990 D DisplayPowerController2[0]: animateScreenStateChange: target=ON, mIsEnabled=true
02-19 02:56:09.465  2557  2990 D PowerManagerService: displayReady: true groupId=0
02-19 02:56:09.471  2557  3551 D InputReader: Btn_touch(5): value=0 when=41275.928203
02-19 02:56:09.471  2557  3551 I InputReader: Touch event's action is 0x1 (id=6, t=0) [pCnt=1, s=] when=41275.928203
02-19 02:56:09.471  2557  3550 I InputDispatcher: Delivering touch to (6377): action: 0x1, f=0x0, d=0, '7263c79', t=1 
02-19 02:56:09.471  6377  6377 I VRI[UnityPlayerGameActivity]@d927896: ViewPostIme pointer 1
02-19 02:56:09.472  4488  4488 I HoneySpace.GestureInputHandler: reset
02-19 02:56:09.472  4488  4488 I HoneySpace.InputSession: close
02-19 02:56:09.472  1554 11962 I sensors-hal: handle_sns_std_sensor_event:158, [27140] Pressure 1008.124, cal -0.289, sw_offset 0.000 (lsb(bit) 0x13 0xfd 0x3e)
02-19 02:56:09.506 17057  3730 I ISG_Wakeup_Verify: [KWD] Bargein - scores: [0.0154, 0.0869, t(60)], [0.0033, 0.0441, t(64)], [0.0062, 0.0374, t(68)], [0.0046, 0.0368, t(72)], [0.0040, 0.0161, t(76)], RMS: 104
02-19 02:56:09.513  1559  1739 I HYPER-HAL: [RequestManager.cpp]acquire(): Acquired ID : 22073125  [1564 / 5079]    HINT :      list : [TID_LOW_LATENCY / 0] [TID / 7467] [TID / 7468] [TID / 4488] [TID / 7309] 
02-19 02:56:09.514  1559  1739 I HYPER-HAL: [RequestManager.cpp]acquire(): Acquired ID : 22079770  [1564 / 5080]    HINT :      list : [UCLAMP_MIN_BOOST / 0] [TID / 7467] [TID / 7468] [TID / 4488] [TID / 7309] 
02-19 02:56:09.515  1559  1739 I HYPER-HAL: [RequestManager.cpp]releaseLocked(): Released ID : 22073125
02-19 02:56:09.515  1559  1739 I HYPER-HAL: [RequestManager.cpp]releaseLocked(): Released ID : 22079770
02-19 02:56:09.524 13495 13634 I TapTracker: 1.3) Sensor update info : 02/19_02:56:09, 0.708 , 0.330, 9.830
02-19 02:56:09.565  1559  1739 I HYPER-HAL: [RequestManager.cpp]acquire(): Acquired ID : 22113010  [1564 / 5085]    HINT :      list : [TID_LOW_LATENCY / 0] [TID / 4080] [TID / 4081] [TID / 4031] [TID / 4078] 
02-19 02:56:09.565  1559  1739 I HYPER-HAL: [RequestManager.cpp]acquire(): Acquired ID : 22119661  [1564 / 5086]    HINT :      list : [UCLAMP_MIN_BOOST / 0] [TID / 4080] [TID / 4081] [TID / 4031] [TID / 4078] 
02-19 02:56:09.566  1559  1739 I HYPER-HAL: [RequestManager.cpp]releaseLocked(): Released ID : 22113010
02-19 02:56:09.566  1559  1739 I HYPER-HAL: [RequestManager.cpp]releaseLocked(): Released ID : 22119661
02-19 02:56:09.649  4110  4110 I EPDG -- SIM0 [SMARTWIFI]: isProfiling, hash=168687865, started=true
02-19 02:56:09.649  4110  4110 W Settings: Setting wifi_on has moved from android.provider.Settings.System to android.provider.Settings.Secure, returning read-only value.
02-19 02:56:09.649  4110  4110 W Settings: Setting wifi_on has moved from android.provider.Settings.Secure to android.provider.Settings.Global.
02-19 02:56:09.649  2557  5879 D SemWifiUsabilityStatsMonitor: onWifiUsabilityStats - seqNum 12433, isSameBssidAndFreq true
02-19 02:56:09.649  4110  4110 I EPDG -- SIM0 [SMARTWIFI]: isProfiling, hash=168687865, started=true
02-19 02:56:09.650  2557  3662 D ConnectivityService: notifyType CALLBACK_CAP_CHANGED for [105 WIFI]
02-19 02:56:09.651  4110  4110 I EPDG -- SIM0 [SMARTWIFI]: Rssi : -61 highrange : -75 lowrange : -85 mIsRssiInHystersis : false
02-19 02:56:09.651  4110  4110 I EPDG -- SIM0 [SMARTWIFI]: Rssi : -61 highrange : -75 lowrange : -85 mIsRssiInHystersis : false
02-19 02:56:09.651  4110  4110 I EPDG -- SIM0 [SMARTWIFI]: getHandoverThresholdMet: value is: false
02-19 02:56:09.653  2557  3721 D SemWifiApNsd:Client: lpInterface:wlan0
02-19 02:56:09.653  2557  3721 D SemWifiSwitchForIndividualAppsService: stopTCPMonitoring : already stopped
02-19 02:56:09.653  2557  3721 I WifiConnectivityMonitor.NCC: sNetworkCallback(oCC) FULL : 105(valid: true/captive: false)
02-19 02:56:09.653  2557  3721 I WifiConnectivityMonitor.NCC: [ Transports: WIFI Capabilities: NOT_METERED&INTERNET&NOT_RESTRICTED&TRUSTED&NOT_VPN&VALIDATED&NOT_ROAMING&FOREGROUND&NOT_CONGESTED&NOT_SUSPENDED&NOT_VCN_MANAGED&NOT_BANDWIDTH_CONSTRAINED LinkUpBandwidth>=18986Kbps LinkDnBandwidth>=24435Kbps TransportInfo: <SSID: <unknown ssid>, BSSID: 02:00:00:**:**:00, MAC: 02:00:00:**:**:00, IP: /192.***.*.4, Security type: 2, Supplicant state: COMPLETED, Wi-Fi standard: 11ax, RSSI: -61, Link speed: 288Mbps, Tx Link speed: 288Mbps, Max Supported Tx Link speed: 2401Mbps, Rx Link speed: 576Mbps, Max Supported Rx Link speed: 2401Mbps, Frequency: 5200MHz, Net ID: -1, Metered hint: false, score: 60, isUsable: true, CarrierMerged: false, SubscriptionId: -1, IsPrimary: 1, Trusted: true, Restricted: false, Ephemeral: false, OEM paid: false, OEM private: false, OSU AP: false, FQDN: <none>, Provider friendly name: <none>, Requesting package name: <none><none>MLO Information: , Is TID-To-Link negotiation supported by the AP: false, AP MLD Address: <none>, AP MLO Link Id: <none>, AP MLO Affiliated links: <none>, Vendor Data: <none>> SignalStrength: -61 AdminUids: [1000] SSID: "Airtel_FARM HOUSE" UnderlyingNetworks: Null]
02-19 02:56:09.654  2557  3795 D SemApeService: Deducted link capacity (M: R=403 T=201) RSSI=-61
02-19 02:56:09.654  2557  3795 D SemApeService: Deducted link capacity (M: R=403 T=201) on (wlan0) GoogleAPI(M: R=24 T=18) RSSI=-61 isDefault=false isMlo=false
02-19 02:56:09.655  2557  3792 D SGM:GameManager: identifyGamePackage. com.company.dicegame, mCurrentUserId: 0, callerUserId: 0, callingMethodInfo: com.samsung.android.game.SemGameManager.isGamePackage(SemGameManager.java:105)
02-19 02:56:09.655  2557  3792 D SGM:SemGameManager: isGamePackage(), pkgName=com.company.dicegame, ret=false
02-19 02:56:09.656  2557  3803 D WifiConnectivityMonitor: HANDLE_ON_CAPABILITIES_CHANGED
02-19 02:56:09.656  2557  3803 I WifiConnectivityMonitor: determineMode : MODE_NON_SWITCHABLE_BY_POOR_NETWORK_DETECTION_DISABLED
02-19 02:56:09.656  2557  3803 D OpenNetworkQos[4.00]: updateBssidNoInternet: mBssidNoInternet = false
02-19 02:56:09.656  2557  3803 D OpenNetworkQos[4.00]: getOpenNetworkQosNoInternetStatus: false
02-19 02:56:09.656  2557  3803 D OpenNetworkQos[4.00]: getOpenNetworkQosScores: 26 26 19 
02-19 02:56:09.656  2557  3803 D KNOX_MDM_SettingsProvider: isChangeAllowed() : name = wifi_wcm_qos_sharing_score_summary
02-19 02:56:09.656  2557  3803 I WifiProfileShare: network QoS data was changed (internet), updateQoSData networkType: true, qosData: false
02-19 02:56:09.656  2557  4952 V WifiProfileShare.Caster: update wips network, size: 0
02-19 02:56:09.656  2557  4952 D WifiProfileShare: nearby scanning settings run
02-19 02:56:09.656  2557  4952 D WifiProfileShare: network score provider settings enabled
02-19 02:56:09.657  2557  4952 D OpenNetworkQos[4.00]: getOpenNetworkQosScores: 26 26 19 
02-19 02:56:09.657  2557  4952 D OpenNetworkQos[4.00]: getOpenNetworkQosNoInternetStatus: false
02-19 02:56:09.657  2557  4952 I WifiProfileShare.Caster: current network type: 0, score: [26, 26, 19]
02-19 02:56:09.657  2557  4952 V WifiProfileShare.Cache: update network score 24:de:8a:**:**:db
02-19 02:56:09.657  2557  4952 D WifiProfileShare.ScanMatcher: getMcfDataList size:2
02-19 02:56:09.657  2557  4952 I WifiProfileShare.Caster: qos data was updated , before:type:QOS, pBssid:a2:05:ff, qosData:7b after:type:QOS, pBssid:a2:05:ff, qosData:7b
02-19 02:56:09.658  3927  4249 D WifiPickerTracker: updateWifiEntries capabilities
02-19 02:56:09.658  2557  4952 I [MCFSDK_android_1.2.27006]_4_McfCasterImpl: isNetworkEnabled - type : 1 ret : true
02-19 02:56:09.658  2557  4952 D WifiProfileShare.McfCast: -ME--- mIsNetworkEnabled :true
02-19 02:56:09.658  2557  4952 D WifiProfileShare.McfCast: updateQoSData ignored, same contents
02-19 02:56:09.658  2557  4952 D WifiProfileShare.MCF: success update QosData !
02-19 02:56:09.659  2557  4952 I [MCFSDK_android_1.2.27006]_4_McfCasterImpl: isNetworkEnabled - type : 1 ret : true
02-19 02:56:09.659  2557  4952 D WifiProfileShare.McfCast: -ME--- mIsNetworkEnabled :true
02-19 02:56:09.659  2557  4952 D WifiProfileShare.McfCast: -ME--- updatePasswordDate pwdData size:2
02-19 02:56:09.660  3927  4249 D WifiPickerTracker: update AutoHotspot Entries() : bleAccessPoints -> 0
02-19 02:56:09.660  3927  4249 D WifiPickerTracker: handleNetworkCapabilitiesChanged
02-19 02:56:09.661  2557  3721 D SemWifiApTrafficPriority: onCapabilitiesChanged Wifi:wlan0,mGapiValue:24.435Uplink: 18.986
02-19 02:56:09.661  2557  3768 I SemWifiLinkQualityMonitor: Link stat: 2630 / 12 / 1.01 (2360) / 288 / -61.0 || 100.0 : 288.00 / 0.5 : 0.99 / 0.55 : 0.00 / G (G) || 8a7c8fdb5200: 0.100 / 79.914 /  / N || N N / 0 / N 103.0 / N 0 / 41276109 0
02-19 02:56:09.663  4229  6066 D txpwrJni: sendNetworkInfo start
02-19 02:56:09.663  4229  6066 D txpwrJni: sendNetworkInfo RatType 0
02-19 02:56:09.663  8468  9412 I HBD     : i onCapabilitiesChanged network : 105 current network state : wifi 
02-19 02:56:09.664  6667  7765 I BugleRcsEngine: Connected state: [1], networkType: [WIFI] [CONTEXT thread_id=116 ]
02-19 02:56:09.664  6667  8109 I BugleRcsEngine: handleMessage processing message:[NOTIFY_UPTIME_IGNORE_STATE_CHANGED] with [non-null]:RcsEngineImpl reference [CONTEXT log_prefix="RcsEngineImpl[DUAL_REG]:[69aab36d-b03c]>Handler" thread_id=122 ]
02-19 02:56:09.664  2557  2990 D PowerManagerService: displayReady: false groupId=0
02-19 02:56:09.665  2557  2990 D DisplayPowerController2[0]: animateScreenStateChange: target=ON, mIsEnabled=true
02-19 02:56:09.665  2557  2990 D PowerManagerService: displayReady: true groupId=0
02-19 02:56:09.667  6667  8109 I BugleRcsEngine: Rcs is enabled from user settings: true [CONTEXT log_prefix="ProvisioningEngineDataRetriever" thread_id=122 ]
02-19 02:56:09.670 20863 20888 D txpwrJni: sendNetworkInfo start
02-19 02:56:09.670 20863 20888 D txpwrJni: sendNetworkInfo RatType 0
02-19 02:56:09.701  2557  2906 I GestureDetector: handleMessage TAP
02-19 02:56:09.701  2557  2557 I GestureDetector: handleMessage TAP
02-19 02:56:09.705 17057  3730 I ISG_Wakeup_Verify: [KWD] Bargein - scores: [0.0076, 0.0391, t(80)], [0.0097, 0.0140, t(84)], [0.0022, 0.0327, t(88)], [0.0061, 0.0537, t(92)], [0.0057, 0.0257, t(96)], RMS: 106
02-19 02:56:09.765  8468  8468 I HBD     : i onCapabilityChanged  setNetworkState currentNetworkState : wifi 
02-19 02:56:09.788  2557  3551 D InputReader: Btn_touch(5): value=1 when=41276.245524
02-19 02:56:09.788  2557  3551 I InputReader: Touch event's action is 0x0 (id=6, t=0) [pCnt=1, s=0.12059 ] when=41276.245524
02-19 02:56:09.789  2557  3550 I InputDispatcher: Delivering touch to (3927): action: 0x4, f=0x0, d=0, 'b6f87e5', t=1 
02-19 02:56:09.789  2557  3550 I InputDispatcher: Delivering touch to (6377): action: 0x0, f=0x0, d=0, '7263c79', t=1 
02-19 02:56:09.790  6377  6377 I VRI[UnityPlayerGameActivity]@d927896: ViewPostIme pointer 0
02-19 02:56:09.790  2557  3550 D PowerManagerService: [api] userActivityFromNative : touch displayId=0 eventTime=41276245
02-19 02:56:09.790  2557  2906 I GestureDetector: obtain mCurrentDownEvent. id: 962764422 caller: com.android.server.wm.SystemGesturesPointerEventListener.onPointerEvent:17 com.android.server.wm.PointerEventDispatcher.onInputEvent:51 android.view.InputEventReceiver.dispatchInputEvent:385 
02-19 02:56:09.790  2557  2906 I GestureDetector: obtain mCurrentDownEvent. id: 962764422 caller: com.android.server.wm.SystemPerformancePointerEventListener.onPointerEvent:13 com.android.server.wm.PointerEventDispatcher.onInputEvent:51 android.view.InputEventReceiver.dispatchInputEvent:385 
02-19 02:56:09.791  4488  4488 I HoneySpace.GestureInputHandler: inputConsumers = [com.honeyspace.gesture.inputconsumer.InputConsumer$Companion$NO_OP$1@601ee75]
02-19 02:56:09.791  4488  4488 I HoneySpace.InputSession: inputConsumers = NO_OP
02-19 02:56:09.792  4488  4488 I HoneySpace.InputSession: open
02-19 02:56:09.793  6955  6955 I SemDvfsHyPerManager: acquire hyper - TATouchBoost/6955@27, type = -999
02-19 02:56:09.794  6955  6955 I SemDvfsHyPerManager: acquire hyper - TA_TOUCH_SHARE/6955@28, type = -999
02-19 02:56:09.796  2557  2906 I GestureDetector: obtain mCurrentMotionEventRaw. action: 2 id: 693414162
02-19 02:56:09.796  2557  2906 I GestureDetector: obtain mCurrentMotionEventRaw. action: 2 id: 693414162
02-19 02:56:09.799  1559  6565 I HYPER-HAL: [RequestManager.cpp]releaseLocked(): Released ID : 3339847
02-19 02:56:09.800  1559  1739 I HYPER-HAL: [RequestManager.cpp]acquire(): Acquired ID : 24377680  [6955 / 27]    HINT :      list : [TABoost / 1] [TIMEOUT / 1500] 
02-19 02:56:09.800  1559  1739 I HYPER-HAL: [RequestManager.cpp]acquire(): Acquired ID : 24384664  [6955 / 28]    HINT : TA_TOUCH_SHARE    list : [TIMEOUT / 1500] 
02-19 02:56:09.805  1559  1739 I HYPER-HAL: [RequestManager.cpp]acquire(): Acquired ID : 22099711  [1564 / 5083]    HINT :      list : [TID_LOW_LATENCY / 0] [TID / 8071] [TID / 8072] [TID / 7614] [TID / 8068] 
02-19 02:56:09.806  1559  1739 I HYPER-HAL: [RequestManager.cpp]acquire(): Acquired ID : 22106360  [1564 / 5084]    HINT :      list : [UCLAMP_MIN_BOOST / 0] [TID / 8071] [TID / 8072] [TID / 7614] [TID / 8068] 
02-19 02:56:09.806  1559  1739 I HYPER-HAL: [RequestManager.cpp]releaseLocked(): Released ID : 22099711
02-19 02:56:09.807  1559  1739 I HYPER-HAL: [RequestManager.cpp]releaseLocked(): Released ID : 22106360
02-19 02:56:09.845  2557  3551 D InputReader: Btn_touch(5): value=0 when=41276.302269
02-19 02:56:09.845  2557  3551 I InputReader: Touch event's action is 0x1 (id=6, t=0) [pCnt=1, s=] when=41276.302269
02-19 02:56:09.845  2557  3550 I InputDispatcher: Delivering touch to (6377): action: 0x1, f=0x0, d=0, '7263c79', t=1 
02-19 02:56:09.846  6377  6377 I VRI[UnityPlayerGameActivity]@d927896: ViewPostIme pointer 1
02-19 02:56:09.846  4488  4488 I HoneySpace.GestureInputHandler: reset
02-19 02:56:09.847  4488  4488 I HoneySpace.InputSession: close
02-19 02:56:09.864  2557  2990 D PowerManagerService: displayReady: false groupId=0
02-19 02:56:09.864  2557  2990 D DisplayPowerController2[0]: animateScreenStateChange: target=ON, mIsEnabled=true
02-19 02:56:09.865  2557  2990 D PowerManagerService: displayReady: true groupId=0
02-19 02:56:09.867  1642  1642 I LayerHistory: SurfaceView[com.company.dicegame/com.unity3d.player.UnityPlayerGameActivity]@0(BLAST)#17118 voted ExplicitDefault (60.00 Hz)
02-19 02:56:09.868  1642  1642 I SurfaceFlinger: scored - choose 60.00 Hz
02-19 02:56:09.868  1642  1642 I HWComposer: [4630946315032985731] ActiveConfigToHWC, ID : 2
02-19 02:56:09.869  2557  2908 I DisplayDeviceRepository: Display device changed: DisplayDeviceInfo{"Built-in Screen": uniqueId="local:4630946315032985731", 1440 x 3120, modeId 1, renderFrameRate 120.00001, defaultModeId 3, userPreferredModeId -1, supportedModes [{id=1, width=1440, height=3120, fps=120.00001, vsync=120.00001, synthetic=false, alternativeRefreshRates=[10.0, 24.000002, 30.000002, 48.000004, 60.000004, 80.0], supportedHdrTypes=[2, 3, 4]}, {id=2, width=1440, height=3120, fps=80.0, vsync=80.0, synthetic=false, alternativeRefreshRates=[10.0, 24.000002, 30.000002, 48.000004, 60.000004, 120.00001], supportedHdrTypes=[2, 3, 4]}, {id=3, width=1440, height=3120, fps=60.000004, vsync=60.000004, synthetic=false, alternativeRefreshRates=[10.0, 24.000002, 30.000002, 48.000004, 80.0, 120.00001], supportedHdrTypes=[2, 3, 4]}, {id=4, width=1440, height=3120, fps=48.000004, vsync=48.000004, synthetic=false, alternativeRefreshRates=[10.0, 24.000002, 30.000002, 60.000004, 80.0, 120.00001], supportedHdrTypes=[2, 3, 4]}, {id=5, width=1440, height=3120, fps=30.000002, vsync=30.000002, synthetic=false, alternativeRefreshRates=[10.0, 24.000002, 48.000004, 60.000004, 80.0, 120.00001], supportedHdrTypes=[2, 3, 4]}, {id=6, width=1440, height=3120, fps=24.000002, vsync=24.000002, synthetic=false, alternativeRefreshRates=[10.0, 30.000002, 48.000004, 60.000004, 80.0, 120.00001], supportedHdrTypes=[2, 3, 4]}, {id=7, width=1440, height=3120, fps=10.0, vsync=10.0, synthetic=false, alternativeRefreshRates=[24.000002, 30.000002, 48.000004, 60.000004, 80.0, 120.00001], supportedHdrTypes=[2, 3, 4]}, {id=8, width=1080, height=2340, fps=120.00001, vsync=120.00001, synthetic=false, alternativeRefreshRates=[10.0, 24.000002, 30.000002, 48.000004, 60.000004, 80.0], supportedHdrTypes=[2, 3, 4]}, {id=9, width=1080, height=2340, fps=80.0, vsync=80.0, synthetic=false, alternativeRefreshRates=[10.0, 24.000002, 30.000002, 48.000004, 60.000004, 120.00001], supportedHdrTypes=[2, 3, 4]}, {id=10, width=1080, height=2340, fps=60.000004, vsync=60.000004, synthetic=false, alternativeRefreshRates=[10.0, 24.000002, 30.000002, 48.000004, 80.0, 120.00001], supportedHdrTypes=[2, 3, 4]}, {id=11, width=1080, height=2340, fps=48.000004, vsync=48.000004, synthetic=false, alternativeRefreshRates=[10.0, 24.000002, 30.000002, 60.000004, 80.0, 120.00001], supportedHdrTypes=[2, 3, 4]}, {id=12, width=1080, height=2340, fps=30.000002, vsync=30.000002, synthetic=false, alternativeRefreshRates=[10.0, 24.000002, 48.000004, 60.000004, 80.0, 120.00001], supportedHdrTypes=[2, 3, 4]}, {id=13, width=1080, height=2340, fps=24.000002, vsync=24.000002, synthetic=false, alternativeRefreshRates=[10.0, 30.000002, 48.000004, 60.000004, 80.0, 120.00001], supportedHdrTypes=[2, 3, 4]}, {id=14, width=1080, height=2340, fps=10.0, vsync=10.0, synthetic=false, alternativeRefreshRates=[24.000002, 30.000002, 48.000004, 60.000004, 80.0, 120.00001], supportedHdrTypes=[2, 3, 4]}, {id=15, width=720, height=1560, fps=120.00001, vsync=120.00001, synthetic=false, alternativeRefreshRates=[10.0, 24.000002, 30.000002, 48.000004, 60.000004, 80.0], supportedHdrTypes=[2, 3, 4]}, {id=16, width=720, height=1560, fps=80.0, vsync=80.0, synthetic=false, alternativeRefreshRates=[10.0, 24.000002, 30.000002, 48.000004, 60.000004, 120.00001], supportedHdrTypes=[2, 3, 4]}, {id=17, width=720, height=1560, fps=60.000004, vsync=60.000004, synthetic=false, alternativeRefreshRates=[10.0, 24.000002, 30.000002, 48.000004, 80.0, 120.00001], supportedHdrTypes=[2, 3, 4]}, {id=18, width=720, height=1560, fps=48.000004, vsync=48.000004, synthetic=false, alternativeRefreshRates=[10.0, 24.000002, 30.000002, 60.000004, 80.0, 120.00001], supportedHdrTypes=[2, 3, 4]}, {id=19, width=720, height=1560, fps=30.000002, vsync=30.000002, synthetic=false, alternativeRefreshRates=[10.0, 24.000002, 48.000004, 60.000004, 80.0, 120.00001], supportedHdrTypes=[2, 3, 4]}, {id=20, width=720, height=1560, fps=24.000002, vsync=24.000002, synthetic=false, alternativeRefreshRates=[10.0, 30.000002, 48.000004, 60.000004, 80.0, 120.00001], supportedHdrTypes=[2, 3, 4
02-19 02:56:09.872  1630 25590 V APM_AudioPolicyManager: setAppState(portId:871, state:2)
02-19 02:56:09.873  1556  3861 I WifiHAL : event received NL80211_CMD_VENDOR, vendor_id = 0x1374, subcmd = 0xb6
02-19 02:56:09.873  2161  2161 I cnss-daemon: nl80211 response handler invoked
02-19 02:56:09.873  2201  3865 D LOWI-9.0.1.74: [LOWI-Scan] wait_event:Wait done with Cmd 103
02-19 02:56:09.873  2161  2161 I cnss-daemon: nl80211_response_handler: cmd 103, vendorID 4980, subcmd 182  received
02-19 02:56:09.873  2201  3865 D LOWI-9.0.1.74: [LOWI-Scan] do_listen_events: Rcvd valid Netlink Cmd 0 Err 0
02-19 02:56:09.874  6377  6377 I VRI[UnityPlayerGameActivity]@d927896: onDisplayChanged oldDisplayState=2 newDisplayState=2
02-19 02:56:09.875  2557  2908 D LocalDisplayAdapter: updateActiveModeLocked for d=4630946315032985731, mActiveModeId=3, mActiveSfDisplayMode=DisplayMode{id=2, width=1440, height=3120, xDpi=508.0, yDpi=504.764, peakRefreshRate=60.000004, vsyncRate=60.000004, appVsyncOffsetNanos=0, presentationDeadlineNanos=17666666, supportedHdrTypes=[4, 2, 3], group=1440}
02-19 02:56:09.876  2557  2908 I DisplayDeviceRepository: Display device changed render timings: "Built-in Screen", renderFrameRate=60.000004, presentationDeadlineNanos=17666666, appVsyncOffsetNanos=0
02-19 02:56:09.876  1572  2027 I SDM     : HWDeviceDRM::SetDisplaySwitchMode: [DispConfigs] check hs_mode 1
02-19 02:56:09.876  1572  2027 W SDM     : HWDeviceDRM::GetSupportedBitClkRate: Requested rate not supported: 1362080000
02-19 02:56:09.876  1572  2027 I SDM     : HWDeviceDRM::SetDisplaySwitchMode: [DispConfigs] Set mode index:2 1440x3120x60xcmdHS, hs_mode(1), found_mode(1)
02-19 02:56:09.876  1572  2027 I SDM     : HWDeviceDRM::UpdateMixerAttributes: Mixer WxH 1440x3120-1 for Peripheral
02-19 02:56:09.877  1572  2027 I SDM     : HWCDisplay::SubmitDisplayConfig: [MultiResolution] Set FrameBuffer to config = 2, wh = (1440, 3120)
02-19 02:56:09.877  1572  2027 I SDM     : DisplayBase::SetFrameBufferConfig: New framebuffer resolution (1440x3120)
02-19 02:56:09.877  1572  2027 I SDM     : HWCDisplay::SetFrameBufferConfig: New framebuffer resolution (1440x3120)
02-19 02:56:09.877  1572  2027 I SDM     : HWCDisplay::SubmitDisplayConfig: Active configuration changed from config 0 to 2
02-19 02:56:09.877  2557  5739 D LiftUpHandler: [LTW] Stopped already.
02-19 02:56:09.878  1630 25590 D AudioFlinger: setParameters: filtered dev setParameters keyvalue screen_state=on
02-19 02:56:09.878  1537  1603 D AHAL: AudioDevice: SetParameters: 1865: enter
02-19 02:56:09.878  1537  1603 D AHAL: AudioVoice: VoiceSetParameters: 200: Enter
02-19 02:56:09.878  1537  1603 D AHAL: AudioVoice: VoiceSetParameters: 479: Exit ret: 0
02-19 02:56:09.878  1537  1603 D AHAL: hfp: hfp_set_parameters: 444: enter
02-19 02:56:09.878  1537  1603 D AHAL: AudioDevice: SetParameters: 1945:  - screen = on
02-19 02:56:09.878  1537  1603 I PAL: ResourceManager: setParameter: 10683: Screen State:1
02-19 02:56:09.878  1537  1603 D AHAL: AudioDevice: SetParameters: 2798: exit: screen_state=on
02-19 02:56:09.879  2557  2908 D RefreshRateModeManager: updateDefaultDisplayToken: android.os.BinderProxy@5dc8ade, isChanged: false
02-19 02:56:09.880  4488  5457 I HoneySpace.RefreshRateSource: singleFrameMs 16
02-19 02:56:09.880  2557  2557 D SGM:GameManager: onDisplayChanged. displyId: 0, state: 2
02-19 02:56:09.880  2557  2557 D SGM:GameManager: dpi: 600, longPixel: 3120, shortPixel: 1440
02-19 02:56:09.880  2557  3575 D SGM:FgCheckThread: onLooperPrepared(), msg: MSG_LCD_ON
02-19 02:56:09.880  2557  2557 D AODManagerService: requestReCalToTSP IsSingleTouchMode = falserequestedReCalToTSP = false / previousDisplayState = ON
02-19 02:56:09.880  3927  4019 I VRI[ShellDropTarget]@fa71c1a: onDisplayChanged oldDisplayState=2 newDisplayState=2
02-19 02:56:09.880  3927  4050 D StackScroller: onDisplayChanged for predraw skip to 2
02-19 02:56:09.880 10576 10576 I VRI[WindowManager$LayoutParams]@874de3f: onDisplayChanged oldDisplayState=2 newDisplayState=2
02-19 02:56:09.881  2557  7145 D WifiDisplayAdapter: isFitToActiveDisplayLocked : false
02-19 02:56:09.881  7614  7614 I VRI[]@5c3d758: onDisplayChanged oldDisplayState=2 newDisplayState=2
02-19 02:56:09.881  6377  6377 I VRI[UnityPlayerGameActivity]@d927896: onDisplayChanged oldDisplayState=2 newDisplayState=2
02-19 02:56:09.881  8468  8468 I VRI[InputMethod]@fa7a747: onDisplayChanged oldDisplayState=2 newDisplayState=2
02-19 02:56:09.881  8468  8468 I SPenContext: virtual void SPen::Context::SetDisplayRefreshRate(float) framerate=60
02-19 02:56:09.881  8468  8468 I LatencyConfiguration: void SPen::LatencyConfiguration::UpdateRefreshRate(float) RefreshRate=60.000004
02-19 02:56:09.881  8468  8468 I LatencyConfiguration: void SPen::LatencyConfiguration::UpdateRefreshRate(float) RefreshRateCallback 0xb400006fd7292910
02-19 02:56:09.881  8468  8468 I PredictorBase: virtual void SPen::PredictorBase::SetRefreshRate(float) Refresh rate: 60.000
02-19 02:56:09.881  8468  8468 I spe_log : virtual void SPen::FbrDrawPad::SetRefreshRate(float) = 60.000
02-19 02:56:09.881  8468  8468 I spe_log : virtual void SPen::FbrDrawPad::SetRefreshRate(float) mFrameDurationNano=16666667, mDisplayRefreshDurationNano: 16666667
02-19 02:56:09.881  8468  8468 I spe_log : virtual void SPen::LowLatencyStrokeView::SetRefreshRate(float) refresh rate=60.000
02-19 02:56:09.882  3927  3927 D DisplayLifecycle: updateDisplay id = 0
02-19 02:56:09.883  2557  2990 D BrightnessThermalClamper: Thermal status observer already started
02-19 02:56:09.883  1642  4819 I VSyncReactor: Current= 120, Period= 60, hwcPeriod= 60
02-19 02:56:09.883  4488  4488 I VRI[LauncherActivity]@66a84ac: onDisplayChanged oldDisplayState=2 newDisplayState=2
02-19 02:56:09.883  4488  4488 I VRI[RecentsTransitionOverlay]@df5a686: onDisplayChanged oldDisplayState=2 newDisplayState=2
02-19 02:56:09.883  4488  4488 I VRI[RecentsActivity]@17dccb4: onDisplayChanged oldDisplayState=2 newDisplayState=2
02-19 02:56:09.883  4488  4488 I VRI[CocktailBarService]@f2d6caa: onDisplayChanged oldDisplayState=2 newDisplayState=2
02-19 02:56:09.883  4488 32058 I HoneySpace.Memory-Monitor: current state = 2, didTrim = false
02-19 02:56:09.884  3927  3927 I VRI[LockscreenShortcutBlur]@183c7ad: onDisplayChanged oldDisplayState=2 newDisplayState=2
02-19 02:56:09.884  3927  3927 I VRI[NavigationBar0]@10aacdf: onDisplayChanged oldDisplayState=2 newDisplayState=2
02-19 02:56:09.884  3927  3927 I VRI[EdgeBackGestureHandler0]@5fbf465: onDisplayChanged oldDisplayState=2 newDisplayState=2
02-19 02:56:09.884  3927  3927 I VRI[NotificationShade]@52c1f8f: onDisplayChanged oldDisplayState=2 newDisplayState=2
02-19 02:56:09.884  3927  3927 I VRI[StatusBar]@6be7187: onDisplayChanged oldDisplayState=2 newDisplayState=2
02-19 02:56:09.884  3927  3927 I VRI[Bouncer]@dd53cc5: onDisplayChanged oldDisplayState=2 newDisplayState=2
02-19 02:56:09.884  3927  3927 I VRI[SecondaryHomeHandle0]@c09f045: onDisplayChanged oldDisplayState=2 newDisplayState=2
02-19 02:56:09.884  3927  3927 I VRI[KeyguardBiometricToastView]@7fe46cc: onDisplayChanged oldDisplayState=2 newDisplayState=2
02-19 02:56:09.910 17057  3730 I ISG_Wakeup_Verify: [KWD] Bargein - scores: [0.0073, 0.0487, t(100)], [0.0067, 0.0548, t(104)], [0.0166, 0.0101, t(108)], [0.0119, 0.0240, t(112)], [0.0078, 0.0769, t(116)], RMS: 105
02-19 02:56:10.065  2557  2990 D PowerManagerService: displayReady: false groupId=0
02-19 02:56:10.065  2557  2990 D DisplayPowerController2[0]: animateScreenStateChange: target=ON, mIsEnabled=true
02-19 02:56:10.065  2557  2990 D PowerManagerService: displayReady: true groupId=0
02-19 02:56:10.071  2557  3551 D InputReader: Btn_touch(5): value=1 when=41276.527971
02-19 02:56:10.071  2557  3551 I InputReader: Touch event's action is 0x0 (id=6, t=0) [pCnt=1, s=0.12060 ] when=41276.527971
02-19 02:56:10.072  2557  3550 I InputDispatcher: Delivering touch to (3927): action: 0x4, f=0x0, d=0, 'b6f87e5', t=1 
02-19 02:56:10.073  2557  3550 I InputDispatcher: Delivering touch to (6377): action: 0x0, f=0x0, d=0, '7263c79', t=1 
02-19 02:56:10.073  6377  6377 I VRI[UnityPlayerGameActivity]@d927896: ViewPostIme pointer 0
02-19 02:56:10.074  2557  2906 I GestureDetector: obtain mCurrentDownEvent. id: 587538762 caller: com.android.server.wm.SystemGesturesPointerEventListener.onPointerEvent:17 com.android.server.wm.PointerEventDispatcher.onInputEvent:51 android.view.InputEventReceiver.dispatchInputEvent:385 
02-19 02:56:10.074  2557  2906 I GestureDetector: obtain mCurrentDownEvent. id: 587538762 caller: com.android.server.wm.SystemPerformancePointerEventListener.onPointerEvent:13 com.android.server.wm.PointerEventDispatcher.onInputEvent:51 android.view.InputEventReceiver.dispatchInputEvent:385 
02-19 02:56:10.075  6955  6955 I SemDvfsHyPerManager: acquire hyper - TATouchBoost/6955@27, type = -999
02-19 02:56:10.076  6955  6955 I SemDvfsHyPerManager: acquire hyper - TA_TOUCH_SHARE/6955@28, type = -999
02-19 02:56:10.076  4488  4488 I HoneySpace.GestureInputHandler: inputConsumers = [com.honeyspace.gesture.inputconsumer.InputConsumer$Companion$NO_OP$1@601ee75]
02-19 02:56:10.077  4488  4488 I HoneySpace.InputSession: inputConsumers = NO_OP
02-19 02:56:10.077  1559  1739 I HYPER-HAL: [RequestManager.cpp]acquire(): Acquired ID : 24377680  [6955 / 27]    HINT :      list : [TABoost / 1] [TIMEOUT / 1500] 
02-19 02:56:10.077  4488  4488 I HoneySpace.InputSession: open
02-19 02:56:10.078  1559  1739 I HYPER-HAL: [RequestManager.cpp]acquire(): Acquired ID : 24384664  [6955 / 28]    HINT : TA_TOUCH_SHARE    list : [TIMEOUT / 1500] 
02-19 02:56:10.080  2557  2906 I GestureDetector: obtain mCurrentMotionEventRaw. action: 2 id: 421770487
02-19 02:56:10.080  2557  2906 I GestureDetector: obtain mCurrentMotionEventRaw. action: 2 id: 421770487
02-19 02:56:10.117 17057  3730 I ISG_Wakeup_Verify: [KWD] Bargein - scores: [0.0097, 0.0372, t(120)], [0.0065, 0.1020, t(124)], [0.0052, 0.0291, t(128)], [0.0317, 0.0098, t(132)], [0.0169, 0.0221, t(136)], RMS: 109
02-19 02:56:10.122  2557  4943 D MARs:ActiveTrafficFilter: filter : com.whatsapp(0)
02-19 02:56:10.122  2557  4943 D FreecessController: com.whatsapp(10352) is important[8]
02-19 02:56:10.150  1630 25590 V APM_AudioPolicyManager: setAppState(portId:871, state:2)
02-19 02:56:10.153  1630 25590 V APM_AudioPolicyManager: setAppState(portId:871, state:2)
02-19 02:56:10.153  2557  3551 D InputReader: Btn_touch(5): value=0 when=41276.610499
02-19 02:56:10.153  2557  3551 I InputReader: Touch event's action is 0x1 (id=6, t=0) [pCnt=1, s=] when=41276.610499
02-19 02:56:10.154  2557  3550 I InputDispatcher: Delivering touch to (6377): action: 0x1, f=0x0, d=0, '7263c79', t=1 
02-19 02:56:10.154  6377  6377 I VRI[UnityPlayerGameActivity]@d927896: ViewPostIme pointer 1
02-19 02:56:10.155  4488  4488 I HoneySpace.GestureInputHandler: reset
02-19 02:56:10.155  4488  4488 I HoneySpace.InputSession: close
02-19 02:56:10.166  5356 29552 I NearbySharing: Network state changed: NetworkState(isRestricted=false, isOnline=true, isCongested=false, isMetered=false, isWifiConnected=true)
02-19 02:56:10.222  1059  1059 D io_stats: !@   8,0 r 9309765 131358444 w 3388607 37468844 d 426577 16581512 f 58359 126785 iot 1555692 0 th 0 0 0 pt 0 inp 0 13 41276.679
02-19 02:56:10.222  1059  1059 D io_stats: !@ Read_top(KB): .android.authfw(3647) 816 ompany.dicegame(6377) 392 kworker/u16:0(27298) 140
02-19 02:56:10.222  1059  1059 D io_stats: !@ Write_top(KB): kworker/u16:2(10071) 2992 f2fs_ckpt-254:5(1243) 104 roid.honeyboard(8468) 76
02-19 02:56:10.265  2557  2990 D PowerManagerService: displayReady: false groupId=0
02-19 02:56:10.266  2557  2990 D DisplayPowerController2[0]: animateScreenStateChange: target=ON, mIsEnabled=true
02-19 02:56:10.266  2557  2990 D PowerManagerService: displayReady: true groupId=0
02-19 02:56:10.304 17057  3730 I ISG_Wakeup_Verify: [KWD] Bargein - scores: [0.0130, 0.0670, t(140)], [0.0164, 0.1173, t(144)], [0.0098, 0.0824, t(148)], [0.0103, 0.2573, t(152)], [0.0183, 0.0376, t(156)], RMS: 104
02-19 02:56:10.311  1554 12945 I sensors-hal: handle_sns_client_event:375, [0][4887429] accel_sample [ 0.780,  0.316,  9.806] 42869921229100
02-19 02:56:10.329  2557  3551 D InputReader: Btn_touch(5): value=1 when=41276.786079
02-19 02:56:10.329  2557  3551 I InputReader: Touch event's action is 0x0 (id=6, t=0) [pCnt=1, s=0.12061 ] when=41276.786079
02-19 02:56:10.330  2557  3550 I InputDispatcher: Delivering touch to (3927): action: 0x4, f=0x0, d=0, 'b6f87e5', t=1 
02-19 02:56:10.330  2557  3550 I InputDispatcher: Delivering touch to (6377): action: 0x0, f=0x0, d=0, '7263c79', t=1 
02-19 02:56:10.330  6377  6377 I VRI[UnityPlayerGameActivity]@d927896: ViewPostIme pointer 0
02-19 02:56:10.334  2557  2906 I GestureDetector: obtain mCurrentDownEvent. id: 503663930 caller: com.android.server.wm.SystemGesturesPointerEventListener.onPointerEvent:17 com.android.server.wm.PointerEventDispatcher.onInputEvent:51 android.view.InputEventReceiver.dispatchInputEvent:385 
02-19 02:56:10.334  2557  2906 I GestureDetector: obtain mCurrentDownEvent. id: 503663930 caller: com.android.server.wm.SystemPerformancePointerEventListener.onPointerEvent:13 com.android.server.wm.PointerEventDispatcher.onInputEvent:51 android.view.InputEventReceiver.dispatchInputEvent:385 
02-19 02:56:10.337  6955  6955 I SemDvfsHyPerManager: acquire hyper - TATouchBoost/6955@27, type = -999
02-19 02:56:10.337  6955  6955 I SemDvfsHyPerManager: acquire hyper - TA_TOUCH_SHARE/6955@28, type = -999
02-19 02:56:10.337  1559  1739 I HYPER-HAL: [RequestManager.cpp]acquire(): Acquired ID : 24377680  [6955 / 27]    HINT :      list : [TABoost / 1] [TIMEOUT / 1500] 
02-19 02:56:10.337  2557  2906 I GestureDetector: obtain mCurrentMotionEventRaw. action: 2 id: 287931674
02-19 02:56:10.338  2557  2906 I GestureDetector: obtain mCurrentMotionEventRaw. action: 2 id: 287931674
02-19 02:56:10.338  1559  1739 I HYPER-HAL: [RequestManager.cpp]acquire(): Acquired ID : 24384664  [6955 / 28]    HINT : TA_TOUCH_SHARE    list : [TIMEOUT / 1500] 
02-19 02:56:10.338  4488  4488 I HoneySpace.GestureInputHandler: inputConsumers = [com.honeyspace.gesture.inputconsumer.InputConsumer$Companion$NO_OP$1@601ee75]
02-19 02:56:10.339  4488  4488 I HoneySpace.InputSession: inputConsumers = NO_OP
02-19 02:56:10.339  4488  4488 I HoneySpace.InputSession: open
02-19 02:56:10.403  2557  3551 D InputReader: Btn_touch(5): value=0 when=41276.859919
02-19 02:56:10.403  2557  3551 I InputReader: Touch event's action is 0x1 (id=6, t=0) [pCnt=1, s=] when=41276.859919
02-19 02:56:10.403  6377  6377 I VRI[UnityPlayerGameActivity]@d927896: ViewPostIme pointer 1
02-19 02:56:10.403  2557  3550 I InputDispatcher: Delivering touch to (6377): action: 0x1, f=0x0, d=0, '7263c79', t=1 
02-19 02:56:10.404  4488  4488 I HoneySpace.GestureInputHandler: reset
02-19 02:56:10.404  4488  4488 I HoneySpace.InputSession: close
02-19 02:56:10.425  2557  6814 E TaskPersister: File error accessing recents directory (directory doesn't exist?).
02-19 02:56:10.426  2557  6814 E TaskPersister: File error accessing recents directory (directory doesn't exist?).
02-19 02:56:10.427  2557  6814 E TaskPersister: File error accessing recents directory (directory doesn't exist?).
02-19 02:56:10.427  2557  6814 E TaskPersister: File error accessing recents directory (directory doesn't exist?).
02-19 02:56:10.427  2557  6814 E TaskPersister: File error accessing recents directory (directory doesn't exist?).
02-19 02:56:10.455  1554 11966 I sensors-hal: handle_sns_client_event:341, [54291] mag_sample_cal(magcal_available:1): ts=42870022313891 ns; cal = [-7.271469, -15.401291, 103.278313], uncal = [-87.611465, -132.521286, -111.581688], bias = [-80.339996, -117.119995, -214.860001], status=0
02-19 02:56:10.466  2557  2990 D PowerManagerService: displayReady: false groupId=0
02-19 02:56:10.466  2557  2990 D DisplayPowerController2[0]: animateScreenStateChange: target=ON, mIsEnabled=true
02-19 02:56:10.467  2557  2990 D PowerManagerService: displayReady: true groupId=0
02-19 02:56:10.511 17057  3730 I ISG_Wakeup_Verify: [KWD] Bargein - scores: [0.0091, 0.0129, t(160)], [0.0266, 0.0036, t(164)], [0.0099, 0.0152, t(168)], [0.0342, 0.0113, t(172)], [0.0249, 0.0144, t(176)], RMS: 108
02-19 02:56:10.520  3908  4880 D PhoneInterfaceManager: setDataEnabledForReason() Reason=1 Pid=2557 App=system
02-19 02:56:10.520  2557  3909 I Pageboost: Launcher App Execution
02-19 02:56:10.634  2557  2557 I GestureDetector: handleMessage TAP
02-19 02:56:10.635  2557  2906 I GestureDetector: handleMessage TAP
02-19 02:56:10.666  2557  2990 D PowerManagerService: displayReady: false groupId=0
02-19 02:56:10.666  2557  2990 D DisplayPowerController2[0]: animateScreenStateChange: target=ON, mIsEnabled=true
02-19 02:56:10.667  2557  2990 D PowerManagerService: displayReady: true groupId=0
02-19 02:56:10.719 17057  3730 I ISG_Wakeup_Verify: [KWD] Bargein - scores: [0.0118, 0.0276, t(180)], [0.0218, 0.0264, t(184)], [0.0198, 0.0684, t(188)], [0.0331, 0.0570, t(192)], [0.0136, 0.0114, t(196)], RMS: 106
02-19 02:56:10.778  2557  4943 D MARs:ActiveTrafficFilter: filter : com.sikwin.app(0)
02-19 02:56:10.778  2557  4943 D FreecessController: com.sikwin.app(10680) is important[8]
02-19 02:56:10.867  2557  2990 D PowerManagerService: displayReady: false groupId=0
02-19 02:56:10.868  2557  2990 D DisplayPowerController2[0]: animateScreenStateChange: target=ON, mIsEnabled=true
02-19 02:56:10.869  2557  2990 D PowerManagerService: displayReady: true groupId=0
02-19 02:56:10.905 17057  3730 I ISG_Wakeup_Verify: [KWD] Bargein - scores: [0.0402, 0.0926, t(200)], [0.0596, 0.0730, t(204)], [0.0307, 0.0264, t(208)], [0.0239, 0.0253, t(212)], [0.0157, 0.0628, t(216)], RMS: 112
02-19 02:56:10.972  6955  6955 I SDHMS:LOAD: type: LoadsFreqs, value: 0:34:14:1264895:3398400:672000:1290239:3148800:499200:391:680:231
02-19 02:56:11.067  2557  2990 D PowerManagerService: displayReady: false groupId=0
02-19 02:56:11.068  2557  2990 D DisplayPowerController2[0]: animateScreenStateChange: target=ON, mIsEnabled=true
02-19 02:56:11.068  2557  2990 D PowerManagerService: displayReady: true groupId=0
02-19 02:56:11.114 17057  3730 I ISG_Wakeup_Verify: [KWD] Bargein - scores: [0.0109, 0.0559, t(220)], [0.0110, 0.0372, t(224)], [0.0225, 0.0364, t(228)], [0.0169, 0.0237, t(232)], [0.0397, 0.0185, t(236)], RMS: 231
02-19 02:56:11.163  1630 25590 V APM_AudioPolicyManager: setAppState(portId:871, state:2)
02-19 02:56:11.165  1630 25590 V APM_AudioPolicyManager: setAppState(portId:871, state:2)
02-19 02:56:11.267  2557  2990 D PowerManagerService: displayReady: false groupId=0
02-19 02:56:11.268  2557  2990 D DisplayPowerController2[0]: animateScreenStateChange: target=ON, mIsEnabled=true
02-19 02:56:11.268  2557  2990 D PowerManagerService: displayReady: true groupId=0
02-19 02:56:11.314 17057  3730 I ISG_Wakeup_Verify: [KWD] Bargein - scores: [0.0312, 0.0078, t(240)], [0.0420, 0.0131, t(244)], [0.0137, 0.0637, t(248)], [0.0061, 0.1365, t(252)], [0.0063, 0.1237, t(256)], RMS: 217
02-19 02:56:11.383  1554 26706 I sensors-hal: handle_sns_std_sensor_event:90, light_cct: ts = 42870992180089 ns; value = [15, 15, 48, 75, 0, 35, 2, 0, 2784, 0]
02-19 02:56:11.408  1554 29929 I sensors-hal: handle_sns_client_event:422, [0][19747] gyro_sample_cal(cal_available:1)(3) [-0.006,-0.001, 0.000] bias[ 0.002,-0.005,-0.007] 42871008386235
02-19 02:56:11.426  1559  6411 E HYPER-HAL: [HandlerSysfs.cpp]doResourceHandling(): Couldn't Open Sysfs - /sys/kernel/zram/app_launch
02-19 02:56:11.427  1559  6411 I HYPER-HAL: [RequestManager.cpp]releaseLocked(): Released ID : 24335797
02-19 02:56:11.427  6955  7066 I N0      : limitCPUFreq:: freq = 2937600
02-19 02:56:11.427  6955  7066 I SemDvfsHyPerManager: acquire hyper - SIOP_ARM_MAX/6955@2, type = 301993986
02-19 02:56:11.428  1559  1739 I HYPER-HAL: [RequestManager.cpp]acquire(): Acquired ID : 24203405  [6955 / 2]    HINT :      list : [CPUMaxFreq / 2937600] 
02-19 02:56:11.468  2557  2990 D PowerManagerService: displayReady: false groupId=0
02-19 02:56:11.468  2557  2990 D DisplayPowerController2[0]: animateScreenStateChange: target=ON, mIsEnabled=true
02-19 02:56:11.469  2557  2990 D PowerManagerService: displayReady: true groupId=0
02-19 02:56:11.472  1554 11962 I sensors-hal: handle_sns_std_sensor_event:158, [27150] Pressure 1008.107, cal -0.289, sw_offset 0.000 (lsb(bit) 0x4 0xfd 0x3e)
02-19 02:56:11.511 17057  3730 I ISG_Wakeup_Verify: [KWD] Bargein - scores: [0.0042, 0.1565, t(260)], [0.0054, 0.0667, t(264)], [0.0063, 0.0906, t(268)], [0.0129, 0.0515, t(272)], [0.0208, 0.0430, t(276)], RMS: 148
02-19 02:56:11.653  5356  5356 D BoundBrokerSvc: onUnbind: Intent { act=com.google.android.gms.common.telemetry.service.START dat=chimera-action:/... cmp=com.google.android.gms/.chimera.PersistentApiService }
02-19 02:56:11.668  2557  2990 D PowerManagerService: displayReady: false groupId=0
02-19 02:56:11.668  2557  2990 D DisplayPowerController2[0]: animateScreenStateChange: target=ON, mIsEnabled=true
02-19 02:56:11.668  2557  2990 D PowerManagerService: displayReady: true groupId=0
02-19 02:56:11.684  5923  5923 D BoundBrokerSvc: onUnbind: Intent { act=com.google.android.gms.common.telemetry.service.START dat=chimera-action:/... cmp=com.google.android.gms/.chimera.PersistentApiService }
02-19 02:56:11.685  5784  5784 D BoundBrokerSvc: onUnbind: Intent { act=com.google.android.gms.common.telemetry.service.START dat=chimera-action:/... cmp=com.google.android.gms/.chimera.PersistentApiService }
02-19 02:56:11.709 17057  3730 I ISG_Wakeup_Verify: [KWD] Bargein - scores: [0.0084, 0.0884, t(280)], [0.0215, 0.0492, t(284)], [0.0328, 0.1136, t(288)], [0.0323, 0.0558, t(292)], [0.0273, 0.0253, t(296)], RMS: 137
02-19 02:56:11.820  2557  3806 D WifiConnectivityMonitor.NetworkStatsAnalyzer: Backhaul result - RSSI:-63, CE:16, PE:17, TI:21, PTI:22, TW:2, PTW:0, Tx:7446, Rx:3321, TxS:8071, RxS:3303, RESULT:true, IC:0, ICT:5, WC:0, WCT:5, R:0, RC:0, IE:0, EC:0
02-19 02:56:11.838  1559  6369 I HYPER-HAL: [RequestManager.cpp]releaseLocked(): Released ID : 24377680
02-19 02:56:11.839  1559  6373 I HYPER-HAL: [RequestManager.cpp]releaseLocked(): Released ID : 24384664
02-19 02:56:11.869  2557  2990 D PowerManagerService: displayReady: false groupId=0
02-19 02:56:11.869  2557  2990 D DisplayPowerController2[0]: animateScreenStateChange: target=ON, mIsEnabled=true
02-19 02:56:11.870  2557  2990 D PowerManagerService: displayReady: true groupId=0
02-19 02:56:11.909 17057  3730 I ISG_Wakeup_Verify: [KWD] Bargein - scores: [0.0305, 0.0289, t(300)], [0.0456, 0.0209, t(304)], [0.0210, 0.0515, t(308)], [0.0296, 0.0583, t(312)], [0.0102, 0.0335, t(316)], RMS: 124
02-19 02:56:12.038  6955  7535 I SDHMS:x : SIOP:: AP:433 BAT:362 USB:323 CHG:429 PA:427 WIFI:422 CF:383 BLK:0 SUBBAT:0 LRPTHM:374 SKIN:381 SKINF:361 SKINB:381 LRP2:381 LRF2:361 LRB2:381 AP2:381 CHG2:375 WIFI2:381 RCV2:352 SPK2:316 FCAM:325 UPSPK:377 DNSPK:326 VAP02:430 VWIFI:406 AMB2:265 AVGCUR:588 AVGSYS:610 POWER:2310
02-19 02:56:12.042  6955  7066 I SDHMS:N0: p2p-if:: false, , 
02-19 02:56:12.070  2557  2990 D PowerManagerService: displayReady: false groupId=0
02-19 02:56:12.070  2557  2990 D DisplayPowerController2[0]: animateScreenStateChange: target=ON, mIsEnabled=true
02-19 02:56:12.070  2557  2990 D PowerManagerService: displayReady: true groupId=0
02-19 02:56:12.091  4526  4567 I IPCThreadState: oneway function results for code 2 on binder at 0xb400006f572a3e30 will be dropped but finished with status UNKNOWN_TRANSACTION
02-19 02:56:12.094  1630 25590 V APM_AudioPolicyManager: setAppState(portId:871, state:2)
02-19 02:56:12.099  1630 25590 V APM_AudioPolicyManager: setAppState(portId:871, state:2)
02-19 02:56:12.111 17057  3730 I ISG_Wakeup_Verify: [KWD] Bargein - scores: [0.0084, 0.0420, t(320)], [0.0115, 0.0606, t(324)], [0.0145, 0.0425, t(328)], [0.0083, 0.0176, t(332)], [0.0062, 0.0305, t(336)], RMS: 155
02-19 02:56:12.157  5397  5711 I PlayCommon: [3642] Preparing logs for uploading
02-19 02:56:12.172  1630 25590 V APM_AudioPolicyManager: setAppState(portId:871, state:2)
02-19 02:56:12.174  5397  5711 I PlayCommon: [3642] Connecting to server for timestamp: https://play.googleapis.com/play/log/timestamp
02-19 02:56:12.177  1630 25590 V APM_AudioPolicyManager: setAppState(portId:871, state:2)
02-19 02:56:12.179  2557  3826 D NetdEventListenerService: DNS Requested by 105, 10259(com.android.vending), SUCCESS, 1ms
02-19 02:56:12.224  1059  1059 D io_stats: !@   8,0 r 9309779 131358500 w 3388910 37473168 d 426577 16581512 f 58360 126789 iot 1555764 0 th 0 0 0 pt 0 inp 0 0 41278.681
02-19 02:56:12.270  2557  2990 D PowerManagerService: displayReady: false groupId=0
02-19 02:56:12.270  2557  2990 D DisplayPowerController2[0]: animateScreenStateChange: target=ON, mIsEnabled=true
02-19 02:56:12.272  2557  2990 D PowerManagerService: displayReady: true groupId=0
02-19 02:56:12.309 17057  3730 I ISG_Wakeup_Verify: [KWD] Bargein - scores: [0.0143, 0.0644, t(340)], [0.0071, 0.0653, t(344)], [0.0039, 0.1260, t(348)], [0.0090, 0.0250, t(352)], [0.0111, 0.0466, t(356)], RMS: 130
02-19 02:56:12.312  1554 12945 I sensors-hal: handle_sns_client_event:375, [0][4888385] accel_sample [ 0.742,  0.306,  9.801] 42871922524360
02-19 02:56:12.359  2557  3769 I SemWifiCtlFeatureMediator: Trf ratio: 3.7% (8.37 / 228.50) (TWT/S-PM: 1.0) v ( NR) || Query: TWT/S-PM false (false) 1.0 1.0 1.0 / BW false (false) 0.7 0.5 1.0 / NSS true (false) 1.0 1.0 1.0 
02-19 02:56:12.455  1554 11966 I sensors-hal: handle_sns_client_event:341, [54311] mag_sample_cal(magcal_available:1): ts=42872022313891 ns; cal = [-8.336105, -16.891312, 103.168983], uncal = [-88.676102, -134.011307, -111.691017], bias = [-80.339996, -117.119995, -214.860001], status=0
02-19 02:56:12.470  2557  2990 D PowerManagerService: displayReady: false groupId=0
02-19 02:56:12.471  2557  2990 D DisplayPowerController2[0]: animateScreenStateChange: target=ON, mIsEnabled=true
02-19 02:56:12.472  2557  2990 D PowerManagerService: displayReady: true groupId=0
02-19 02:56:12.495  2557  6444 I SystemUiVisibilityPolicyController: handleMessage: entry what = 101
02-19 02:56:12.506 17057  3730 I ISG_Wakeup_Verify: [KWD] Bargein - scores: [0.0143, 0.0867, t(360)], [0.0298, 0.0324, t(364)], [0.0245, 0.0727, t(368)], [0.0134, 0.1028, t(372)], [0.0134, 0.0503, t(376)], RMS: 115
02-19 02:56:12.528  5397  5711 I PlayCommon: [3642] Connecting to server: https://play.googleapis.com/play/log?format=raw&proto_v2=true
02-19 02:56:12.565  2557  3792 I BatteryService_BatteryPropertiesRegistrar: [getProperty]id:6
02-19 02:56:12.565  2557  3792 I BatteryService_BatteryPropertiesRegistrar: [getProperty]prop.long:-9223372036854775808 ,prop.string:null
02-19 02:56:12.567  2557  3792 I BatteryService_BatteryPropertiesRegistrar: [getProperty]id:4
02-19 02:56:12.567  2557  3792 I BatteryService_BatteryPropertiesRegistrar: [getProperty]prop.long:-9223372036854775808 ,prop.string:null
02-19 02:56:12.568  2557  3792 I SemWifiIntelligentConnectionManager: IWH Tr. cond. check: 7sCpQVGsQT / true / 1 / true / 1 / false / 1099 / 100
02-19 02:56:12.569  2557  3792 I BatteryService_BatteryPropertiesRegistrar: [getProperty]id:6
02-19 02:56:12.569  2557  3792 I BatteryService_BatteryPropertiesRegistrar: [getProperty]prop.long:-9223372036854775808 ,prop.string:null
02-19 02:56:12.569  2557  3792 I BatteryService_BatteryPropertiesRegistrar: [getProperty]id:4
02-19 02:56:12.570  2557  3792 I BatteryService_BatteryPropertiesRegistrar: [getProperty]prop.long:-9223372036854775808 ,prop.string:null
02-19 02:56:12.634  5397  5711 I PlayCommon: [3642] Successfully uploaded logs.
02-19 02:56:12.664  1554 13402 I sensors-hal: handle_sns_std_sensor_event:409, [SSC_LIGHT] P: 16(16),c:33,b:35,m:13,cl:2,l:16,s:0,l0:2880,l1:0,s0:0,s1:0,acl:1,opr:0.29,f(r):87,u(bl):100,if:0,wi:0,si:0,po:0(N:0)
02-19 02:56:12.664  1554  3896 I sensors-hal: handle_sns_std_sensor_event:131, [SSC_LIGHT] A: 16(16),c:33,b:35,m:13,cl:2,l:16,s:0,l0:2880,l1:0,s0:0,s1:0,acl:1,opr:0.29,f(r):87,u(bl):100,if:0,wi:0,si:0,po:0(N:0)
02-19 02:56:12.671  2557  2990 D PowerManagerService: displayReady: false groupId=0
02-19 02:56:12.672  2557  2990 D DisplayPowerController2[0]: animateScreenStateChange: target=ON, mIsEnabled=true
02-19 02:56:12.673  2557  2990 D PowerManagerService: displayReady: true groupId=0
02-19 02:56:12.675  2557  5879 D SemWifiUsabilityStatsMonitor: onWifiUsabilityStats - seqNum 12434, isSameBssidAndFreq true
02-19 02:56:12.675  2557  3662 D ConnectivityService: notifyType CALLBACK_CAP_CHANGED for [105 WIFI]
02-19 02:56:12.677  2557  3768 I SemWifiLinkQualityMonitor: Link stat: 2845 / 4 / 1.04 (2210) / 288 / -63.0 || 100.0 : 288.00 / 0.5 : 0.96 / 0.55 : 0.00 / G (G) || 8a7c8fdb5200: 0.100 / 80.097 /  / N || N N / 0 / N 103.0 / N 0 / 41279133 0
02-19 02:56:12.677  2557  3721 D SemWifiApNsd:Client: lpInterface:wlan0
02-19 02:56:12.678  4110  4110 I EPDG -- SIM0 [SMARTWIFI]: isProfiling, hash=168687865, started=true
02-19 02:56:12.678  4110  4110 W Settings: Setting wifi_on has moved from android.provider.Settings.System to android.provider.Settings.Secure, returning read-only value.
02-19 02:56:12.678  4110  4110 W Settings: Setting wifi_on has moved from android.provider.Settings.Secure to android.provider.Settings.Global.
02-19 02:56:12.678  4110  4110 I EPDG -- SIM0 [SMARTWIFI]: isProfiling, hash=168687865, started=true
02-19 02:56:12.679  2557  3721 D SemWifiSwitchForIndividualAppsService: stopTCPMonitoring : already stopped
02-19 02:56:12.679  2557  3721 I WifiConnectivityMonitor.NCC: sNetworkCallback(oCC) FULL : 105(valid: true/captive: false)
