02-19 02:48:01.963  2557  2745 W system_server: ApkAssets: Deleting an ApkAssets object '<empty> and /data/app/~~ag0PbTr4jxfEiOJzdu6qbA==/com.whatsapp-ehaGAi73sKsAYfnN1Np3lg==/split_config.xxhdpi.apk' with 2 weak references
02-19 02:48:01.963  2557  2745 W system_server: ApkAssets: Deleting an ApkAssets object '<empty> and /data/app/~~QBX_Fr3vJuLvia5PiJu1Vg==/com.zeptoconsumerapp-XD1bD-XmSWXNEjPMUuqpsw==/base.apk' with 1 weak references
02-19 02:48:01.963  2557  2745 W system_server: ApkAssets: Deleting an ApkAssets object '<empty> and /data/app/~~QBX_Fr3vJuLvia5PiJu1Vg==/com.zeptoconsumerapp-XD1bD-XmSWXNEjPMUuqpsw==/split_config.arm64_v8a.apk' with 1 weak references
02-19 02:48:01.963  2557  2745 W system_server: ApkAssets: Deleting an ApkAssets object '<empty> and /data/app/~~QBX_Fr3vJuLvia5PiJu1Vg==/com.zeptoconsumerapp-XD1bD-XmSWXNEjPMUuqpsw==/split_config.xxhdpi.apk' with 1 weak references
02-19 02:48:01.963  2557  2745 W system_server: ApkAssets: Deleting an ApkAssets object '<empty> and /data/app/~~veEz4yhZ_98zQEoKs9EELQ==/com.zoho.inventory-azoWiNmU9TKkrr38WRspxg==/base.apk' with 1 weak references
02-19 02:48:01.963  2557  2745 W system_server: ApkAssets: Deleting an ApkAssets object '<empty> and /data/app/~~veEz4yhZ_98zQEoKs9EELQ==/com.zoho.inventory-azoWiNmU9TKkrr38WRspxg==/split_config.arm64_v8a.apk' with 1 weak references
02-19 02:48:01.964  2557  2745 W system_server: ApkAssets: Deleting an ApkAssets object '<empty> and /data/app/~~8kVP3ouDRZpJEPKzzmD8Sg==/in.redbus.android-qO4d_rqT6yHS9_K1Bdh1bg==/base.apk' with 1 weak references
02-19 02:48:01.964  2557  2745 W system_server: ApkAssets: Deleting an ApkAssets object '<empty> and /data/app/~~8kVP3ouDRZpJEPKzzmD8Sg==/in.redbus.android-qO4d_rqT6yHS9_K1Bdh1bg==/split_amazonPay.apk' with 1 weak references
02-19 02:48:01.964  2557  2745 W system_server: ApkAssets: Deleting an ApkAssets object '<empty> and /data/app/~~8kVP3ouDRZpJEPKzzmD8Sg==/in.redbus.android-qO4d_rqT6yHS9_K1Bdh1bg==/split_config.arm64_v8a.apk' with 1 weak references
02-19 02:48:01.964  2557  2745 W system_server: ApkAssets: Deleting an ApkAssets object '<empty> and /data/app/~~8kVP3ouDRZpJEPKzzmD8Sg==/in.redbus.android-qO4d_rqT6yHS9_K1Bdh1bg==/split_config.xxhdpi.apk' with 1 weak references
02-19 02:48:01.964  2557  2745 W system_server: ApkAssets: Deleting an ApkAssets object '<empty> and /data/app/~~8kVP3ouDRZpJEPKzzmD8Sg==/in.redbus.android-qO4d_rqT6yHS9_K1Bdh1bg==/split_hotelsDynamicFeature.apk' with 1 weak references
02-19 02:48:01.964  2557  2745 W system_server: ApkAssets: Deleting an ApkAssets object '<empty> and /data/app/~~8kVP3ouDRZpJEPKzzmD8Sg==/in.redbus.android-qO4d_rqT6yHS9_K1Bdh1bg==/split_metroticketing.apk' with 1 weak references
02-19 02:48:01.964  2557  2745 W system_server: ApkAssets: Deleting an ApkAssets object '<empty> and /data/app/~~8kVP3ouDRZpJEPKzzmD8Sg==/in.redbus.android-qO4d_rqT6yHS9_K1Bdh1bg==/split_redTv.apk' with 1 weak references
02-19 02:48:01.964  2557  2745 W system_server: ApkAssets: Deleting an ApkAssets object '<empty> and /data/app/~~8kVP3ouDRZpJEPKzzmD8Sg==/in.redbus.android-qO4d_rqT6yHS9_K1Bdh1bg==/split_redrailsDynamicModule.apk' with 1 weak references
02-19 02:48:01.964  2557  2745 W system_server: ApkAssets: Deleting an ApkAssets object '<empty> and /data/app/~~8kVP3ouDRZpJEPKzzmD8Sg==/in.redbus.android-qO4d_rqT6yHS9_K1Bdh1bg==/split_redrailsDynamicModule.config.xxhdpi.apk' with 1 weak references
02-19 02:48:01.964  2557  2745 W system_server: ApkAssets: Deleting an ApkAssets object '<empty> and /data/app/~~8kVP3ouDRZpJEPKzzmD8Sg==/in.redbus.android-qO4d_rqT6yHS9_K1Bdh1bg==/split_rtc.apk' with 1 weak references
02-19 02:48:01.964  2557  2745 W system_server: ApkAssets: Deleting an ApkAssets object '<empty> and /data/app/~~8kVP3ouDRZpJEPKzzmD8Sg==/in.redbus.android-qO4d_rqT6yHS9_K1Bdh1bg==/split_unreservedDynamicModule.apk' with 1 weak references
02-19 02:48:01.964  2557  2745 W system_server: ApkAssets: Deleting an ApkAssets object '<empty> and /data/app/~~SSlbiNRbDOUVGpK0Qal2Rg==/net.one97.paytm-Rsvps6D2vX-DX-6jSqCsNA==/base.apk' with 1 weak references
02-19 02:48:01.964  2557  2745 W system_server: ApkAssets: Deleting an ApkAssets object '<empty> and /data/app/~~SSlbiNRbDOUVGpK0Qal2Rg==/net.one97.paytm-Rsvps6D2vX-DX-6jSqCsNA==/split_config.arm64_v8a.apk' with 1 weak references
02-19 02:48:01.964  2557  2745 W system_server: ApkAssets: Deleting an ApkAssets object '<empty> and /data/app/~~SSlbiNRbDOUVGpK0Qal2Rg==/net.one97.paytm-Rsvps6D2vX-DX-6jSqCsNA==/split_config.xxhdpi.apk' with 1 weak references
02-19 02:48:01.964  2557  2745 W system_server: ApkAssets: Deleting an ApkAssets object '<empty> and /product/app/GoogleCalendarSyncAdapter/GoogleCalendarSyncAdapter.apk' with 1 weak references
02-19 02:48:01.964  2557  2745 W system_server: ApkAssets: Deleting an ApkAssets object '<empty> and /data/app/~~27FVGE-Eo0GqoVfEwYsJIQ==/com.samsung.android.scloud-7r-tJOzROWDVbYJqlh8qJg==/base.apk' with 1 weak references
02-19 02:48:01.965  2557  2745 W system_server: ApkAssets: Deleting an ApkAssets object '<empty> and /data/app/~~kYlB4k0Uo756F9_lUZKvdw==/com.google.android.apps.docs-jpFANqnav4KBLK8OeVwAng==/base.apk' with 1 weak references
02-19 02:48:01.965  2557  2745 W system_server: ApkAssets: Deleting an ApkAssets object '<empty> and /data/app/~~kYlB4k0Uo756F9_lUZKvdw==/com.google.android.apps.docs-jpFANqnav4KBLK8OeVwAng==/split_config.arm64_v8a.apk' with 1 weak references
02-19 02:48:01.965  2557  2745 W system_server: ApkAssets: Deleting an ApkAssets object '<empty> and /data/app/~~kYlB4k0Uo756F9_lUZKvdw==/com.google.android.apps.docs-jpFANqnav4KBLK8OeVwAng==/split_config.en.apk' with 1 weak references
02-19 02:48:01.965  2557  2745 W system_server: ApkAssets: Deleting an ApkAssets object '<empty> and /data/app/~~kYlB4k0Uo756F9_lUZKvdw==/com.google.android.apps.docs-jpFANqnav4KBLK8OeVwAng==/split_config.xxhdpi.apk' with 1 weak references
02-19 02:48:01.965  2557  2745 W system_server: ApkAssets: Deleting an ApkAssets object '<empty> and /data/app/~~8q5YXDI4zEvgl7wsrCxKQw==/com.samsung.android.app.reminder-p-XV2J6Nop8RXYksMzbpYg==/base.apk' with 1 weak references
02-19 02:48:01.966  2557  2745 W system_server: ApkAssets: Deleting an ApkAssets object '<empty> and /data/app/~~KJAWvQs2J9Uj6__5EmtMeQ==/com.sec.android.app.sbrowser-8cMt2qKDO5a3Rvg8mMbvgA==/base.apk' with 1 weak references
02-19 02:48:01.967 23672 23672 I PermissionEventCleanupJobService: Job already scheduled.
02-19 02:48:01.967 23792 28189 I FILP/FilterInstaller: uninstallFilters mPackageName: com.sikwin.app
02-19 02:48:01.970 23672 23672 D PersistedStoragePackageUninstalledReceiver: Received android.intent.action.PACKAGE_FULLY_REMOVED for com.sikwin.app for u95
02-19 02:48:01.971 15172 28147 I Finsky  : [3718] SCH: Satisfied jobs for 9988 are: 37-1078
02-19 02:48:01.972 15172 28240 I Finsky  : [3728] SCH: Job 37-1078 starting
02-19 02:48:01.972 15172 15172 I Finsky  : [2] WM::SCH: Logging work start for 37-1078
02-19 02:48:01.973 15172 15172 I Finsky  : [2] Received an install/uninstall event for package com.sikwin.app
02-19 02:48:01.973 15172 15172 I Finsky  : [2] SCH: jobFinished: 37-1078. TimeElapsed: 0ms.
02-19 02:48:01.973 15172 15172 I Finsky  : [2] WM::SCH: Logging work end for 37-1078
02-19 02:48:01.973 15172 15274 I Finsky  : [3261] Not an active Cubes user. Ignoring package install/uninstall event.
02-19 02:48:01.978 18036 28233 I FA-SVC  : App measurement initialized, version: 260438
02-19 02:48:01.979 28237 28237 I droid.apps.maps: Using CollectorTypeCMC GC.
02-19 02:48:01.980 28105 28182 I cr_LibraryLoader: Successfully loaded native library
02-19 02:48:01.980  5784  5784 D BoundBrokerSvc: onRebind: Intent { act=com.google.android.gms.libs.gmscorelogger.service.START dat=chimera-action:/... cmp=com.google.android.gms/.chimera.PersistentDirectBootAwareApiService }
02-19 02:48:01.984 28105 28182 I cr_CachingUmaRecorder: Flushed 13 samples from 12 histograms, 0 samples were dropped.
02-19 02:48:01.985 28237 28237 D nativeloader: Load libframework-connectivity-tiramisu-jni.so using APEX ns com_android_tethering for caller /apex/com.android.tethering/javalib/framework-connectivity-t.jar: ok
02-19 02:48:01.986 28237 28237 D ActivityThread: setConscryptValidator
02-19 02:48:01.986 28237 28237 D ActivityThread: setConscryptValidator - put
02-19 02:48:01.990 22418 22436 I adbd    : jdwp connection from 28237
02-19 02:48:01.996 28237 28237 D ApplicationLoaders: Returning zygote-cached class loader: /system_ext/framework/androidx.window.extensions.jar
02-19 02:48:01.996 28237 28237 D ApplicationLoaders: Returning zygote-cached class loader: /system_ext/framework/androidx.window.sidecar.jar
02-19 02:48:01.997  1167  1167 W keymint_tee: [WRN]begin req PARAMS: A32, BM32, PD1, 
02-19 02:48:02.000  1167  1167 D keymint_swd: keymint_swd keymint [WRN] (km_add_tag:528) skip: non repetable tag already exists with different value: 268435458
02-19 02:48:02.000 18036 18086 I Icing   : Usage reports ok 0, Failed Usage reports 0, indexed 0, rejected 0
02-19 02:48:02.000  1167  1167 D keymint_swd: keymint_swd keymint [WRN] (swd_run_cb:263) swd_begin() returns 0
02-19 02:48:02.000  1167  1167 D android.hardware.security.keymint-service: begin: ret 0
02-19 02:48:02.001  1166  9798 I keystore2: system/security/keystore2/src/security_level.rs:454 - In create_operation. Success to create IKeystoreOperation. 9510258, None
02-19 02:48:02.001 18036 18086 I Icing   : Indexing com.google.android.gms-apps from com.google.android.gms
02-19 02:48:02.004 15172 15274 I Finsky  : [3261] SCH: Scheduling phonesky job Id: 26-1414141414, CT: 1771427277317, Constraints: [{ L: 43200000, D: 44100000, C: CHARGING_NONE, I: IDLE_NONE, N: NET_NONE, B: BATTERY_ANY }]
02-19 02:48:02.005  1167  1167 D keymint_swd: keymint_swd keymint [WRN] (swd_run_cb:263) swd_update() returns 0
02-19 02:48:02.005  1167  1167 D android.hardware.security.keymint-service: update: ret 0
02-19 02:48:02.006 15172 15285 I Finsky  : [3266] SCH: Scheduling 1 system job(s)
02-19 02:48:02.006 15172 15285 W JobInfo : Job 'com.android.vending/com.google.android.finsky.scheduler.process.mainimpl.PhoneskyJobServiceMain#9034' has a deadline with no functional constraints. The deadline won't improve job execution latency. Consider removing the deadline.
02-19 02:48:02.006 15172 15285 I Finsky  : [3266] SCH: Scheduling system job Id: 9034, L: 20995311, D: 21895311, C: false, I: false, N: 0
02-19 02:48:02.006  2557  2749 W JobInfo : Job 'com.android.vending/com.google.android.finsky.scheduler.process.mainimpl.PhoneskyJobServiceMain#9034' has a deadline with no functional constraints. The deadline won't improve job execution latency. Consider removing the deadline.
02-19 02:48:02.006  1167  1167 D keymint_swd: keymint_swd keymint [WRN] (swd_run_cb:263) swd_finish() returns 0
02-19 02:48:02.006  1167  1167 D android.hardware.security.keymint-service: finish: ret 0
02-19 02:48:02.008  1167  1167 W keymint_tee: [WRN]begin req PARAMS: A32, BM32, PD1, 
02-19 02:48:02.010 28187 28263 D CompatChangeReporter: Compat change id reported: 311402873; UID 10244; state: ENABLED
02-19 02:48:02.010 28187 28263 D CompatChangeReporter: Compat change id reported: 323349338; UID 10244; state: ENABLED
02-19 02:48:02.011 18036 20534 I Icing   : IndexChimeraService.getServiceInterface callingPackage=com.google.android.gms componentName=null serviceId=30
02-19 02:48:02.011  1167  1167 D keymint_swd: keymint_swd keymint [WRN] (km_add_tag:528) skip: non repetable tag already exists with different value: 268435458
02-19 02:48:02.011  1167  1167 D keymint_swd: keymint_swd keymint [WRN] (swd_run_cb:263) swd_begin() returns 0
02-19 02:48:02.011  1167  1167 D android.hardware.security.keymint-service: begin: ret 0
02-19 02:48:02.011  1166  9798 I keystore2: system/security/keystore2/src/security_level.rs:454 - In create_operation. Success to create IKeystoreOperation. 9510258, None
02-19 02:48:02.011  2557  2749 D CompatChangeReporter: Compat change id reported: 311402873; UID 10244; state: ENABLED
02-19 02:48:02.011  2557  2749 D CompatChangeReporter: Compat change id reported: 323349338; UID 10244; state: ENABLED
02-19 02:48:02.013  1167  1167 D keymint_swd: keymint_swd keymint [WRN] (swd_run_cb:263) swd_update() returns 0
02-19 02:48:02.013  1167  1167 D android.hardware.security.keymint-service: update: ret 0
02-19 02:48:02.014  1167  1167 D keymint_swd: keymint_swd keymint [WRN] (swd_run_cb:263) swd_finish() returns 0
02-19 02:48:02.014  1167  1167 D android.hardware.security.keymint-service: finish: ret 0
02-19 02:48:02.016 28237 28237 W ziparchive: Unable to open '/data/app/~~wnPeQHCD3VjmLKlqu_3_0g==/com.google.android.apps.maps-PuEg06ZaKJzBFQxXYYeLBg==/split_config.arm64_v8a.dm': No such file or directory
02-19 02:48:02.016 28237 28237 W ziparchive: Unable to open '/data/app/~~wnPeQHCD3VjmLKlqu_3_0g==/com.google.android.apps.maps-PuEg06ZaKJzBFQxXYYeLBg==/split_config.arm64_v8a.dm': No such file or directory
02-19 02:48:02.016  1167  1167 W keymint_tee: [WRN]begin req PARAMS: A32, BM32, PD1, 
02-19 02:48:02.016 28237 28237 W droid.apps.maps: Entry not found
02-19 02:48:02.017 28237 28237 W ziparchive: Unable to open '/data/app/~~wnPeQHCD3VjmLKlqu_3_0g==/com.google.android.apps.maps-PuEg06ZaKJzBFQxXYYeLBg==/split_config.bn.dm': No such file or directory
02-19 02:48:02.017 28237 28237 W ziparchive: Unable to open '/data/app/~~wnPeQHCD3VjmLKlqu_3_0g==/com.google.android.apps.maps-PuEg06ZaKJzBFQxXYYeLBg==/split_config.bn.dm': No such file or directory
02-19 02:48:02.017 28237 28237 W droid.apps.maps: Entry not found
02-19 02:48:02.017 28237 28237 W ziparchive: Unable to open '/data/app/~~wnPeQHCD3VjmLKlqu_3_0g==/com.google.android.apps.maps-PuEg06ZaKJzBFQxXYYeLBg==/split_config.en.dm': No such file or directory
02-19 02:48:02.017 28237 28237 W ziparchive: Unable to open '/data/app/~~wnPeQHCD3VjmLKlqu_3_0g==/com.google.android.apps.maps-PuEg06ZaKJzBFQxXYYeLBg==/split_config.en.dm': No such file or directory
02-19 02:48:02.017 28237 28237 W droid.apps.maps: Entry not found
02-19 02:48:02.017 28237 28237 W ziparchive: Unable to open '/data/app/~~wnPeQHCD3VjmLKlqu_3_0g==/com.google.android.apps.maps-PuEg06ZaKJzBFQxXYYeLBg==/split_config.gu.dm': No such file or directory
02-19 02:48:02.017 28237 28237 W ziparchive: Unable to open '/data/app/~~wnPeQHCD3VjmLKlqu_3_0g==/com.google.android.apps.maps-PuEg06ZaKJzBFQxXYYeLBg==/split_config.gu.dm': No such file or directory
02-19 02:48:02.017 14444 14548 I SemPersonaManager: START getContainerName packageName = null, className = null, userId = 150
02-19 02:48:02.017 28237 28237 W droid.apps.maps: Entry not found
02-19 02:48:02.017 28237 28237 W ziparchive: Unable to open '/data/app/~~wnPeQHCD3VjmLKlqu_3_0g==/com.google.android.apps.maps-PuEg06ZaKJzBFQxXYYeLBg==/split_config.hi.dm': No such file or directory
02-19 02:48:02.017 28237 28237 W ziparchive: Unable to open '/data/app/~~wnPeQHCD3VjmLKlqu_3_0g==/com.google.android.apps.maps-PuEg06ZaKJzBFQxXYYeLBg==/split_config.hi.dm': No such file or directory
02-19 02:48:02.017 28237 28237 W droid.apps.maps: Entry not found
02-19 02:48:02.018 28237 28237 W ziparchive: Unable to open '/data/app/~~wnPeQHCD3VjmLKlqu_3_0g==/com.google.android.apps.maps-PuEg06ZaKJzBFQxXYYeLBg==/split_config.kn.dm': No such file or directory
02-19 02:48:02.018 28237 28237 W ziparchive: Unable to open '/data/app/~~wnPeQHCD3VjmLKlqu_3_0g==/com.google.android.apps.maps-PuEg06ZaKJzBFQxXYYeLBg==/split_config.kn.dm': No such file or directory
02-19 02:48:02.018 28237 28237 W droid.apps.maps: Entry not found
02-19 02:48:02.018 28237 28237 W ziparchive: Unable to open '/data/app/~~wnPeQHCD3VjmLKlqu_3_0g==/com.google.android.apps.maps-PuEg06ZaKJzBFQxXYYeLBg==/split_config.ml.dm': No such file or directory
02-19 02:48:02.018 28237 28237 W ziparchive: Unable to open '/data/app/~~wnPeQHCD3VjmLKlqu_3_0g==/com.google.android.apps.maps-PuEg06ZaKJzBFQxXYYeLBg==/split_config.ml.dm': No such file or directory
02-19 02:48:02.018 28237 28237 W droid.apps.maps: Entry not found
02-19 02:48:02.018 28237 28237 W ziparchive: Unable to open '/data/app/~~wnPeQHCD3VjmLKlqu_3_0g==/com.google.android.apps.maps-PuEg06ZaKJzBFQxXYYeLBg==/split_config.mr.dm': No such file or directory
02-19 02:48:02.018 28237 28237 W ziparchive: Unable to open '/data/app/~~wnPeQHCD3VjmLKlqu_3_0g==/com.google.android.apps.maps-PuEg06ZaKJzBFQxXYYeLBg==/split_config.mr.dm': No such file or directory
02-19 02:48:02.018 28237 28237 W droid.apps.maps: Entry not found
02-19 02:48:02.018 28237 28237 W ziparchive: Unable to open '/data/app/~~wnPeQHCD3VjmLKlqu_3_0g==/com.google.android.apps.maps-PuEg06ZaKJzBFQxXYYeLBg==/split_config.pa.dm': No such file or directory
02-19 02:48:02.018 28237 28237 W ziparchive: Unable to open '/data/app/~~wnPeQHCD3VjmLKlqu_3_0g==/com.google.android.apps.maps-PuEg06ZaKJzBFQxXYYeLBg==/split_config.pa.dm': No such file or directory
02-19 02:48:02.018 28237 28237 W droid.apps.maps: Entry not found
02-19 02:48:02.018 14444 14548 I SemPersonaManager: END getContainerName packageName
02-19 02:48:02.019 28237 28237 W ziparchive: Unable to open '/data/app/~~wnPeQHCD3VjmLKlqu_3_0g==/com.google.android.apps.maps-PuEg06ZaKJzBFQxXYYeLBg==/split_config.ta.dm': No such file or directory
02-19 02:48:02.019 28237 28237 W ziparchive: Unable to open '/data/app/~~wnPeQHCD3VjmLKlqu_3_0g==/com.google.android.apps.maps-PuEg06ZaKJzBFQxXYYeLBg==/split_config.ta.dm': No such file or directory
02-19 02:48:02.019 28237 28237 W droid.apps.maps: Entry not found
02-19 02:48:02.019  1167  1167 D keymint_swd: keymint_swd keymint [WRN] (km_add_tag:528) skip: non repetable tag already exists with different value: 268435458
02-19 02:48:02.019  1167  1167 D keymint_swd: keymint_swd keymint [WRN] (swd_run_cb:263) swd_begin() returns 0
02-19 02:48:02.019  1167  1167 D android.hardware.security.keymint-service: begin: ret 0
02-19 02:48:02.019 28237 28237 W ziparchive: Unable to open '/data/app/~~wnPeQHCD3VjmLKlqu_3_0g==/com.google.android.apps.maps-PuEg06ZaKJzBFQxXYYeLBg==/split_config.te.dm': No such file or directory
02-19 02:48:02.019 28237 28237 W ziparchive: Unable to open '/data/app/~~wnPeQHCD3VjmLKlqu_3_0g==/com.google.android.apps.maps-PuEg06ZaKJzBFQxXYYeLBg==/split_config.te.dm': No such file or directory
02-19 02:48:02.019 28237 28237 W droid.apps.maps: Entry not found
02-19 02:48:02.019  1166  9798 I keystore2: system/security/keystore2/src/security_level.rs:454 - In create_operation. Success to create IKeystoreOperation. 9510258, None
02-19 02:48:02.019 28237 28237 W ziparchive: Unable to open '/data/app/~~wnPeQHCD3VjmLKlqu_3_0g==/com.google.android.apps.maps-PuEg06ZaKJzBFQxXYYeLBg==/split_config.xxhdpi.dm': No such file or directory
02-19 02:48:02.019 28237 28237 W ziparchive: Unable to open '/data/app/~~wnPeQHCD3VjmLKlqu_3_0g==/com.google.android.apps.maps-PuEg06ZaKJzBFQxXYYeLBg==/split_config.xxhdpi.dm': No such file or directory
02-19 02:48:02.019 28237 28237 W droid.apps.maps: Entry not found
02-19 02:48:02.019 14444 14548 I AccountTypeLoader: [C] add readonly account (readonly:false, table:false, att:false)
02-19 02:48:02.019 14444 14548 I TelephonyDataSource: [C] isMultiSimModel multiSimConfig : dsds
02-19 02:48:02.019 14444 14548 I SimModel: [C] isMultiSimModel : true
02-19 02:48:02.019 15172 28240 I Finsky  : [3728] SCH: job service finished with id 9988.
02-19 02:48:02.020 14444 14548 I AccountTypeLoader: [C] add sim1 account(support:true, multi:true)
02-19 02:48:02.020 28237 28237 D nativeloader: Configuring clns-7 for other apk /data/app/~~wnPeQHCD3VjmLKlqu_3_0g==/com.google.android.apps.maps-PuEg06ZaKJzBFQxXYYeLBg==/base.apk:/data/app/~~wnPeQHCD3VjmLKlqu_3_0g==/com.google.android.apps.maps-PuEg06ZaKJzBFQxXYYeLBg==/split_config.arm64_v8a.apk:/data/app/~~wnPeQHCD3VjmLKlqu_3_0g==/com.google.android.apps.maps-PuEg06ZaKJzBFQxXYYeLBg==/split_config.bn.apk:/data/app/~~wnPeQHCD3VjmLKlqu_3_0g==/com.google.android.apps.maps-PuEg06ZaKJzBFQxXYYeLBg==/split_config.en.apk:/data/app/~~wnPeQHCD3VjmLKlqu_3_0g==/com.google.android.apps.maps-PuEg06ZaKJzBFQxXYYeLBg==/split_config.gu.apk:/data/app/~~wnPeQHCD3VjmLKlqu_3_0g==/com.google.android.apps.maps-PuEg06ZaKJzBFQxXYYeLBg==/split_config.hi.apk:/data/app/~~wnPeQHCD3VjmLKlqu_3_0g==/com.google.android.apps.maps-PuEg06ZaKJzBFQxXYYeLBg==/split_config.kn.apk:/data/app/~~wnPeQHCD3VjmLKlqu_3_0g==/com.google.android.apps.maps-PuEg06ZaKJzBFQxXYYeLBg==/split_config.ml.apk:/data/app/~~wnPeQHCD3VjmLKlqu_3_0g==/com.google.android.apps.maps-PuEg06ZaKJzBFQxXYYeLBg==/split_config.mr
02-19 02:48:02.020  1167  1167 D keymint_swd: keymint_swd keymint [WRN] (swd_run_cb:263) swd_update() returns 0
02-19 02:48:02.020  1167  1167 D android.hardware.security.keymint-service: update: ret 0
02-19 02:48:02.021 14444 14548 I EsimUtil: [C] esimState MEP : Finally not esim, slot = 0
02-19 02:48:02.021 14444 14548 I CmcSettingManager: cmc activation : 0
02-19 02:48:02.021 14444 14548 I TelephonyDataSource: [C] isMultiSimModel multiSimConfig : dsds
02-19 02:48:02.021 14444 14548 I SimModel: [C] isMultiSimModel : true
02-19 02:48:02.021  1167  1167 D keymint_swd: keymint_swd keymint [WRN] (swd_run_cb:263) swd_finish() returns 0
02-19 02:48:02.021  1167  1167 D android.hardware.security.keymint-service: finish: ret 0
02-19 02:48:02.022 14444 14548 I SimModel: [C] CompleteActiveSubscriptionInfoList : 1
02-19 02:48:02.022 14444 14548 I SimDataSource: [C] getSimIconIndex() iccTypeSlot : 2,0
02-19 02:48:02.022 14444 14548 I SimDataSource: [C] getSimIconIndex() [0] nIndex : 0
02-19 02:48:02.022 14444 14548 I SimDataSource: [C] getSimIcon(0) simIcon: 2131232327, iconIdx: 0
02-19 02:48:02.023  2557  6899 D SecContentProvider2: query(), uri = 18 selection = isCopyContactToSimAllowed
02-19 02:48:02.023  2557  6899 D SecContentProvider2: isCopyContactToSimAllowed = true
02-19 02:48:02.024 15172 15172 I Finsky  : [2] Memory trim requested to level 40
02-19 02:48:02.024 15172 15172 I Finsky  : [2] Flushing in-memory image cache
02-19 02:48:02.026 14444 14548 I SimModel: [C] CompleteActiveSubscriptionInfoList : 1
02-19 02:48:02.026 14444 14548 I AccountTypeLoader: [C] add sim2 account(support:true, opportunistic:false)
02-19 02:48:02.027 14444 14548 I EsimUtil: [C] esimState MEP : Finally not esim, slot = 1
02-19 02:48:02.028 14444 14548 I CmcSettingManager: cmc activation : 0
02-19 02:48:02.028 14444 14548 I TelephonyDataSource: [C] isMultiSimModel multiSimConfig : dsds
02-19 02:48:02.028 14444 14548 I SimModel: [C] isMultiSimModel : true
02-19 02:48:02.028 28187 28241 D ConnectivityManager: StackLog: [android.net.ConnectivityManager.sendRequestForNetwork(ConnectivityManager.java:4709)] [android.net.ConnectivityManager.registerDefaultNetworkCallbackForUid(ConnectivityManager.java:5433)] [android.net.ConnectivityManager.registerDefaultNetworkCallback(ConnectivityManager.java:5400)] [android.net.ConnectivityManager.registerDefaultNetworkCallback(ConnectivityManager.java:5374)] [dbb.<init>(PG:27)] [dbc.a(PG:11)] [aib.a(PG:18)] [aic.b(PG:409)] [ctd.d(PG:12)] [ctd.b(PG:7)] [aic.b(PG:391)] [ctd.d(PG:12)] [ctd.b(PG:7)] [alt.a(PG:62)] [qp.a(PG:19)] [zz.b(PG:4)] [aci.a(PG:270)] [up.aN(PG:158)] [up.a(PG:69)] [dip.x(PG:14)] [drl.V(PG:52)] [up.aN(PG:80)] [up.a(PG:52)] [za.aN(PG:23)] [dpk.bl(PG:11)] [dty.run(PG:107)] [aba.run(PG:27)] [java.util.concurrent.ThreadPoolExecutor.runWorker(ThreadPoolExecutor.java:1145)] [java.util.concurrent.ThreadPoolExecutor$Worker.run(ThreadPoolExecutor.java:644)] [java.lang.Thread.run(Thread.java:1012)]
02-19 02:48:02.029  2557  2749 D ConnectivityService: requestNetwork for uid/pid:10244/28187 activeRequest: null callbackRequest: 8100 [NetworkRequest [ REQUEST id=8101, [ Capabilities: INTERNET&NOT_RESTRICTED&TRUSTED&NOT_VCN_MANAGED&NOT_BANDWIDTH_CONSTRAINED Uid: 10244 RequestorUid: 10244 RequestorPkg: com.google.android.apps.carrier.carrierwifi UnderlyingNetworks: Null] ]] callback flags: 0 order: 2147483647 isUidTracked: false declaredMethods: ALL
02-19 02:48:02.029 14444 14548 I SimModel: [C] CompleteActiveSubscriptionInfoList : 1
02-19 02:48:02.029 14444 14548 I SimDataSource: [C] getSimIconIndex() iccTypeSlot : 2,0
02-19 02:48:02.029 14444 14548 I SimDataSource: [C] getSimIconIndex() [1] nIndex : 15
02-19 02:48:02.029 14444 14548 I SimDataSource: [C] getSimIcon(1) simIcon: 2131232330, iconIdx: 15
02-19 02:48:02.029  2557  6899 D SecContentProvider2: query(), uri = 18 selection = isCopyContactToSimAllowed
02-19 02:48:02.029 28237 28237 V GraphicsEnvironment: Currently set values for:
02-19 02:48:02.029 28237 28237 V GraphicsEnvironment:   angle_gl_driver_selection_pkgs=[]
02-19 02:48:02.029 28237 28237 V GraphicsEnvironment:   angle_gl_driver_selection_values=[]
02-19 02:48:02.029 28237 28237 V GraphicsEnvironment: Global.Settings values are invalid: number of packages: 0, number of values: 0
02-19 02:48:02.029 28237 28237 V GraphicsEnvironment: App is not on the allowlist for updatable production driver.
02-19 02:48:02.029  2557  6899 D SecContentProvider2: isCopyContactToSimAllowed = true
02-19 02:48:02.030  2557  3662 D ConnectivityService:    accepting network in place of null for NetworkRequest [ REQUEST id=8101, [ Capabilities: INTERNET&NOT_RESTRICTED&TRUSTED&NOT_VCN_MANAGED&NOT_BANDWIDTH_CONSTRAINED Uid: 10244 RequestorUid: 10244 RequestorPkg: com.google.android.apps.carrier.carrierwifi UnderlyingNetworks: Null] ]
02-19 02:48:02.030 14444 14548 I AccountTypeLoader: [C] add syncable account types
02-19 02:48:02.031 14444 14548 I ExternalAccountType: [C] loadContactsXml : com.snapchat.android
02-19 02:48:02.031 14444 14548 I ExternalAccountType: [C] Metadata loaded from: com.snapchat.android, com.snap.identity.enhancedcontacts.core.EnhancedContactsSyncService, android.provider.CONTACTS_STRUCTURE
02-19 02:48:02.031 14444 14548 I AccountTypeLoader: [C]  > added: accountType : com.snapchat.android, dataSet : null, resource : com.snapchat.android, adapter : com.snapchat.android, isExtension : false
02-19 02:48:02.032 14444 14548 I AccountTypeLoader: [C]  > added: accountType : com.google, dataSet : null
02-19 02:48:02.032 14444 14548 I ExternalAccountType: [C] loadContactsXml : com.google.android.apps.tachyon
02-19 02:48:02.032 18036 18086 I Icing   : Usage reports ok 0, Failed Usage reports 0, indexed 0, rejected 0
02-19 02:48:02.032  2557  3636 D OemPaidWifiNetworkFactory: got request NetworkRequest [ REQUEST id=8101, [ Capabilities: INTERNET&NOT_RESTRICTED&TRUSTED&NOT_VCN_MANAGED&NOT_BANDWIDTH_CONSTRAINED Uid: 10244 RequestorUid: 10244 RequestorPkg: com.google.android.apps.carrier.carrierwifi UnderlyingNetworks: Null] ]
02-19 02:48:02.033 18036 18086 I Icing   : Indexing done com.google.android.gms-apps
02-19 02:48:02.033  2557  3636 D MultiInternetWifiNetworkFactory: got request NetworkRequest [ REQUEST id=8101, [ Capabilities: INTERNET&NOT_RESTRICTED&TRUSTED&NOT_VCN_MANAGED&NOT_BANDWIDTH_CONSTRAINED Uid: 10244 RequestorUid: 10244 RequestorPkg: com.google.android.apps.carrier.carrierwifi UnderlyingNetworks: Null] ]
02-19 02:48:02.033 14444 14548 I ExternalAccountType: [C] Metadata loaded from: com.google.android.apps.tachyon, com.google.android.apps.tachyon.contacts.sync.SyncService, android.provider.CONTACTS_STRUCTURE
02-19 02:48:02.033  2557  3636 D WifiNetworkFactory: got request NetworkRequest [ REQUEST id=8101, [ Capabilities: INTERNET&NOT_RESTRICTED&TRUSTED&NOT_VCN_MANAGED&NOT_BANDWIDTH_CONSTRAINED Uid: 10244 RequestorUid: 10244 RequestorPkg: com.google.android.apps.carrier.carrierwifi UnderlyingNetworks: Null] ]
02-19 02:48:02.033 14444 14548 I AccountTypeLoader: [C]  > added: accountType : com.google.android.apps.tachyon, dataSet : null, resource : com.google.android.apps.tachyon, adapter : com.google.android.apps.tachyon, isExtension : false
02-19 02:48:02.033  2557  3636 D UntrustedWifiNetworkFactory: got request NetworkRequest [ REQUEST id=8101, [ Capabilities: INTERNET&NOT_RESTRICTED&TRUSTED&NOT_VCN_MANAGED&NOT_BANDWIDTH_CONSTRAINED Uid: 10244 RequestorUid: 10244 RequestorPkg: com.google.android.apps.carrier.carrierwifi UnderlyingNetworks: Null] ]
02-19 02:48:02.033 14444 14548 I ExternalAccountType: [C] loadContactsXml : com.whatsapp
02-19 02:48:02.034 14444 14548 I ExternalAccountType: [C] Metadata loaded from: com.whatsapp, com.whatsapp.contact.ui.sync.ContactsSyncAdapterService, android.provider.CONTACTS_STRUCTURE
02-19 02:48:02.034 14444 14548 I AccountTypeLoader: [C]  > added: accountType : com.whatsapp, dataSet : null, resource : com.whatsapp, adapter : com.whatsapp, isExtension : false
02-19 02:48:02.034  2557  3662 D ConnectivityService: Rematched networks [computed 0ms] [applied 1ms] [issued 4]
02-19 02:48:02.034  2557  3662 D ConnectivityService: NetworkReassignment :
02-19 02:48:02.034  2557  3662 D ConnectivityService:   8101 : null → 105
02-19 02:48:02.035 14444 14548 I AccountTypeLoader: [C]  > added: accountType : com.google.android.gm.exchange, dataSet : null
02-19 02:48:02.035 14444 14548 I AccountTypeLoader: [C]  > added: accountType : com.osp.app.signin, dataSet : null
02-19 02:48:02.035 14444 14548 I AccountTypeLoader: [C]  > added: accountType : com.samsung.android.coreapps, dataSet : null
02-19 02:48:02.035 14444 14548 I ExternalAccountType: [C] loadContactsXml : com.google.android.apps.plus
02-19 02:48:02.035 14444 14548 I ExternalAccountType: [C] Package was found, but that doesn't contain the CONTACTS_STRUCTURE metadata
02-19 02:48:02.036 14444 14548 I AccountTypeLoader: [C] add syncable accounts (table:false, UIM:false, Samsung:false)
02-19 02:48:02.036  1635  1652 D HeatmapThread: wait_for_battery_event : occured : change@/devices/virtual/sec/blk_sec 
02-19 02:48:02.036  1059  1070 D io_stats: !@ cpu boost: status(ON), curr_traffic_level(1), curr_set_freq(2265600), curr_set_lpm(0)
02-19 02:48:02.036 14444 14548 I AccountTypeLoader: [C]  > added account: com.whatsapp
02-19 02:48:02.037 14444 14548 I AccountTypeLoader: [C]  > added account: com.google
02-19 02:48:02.038 14444 14548 I AccountTypeLoader: [C]  > added account: com.google
02-19 02:48:02.038 14444 14548 I AccountTypeLoader: [C]  > added account: com.google
02-19 02:48:02.039 14444 14548 I AccountTypeLoader: [C]  > added account: com.google
02-19 02:48:02.039 14444 14548 I AccountTypeLoader: [C]  > added account: com.google
02-19 02:48:02.039 14444 14548 I AccountTypeLoader: [C]  > added account: com.google
02-19 02:48:02.039  2557  2749 I LocationAccessPolicy: checkLocationPermission - callingUid: 10078, callingPid: 28092, result: DENIED_SOFT
02-19 02:48:02.039  2557  2749 I LocationAccessPolicy: checkLocationPermission - callingUid: 10078, callingPid: 28092, result: DENIED_SOFT
02-19 02:48:02.039 14444 14548 I AccountTypeLoader: [C]  > added account: com.google
02-19 02:48:02.040 14444 14548 I AccountTypeLoader: [C]  > added account: com.google.android.apps.tachyon
02-19 02:48:02.040 14444 14548 I AccountTypeLoader: [C]  > added account: com.osp.app.signin
02-19 02:48:02.047 14444 14548 I AccountTypeModel: [C] Accounts and types are same. loaded = true
02-19 02:48:02.047 14444 14548 I AccountTypeModel: [C] account reload finish: 3
02-19 02:48:02.051 28187 28275 I GWP-ProfilesProvisioner: ----- handleProvisioning() -----
02-19 02:48:02.052 28187 28275 I GWP-ProfilesProvisioner: ----- generateHashMapsForActiveSubIds -----
02-19 02:48:02.054 28187 28275 I GWP-ProfilesProvisioner: generateHashMapsForActiveSubIds(): Active subId=1, carrierId=2018
02-19 02:48:02.059 28187 28275 I GWP-ProfilesProvisioner: ----- Provision/Reprovsion/EnableOffload for subId: 1 -----
02-19 02:48:02.064 28187 28275 I GWP-ProfilesProvisioner: ProfilesInfo for subId 1: carrierId=2018, source=CARRIER_CONFIG, version=1
02-19 02:48:02.064 28187 28275 I GWP-ProfilesProvisioner: ProvisionerStore for subId 1: oldCarrierId=-1, oldSource=CARRIER_CONFIG, oldVersion=1
02-19 02:48:02.069 28187 28275 I GWP-ProfilesProvisioner: enableOffloadIfDisabled(1): offload is already enabled.
02-19 02:48:02.076 28092 28092 W fbservices:InitStatus: Not blocking Service (180812148)
02-19 02:48:02.076  2557  2749 D CompatChangeReporter: Compat change id reported: 311208629; UID 10244; state: ENABLED
02-19 02:48:02.080 28092 28092 W fbservices:PreloadedFbnsService: service/onStart/tos_not_accepted
02-19 02:48:02.086  2557  2749 D PackageManager: setEnabledSetting : userId = 0 packageName = com.facebook.services cmp = com.facebook.oxygen.services.fbns.RegisteredMqttSystemBroadcastReceiver newState = 2 callingPackage = com.facebook.services
02-19 02:48:02.088  2557  2749 D CompatChangeReporter: Compat change id reported: 311208629; UID 10078; state: ENABLED
02-19 02:48:02.090 28092 28092 W fbservices:InitStatus: Not blocking Service (180812148)
02-19 02:48:02.094  2557  6899 D ConnectivityService: Returning UNBLOCKED NetworkInfo to uid=9510352
02-19 02:48:02.094 28092 28092 W fbservices:InitStatus: Not blocking Service (180812148)
02-19 02:48:02.094 28092 28092 W fbservices:InitStatus: Not blocking Service (180812148)
02-19 02:48:02.094 28092 28092 W fbservices:InitStatus: Not blocking Service (180812148)
02-19 02:48:02.096  4488 23914 I SearchEngineAppSuggestion: packageUpdateEvent: com.honeyspace.sdk.source.entity.PackageOperation$Removed@ea3a5a1
02-19 02:48:02.096  3927  9976 I TileConfigurationStore: updatePackageDataChange : com.sikwin.app, type = 2, tileType = 1
02-19 02:48:02.096  4488 23914 I SearchEngineAppSuggestion: package removed: com.sikwin.app
02-19 02:48:02.096  3927  9976 I TilesDataController: onAvailableTileUpdate 1
02-19 02:48:02.097  3927  9976 I TileConfigurationStore:  getAvailableTiles 39
02-19 02:48:02.097  3927  9976 I TileConfigurationStore:  getAvailableTiles 39
02-19 02:48:02.097  3927  9976 I TileConfigurationStore: updatePackageDataChange : Complication Tile com.sikwin.app, type = 2
02-19 02:48:02.097  3927  9976 I AppWidgetDataProvider:  updatePackageChangeData type  1 , pack type 2  ,  pkg com.sikwin.app
02-19 02:48:02.097  4488 23914 I SearchEngine: isComponentInApps() packageName : com.android.chrome / className : com.google.android.apps.chrome.Main / userId : 0 / enable true / enabledSetting 0
02-19 02:48:02.097  3927  3927 I ComplicationWidgetPluginController: onDataChanged start aod.s10{b2c6630 V.E...... ......ID 0,0-0,0}
02-19 02:48:02.097  4488 23914 I SearchEngine: isComponentInApps() packageName : com.whatsapp / className : com.whatsapp.Main / userId : 0 / enable true / enabledSetting 0
02-19 02:48:02.097  3927  9976 E AbsSettings: refreshInner: refreshedSettingsDBItem key enabled_complication_widgets_id_list val = 
02-19 02:48:02.097  3927  9976 I LockscreenTileDatabaseBridge: readEnableWidgetIds  
02-19 02:48:02.098  4488 23914 I SearchEngine: isComponentInApps() packageName : com.whatsapp / className : com.whatsapp.Main / userId : 0 / enable true / enabledSetting 0
02-19 02:48:02.098 24033 24083 E msys    : E[N mns]_OnDiskCacheGetData(632)=>Start post callback cache refresh DNS resolution
02-19 02:48:02.098  4488 23914 I SearchEngine: isComponentInApps() packageName : com.whatsapp / className : com.whatsapp.Main / userId : 0 / enable true / enabledSetting 0
02-19 02:48:02.098  2557  6900 D CompatChangeReporter: Compat change id reported: 151861875; UID 10050; state: ENABLED
02-19 02:48:02.098  3927  3927 D WallpaperManager: semGetWallpaperColors: which = 2
02-19 02:48:02.098  4488 23914 I SearchEngine: isComponentInApps() packageName : com.whatsapp / className : com.whatsapp.Main / userId : 0 / enable true / enabledSetting 0
02-19 02:48:02.098  4488 23914 I SearchEngine: isComponentInApps() packageName : com.whatsapp / className : com.whatsapp.Main / userId : 0 / enable true / enabledSetting 0
02-19 02:48:02.098  3927  3927 D SemWallpaperColorsArea: SemWallpaperColorsArea [1440, 3120] which: 6 rotation: 0 has Base: false
02-19 02:48:02.098  3927  3927 D SemWallpaperColorsArea: SemWallpaperColorsArea which = 6, mDensity : 3.75, 1440x3120,384x832,30,48, 5
02-19 02:48:02.099  3927  3927 I SemWallpaperColorsArea: Final area : Rect(90, 18 - 1350, 112)
02-19 02:48:02.099  3927  3927 I SemWallpaperColorsArea: Final area : Rect(150, 622 - 1290, 1008)
02-19 02:48:02.099  3927  3927 I SemWallpaperColorsArea: Final area : Rect(150, 1698 - 1290, 1773)
02-19 02:48:02.099  3927  3927 I SemWallpaperColorsArea: Final area : Rect(150, 1811 - 1290, 2437)
02-19 02:48:02.099  4488 23914 I SearchEngine: isComponentInApps() packageName : com.whatsapp / className : com.whatsapp.Main / userId : 0 / enable true / enabledSetting 0
02-19 02:48:02.099  3927  3927 I SemWallpaperColorsArea: Final area : Rect(150, 2790 - 1290, 3007)
02-19 02:48:02.099  3927  3927 I SemWallpaperColorsArea: Final area : Rect(0, 0 - 1440, 3120)
02-19 02:48:02.099  4488 23914 I SearchEngine: isComponentInApps() packageName : com.sec.android.app.voicenote / className : com.sec.android.app.voicenote.main.VNMainActivity / userId : 0 / enable true / enabledSetting 0
02-19 02:48:02.100 24033 24083 E msys    : E[ADNSUCTIMH WAJMNSDNSResolver]_MNSDNSResolutionSuccess(35)=>[LogLevel:I] DNS Resolution Successful with 2 IPs, Persistent Cache Hit: 1, secondary resolver used: 0
02-19 02:48:02.099  4488 23914 I SearchEngine: isComponentInApps() packageName : com.instagram.android / className : com.instagram.android.activity.MainTabActivity / userId : 0 / enable true / enabledSetting 0
02-19 02:48:02.100 24033 24083 E msys    : E[ADNSUCTIMH WAJMNSDNSResolver]_MNSDNSResolutionSuccess(55)=>[LogLevel:I] Resolved IP Address: 2a03:2880:f369:121:face:b00c:0:7260
02-19 02:48:02.100 24033 24083 E msys    : E[ADNSUCTIMH WAJMNSDNSResolver]_MNSDNSResolutionSuccess(55)=>[LogLevel:I] Resolved IP Address: 57.144.211.33
02-19 02:48:02.101  4488 23914 I SearchEngine: isComponentInApps() packageName : com.instagram.android / className : com.instagram.android.activity.MainTabActivity / userId : 0 / enable true / enabledSetting 0
02-19 02:48:02.101  4488 23914 I SearchEngine: isComponentInApps() packageName : com.instagram.android / className : com.instagram.android.activity.MainTabActivity / userId : 0 / enable true / enabledSetting 0
02-19 02:48:02.101  4488 23914 I SearchEngine: isComponentInApps() packageName : com.whatsapp / className : com.whatsapp.Main / userId : 0 / enable true / enabledSetting 0
02-19 02:48:02.101  4488 23914 I SearchEngine: isComponentInApps() packageName : com.instagram.android / className : com.instagram.android.activity.MainTabActivity / userId : 0 / enable true / enabledSetting 0
02-19 02:48:02.102  4488 23914 I SearchEngine: isComponentInApps() packageName : com.instagram.android / className : com.instagram.android.activity.MainTabActivity / userId : 0 / enable true / enabledSetting 0
02-19 02:48:02.102  4488 23914 I SearchEngine: isComponentInApps() packageName : com.whatsapp / className : com.whatsapp.Main / userId : 0 / enable true / enabledSetting 0
02-19 02:48:02.102  4488 23914 I SearchEngine: isComponentInApps() packageName : com.whatsapp / className : com.whatsapp.Main / userId : 0 / enable true / enabledSetting 0
02-19 02:48:02.102  4488 23914 I SearchEngine: isComponentInApps() packageName : com.sec.android.app.voicenote / className : com.sec.android.app.voicenote.main.VNMainActivity / userId : 0 / enable true / enabledSetting 0
02-19 02:48:02.103  4488 23914 I SearchEngine: isComponentInApps() packageName : com.whatsapp / className : com.whatsapp.Main / userId : 0 / enable true / enabledSetting 0
02-19 02:48:02.103  4488 23914 I SearchEngine: isComponentInApps() packageName : com.sec.android.gallery3d / className : com.samsung.android.gallery.app.activity.GalleryActivity / userId : 0 / enable true / enabledSetting 0
02-19 02:48:02.103  4488 23914 I SearchEngine: isComponentInApps() packageName : com.sec.android.gallery3d / className : com.samsung.android.gallery.app.activity.GalleryActivity / userId : 0 / enable true / enabledSetting 0
02-19 02:48:02.103  4488 23914 I HoneySpace.SuggestAppDecor: cellX : 4
02-19 02:48:02.104  4488 23914 I HoneySpace.SuggestAppDecor: getInstaller: com.company.dicegame [com.google.android.packageinstaller]
02-19 02:48:02.104  4488 23914 I HoneySpace.SuggestAppDecor: getInstaller: com.samsung.android.dialer [null]
02-19 02:48:02.104  4488 23914 I HoneySpace.SuggestAppDecor: getInstaller: com.openai.chatgpt [com.android.vending]
02-19 02:48:02.104  4488 23914 I ResultDataManager: Results: keys=SUGGESTED_APPS, SUGGESTED_TAG, SUGGESTED_DIRECTORY, HISTORY_KEYWORD
02-19 02:48:02.104  4488 23914 I SearchEngine: query: reTriggered: [emit] 6 SUGGESTED_APPS takes 7 contents=[8]
02-19 02:48:02.104  4488 28085 I HoneySpace.ContentsViewModel: observed com.honeyspace.search.ui.honeypot.presentation.content.ContentsViewModel@5a188ef
02-19 02:48:02.105  4488 28085 I HoneySpace.ContentsViewModel: result onUpdated: SUGGESTED_APPS_
02-19 02:48:02.105  4488 28085 I HoneySpace.ContentsViewModel: result onRemoved: SUGGESTED_APPS_
02-19 02:48:02.105  4488 28085 I HoneySpace.ContentsViewModel: result onAdded: SUGGESTED_APPS_
02-19 02:48:02.105 28092 28092 W fbservices:InitStatus: Not blocking Service (180812148)
02-19 02:48:02.105  4488 27282 I HoneySpace.AppTimerDataSourceImpl: items: 0
02-19 02:48:02.105  4488 27282 I HoneySpace.AppTimerDataSourceImpl: items: 0
02-19 02:48:02.105  4488 28082 I HoneySpace.AppTimerDataSourceImpl: items: 0
02-19 02:48:02.106  4488 28082 I HoneySpace.AppTimerDataSourceImpl: items: 0
02-19 02:48:02.106  4488 27282 I HoneySpace.AppTimerDataSourceImpl: items: 0
02-19 02:48:02.106  4488 27333 I HoneySpace.AppTimerDataSourceImpl: items: 0
02-19 02:48:02.106  4488 27284 I HoneySpace.AppTimerDataSourceImpl: items: 0
02-19 02:48:02.106  4488 25551 I HoneySpace.AppTimerDataSourceImpl: items: 0
02-19 02:48:02.107  4488 28085 I ContentsUI: onUpdate: with 150 [l2.a@3aac3c6, l2.a@2be88fa, l2.a@4b08ea1, l2.a@c27f8c6]
02-19 02:48:02.107  4488 28085 I ContentsUI: before Latch : Normal
02-19 02:48:02.107  4488 28085 I ContentsUI: request post
02-19 02:48:02.107  4488 28085 I HoneySpace.ContentsViewModel: handleResults com.honeyspace.search.ui.honeypot.presentation.content.ContentsViewModel@5a188ef
02-19 02:48:02.108 28092 28092 W fbservices:PreloadedFbnsService: service/onStart/tos_not_accepted
02-19 02:48:02.108  2557  2748 D PackageManager: setEnabledSetting : userId = 0 packageName = com.facebook.services cmp = com.facebook.oxygen.services.fbns.RegisteredMqttSystemBroadcastReceiver newState = 2 callingPackage = com.facebook.services
02-19 02:48:02.110 28092 28092 W fbservices:InitStatus: Not blocking Service (180812148)
02-19 02:48:02.111  1478  1478 D Zygote  : Forked child process 28291
02-19 02:48:02.111  2557  2934 I ActivityManager: Start proc 28291:com.samsung.android.app.aodservice:provider/u0a50 for content provider {com.samsung.android.app.aodservice/com.samsung.android.app.clockpack.provider.LockContentProvider}
02-19 02:48:02.119  1478  1478 D Zygote  : Forked child process 28292
02-19 02:48:02.120  2557  2934 I ActivityManager: Start proc 28292:com.samsung.android.app.aodservice/u0a50 for content provider {com.samsung.android.app.aodservice/com.samsung.android.app.aodservice.settings.provider.SALoggingContentProvider}
02-19 02:48:02.124  4488  4488 I HoneySpace.IconView: createScaleAndAlphaAnim end - view=com.honeyspace.ui.common.iconview.IconViewImpl{b2872e5 VFED..CL. ........ 333,1955-666,2346 #7f0a029b app:id/icon} - Gundu Ata, visibility:0, alpha:0.0, badge:0, icon:218x218, iconAlpha:255, iconState:NONE, iconSize:236, forceHideBadge:false, isTransparent:false, x=1, y=5
02-19 02:48:02.124  4488  4488 I HoneySpace.IconView: playIconRemoveAnimation: finished!
02-19 02:48:02.124  4488  4488 I HoneySpace.ApplistCellLayout: removeView [5] (1,5) view=com.honeyspace.ui.common.iconview.IconViewImpl{b2872e5 VFED..CL. ........ 333,1955-666,2346 #7f0a029b app:id/icon} - Gundu Ata, visibility:0, alpha:0.0, badge:0, icon:218x218, iconAlpha:255, iconState:NONE, iconSize:236, forceHideBadge:false, isTransparent:false, x=1, y=5
02-19 02:48:02.124  4488  4488 I HoneySpace.ApplistCellLayout: removeView [5] (2,5) view=com.honeyspace.ui.common.iconview.IconViewImpl{dc4ded7 VFED..CL. ........ 666,1955-999,2346 #7f0a029b app:id/icon} - Gundu Ata, visibility:0, alpha:1.0, badge:0, icon:218x218, iconAlpha:255, iconState:NONE, iconSize:236, forceHideBadge:false, isTransparent:false, x=2, y=5
02-19 02:48:02.124  4488  4488 I HoneySpace.ApplistCellLayout: addItem [5] (1, 5) width=1332, height=2351, spanX=1, spanY=1, view=com.honeyspace.ui.common.iconview.IconViewImpl{dc4ded7 VFED..CL. ......ID 666,1955-999,2346 #7f0a029b app:id/icon} - Gundu Ata, visibility:0, alpha:1.0, badge:0, icon:218x218, iconAlpha:255, iconState:NONE, iconSize:236, forceHideBadge:false, isTransparent:false, x=2, y=5
02-19 02:48:02.124  4488  4488 I HoneySpace.ApplistCellLayout: addItem [5] (1, 5)
02-19 02:48:02.124  4488  4488 I HoneySpace.ApplistViewModel: endAnimation() animation=191613448, running=[]
02-19 02:48:02.124  4488  4488 I HoneySpace.ApplistViewModel: endAnimation() all animation ended. start pending tasks.
02-19 02:48:02.124  4488  4488 I HoneySpace.ApplistViewModel: start pending operations. size = 1
02-19 02:48:02.124  4488  4488 I HoneySpace.PackageEventOperator: ApplistViewModel runPendingPackageOperation 1
02-19 02:48:02.124  4488  4488 I HoneySpace.PackageEventHandler: Package removed : [com.sikwin.app/.MainActivity#UserHandle{95}]
02-19 02:48:02.125  4488  4488 I HoneySpace.DataCache: deleteItem : id=772778, title=Gundu Ata, type=APP, containerType=ITEM_GROUP, containerId=20, x=-1, y=-1, rank=21, spanX=-1, spanY=-1, scale=1.0component=com.sikwin.app/.MainActivity, profileId=95, intent=null, restored=0, hidden=UNHIDDEN, appWidgetId=-1, options=0, refPackageName=null (appList) package removed
02-19 02:48:02.125  4488  7409 I HoneySpace.DataCache: delete item : (appList) package removed - APP / 772778 / Gundu Ata / com.sikwin.app/.MainActivity / -1 / 95
02-19 02:48:02.125  4488  4488 I HoneySpace.IconView: createScaleAndAlphaAnim start - view=com.honeyspace.ui.common.iconview.IconViewImpl{dc4ded7 VFED..CL. ......ID 666,1955-999,2346 #7f0a029b app:id/icon} - Gundu Ata, visibility:0, alpha:1.0, badge:0, icon:218x218, iconAlpha:255, iconState:NONE, iconSize:236, forceHideBadge:false, isTransparent:false, x=1, y=5
02-19 02:48:02.125  4488  4488 I HoneySpace.ApplistViewModel: startAnimation() animation=142239705, running=[142239705]
02-19 02:48:02.125  4488  4488 I HoneySpace.PackageEventOperator: ApplistViewModel runPendingPackageOperation end
02-19 02:48:02.139 28291 28291 I ervice:provider: Using CollectorTypeCMC GC.
02-19 02:48:02.139 28292 28292 I .app.aodservice: Using CollectorTypeCMC GC.
02-19 02:48:02.141 28291 28291 E ervice:provider: Not starting debugger since process cannot load the jdwp agent.
02-19 02:48:02.142 28292 28292 E .app.aodservice: Not starting debugger since process cannot load the jdwp agent.
02-19 02:48:02.150  1642  4829 D NativeSemDvfsManager: acquire:: timeout = 2000 mIsAcquired = 1  mTagName : SurfaceFlinger 
02-19 02:48:02.152  1559  1739 I HYPER-HAL: [RequestManager.cpp]acquire(): Acquired ID : 3492403  [1642 / 1000]    HINT : SF_GPU_MINLOCK    list : [TIMEOUT / 2000] 
02-19 02:48:02.157  1642  4829 E NativeCustomFrequencyManager: [NativeCFMS] BpCustomFrequencyManager::acquire()
02-19 02:48:02.177 28291 28291 I GTS_CELL:  version 1.2.28
02-19 02:48:02.178 28292 28292 I Io      : build component
02-19 02:48:02.179 28291 28291 I DeviceType: getAfcType: 10
02-19 02:48:02.179 28292 28292 I DeviceType: getAfcType: 10
02-19 02:48:02.180 28291 28291 I DeviceType: isSupportLightReveal: supportLightReveal=1 context=com.samsung.android.app.aodservice.application.AODApplication@3ae9dbd
02-19 02:48:02.180 28292 28292 I DeviceType: isSupportLightReveal: supportLightReveal=1 context=com.samsung.android.app.aodservice.application.AODApplication@2e9f9ae
02-19 02:48:02.181 28292 28292 W Settings: Setting remove_animations has moved from android.provider.Settings.System to android.provider.Settings.Global, returning read-only global URI.
02-19 02:48:02.180  2557  3826 D NetdEventListenerService: DNS Requested by 105, 9510352(com.whatsapp), SUCCESS, 78ms
02-19 02:48:02.181  2557  2748 D SemInputCommandService: getTspSupportFeature(TSP): 0x100321
02-19 02:48:02.182  2557  2748 D InputManager: checkInputFeature: features = 0x100321
02-19 02:48:02.182 28292 28292 I AODRune : isSupportDoubleTapToWakeUp: true
02-19 02:48:02.182 28292 28292 I DeviceType: getAfcType: 10
02-19 02:48:02.182 28292 28292 W Settings: Setting accessibility_reduce_transparency has moved from android.provider.Settings.System to android.provider.Settings.Global, returning read-only global URI.
02-19 02:48:02.182  1642  1642 D SurfaceFlinger: GPIS:: requestGPISForClientComposition
02-19 02:48:02.182 24033 24083 E msys    : E[N mns]_OnSystemDNSSuccessCallback(340)=>Cache refresh succeeded with system DNS resolver. IP count: 2
02-19 02:48:02.183 28292 28292 E AODSettingsHelper: HashMap CollisionException!! Please don't add same setting uri!!! NewKey:remove_animations, OriKey:remove_animations
02-19 02:48:02.183 28291 28291 I GTS_CELL:  version 1.2.28
02-19 02:48:02.184 28291 28291 I Io      : build component
02-19 02:48:02.185 28291 28291 W Settings: Setting remove_animations has moved from android.provider.Settings.System to android.provider.Settings.Global, returning read-only global URI.
02-19 02:48:02.186  2557  6849 D SemInputCommandService: getTspSupportFeature(TSP): 0x100321
02-19 02:48:02.186  2557  6849 D InputManager: checkInputFeature: features = 0x100321
02-19 02:48:02.186 28291 28291 I AODRune : isSupportDoubleTapToWakeUp: true
02-19 02:48:02.186 28291 28291 I DeviceType: getAfcType: 10
02-19 02:48:02.186 28291 28291 W Settings: Setting accessibility_reduce_transparency has moved from android.provider.Settings.System to android.provider.Settings.Global, returning read-only global URI.
