02-19 02:56:07.777  6377  6441 E Gralloc4: isSupported(1, 1, 59, 1, ...) failed with 7
02-19 02:56:07.777  1571  2033 W qdgralloc: GetSize: Pixel format: 0x3b is not supported by gralloc
02-19 02:56:07.777  1571  2033 W qdgralloc: gralloc failed to allocate buffer for size 0 format 59 AWxAH 4x4 usage 2816
02-19 02:56:07.777  6377  6441 E GraphicBufferAllocator: Failed to allocate (4 x 4) layerCount 1 format 59 usage b00: 2
02-19 02:56:07.777  6377  6441 E AHardwareBuffer: GraphicBuffer(w=4, h=4, lc=1) failed (Unknown error -2), handle=0x0
02-19 02:56:07.778  4488  4488 I HoneySpace.FloatingAnimator: container x: 0.08203983, y: 1.9025037, scale : 0.99931633
02-19 02:56:07.779  6377  6441 W qdgralloc: getInterlacedFlag: getMetaData returned 3, defaulting to interlaced_flag = 0
02-19 02:56:07.779  1630  3006 I EffectsFactory: EffectCreate() create_effect
02-19 02:56:07.779  4488  7468 I VRI[LauncherActivity]@66a84ac: mWNT: t=0xb400006fd73428d0 mBlastBufferQueue=0xb4000070672dc710 fn= 82 HdrRenderState mRenderHdrSdrRatio=1.0 caller= com.android.systemui.shared.launcher.ViewRootImplCompat.mergeWithNextTransaction:4 com.honeyspace.transition.utils.SurfaceTransactionApplier.scheduleApply$lambda$1:26 com.honeyspace.transition.utils.SurfaceTransactionApplier.b:0 
02-19 02:56:07.779  1630  3006 I DlbDlbEffect: create(uuid=6AB06DA4-C516-4611-8166-452799218539, sessionId=-2903, ioId=-2, pHandle=0x78f7f98460)
02-19 02:56:07.779  1630  3006 I DlbDlbEffect: create() create DapEffectContext
02-19 02:56:07.779  1630  3006 D DlbDlbBufferProvider: DlbBufferProvider()
02-19 02:56:07.779  1630  3006 D DlbDlbBufferProvider: DlbBufferProvider()
02-19 02:56:07.779  1630  3006 D DlbDapBufferAdapter: DapBufferAdapter()
02-19 02:56:07.780  1630  3006 D DlbDlbBufferProvider: DlbBufferProvider()
02-19 02:56:07.780  1630  3006 D DlbCrossfadeProcess: CrossfadeProcess()
02-19 02:56:07.780  1630  3006 D DlbEndpointParamCache: EndpointParamCache()
02-19 02:56:07.780  1630  3006 D DlbProfileParamCache: ProfileParamCache(There is specific tuning for endpiont: speaker)
02-19 02:56:07.780  1630  3006 I DlbEffectContext: EffectContext()
02-19 02:56:07.780  1630  3006 I DlbDlbEffect: create() Created effect DAX3_S_3.12.0.0_r1
02-19 02:56:07.780  1630  3006 I AudioEffectStageModule: Dolby_FX_GAME(-2903) LazyInit start
02-19 02:56:07.780  1630  3006 D DlbDlbEffect: handle_EFFECT_CMD_INIT()
02-19 02:56:07.780  1630  3006 D DlbCrossfadeProcess: init()
02-19 02:56:07.780  1630  3006 D DlbDapBufferAdapter: init()
02-19 02:56:07.780  1630  3006 I DlbDap2Process: init()
02-19 02:56:07.780  1630  3006 I DlbDap2Process: open()
02-19 02:56:07.780  6377  6441 W qdgralloc: getInterlacedFlag: getMetaData returned 3, defaulting to interlaced_flag = 0
02-19 02:56:07.780  1630  3006 I DlbDap2Process: loadLicense() no license check!
02-19 02:56:07.781  1630  3006 I DlbDap2Process: validateLicense() no license check!
02-19 02:56:07.781  1630  3006 I DlbDap2Process: init() DAP opened
02-19 02:56:07.781  1630  3006 I DlbDap2Process: DAP library version: MOBILE v2.1.0
02-19 02:56:07.781  1630  3006 D DlbDap2Process: DAP output mode set to 1 with output channel mask 0x3 and null mix matrix.
02-19 02:56:07.781  1630  3006 D DlbEffectContext: setProfile(profile=-1) stageIdx:-2903
02-19 02:56:07.781  1630  3006 D DlbProfileParamCache: setProfile(profile=-1)
02-19 02:56:07.781  1630  3006 D DlbProfileParamArray: getProfileParams(profile = -1)
02-19 02:56:07.781  1630  3006 D DlbEndpointParamCache: setParam() Creating parameter cache for device 0x00000008
02-19 02:56:07.781  1630  3006 D DlbEndpointParamCache: setParam() Creating parameter cache for device 0x00000000
02-19 02:56:07.781  1630  3006 D DlbEndpointParamCache: setParam() Creating parameter cache for device 0x00000080
02-19 02:56:07.781  1630  3006 D DlbEndpointParamCache: setParam() Creating parameter cache for device 0x00004000
02-19 02:56:07.781  1630  3006 D DlbEndpointParamCache: setParam() Creating parameter cache for device 0x00000400
02-19 02:56:07.781  1630  3006 D DlbEndpointParamCache: setParam() Creating parameter cache for device 0x00008000
02-19 02:56:07.781  1630  3006 D DlbEndpointParamCache: setParam() Creating parameter cache for device 0x40000000
02-19 02:56:07.781  1630  3006 D DlbEndpointParamCache: setParam() Creating parameter cache for device 0x00000002
02-19 02:56:07.781  1630  3006 D DlbEndpointParamCache: commitChangedParams()
02-19 02:56:07.781  1630  3006 D DlbEndpointParamCache: commit() Applying parameters for device 0x40000000
02-19 02:56:07.781  1630  3006 D DlbDap2Process: setSystemGain(vol = 0)
02-19 02:56:07.781  1630  3006 D DlbDap2Process: setParam(avon = #1[0])
02-19 02:56:07.781  1630  3006 D DlbDap2Process: setParam(iebs = #41[20, 47, 141, 234, 328, 469, 656, 844, 1031, 1313, 1688, 2250, 3000, 3750, 4688, 5813, 7125, 9000, 11250, 13875, 19688, 157, 167, 218, 218, 203, 188, 192, 192, 205, 213, 218, 209, 193, 159, 134, 97, 71, 22, -90, -283])
02-19 02:56:07.781  1630  3006 D DlbEndpointParamCache: doCommit() Committed 2 parameters out of 2.
02-19 02:56:07.781  1630  3006 D DlbEndpointParamCache: commit() Overriding parameters for current device 0x00000000
02-19 02:56:07.781  1630  3006 D DlbDap2Process: setParam(dsa = #1[10])
02-19 02:56:07.781  1630  3006 D DlbDap2Process: setParam(dfsa = #1[10])
02-19 02:56:07.781  1630  3006 D DlbDap2Process: setParam(dhsa = #1[10])
02-19 02:56:07.781  1630  3006 D DlbDap2Process: setParam(dvlc = #1[0])
02-19 02:56:07.781  1630  3006 D DlbDap2Process: setParam(arde = #1[0])
02-19 02:56:07.781  1630  3006 D DlbDap2Process: setParam(rsse = #1[0])
02-19 02:56:07.781  1630  3006 D DlbDap2Process: setParam(bexe = #1[0])
02-19 02:56:07.781  1630  3006 D DlbDap2Process: setSystemGain(vol = 0)
02-19 02:56:07.781  1630  3006 D DlbDap2Process: setParam(avol = #1[0])
02-19 02:56:07.781  1630  3006 D DlbDap2Process: setParam(dhfm = #1[0])
02-19 02:56:07.781  1630  3006 D DlbDap2Process: setParam(ceon = #1[0])
02-19 02:56:07.781  1630  3006 D DlbDap2Process: setParam(aoon = #1[0])
02-19 02:56:07.781  1630  3006 D DlbDap2Process: setParam(aron = #1[0])
02-19 02:56:07.781  1630  3006 D DlbEndpointParamCache: doCommit() Committed 12 parameters out of 12.
02-19 02:56:07.781  1630  3006 D DlbProfileParamCache: setEndpointTuning(endpoint=speaker, tuning=speaker)
02-19 02:56:07.781  1630  3006 D DlbProfileParamArray: getAvailableTuningDevicesLen, tuning = speaker, length = 7
02-19 02:56:07.781  1630  3006 D DlbProfileParamArray: getTuningParams(tuning = speaker)
02-19 02:56:07.781  1630  3006 D DlbEndpointParamCache: commitChangedParams()
02-19 02:56:07.781  1630  3006 D DlbEndpointParamCache: commit() Applying parameters for device 0x40000000
02-19 02:56:07.781  1630  3006 D DlbEndpointParamCache: doCommit() Committed 0 parameters out of 2.
02-19 02:56:07.781  1630  3006 D DlbEndpointParamCache: commit() Overriding parameters for current device 0x00000000
02-19 02:56:07.781  1630  3006 D DlbEndpointParamCache: doCommit() Committed 0 parameters out of 12.
02-19 02:56:07.781  1630  3006 D DlbProfileParamCache: setEndpointTuning(endpoint=headphone, tuning=default)
02-19 02:56:07.781  1630  3006 D DlbProfileParamCache: setEndpointTuning(endpoint=other, tuning=default)
02-19 02:56:07.781  1630  3006 D DlbProfileParamCache: setEndpointTuning(endpoint=bluetooth, tuning=default)
02-19 02:56:07.781  1630  3006 D DlbProfileParamArray: getAvailableTuningDevicesLen, tuning = bluetooth_spatialAudio, length = 22
02-19 02:56:07.781  1630  3006 E DlbProfileParamCache: setEndpointTuning, default is not a valid tuning device for endpoint bluetooth,             please call getAvailableTuningDevice(endpoint) to check first!
02-19 02:56:07.781  1630  3006 D DlbProfileParamCache: setEndpointTuning(endpoint=usb, tuning=default)
02-19 02:56:07.781  1630  3006 D DlbProfileParamCache: setEndpointTuning(endpoint=aux_digital, tuning=default)
02-19 02:56:07.781  1630  3006 D DlbProfileParamCache: setEndpointTuning(endpoint=remote_submix, tuning=default)
02-19 02:56:07.781  1630  3006 D DlbDlbEffect: handle_EFFECT_CMD_SET_CONFIG()
02-19 02:56:07.781  1630  3006 D DlbCrossfadeProcess: configure(sampleRate=48000, inChannels=0x3, outChannels=0x3)
02-19 02:56:07.781  1630  3006 I DlbDapBufferAdapter: configure(sampleRate = 48000, format = 5, inChannelMask = 0x3, outChannelMask = 0x3)
02-19 02:56:07.781  1630  3006 D DlbDlbBufferProvider: setConfig() Updating buffer configuration.
02-19 02:56:07.781  1630  3006 D DlbDlbBufferProvider: configure() Allocating new memory for the buffer.
02-19 02:56:07.781  1630  3006 D DlbDlbBufferProvider: setConfig() Updating buffer configuration.
02-19 02:56:07.781  1630  3006 D DlbDlbBufferProvider: configure() Allocating new memory for the buffer.
02-19 02:56:07.781  1630  3006 D DlbDlbBufferProvider: setConfig() Updating buffer configuration.
02-19 02:56:07.781  1630  3006 D DlbDlbBufferProvider: configure() Allocating new memory for the buffer.
02-19 02:56:07.781  1630  3006 D DlbDlbBufferProvider: setConfig() Updating buffer configuration.
02-19 02:56:07.781  1630  3006 D DlbDlbBufferProvider: setConfig() Updating buffer configuration.
02-19 02:56:07.781  1630  3006 D DlbEffectContext: updateInputFormat() mStreamType: 0, channels: 0x3, mDapDevice: 0x0, mAudioFlags: 0x0
02-19 02:56:07.781  1630  3006 D DlbDap2Process: setHTParam: mIsBinauralInput: 0
02-19 02:56:07.781  1630  3006 D DlbDap2Process: DAP input format is 0x22 with input channel mask 0x3
02-19 02:56:07.781  1630  3006 D DlbDlbEffect: handle_EFFECT_CMD_ENABLE()
02-19 02:56:07.781  1630  3006 D DlbCrossfadeProcess: setEnabled transitioning from DAP_BYPASSED state to PREROLL_ACTIVE
02-19 02:56:07.781  1630  3006 D DlbEffectContext: setParam() received parameter EFFECT_PARAM_ENABLE
02-19 02:56:07.781  1630  3006 D DlbEffectContext: setEnabled(enabled=1) stageIdx:-2903
02-19 02:56:07.781  1630  3006 D DlbEffectContext: setParam() received parameter EFFECT_PARAM_PROFILE
02-19 02:56:07.781  1630  3006 D DlbEffectContext: setProfile revert user specific params
02-19 02:56:07.781  1630  3006 D DlbEffectContext: setProfile(profile=0) stageIdx:-2903
02-19 02:56:07.781  1630  3006 D DlbProfileParamCache: setProfile(profile=0)
02-19 02:56:07.781  1630  3006 D DlbProfileParamArray: getProfileParams(profile = 0)
02-19 02:56:07.782  1630  3006 D DlbEndpointParamCache: commitChangedParams()
02-19 02:56:07.782  1630  3006 D DlbEndpointParamCache: commit() Applying parameters for device 0x40000000
02-19 02:56:07.782  1630  3006 D DlbDap2Process: setParam(iea = #1[3])
02-19 02:56:07.782  1630  3006 D DlbDap2Process: setParam(rvsa = #1[0])
02-19 02:56:07.782  1630  3006 D DlbDap2Process: setParam(msce = #1[1])
02-19 02:56:07.782  1630  3006 D DlbDap2Process: setParam(mdee = #1[1])
02-19 02:56:07.782  1630  3006 D DlbDap2Process: setParam(miee = #1[1])
02-19 02:56:07.782  1630  3006 D DlbDap2Process: setParam(mdle = #1[1])
02-19 02:56:07.782  1630  3006 D DlbDap2Process: setParam(dvme = #1[0])
02-19 02:56:07.782  1630  3006 D DlbDap2Process: setParam(rvse = #1[0])
02-19 02:56:07.782  1630  3006 D DlbDap2Process: setMave(mave = 1)
02-19 02:56:07.782  1630  3006 D DlbDap2Process: setParam(ieon = #1[1])
02-19 02:56:07.782  1630  3006 D DlbEndpointParamCache: doCommit() Committed 10 parameters out of 12.
02-19 02:56:07.782  1630  3006 D DlbEndpointParamCache: commit() Overriding parameters for current device 0x00000000
02-19 02:56:07.782  1630  3006 D DlbDap2Process: setParam(dea = #1[2])
02-19 02:56:07.782  1630  3006 D DlbDap2Process: setParam(plb = #1[0])
02-19 02:56:07.782  1630  3006 D DlbDap2Process: setParam(vmb = #1[0])
02-19 02:56:07.782  1630  3006 D DlbDap2Process: setParam(dsb = #1[0])
02-19 02:56:07.782  1630  3006 D DlbDap2Process: setParam(ded = #1[2])
02-19 02:56:07.782  1630  3006 D DlbDap2Process: setParam(hte = #1[0])
02-19 02:56:07.782  1630  3006 D DlbDap2Process: setSystemGain(vol = 0)
02-19 02:56:07.782  1630  3006 D DlbDap2Process: There's no mix matrix
02-19 02:56:07.782  1630  3006 D DlbDap2Process: DAP output mode set to 8 with output channel mask 0x3 and null mix matrix.
02-19 02:56:07.782  1630  3006 D DlbDap2Process: setParam(dom = #3[1, 1, 2])
02-19 02:56:07.782  1630  3006 D DlbDap2Process: DAP output mode set to 9 with output channel mask 0x3 and null mix matrix.
02-19 02:56:07.782  1630  3006 D DlbDap2Process: setParam(hvm = #1[2])
02-19 02:56:07.782  1630  3006 D DlbDap2Process: setParam(svm = #1[2])
02-19 02:56:07.782  1630  3006 D DlbDap2Process: setParam(sdfa = #1[0])
02-19 02:56:07.782  1630  3006 D DlbDap2Process: setParam(dvla = #1[5])
02-19 02:56:07.782  1630  3006 D DlbDap2Process: setParam(hlra = #1[45])
02-19 02:56:07.782  1630  3006 D DlbDap2Process: setParam(avsb = #1[6])
02-19 02:56:07.782  1630  3006 D DlbDap2Process: setParam(hvrc = #8[103, 32568, 11164, 5090, 0, 3, 3, 3])
02-19 02:56:07.782  1630  3006 D DlbDap2Process: setParam(svrc = #8[103, 32568, 6698, 5090, 0, 3, 3, 3])
02-19 02:56:07.782  1630  3006 D DlbDap2Process: setParam(vssd = #1[4])
02-19 02:56:07.782  1630  3006 D DlbDap2Process: setParam(mvbe = #1[0])
02-19 02:56:07.782  1630  3006 D DlbDap2Process: setParam(bmde = #1[0])
02-19 02:56:07.782  1630  3006 D DlbDap2Process: setParam(dvle = #1[1])
02-19 02:56:07.782  1630  3006 D DlbDap2Process: setParam(dvli = #1[-256])
02-19 02:56:07.782  1630  3006 D DlbDap2Process: setParam(vbon = #1[0])
02-19 02:56:07.782  1630  3006 D DlbDap2Process: setParam(vbm = #1[0])
02-19 02:56:07.782  1630  3006 D DlbDap2Process: setParam(beon = #1[0])
02-19 02:56:07.782  1630  3006 D DlbDap2Process: setParam(deon = #1[1])
02-19 02:56:07.782  1630  3006 D DlbDap2Process: setParam(geon = #1[0])
02-19 02:56:07.782  1630  3006 D DlbDap2Process: setParam(ngon = #1[1])
02-19 02:56:07.782  1630  3006 D DlbDap2Process: setParam(dvlo = #1[-224])
02-19 02:56:07.782  1630  3006 D DlbDap2Process: setParam(dplp = #1[256])
02-19 02:56:07.782  1630  3006 D DlbEndpointParamCache: doCommit() Committed 28 parameters out of 40.
02-19 02:56:07.782  1630  3006 D DlbEffectContext: setProfile(mDapDevice=0), device id is not set yet, apply the default setting
02-19 02:56:07.782  1630  3006 D DlbEndpointParamCache: setDevice(device=0x00000000)
02-19 02:56:07.782  1630  3006 D DlbDlbEffect: handle_EFFECT_CMD_SET_DEVICE(device=0x00000002)
02-19 02:56:07.782  1630  3006 D DlbEffectContext: setDevice(00000002)
02-19 02:56:07.782  1630  3006 D DlbEffectContext: updateInputFormat() mStreamType: 0, channels: 0x3, mDapDevice: 0x2, mAudioFlags: 0x0
02-19 02:56:07.782  1630  3006 D DlbDap2Process: setHTParam: mIsBinauralInput: 0
02-19 02:56:07.782  1630  3006 D DlbDap2Process: DAP input format is 0x22 with input channel mask 0x3
02-19 02:56:07.782  1630  3006 D DlbCrossfadeProcess: deviceChanged()
02-19 02:56:07.782  1630  3006 D DlbEndpointParamCache: setDevice(device=0x00000002)
02-19 02:56:07.782  1630  3006 D DlbEndpointParamCache: setDevice() Applying parameters for new device 0x00000002
02-19 02:56:07.782  1630  3006 D DlbDap2Process: setParam(dea = #1[2])
02-19 02:56:07.782  1630  3006 D DlbDap2Process: setParam(dsa = #1[10])
02-19 02:56:07.782  1630  3006 D DlbDap2Process: setParam(beb = #1[192])
02-19 02:56:07.782  1630  3006 D DlbDap2Process: setParam(plb = #1[0])
02-19 02:56:07.782  1630  3006 D DlbDap2Process: setParam(vmb = #1[0])
02-19 02:56:07.782  1630  3006 D DlbDap2Process: setParam(dsb = #1[80])
02-19 02:56:07.782  1630  3006 D DlbDap2Process: setParam(ded = #1[2])
02-19 02:56:07.782  1630  3006 D DlbDap2Process: setParam(hte = #1[0])
02-19 02:56:07.782  1630  3006 D DlbDap2Process: setSystemGain(vol = 0)
02-19 02:56:07.782  1630  3006 D DlbDap2Process: Got DAP mix matrix (length=12) for processing mode 10
02-19 02:56:07.782  1630  3006 D DlbDap2Process: Got DAP mix matrix (length=16) for processing mode 11
02-19 02:56:07.782  1630  3006 D DlbDap2Process: DAP output mode set to 10 with output channel mask 0x3 and custom mix matrix.
02-19 02:56:07.782  1630  3006 D DlbDap2Process: setParam(dom = #35[1, 0, 1, 10, 12, 16384, 0, 0, 16384, 11583, 11583, 8192, 8192, 16384, 0, 0, 16384, 11, 16, 16384, 0, 0, 16384, 11583, 11583, 8192, 8192, 16384, 0, 0, 16384, 16384, 0, 0, 16384])
02-19 02:56:07.782  1630  3006 D DlbDap2Process: setParam(hvm = #1[2])
02-19 02:56:07.782  1630  3006 D DlbDap2Process: setParam(svm = #1[2])
02-19 02:56:07.782  1630  3006 D DlbDap2Process: setParam(bew = #1[16])
02-19 02:56:07.782  1630  3006 D DlbDap2Process: setParam(sdfa = #1[0])
02-19 02:56:07.782  1630  3006 D DlbDap2Process: setParam(dvla = #1[0])
02-19 02:56:07.782  1630  3006 D DlbDap2Process: setParam(hlra = #1[45])
02-19 02:56:07.782  1630  3006 D DlbDap2Process: setParam(dfsa = #1[10])
02-19 02:56:07.782  1630  3006 D DlbDap2Process: setParam(dhsa = #1[10])
02-19 02:56:07.782  1630  3006 D DlbDap2Process: setParam(arsa = #5[2, 96, 96, 96, 96])
02-19 02:56:07.782  1630  3006 D DlbDap2Process: setParam(rssa = #14[2, 6, 0, 0, 0, 0, 0, 0, 0, 0, 0, 0, 0, 0])
02-19 02:56:07.782  1630  3006 D DlbDap2Process: setParam(avsb = #1[6])
02-19 02:56:07.782  1630  3006 D DlbDap2Process: setParam(dvlc = #1[0])
02-19 02:56:07.782  1630  3006 D DlbDap2Process: setParam(dvmc = #1[0])
02-19 02:56:07.782  1630  3006 D DlbDap2Process: setParam(hvrc = #8[103, 32568, 11164, 5090, 0, 3, 3, 3])
02-19 02:56:07.782  1630  3006 D DlbDap2Process: setParam(svrc = #8[103, 32568, 6698, 5090, 0, 3, 3, 3])
02-19 02:56:07.782  1630  3006 D DlbDap2Process: setParam(arod = #1[0])
02-19 02:56:07.782  1630  3006 D DlbDap2Process: setParam(vssd = #1[4])
02-19 02:56:07.782  1630  3006 D DlbDap2Process: setParam(mvbe = #1[0])
02-19 02:56:07.782  1630  3006 D DlbDap2Process: setParam(bmde = #1[0])
02-19 02:56:07.782  1630  3006 D DlbDap2Process: setParam(arde = #1[0])
02-19 02:56:07.782  1630  3006 D DlbDap2Process: setParam(dvle = #1[1])
02-19 02:56:07.782  1630  3006 D DlbDap2Process: setParam(rsse = #1[0])
02-19 02:56:07.782  1630  3006 D DlbDap2Process: setParam(bexe = #1[0])
02-19 02:56:07.782  1630  3006 D DlbDap2Process: setParam(becf = #1[200])
02-19 02:56:07.782  1630  3006 D DlbDap2Process: setParam(bexf = #1[200])
02-19 02:56:07.782  1630  3006 D DlbDap2Process: setParam(vbhg = #3[-32, -144, -192])
02-19 02:56:07.782  1630  3006 D DlbDap2Process: setParam(vbog = #1[0])
02-19 02:56:07.782  1630  3006 D DlbDap2Process: setParam(vbsg = #1[0])
02-19 02:56:07.782  1630  3006 D DlbDap2Process: setParam(dvli = #1[-256])
02-19 02:56:07.782  1630  3006 D DlbDap2Process: setSystemGain(vol = 0)
02-19 02:56:07.782  1630  3006 D DlbDap2Process: setParam(avol = #1[0])
02-19 02:56:07.782  1630  3006 D DlbDap2Process: setParam(dhfm = #1[1])
02-19 02:56:07.782  1630  3006 D DlbDap2Process: setParam(vbon = #1[0])
02-19 02:56:07.782  1630  3006 D DlbDap2Process: setParam(vbm = #1[0])
02-19 02:56:07.782  1630  3006 D DlbDap2Process: setParam(beon = #1[0])
02-19 02:56:07.782  1630  3006 D DlbDap2Process: setParam(ceon = #1[0])
02-19 02:56:07.782  1630  3006 D DlbDap2Process: setParam(deon = #1[1])
02-19 02:56:07.782  1630  3006 D DlbDap2Process: setParam(geon = #1[0])
02-19 02:56:07.782  1630  3006 D DlbDap2Process: setParam(ngon = #1[1])
02-19 02:56:07.782  1630  3006 D DlbDap2Process: setParam(aoon = #1[1])
02-19 02:56:07.782  1630  3006 D DlbDap2Process: setParam(aron = #1[0])
02-19 02:56:07.782  1630  3006 D DlbDap2Process: setParam(dvlo = #1[-224])
02-19 02:56:07.782  1630  3006 D DlbDap2Process: setParam(dplp = #1[256])
02-19 02:56:07.782  1630  3006 D DlbDap2Process: setParam(artp = #1[12])
02-19 02:56:07.782  1630  3006 D DlbDap2Process: setAOBS(aobs = #62[20, 2, 47, 141, 234, 328, 469, 656, 844, 1031, 1313, 1688, 2250, 3000, 3750, 4688, 5813, 7125, 9000, 11250, 13875, 19688, 0, 16, 16, 0, 16, 0, 0, 0, 0, 0, 16, 0, 0, 0, 0, 0, -16, 0, -32, 0, 0, 16, 16, 0, 16, 0, 0, 0, 0, 0, 16, 0, 0, 0, 0, 0, -16, 0, -32, 0])
02-19 02:56:07.782  1630  3006 D DlbDap2Process: setParam(arbs = #81[20, 47, 141, 234, 328, 469, 656, 844, 1031, 1313, 1688, 2250, 3000, 3750, 4688, 5813, 7125, 9000, 11250, 13875, 19688, -192, -192, -192, -192, -192, -192, -192, -192, -192, -192, -192, -192, -192, -192, -192, -192, -192, -192, -192, -192, 0, 0, 0, 0, 0, 0, 0, 0, 0, 0, 0, 0, 0, 0, 0, 0, 0, 0, 0, 0, 0, 0, 0, 0, 0, 0, 0, 0, 0, 0, 0, 0, 0, 0, 0, 0, 0, 0, 0, 0])
02-19 02:56:07.782  1630  3006 D DlbDap2Process: setParam(ards = #1[16])
02-19 02:56:07.782  1630  3006 D DlbDap2Process: setParam(bmdt = #80[1, -1600, 0, -1120, -400, -240, 0, 5, 10, 0, 1, -1600, 0, -1120, -400, -240, 0, 5, 10, 0, 1, -1600, 0, -1120, -400, -240, 0, 5, 10, 0, 1, -1600, 0, -1120, -400, -240, 0, 5, 10, 0, 1, -1600, 0, -1120, -400, -240, 0, 5, 10, 0, 1, -1600, 0, -1120, -400, -240, 0, 5, 10, 0, 1, -1600, 0, -1120, -400, -240, 0, 5, 10, 0, 1, -1600, 0, -1120, -400, -240, 0, 5, 10, 0])
02-19 02:56:07.783  1630  3006 D DlbDap2Process: setCEQT(ceqt = #312[2, 155, 0, 32767, 0, 32767, 0, 32767, 0, 32767, 0, 32767, 0, 32767, 0, 32767, 0, 32767, 0, 32767, 0, 32767, 0, 32767, 0, 32767, 0, 32767, 0, 32767, 0, 32767, 0, 32767, 0, 32767, 0, 32767, 0, 32767, 0, 32767, 0, 32767, 0, 32767, 0, 32767, 0, 32767, 0, 32767, 0, 32767, 0, 32767, 0, 32767, 0, 32767, 0, 32767, 0, 32767, 0, 32767, 0, 32767, 0, 32767, 0, 32767, 0, 32767, 0, 32767, 0, 32767, 0, 32767,
02-19 02:56:07.783  1630  3006 D DlbDap2Process:   ceqt continue:     0, 32767, 0, 32767, 0, 32767, 0, 32767, 0, 32767, 0, 32767, 0, 32767, 0, 32767, 0, 32767, 0, 32767, 0, 32767, 0, 32767, 0, 32767, 0, 32767, 0, 32767, 0, 32767, 0, 32767, 0, 32767, 0, 32767, 0, 32767, 0, 32767, 0, 32767, 0, 32767, 0, 32767, 0, 32767, 0, 32767, 0, 32767, 0, 32767, 0, 32767, 0, 32767, 0, 32767, 0, 32767, 0, 32767, 0, 32767, 0, 32767, 0, 32767, 0, 32767, 0, 32767, 0, 0, 32767, 0,
02-19 02:56:07.783  1630  3006 D DlbDap2Process:   ceqt continue:     32767, 0, 32767, 0, 32767, 0, 32767, 0, 32767, 0, 32767, 0, 32767, 0, 32767, 0, 32767, 0, 32767, 0, 32767, 0, 32767, 0, 32767, 0, 32767, 0, 32767, 0, 32767, 0, 32767, 0, 32767, 0, 32767, 0, 32767, 0, 32767, 0, 32767, 0, 32767, 0, 32767, 0, 32767, 0, 32767, 0, 32767, 0, 32767, 0, 32767, 0, 32767, 0, 32767, 0, 32767, 0, 32767, 0, 32767, 0, 32767, 0, 32767, 0, 32767, 0, 32767, 0, 32767, 0, 32767, 0,
02-19 02:56:07.783  1630  3006 D DlbDap2Process:   ceqt continue:     32767, 0, 32767, 0, 32767, 0, 32767, 0, 32767, 0, 32767, 0, 32767, 0, 32767, 0, 32767, 0, 32767, 0, 32767, 0, 32767, 0, 32767, 0, 32767, 0, 32767, 0, 32767, 0, 32767, 0, 32767, 0, 32767, 0, 32767, 0, 32767, 0, 32767, 0, 32767, 0, 32767, 0, 32767, 0, 32767, 0, 32767, 0, 32767, 0, 32767, 0, 32767, 0, 32767, 0, 32767, 0, 32767, 0, 32767, 0, 32767, 0, 32767, 0,])
02-19 02:56:07.783  1630  3006 D DlbEndpointParamCache: doCommit() Committed 58 parameters out of 58.
02-19 02:56:07.783  1630  3006 D DlbEffectContext: transformExternalGain() volume:0x0 fVol:0.000000 extVal:-2080
02-19 02:56:07.783  1630  3006 D DlbEndpointParamCache: commitChangedParams()
02-19 02:56:07.783  1630  3006 D DlbEndpointParamCache: commit() Applying parameters for device 0x40000000
02-19 02:56:07.783  1630  3006 D DlbDap2Process: setParam(preg = #1[-2080])
02-19 02:56:07.783  1630  3006 D DlbDap2Process: setSystemGain(vol = 0)
02-19 02:56:07.783  1630  3006 D DlbDap2Process: setParam(svol = #1[-2080])
02-19 02:56:07.783  1630  3006 D DlbEndpointParamCache: doCommit() Committed 2 parameters out of 14.
02-19 02:56:07.783  1630  3006 D DlbEndpointParamCache: commit() Overriding parameters for current device 0x00000002
02-19 02:56:07.783  1630  3006 D DlbEndpointParamCache: doCommit() Committed 0 parameters out of 58.
02-19 02:56:07.783  1630  3006 I AudioEffectStageModule: setEnabled already processed name Dolby_FX_GAME index -2903
02-19 02:56:07.783  1630  3006 D DlbEffectContext: setParam() received parameter EFFECT_PARAM_ENABLE
02-19 02:56:07.783  1630  3006 D DlbEffectContext: setParam() received parameter EFFECT_PARAM_PROFILE
02-19 02:56:07.783  1630  3006 D DlbEffectContext: setProfile revert user specific params
02-19 02:56:07.783  1630  3006 D DlbEffectContext: setProfile(profile=4) stageIdx:-2903
02-19 02:56:07.783  1630  3006 D DlbProfileParamCache: setProfile(profile=4)
02-19 02:56:07.783  1630  3006 D DlbProfileParamArray: getProfileParams(profile = 4)
02-19 02:56:07.783  6377  6441 W qdgralloc: getInterlacedFlag: getMetaData returned 3, defaulting to interlaced_flag = 0
02-19 02:56:07.783  1630  3006 D DlbEndpointParamCache: commitChangedParams()
02-19 02:56:07.783  1630  3006 D DlbEndpointParamCache: commit() Applying parameters for device 0x40000000
02-19 02:56:07.783  1630  3006 D DlbDap2Process: setParam(iea = #1[6])
02-19 02:56:07.783  1630  3006 D DlbDap2Process: setParam(rvsa = #1[0])
02-19 02:56:07.783  1630  3006 D DlbDap2Process: setParam(msce = #1[0])
02-19 02:56:07.783  1630  3006 D DlbDap2Process: setParam(mdee = #1[0])
02-19 02:56:07.783  1630  3006 D DlbDap2Process: setParam(miee = #1[0])
02-19 02:56:07.783  1630  3006 D DlbDap2Process: setParam(mdle = #1[0])
02-19 02:56:07.783  1630  3006 D DlbDap2Process: setParam(dvme = #1[0])
02-19 02:56:07.783  1630  3006 D DlbDap2Process: setParam(rvse = #1[0])
02-19 02:56:07.783  1630  3006 D DlbDap2Process: setMave(mave = 0)
02-19 02:56:07.783  1630  3006 D DlbDap2Process: setParam(ieon = #1[0])
02-19 02:56:07.783  1630  3006 D DlbEndpointParamCache: doCommit() Committed 10 parameters out of 14.
02-19 02:56:07.783  1630  3006 D DlbEndpointParamCache: commit() Overriding parameters for current device 0x00000002
02-19 02:56:07.783  1630  3006 D DlbDap2Process: setParam(dea = #1[5])
02-19 02:56:07.783  1630  3006 D DlbDap2Process: setParam(plb = #1[0])
02-19 02:56:07.783  1630  3006 D DlbDap2Process: setParam(vmb = #1[0])
02-19 02:56:07.783  1630  3006 D DlbDap2Process: setParam(dsb = #1[40])
02-19 02:56:07.783  1630  3006 D DlbDap2Process: setParam(ded = #1[2])
02-19 02:56:07.783  1630  3006 D DlbDap2Process: setParam(hte = #1[0])
02-19 02:56:07.783  1630  3006 D DlbDap2Process: setSystemGain(vol = 0)
02-19 02:56:07.783  1630  3006 D DlbDap2Process: Got DAP mix matrix (length=12) for processing mode 10
02-19 02:56:07.783  1630  3006 D DlbDap2Process: Got DAP mix matrix (length=16) for processing mode 11
02-19 02:56:07.783  1630  3006 D DlbDap2Process: setParam(dom = #35[1, 0, 1, 10, 12, 16384, 0, 0, 16384, 11583, 11583, 8192, 8192, 16384, 0, 0, 16384, 11, 16, 16384, 0, 0, 16384, 11583, 11583, 8192, 8192, 16384, 0, 0, 16384, 16384, 0, 0, 16384])
02-19 02:56:07.783  1630  3006 D DlbDap2Process: setParam(hvm = #1[2])
02-19 02:56:07.783  1630  3006 D DlbDap2Process: setParam(svm = #1[2])
02-19 02:56:07.783  1630  3006 D DlbDap2Process: setParam(sdfa = #1[0])
02-19 02:56:07.783  1630  3006 D DlbDap2Process: setParam(dvla = #1[0])
02-19 02:56:07.783  1630  3006 D DlbDap2Process: setParam(hlra = #1[45])
02-19 02:56:07.783  1630  3006 D DlbDap2Process: setParam(avsb = #1[6])
02-19 02:56:07.783  1630  3006 D DlbDap2Process: setParam(hvrc = #8[103, 32568, 11164, 5090, 0, 3, 3, 3])
02-19 02:56:07.783  1630  3006 D DlbDap2Process: setParam(svrc = #8[103, 32568, 6698, 5090, 0, 3, 3, 3])
02-19 02:56:07.783  1630  3006 D DlbDap2Process: setParam(vssd = #1[4])
02-19 02:56:07.783  1630  3006 D DlbDap2Process: setParam(mvbe = #1[1])
02-19 02:56:07.783  1630  3006 D DlbDap2Process: setParam(bmde = #1[0])
02-19 02:56:07.783  1630  3006 D DlbDap2Process: setParam(dvle = #1[1])
02-19 02:56:07.783  1630  3006 D DlbDap2Process: setParam(dvli = #1[-192])
02-19 02:56:07.783  1630  3006 D DlbDap2Process: setParam(vbon = #1[0])
02-19 02:56:07.783  1630  3006 D DlbDap2Process: setParam(vbm = #1[0])
02-19 02:56:07.783  1630  3006 D DlbDap2Process: setParam(beon = #1[0])
02-19 02:56:07.783  1630  3006 D DlbDap2Process: setParam(deon = #1[0])
02-19 02:56:07.783  1630  3006 D DlbDap2Process: setParam(geon = #1[0])
02-19 02:56:07.783  1630  3006 D DlbDap2Process: setParam(ngon = #1[1])
02-19 02:56:07.783  1630  3006 D DlbDap2Process: setParam(dvlo = #1[-208])
02-19 02:56:07.783  1630  3006 D DlbDap2Process: setParam(dplp = #1[256])
02-19 02:56:07.783  1630  3006 D DlbEndpointParamCache: doCommit() Committed 28 parameters out of 58.
02-19 02:56:07.783  1630  3006 D DlbEffectContext: setParam() received parameter EFFECT_PARAM_AUX_GAIN_START_VOLUME
02-19 02:56:07.783  1630  3006 D DlbEffectContext: transformExternalGain() volume:0x987D50 fVol:0.595662 extVal:-72
02-19 02:56:07.783  1630  3006 D DlbEndpointParamCache: commitChangedParams()
02-19 02:56:07.783  1630  3006 D DlbEndpointParamCache: commit() Applying parameters for device 0x40000000
02-19 02:56:07.783  1630  3006 D DlbDap2Process: setSystemGain(vol = 0)
02-19 02:56:07.783  1630  3006 D DlbDap2Process: setParam(svav = #1[-72])
02-19 02:56:07.783  1630  3006 D DlbEndpointParamCache: doCommit() Committed 1 parameters out of 15.
02-19 02:56:07.783  1630  3006 D DlbEndpointParamCache: commit() Overriding parameters for current device 0x00000002
02-19 02:56:07.783  1630  3006 D DlbEndpointParamCache: doCommit() Committed 0 parameters out of 58.
02-19 02:56:07.783  1630  3006 I AudioEffectStageModule: Dolby_FX_GAME(-2903) LazyInit end
02-19 02:56:07.783  1630  3006 D DlbDap2Process: process() called [0] times with input format 0x22 and channel mask 0x3 (ProcessingMode=10), htEnable=0(0, 0, 0)
02-19 02:56:07.784  6377  6441 W qdgralloc: getInterlacedFlag: getMetaData returned 3, defaulting to interlaced_flag = 0
02-19 02:56:07.786  4488  4488 I HoneySpace.FloatingAnimator: container x: 0.00911355, y: 0.21134323, scale : 0.99992406
02-19 02:56:07.787  4488  7467 I VRI[LauncherActivity]@66a84ac: mWNT: t=0xb400006fd7310c90 mBlastBufferQueue=0xb4000070672dc710 fn= 83 HdrRenderState mRenderHdrSdrRatio=1.0 caller= com.android.systemui.shared.launcher.ViewRootImplCompat.mergeWithNextTransaction:4 com.honeyspace.transition.utils.SurfaceTransactionApplier.scheduleApply$lambda$1:26 com.honeyspace.transition.utils.SurfaceTransactionApplier.b:0 
02-19 02:56:07.788  6377  6441 E SwappyDisplayManager: dalvik.system.InMemoryDexClassLoader[DexPathList[[dex file "InMemoryDexFile[cookie=[-5476376670021200944, -5476376666262813808]]"],nativeLibraryDirectories=[/system/lib64, /system_ext/lib64]]] couldn't find "libgame.so"
02-19 02:56:07.788  6377  6519 I SwappyDisplayManager: Starting looper thread
02-19 02:56:07.790  3927  3927 I InsetsController: setRequestedVisibleTypes: visible=false, mask=statusBars, host=NotificationShade, from=android.view.InsetsController.controlAnimationUnchecked:1498 android.view.InsetsController.applyAnimation:2228 android.view.InsetsController.applyAnimation:2159 android.view.InsetsController.hide:1452 android.view.InsetsController.hide:1368 com.android.systemui.shade.SamsungNotificationShadeWindowFullscreenHelper$handler$1.handleMessage:24 android.os.Handler.dispatchMessage:107 android.os.Looper.loopOnce:257 android.os.Looper.loop:342 android.app.ActivityThread.main:9634 
02-19 02:56:07.794  4488  4488 I HoneySpace.FloatingAnimator: container x: 0.0, y: 0.0, scale : 1.0
02-19 02:56:07.794  4488  4488 I HoneySpace.DeJankUtils: postAfterTraversal is called com.honeyspace.common.performance.JankWrapper$addCujInstrumentation$1$4$1@dde25e, immediate : true detail : app transition end
02-19 02:56:07.794  4488  4488 I HoneySpace.FloatingAnimator: [Player:A(7.43)] value animator:[64976567] end
02-19 02:56:07.795  4488  4488 I HoneySpace.FloatingAnimator: remove positionListener - com.honeyspace.transition.anim.floating.b@887ccd8
02-19 02:56:07.795  4488  4488 I HoneySpace.FloatingAnimator: [Player:A(7.43)] reset
02-19 02:56:07.795  4488  4488 I HoneySpace.IconView: setIconVisible : visible-true, currentForceHideBadge-true
02-19 02:56:07.795  4488  4488 I HoneySpace.FloatingAnimator: playerCount : 0
02-19 02:56:07.795  4488  4488 I HoneySpace.FloatingFinishHelper: finishInProgress: true
02-19 02:56:07.795  4488  4488 I HoneySpace.AppLaunchAnimationDelegate: mainAnimatorSet end
02-19 02:56:07.795  4488  4488 I HoneySpace.AnimationResult: finish, false
02-19 02:56:07.795  4488  4488 I HoneySpace.RunnableList: executeAllAndClear() called, size: 1
02-19 02:56:07.795  4488  4488 I HoneySpace.FloatingFinishHelper: isAppShow reset, immediate
02-19 02:56:07.795  4488  4488 I HoneySpace.AppscreenViewModel: endGestureHint
02-19 02:56:07.795  4488  4488 I HoneySpace.AppscreenViewModel: resetAnimatedValues
02-19 02:56:07.795  4488  4488 I HoneySpace.HoneyScreenManagerImpl: transitionAnimator is ended, onCancel: false
02-19 02:56:07.795  4488  4488 I HoneySpace.ContentsAnimator: ContentsAnimator end [109869890]
02-19 02:56:07.795  4488  9988 I HoneySpace.AnimationResult: asyncFinishRunnable run
02-19 02:56:07.795  3927  4019 V WindowManagerShell: Transition animation finished (aborted=false), notifying core (#1189) android.os.BinderProxy@dedd86e@0
02-19 02:56:07.796  3927  4019 I SurfaceControlRegistry: apply, t=FinishTransaction_SyncId<1189>, caller=android.view.SurfaceControl$Transaction.apply:3135 android.view.SurfaceControl$Transaction.apply:3122 android.view.SurfaceControl$Transaction.apply:3078 com.android.wm.shell.transition.Transitions.onFinish:308 com.android.wm.shell.transition.Transitions$$ExternalSyntheticLambda8.onTransitionFinished:18 com.android.wm.shell.transition.DefaultMixedHandler$$ExternalSyntheticLambda4.onTransitionFinished:17 
02-19 02:56:07.796  2557  4617 V WindowManager: Finish Transition: TransitionRecord{bb70787 id=1189 type=OPEN flags=0x0}, caller=com.android.server.wm.WindowOrganizerController.finishTransitionInner:26 com.android.server.wm.WindowOrganizerController.finishAllTransitions:59 android.window.IWindowOrganizerController$Stub.onTransact:311 
02-19 02:56:07.796  4488  4488 I HoneySpace.ShellTransitionManager: open normal end
02-19 02:56:07.796  4488  7468 I VRI[LauncherActivity]@66a84ac: mWNT: t=0xb400006fd72aec90 mBlastBufferQueue=0xb4000070672dc710 fn= 84 HdrRenderState mRenderHdrSdrRatio=1.0 caller= com.android.systemui.shared.launcher.ViewRootImplCompat.mergeWithNextTransaction:4 com.honeyspace.transition.utils.SurfaceTransactionApplier.scheduleApply$lambda$1:26 com.honeyspace.transition.utils.SurfaceTransactionApplier.b:0 
02-19 02:56:07.796  4488  4488 I HoneySpace.ShellAnimationRunner: setDelegate, delegate-null, strong-false
02-19 02:56:07.796  4488  4488 I HoneySpace.RunnableList: executeAllAndClear() called, size: 1
02-19 02:56:07.796  4488  4488 I HoneySpace.AnimationResult: completeCallback run
02-19 02:56:07.797  2557  4617 V WindowManager: Setting visibility of Window{be569d1 u0 com.samsung.android.app.spage}: false, caller=com.android.server.wm.WindowContainer.sendAppVisibilityToClients:19 com.android.server.wm.WindowState.sendAppVisibilityToClients:5 com.android.server.wm.WindowContainer.sendAppVisibilityToClients:19 com.android.server.wm.WindowToken.setClientVisible:49 com.android.server.wm.ActivityRecord.setClientVisible:8 
02-19 02:56:07.797  2557  4617 V WindowManager: Setting visibility of Window{9913617 u0 com.sec.android.app.launcher/com.sec.android.app.launcher.activities.LauncherActivity}: false, caller=com.android.server.wm.WindowContainer.sendAppVisibilityToClients:19 com.android.server.wm.WindowToken.setClientVisible:49 com.android.server.wm.ActivityRecord.setClientVisible:8 com.android.server.wm.ActivityRecord.commitVisibility:273 com.android.server.wm.TransitionController.finishTransition:766 
02-19 02:56:07.797  2557  4617 V WindowManager: Setting visibility of Window{65b6929 u0 com.samsung.android.wallpaper.live.layered.LayeredWallpaperService}: false, caller=com.android.server.wm.WindowContainer.sendAppVisibilityToClients:19 com.android.server.wm.WindowToken.setClientVisible:49 com.android.server.wm.WallpaperWindowToken.setVisible$1:3 com.android.server.wm.WallpaperWindowToken.commitVisibility:49 com.android.server.wm.TransitionController.finishTransition:1180 
02-19 02:56:07.797  2557  4617 D PersonaActivityHelper: token.toString()  Token{650f143 ActivityRecord{a560088 u0 com.sec.android.app.launcher/.activities.LauncherActivity t89}}
02-19 02:56:07.797  2557  4617 D PersonaActivityHelper: mLastResumedSFActivity getPackageName  com.android.intentresolver
02-19 02:56:07.797  2557  4617 D PersonaActivityHelper: mLastResumedSFActivity getShortClassName  .ChooserActivityLauncher
02-19 02:56:07.797  2557  4617 D PersonaActivityHelper: token.toString()  Token{5de9e52 ActivityRecord{aa386b4 u0 com.company.dicegame/com.unity3d.player.UnityPlayerGameActivity t329}}
02-19 02:56:07.797  2557  4617 D PersonaActivityHelper: mLastResumedSFActivity getPackageName  com.android.intentresolver
02-19 02:56:07.797  2557  4617 D PersonaActivityHelper: mLastResumedSFActivity getShortClassName  .ChooserActivityLauncher
02-19 02:56:07.798  2557  4617 I WindowManager: Destroying surface Surface(name=Splash Screen com.company.dicegame$_3927)/@0xb062b0b called by com.android.server.wm.WindowStateAnimator.destroySurface:11 com.android.server.wm.WindowStateAnimator.destroySurfaceLocked:54 com.android.server.wm.WindowState.removeImmediately:43 com.android.server.wm.WindowState.handleCompleteDeferredRemoval:16 com.android.server.wm.WindowContainer.handleCompleteDeferredRemoval:21 com.android.server.wm.ActivityRecord.handleCompleteDeferredRemoval:8 com.android.server.wm.WindowContainer.handleCompleteDeferredRemoval:21 com.android.server.wm.TaskFragment.handleCompleteDeferredRemoval:17 
02-19 02:56:07.798  2557  2905 V WindowManager: Finish Transition (#1189): created at 02-19 02:56:07.411 collect-started=0.165ms request-sent=3.573ms started=6.785ms ready=14.189ms sent=15.449ms finished=384.767ms
02-19 02:56:07.798  2557  4617 D ChangeTransitionController: onTransitionFinished: TransitionRecord{bb70787 id=1189 type=OPEN flags=0x0}
02-19 02:56:07.799  4085  4824 I WallpaperService: dispatchAppVisibility: system, visible=false , mLidState = -1
02-19 02:56:07.799  2557  2908 D PowerManagerService: [api] setScreenDimDurationOverrideFromWindowManagerInternal: timeoutMillis: -1
02-19 02:56:07.799  4488  5621 I HoneySpace.ShellAnimationRunner: cleanUp: null, null
02-19 02:56:07.799  4085  4085 I WallpaperService: reportVisibility: visibility changed. visible=false
02-19 02:56:07.799  4085  4085 I SprWallpaper|LayeredWallpaperServiceEngine: onVisibilityChanged : 5 , com.samsung.android.wallpaper.live.layered.c@cc441d4
02-19 02:56:07.799  4085  4085 I SprWallpaper|LayeredController_PH: onVisibilityChanged : false , 2
02-19 02:56:07.799  4085  4085 I SprWallpaper|LayeredImageLayer_PH_single_image: LayerInfo :  , Rect(574, 0 - 2420, 3999) , Rect(0, 0 - 1440, 3120)
02-19 02:56:07.799  4085  4085 I SprWallpaper|LayeredImageLayer_PH_DarkModeFilter: LayerInfo :  , null , null
02-19 02:56:07.799  4488  4488 I VRI[LauncherActivity]@66a84ac: handleAppVisibility mAppVisible = true visible = false
02-19 02:56:07.800  3927  4019 V WindowManagerShell: Track 0 became idle
02-19 02:56:07.800  3927  4019 V WindowManagerShell: All active transition animations finished
02-19 02:56:07.800  2557  2908 I ActivityManager: Changes in 10157 2 to 5, 127 to 56
02-19 02:56:07.800  7614  7614 I VRI[]@5c3d758: handleAppVisibility mAppVisible = true visible = false
02-19 02:56:07.800  4488  5621 I HoneySpace.RecentTasks: onRecentTasksChanged
02-19 02:56:07.801  2082  7489 I CameraService: onUidStateChanged: uid=10324, procState is changed. (3 -> 5)
02-19 02:56:07.801  2557  2906 V GameManagerService: Game power mode ON (only games in foreground)
02-19 02:56:07.801  2082  7489 I CameraService: onUidStateChanged: uid=10258, procState is changed. (3 -> 5)
02-19 02:56:07.802  4085  4085 I SemWallpaperColorsArea: Final area : Rect(90, 18 - 1350, 112)
02-19 02:56:07.802  4085  4085 I SemWallpaperColorsArea: Final area : Rect(48, 202 - 1391, 2366)
02-19 02:56:07.802  4085  4085 I SemWallpaperColorsArea: Final area : Rect(0, 2771 - 1440, 2951)
02-19 02:56:07.802  4085  4085 I SprWallpaper|DarkModeFilter:  Dark mode enabled : opacity :0.15
02-19 02:56:07.802  1642  1642 I SurfaceFlinger: Layer [Task=1#52] hidden!! flag(1)
02-19 02:56:07.802  4488  4488 I HoneySpace.DeJankUtils: traversals callback's received
02-19 02:56:07.802  4488  4488 I HoneySpace.DeJankUtils: doActionRunnable is called com.honeyspace.common.performance.JankWrapper$addCujInstrumentation$1$4$1@dde25e, immediate = true, detail : app transition end
02-19 02:56:07.802  1642  1642 I SurfaceFlinger: [LayerHierarchy{RequestedLayerState{Task=1#52 parentId=11} 2 children}] reparent to LayerHierarchy{RequestedLayerState{DefaultTaskDisplayArea_d0#11 parentId=10} 10 children}
02-19 02:56:07.802  1642  1642 I SurfaceFlinger: [LayerHierarchy{RequestedLayerState{WallpaperWindowToken{30517ae token=android.os.Binder@af4b829}#65 parentId=9 z=1} 1 children}] reparent to LayerHierarchy{RequestedLayerState{Leaf:1:1#9 parentId=8} 2 children}
02-19 02:56:07.802  1642  1642 I SurfaceFlinger: [LayerHierarchy{RequestedLayerState{Task=329#17101 parentId=11 z=3} 1 children}] reparent to LayerHierarchy{RequestedLayerState{DefaultTaskDisplayArea_d0#11 parentId=10} 11 children}
02-19 02:56:07.802  1642  1642 I SurfaceFlinger: [LayerHierarchy{RequestedLayerState{Transition Root: Task=329#17105 z=3} 2 children}] reparent to OffscreenRoot
02-19 02:56:07.802  1642  1642 I SurfaceFlinger: [LayerHierarchy{RequestedLayerState{Transition Root: Task=329#17105 z=3} 2 children}] RelativeParent to null
02-19 02:56:07.803  1642  1642 I SurfaceFlinger: id=17105 Removed Transition Root: Task=329#17105 (164)
02-19 02:56:07.803  2557  4617 D KNOX_MDM_SettingsProvider: isChangeAllowed() : name = wallpaper_finish_drawing
02-19 02:56:07.803  2557  4617 D KNOX_MDM_SettingsProvider: edmUri: content://com.sec.knox.provider/RestrictionPolicy3
02-19 02:56:07.803  2557  4617 D KNOX_MDM_SettingsProvider: projectionArgs: isSettingsChangesAllowed
02-19 02:56:07.803  2557  4617 D KNOX_MDM_SettingsProvider: selectionArgs: false
02-19 02:56:07.803  2557  4617 D KNOX_MDM_SettingsProvider: selectionArgs: 10145
02-19 02:56:07.803  2557  4617 D SecContentProvider: query(), uri = 17 selection = isSettingsChangesAllowed
02-19 02:56:07.803  2557  4617 D SecContentProvider: called from com.samsung.android.wallpaper.live
02-19 02:56:07.803  2557  4617 D RestrictionPolicy: isSettingsChangesAllowedAsUser, userId 0 : true
02-19 02:56:07.803  2557  4617 D KNOX_MDM_SettingsProvider: ret = 1
02-19 02:56:07.804  1572  2027 I SDM     : HWCColorModeStc::ApplyCurrentColorModeWithRenderIntent: Applying Stc mode (gamut 1 gamma 1 intent 1), curr mode 7, render intent 0, hdr present 0
02-19 02:56:07.804  1572  2027 I SDM     : ToneMappingCore::set_default_vals():922 Initial enablement signals - bypass adaptive TM: 0, actual panel luma usage: 1, temporal filtering of dynamic meta data: 1, histTM enable: 1, static meta data usage: 1
02-19 02:56:07.804  1572  2027 I SDM     : HdrAlgorithm::SetXMLParameters():288 Override enablement signals - bypass adaptive TM: 0, bypass sdr dimming: 0
02-19 02:56:07.804  2557  4617 D SettingsProvider: PUT_ret(/system/wallpaper_finish_drawing), callingPackage:com.samsung.android.wallpaper.live
02-19 02:56:07.804  2557  6949 V WindowManager: Relayout Window{9913617 u0 com.sec.android.app.launcher/com.sec.android.app.launcher.activities.LauncherActivity}: viewVisibility=8 req=1440x3120 ty=1 d0
02-19 02:56:07.804  1642  1642 D SurfaceFlinger: Display 4630946315032985731 HWC layers:
02-19 02:56:07.804  1642  1642 D SurfaceFlinger:   SOLID_COLOR |                      | 0003 | Unknown      |    0.0    0.0    0.0    0.0 |    0    0 1440 3120 | Background for SurfaceView[com.compa[...]yer.UnityPlayerGameActivity]@0#17119
02-19 02:56:07.804  1642  1642 D SurfaceFlinger:        DEVICE |   0xb400007456542010 | 0001 | RGBA_8888    |    0.0    0.0 1440.0 3120.0 |    0    0 1440 3120 | com.company.dicegame/com.unity3d.player.UnityPlayerGameActivity$_6377#17113 (3)
02-19 02:56:07.804  1642  1642 D SurfaceFlinger:        DEVICE |   0xb400007456552090 | 0001 | RGBA_8888    |    0.0  112.0 1440.0  113.0 |    0    0 1440    1 | StatusBar$_3927#96 (21181)
02-19 02:56:07.804  1642  1642 D SurfaceFlinger:        DEVICE |   0xb4000074565299b0 | 0001 | RGBA_8888    |    0.0    0.0 1440.0  124.0 |    0 2996 1440 3120 | NavigationBar0$_3927#92 (31014)
02-19 02:56:07.804  1642  1642 D SurfaceFlinger: 
02-19 02:56:07.805  2557  6946 V WindowManager: Relayout Window{be569d1 u0 com.samsung.android.app.spage}: viewVisibility=8 req=0x2951 ty=1000 d0
02-19 02:56:07.805  2557  6949 V WindowManager: Relayout hash=9913617, pid=4488, syncId=-1: mAttrs={(0,0)(fillxfill) sim={adjust=nothing} layoutInDisplayCutoutMode=always ty=BASE_APPLICATION fmt=TRANSPARENT wanim=0x1030301
02-19 02:56:07.805  2557  6949 V WindowManager:   fl=81910100
02-19 02:56:07.805  2557  6949 V WindowManager:   pfl=10008840
02-19 02:56:07.805  2557  6949 V WindowManager:   bhv=2
02-19 02:56:07.805  2557  6949 V WindowManager:   fitSides=0
02-19 02:56:07.805  2557  6949 V WindowManager:   frameRateBoostOnTouch=true
02-19 02:56:07.805  2557  6949 V WindowManager:   dvrrWindowFrameRateHint=true screenDimDuration=200000 naviIconColor=0}
02-19 02:56:07.805  2557  6946 V WindowManager: Relayout hash=be569d1, pid=7614, syncId=-1: mAttrs={(0,0)(0xfill) sim={adjust=pan} ty=APPLICATION_PANEL fmt=RGBA_8888
02-19 02:56:07.805  2557  6946 V WindowManager:   fl=1000018
02-19 02:56:07.805  2557  6946 V WindowManager:   pfl=40000040
02-19 02:56:07.805  2557  6946 V WindowManager:   bhv=1
02-19 02:56:07.805  2557  6946 V WindowManager:   fitTypes=207
02-19 02:56:07.805  2557  6946 V WindowManager:   frameRateBoostOnTouch=true
02-19 02:56:07.805  2557  6946 V WindowManager:   dvrrWindowFrameRateHint=true naviIconColor=0}
02-19 02:56:07.805  4488  4488 I VRI[LauncherActivity]@66a84ac: Relayout returned: old=(0,0,1440,3120) new=(0,0,1440,3120) relayoutAsync=false req=(1440,3120)8 dur=1 res=0x2 s={false 0x0} ch=true seqId=0
02-19 02:56:07.806  4488  4488 I HoneySpace.AppTransitionAnimationAwait: proceed 1
02-19 02:56:07.806  7614  7614 I VRI[]@5c3d758: Relayout returned: old=(720,113,720,3064) new=(720,113,720,3064) relayoutAsync=false req=(0,2951)8 dur=2 res=0x2 s={false 0x0} ch=true seqId=4
02-19 02:56:07.806  4488  4488 I SearchHoneyPot: onViewCreated: onStop
02-19 02:56:07.806  4488  7577 I HoneySpace.HoneyAppWidgetHost: stopListening, host: @8a57302
02-19 02:56:07.806  4488  4488 I HoneySpace.WallpaperAnimator: destroyWallpaperSurface Surface(name=Surface(name=RemoteWallpaperAnim:1:1)/@0x7e53207 - animation-leash of remote_wallpaper)/@0x630bc69
02-19 02:56:07.806  4488  4488 I HoneySpace.WallpaperAnimator: wallpaper animation end [241067758]
02-19 02:56:07.806  4488  4488 I HoneySpace.ContentsAnimator: end call
02-19 02:56:07.806  2557  6946 I AppWidgetServiceImpl: stopListening callbacks : null
02-19 02:56:07.806  4488  4488 I VRI[LauncherActivity]@66a84ac: stopped(true) old = false
02-19 02:56:07.806  1642  1782 I SurfaceFlinger: id=17109 Removed Surface(name=Task=1)/@0x15c5760_transition-leash#17109 (164)
02-19 02:56:07.806  4488  4488 I HoneySpace.Launcher: !@Boot_EBS_D: Launcher.onStop()
02-19 02:56:07.807  1642  1782 I SurfaceFlinger: id=17108 Removed Surface(name=Task=329)/@0xed28992_transition-leash#17108 (164)
02-19 02:56:07.807  4488  7502 I HoneySpace.Memory-Monitor: scheduleTrim
02-19 02:56:07.807  2557  6946 W PresentationStatsEventLogger: Shouldn't be logging AutofillPresentationEventReported again for same event
02-19 02:56:07.807  4488  4488 I HoneySpace.OneUiSpace: onSaveInstanceState honeyScreen=J2.M@3ab386d
02-19 02:56:07.807  4488  4488 I HoneySpace.FloatingFinishHelper: finishInProgress: false
02-19 02:56:07.807  2557  4617 W UserManagerService: Requested status bar icon for non-badged user 0
02-19 02:56:07.807  3927  3927 D SystemUIService: SYSUI_RAM_OPTIMIZATION onTrimMemory=20
02-19 02:56:07.807  3927  3927 D CentralSurfaces: SYSUI_RAM_OPTIMIZATION onTrimMemory=20
02-19 02:56:07.807  3927  4078 D HWUI    : CacheManager::trimMemory(20)
02-19 02:56:07.808  2557  6946 W UserManagerService: Requested status bar icon for non-badged user 0
02-19 02:56:07.808  1630  3006 D AudioFlinger: mixer(0xb400007c166dd5f0) Spend too much time to write: delta 168(effect 0, stage 8)
02-19 02:56:07.808  7668  7668 I bqat    : onStop
02-19 02:56:07.808  6377  6513 D AAudioStream: setState(s#1) from 3 to 4
02-19 02:56:07.808  4488  5621 I HoneySpace.HistoryViewModel@30671529@OneUI: Illegal access. Unknown type. skip load history items
02-19 02:56:07.809  2557  6946 I WindowManager: Cancelling animation restarting=false, leash=Surface(name=Surface(name=RemoteWallpaperAnim:1:1)/@0x7e53207 - animation-leash of remote_wallpaper)/@0x8d1e62d
02-19 02:56:07.809  2557  6946 I WindowManager: Reparenting to original parent: Surface(name=OneHanded:0:14)/@0xa3e9f34, destroy=false, syncState=0, syncCommitDepth=0, surface=Surface(name=RemoteWallpaperAnim:1:1)/@0x7e53207
02-19 02:56:07.809  2557  6946 D WindowManager: mRunner#onAnimationCancelled, leash=Surface(name=Surface(name=RemoteWallpaperAnim:1:1)/@0x7e53207 - animation-leash of remote_wallpaper)/@0x8d1e62d, caller=com.android.server.wm.SurfaceAnimator.cancelAnimation:16 com.android.server.wm.SurfaceAnimator.cancelAnimation:1 com.android.server.wm.WindowContainer.cancelAnimation:12 com.android.server.wm.WindowManagerService.finishRemoteWallpaperAnimation:79 android.view.IWindowManager$Stub.onTransact:4119 
02-19 02:56:07.809  2557  6946 D WindowManager: finishRemoteWallpaperAnimation, success=true
02-19 02:56:07.809  4488 32144 I HoneySpace.WallpaperAnimator: onAnimationCancelled
02-19 02:56:07.811  1642  1642 I SurfaceFlinger: Layer [WallpaperWindowToken{30517ae token=android.os.Binder@af4b829}#65] hidden!! flag(1)
02-19 02:56:07.811  1642  1642 I SurfaceFlinger: Layer [com.samsung.android.wallpaper.live.layered.LayeredWallpaperService$_4085#98] hidden!! flag(1)
02-19 02:56:07.811  1642  1642 I SurfaceFlinger: Layer [$_7614#17093] hidden!! flag(1)
02-19 02:56:07.811  1642  1642 I SurfaceFlinger: Layer [com.sec.android.app.launcher/com.sec[...]ivities.LauncherActivity$_4488#17094] hidden!! flag(1)
