02-19 04:00:16.077 27975 27987 I artd    : GetBestInfo checking odex in dalvik-cache (/data/dalvik-cache/arm64/data@app@~~twRDpIXVDHCASgD4DIOh2w==@com.sec.android.app.launcher-E7bniDypcKzHcbPU_FOTLQ==@base.apk@classes.dex)
02-19 04:00:16.077 27975 27987 I artd    : Loading /data/dalvik-cache/arm64/data@app@~~twRDpIXVDHCASgD4DIOh2w==@com.sec.android.app.launcher-E7bniDypcKzHcbPU_FOTLQ==@base.apk@classes.dex with executable: 0
02-19 04:00:16.077 27975 27987 I artd    : OatFileAssistant test for existing oat file /data/dalvik-cache/arm64/data@app@~~twRDpIXVDHCASgD4DIOh2w==@com.sec.android.app.launcher-E7bniDypcKzHcbPU_FOTLQ==@base.apk@classes.dex: File /data/dalvik-cache/arm64/data@app@~~twRDpIXVDHCASgD4DIOh2w==@com.sec.android.app.launcher-E7bniDypcKzHcbPU_FOTLQ==@base.apk@classes.vdex does not exist.
02-19 04:00:16.077 27975 27987 I artd    : GetBestInfo checking odex next to the dex file (/data/app/~~twRDpIXVDHCASgD4DIOh2w==/com.sec.android.app.launcher-E7bniDypcKzHcbPU_FOTLQ==/oat/arm64/base.odex)
02-19 04:00:16.077 27975 27987 I artd    : Loading /data/app/~~twRDpIXVDHCASgD4DIOh2w==/com.sec.android.app.launcher-E7bniDypcKzHcbPU_FOTLQ==/oat/arm64/base.odex with executable: 0
02-19 04:00:16.078 27975 27987 I artd    : Successfully loaded /data/app/~~twRDpIXVDHCASgD4DIOh2w==/com.sec.android.app.launcher-E7bniDypcKzHcbPU_FOTLQ==/oat/arm64/base.odex with executable: 0
02-19 04:00:16.079  1642  4819 I VSyncReactor: Current= 120, Period= 120, Distance= 1
02-19 04:00:16.079 27975 27987 I artd    : /data/app/~~twRDpIXVDHCASgD4DIOh2w==/com.sec.android.app.launcher-E7bniDypcKzHcbPU_FOTLQ==/oat/arm64/base.odex is kOatUpToDate with filter verify
02-19 04:00:16.087  1642  2149 I VSyncReactor: Current= 120, Period= 120, Distance= 120
02-19 04:00:16.093 27925 27964 D nativeloader: Load /data/app/~~s4C84GdB3Yp8Ah7pOYn7oQ==/com.google.android.youtube-AxFR5c6EWZz8jdac-sA6yw==/split_config.arm64_v8a.apk!/lib/arm64-v8a/libelements.so using ns clns-7 from class loader (caller=/data/app/~~s4C84GdB3Yp8Ah7pOYn7oQ==/com.google.android.youtube-AxFR5c6EWZz8jdac-sA6yw==/base.apk!classes3.dex): ok
02-19 04:00:16.094 27925 27973 E android.youtube: Unable to open libpenguin.so: dlopen failed: library "libpenguin.so" not found.
02-19 04:00:16.094 27925 27973 W libc    : Access denied finding property "vendor.display.enable_optimal_refresh_rate"
02-19 04:00:16.094 27925 27973 W libc    : Access denied finding property "vendor.gpp.create_frc_extension"
02-19 04:00:16.098 27975 27987 I artd    : Dex parent of /data/app/~~nCLeu9WWRtvSblXnTENlQg==/com.pinguo.camera360filter.c360alba-QbdmiAhrf2Uh2hI0vRE2pQ==/base.apk is not writable: Permission denied
02-19 04:00:16.098 27975 27987 I artd    : GetBestInfo checking odex in dalvik-cache (/data/dalvik-cache/arm64/data@app@~~nCLeu9WWRtvSblXnTENlQg==@com.pinguo.camera360filter.c360alba-QbdmiAhrf2Uh2hI0vRE2pQ==@base.apk@classes.dex)
02-19 04:00:16.098 27975 27987 I artd    : Loading /data/dalvik-cache/arm64/data@app@~~nCLeu9WWRtvSblXnTENlQg==@com.pinguo.camera360filter.c360alba-QbdmiAhrf2Uh2hI0vRE2pQ==@base.apk@classes.dex with executable: 0
02-19 04:00:16.098 27975 27987 I artd    : OatFileAssistant test for existing oat file /data/dalvik-cache/arm64/data@app@~~nCLeu9WWRtvSblXnTENlQg==@com.pinguo.camera360filter.c360alba-QbdmiAhrf2Uh2hI0vRE2pQ==@base.apk@classes.dex: File /data/dalvik-cache/arm64/data@app@~~nCLeu9WWRtvSblXnTENlQg==@com.pinguo.camera360filter.c360alba-QbdmiAhrf2Uh2hI0vRE2pQ==@base.apk@classes.vdex does not exist.
02-19 04:00:16.098 27975 27987 I artd    : GetBestInfo checking odex next to the dex file (/data/app/~~nCLeu9WWRtvSblXnTENlQg==/com.pinguo.camera360filter.c360alba-QbdmiAhrf2Uh2hI0vRE2pQ==/oat/arm64/base.odex)
02-19 04:00:16.098 27975 27987 I artd    : Loading /data/app/~~nCLeu9WWRtvSblXnTENlQg==/com.pinguo.camera360filter.c360alba-QbdmiAhrf2Uh2hI0vRE2pQ==/oat/arm64/base.odex with executable: 0
02-19 04:00:16.098 27975 27987 I artd    : OatFileAssistant test for existing oat file /data/app/~~nCLeu9WWRtvSblXnTENlQg==/com.pinguo.camera360filter.c360alba-QbdmiAhrf2Uh2hI0vRE2pQ==/oat/arm64/base.odex: Failed to open oat filename for reading: No such file or directory
02-19 04:00:16.098 27975 27987 I artd    : GetBestInfo checking vdex in dalvik-cache (/data/dalvik-cache/arm64/data@app@~~nCLeu9WWRtvSblXnTENlQg==@com.pinguo.camera360filter.c360alba-QbdmiAhrf2Uh2hI0vRE2pQ==@base.apk@classes.vdex)
02-19 04:00:16.098 27975 27987 I artd    : unable to open vdex file /data/dalvik-cache/arm64/data@app@~~nCLeu9WWRtvSblXnTENlQg==@com.pinguo.camera360filter.c360alba-QbdmiAhrf2Uh2hI0vRE2pQ==@base.apk@classes.vdex: File /data/dalvik-cache/arm64/data@app@~~nCLeu9WWRtvSblXnTENlQg==@com.pinguo.camera360filter.c360alba-QbdmiAhrf2Uh2hI0vRE2pQ==@base.apk@classes.vdex does not exist.
02-19 04:00:16.098 27975 27987 I artd    : OatFileAssistant test for existing oat file /data/dalvik-cache/arm64/data@app@~~nCLeu9WWRtvSblXnTENlQg==@com.pinguo.camera360filter.c360alba-QbdmiAhrf2Uh2hI0vRE2pQ==@base.apk@classes.vdex: File /data/dalvik-cache/arm64/data@app@~~nCLeu9WWRtvSblXnTENlQg==@com.pinguo.camera360filter.c360alba-QbdmiAhrf2Uh2hI0vRE2pQ==@base.apk@classes.vdex does not exist.
02-19 04:00:16.098 27975 27987 I artd    : GetBestInfo checking vdex next to the dex file (/data/app/~~nCLeu9WWRtvSblXnTENlQg==/com.pinguo.camera360filter.c360alba-QbdmiAhrf2Uh2hI0vRE2pQ==/oat/arm64/base.vdex)
02-19 04:00:16.099 27975 27987 I artd    : Successfully loaded /data/app/~~nCLeu9WWRtvSblXnTENlQg==/com.pinguo.camera360filter.c360alba-QbdmiAhrf2Uh2hI0vRE2pQ==/oat/arm64/base.vdex with executable: 0
02-19 04:00:16.099 27975 27987 I artd    : Image checksum test skipped for vdex file /data/app/~~nCLeu9WWRtvSblXnTENlQg==/com.pinguo.camera360filter.c360alba-QbdmiAhrf2Uh2hI0vRE2pQ==/oat/arm64/base.vdex
02-19 04:00:16.099 27975 27987 I artd    : /data/app/~~nCLeu9WWRtvSblXnTENlQg==/com.pinguo.camera360filter.c360alba-QbdmiAhrf2Uh2hI0vRE2pQ==/oat/arm64/base.vdex is kOatUpToDate with filter verify
02-19 04:00:16.102  2557  2940 I libprocessgroup: Removed cgroup /sys/fs/cgroup/uid_10055/pid_25307
02-19 04:00:16.102  1478  1478 I Zygote  : Process 25307 exited due to signal 9 (Killed)
02-19 04:00:16.107  2557  2906 D DisplayManagerService: Drop pending events for gone uid 10055
02-19 04:00:16.115  1630  3021 D AudioFlinger: ro.audio.silent is ignored since no output device is set
02-19 04:00:16.116  1630  3023 D AudioFlinger: ro.audio.silent is ignored since no output device is set
02-19 04:00:16.116  1554  3896 I sensors-hal: handle_sns_client_event:190, auto_rotation_debug_2 mode,255, type,1,0 acc,0.718,0.330,9.825, ar,0, ver,12, pedo,1,e,1,i,3
02-19 04:00:16.126 27925 27963 D nativeloader: Load /data/app/~~s4C84GdB3Yp8Ah7pOYn7oQ==/com.google.android.youtube-AxFR5c6EWZz8jdac-sA6yw==/split_config.arm64_v8a.apk!/lib/arm64-v8a/libcronet.145.0.7582.0.so using ns clns-7 from class loader (caller=/data/app/~~s4C84GdB3Yp8Ah7pOYn7oQ==/com.google.android.youtube-AxFR5c6EWZz8jdac-sA6yw==/base.apk): ok
02-19 04:00:16.131  2557  4617 D RestrictionPolicy: isShareListAllowed : userId(0)
02-19 04:00:16.137 27925 28006 D nativeloader: Load /data/app/~~s4C84GdB3Yp8Ah7pOYn7oQ==/com.google.android.youtube-AxFR5c6EWZz8jdac-sA6yw==/split_config.arm64_v8a.apk!/lib/arm64-v8a/libmemorymappedbufferjni.so using ns clns-7 from class loader (caller=/data/app/~~s4C84GdB3Yp8Ah7pOYn7oQ==/com.google.android.youtube-AxFR5c6EWZz8jdac-sA6yw==/base.apk!classes2.dex): ok
02-19 04:00:16.138 27925 27983 D nativeloader: Configuring clns-8 for other apk . target_sdk_version=36, uses_libraries=ALL, library_path=, permitted_path=/data:/mnt/expand
02-19 04:00:16.138 27925 27983 D nativeloader: Extending system_exposed_libraries: libhumantracking.arcsoft.so:libface_recognition.arcsoft.so:libpic_best.arcsoft.so:libPortraitDistortionCorrection.arcsoft.so:libPortraitDistortionCorrectionCali.arcsoft.so:libface_landmark.arcsoft.so:libFacialStickerEngine.arcsoft.so:libfrtracking_engine.arcsoft.so:libFaceRecognition.arcsoft.so:libveengine.arcsoft.so:lib_pet_detection.arcsoft.so:libae_bracket_hdr.arcsoft.so:libdigital_tele_scope.arcsoft.so:libdigital_tele_scope_rawsr.arcsoft.so:libsf_tetra_enhance.arcsoft.so:libmf_bayer_enhance.arcsoft.so:libhybrid_high_dynamic_range.arcsoft.so:libimage_enhancement.arcsoft.so:libmacroclearshot_raw.arcsoft.so:libobjectcapture_jni.arcsoft.so:libobjectcapture.arcsoft.so:libFacialAttributeDetection.arcsoft.so:libmultisourceseparator.audio.samsung.so:libaudiomirroring_jni.audiomirroring.samsung.so:libBeauty_v4.camera.samsung.so:libexifa.camera.samsung.so:libjpega.camera.samsung.so:libOpenCv.camera.samsung.so:libaifrcInterface.camera.samsung.so:libC2paDps.camera.samsung.so:libVi
02-19 04:00:16.143 27925 27983 D nativeloader: Load /data/user/0/com.google.android.youtube/app_pccache2/5/2A8265B47A1D9B3EFA0B68A58A01A5E195878859/pcam.jar!/libd0FD35BFC481E.so using isolated ns clns-8 (caller=/data/user/0/com.google.android.youtube/app_pccache2/5/2A8265B47A1D9B3EFA0B68A58A01A5E195878859/pcam.jar): ok
02-19 04:00:16.149 27975 27987 I artd    : Dex parent of /data/app/~~WEk06hwLIvan00bnrys9Fw==/com.google.android.partnersetup-dY97W0n6tS6PlzkcRwei9A==/base.apk is not writable: Permission denied
02-19 04:00:16.149 27975 27987 I artd    : GetBestInfo checking odex in dalvik-cache (/data/dalvik-cache/arm64/data@app@~~WEk06hwLIvan00bnrys9Fw==@com.google.android.partnersetup-dY97W0n6tS6PlzkcRwei9A==@base.apk@classes.dex)
02-19 04:00:16.149 27975 27987 I artd    : Loading /data/dalvik-cache/arm64/data@app@~~WEk06hwLIvan00bnrys9Fw==@com.google.android.partnersetup-dY97W0n6tS6PlzkcRwei9A==@base.apk@classes.dex with executable: 0
02-19 04:00:16.149 27975 27987 I artd    : OatFileAssistant test for existing oat file /data/dalvik-cache/arm64/data@app@~~WEk06hwLIvan00bnrys9Fw==@com.google.android.partnersetup-dY97W0n6tS6PlzkcRwei9A==@base.apk@classes.dex: File /data/dalvik-cache/arm64/data@app@~~WEk06hwLIvan00bnrys9Fw==@com.google.android.partnersetup-dY97W0n6tS6PlzkcRwei9A==@base.apk@classes.vdex does not exist.
02-19 04:00:16.149 27975 27987 I artd    : GetBestInfo checking odex next to the dex file (/data/app/~~WEk06hwLIvan00bnrys9Fw==/com.google.android.partnersetup-dY97W0n6tS6PlzkcRwei9A==/oat/arm64/base.odex)
02-19 04:00:16.149 27975 27987 I artd    : Loading /data/app/~~WEk06hwLIvan00bnrys9Fw==/com.google.android.partnersetup-dY97W0n6tS6PlzkcRwei9A==/oat/arm64/base.odex with executable: 0
02-19 04:00:16.150 27975 27987 I artd    : Successfully loaded /data/app/~~WEk06hwLIvan00bnrys9Fw==/com.google.android.partnersetup-dY97W0n6tS6PlzkcRwei9A==/oat/arm64/base.odex with executable: 0
02-19 04:00:16.150 27975 27987 I artd    : Failed to verify checksums of oat file /data/app/~~WEk06hwLIvan00bnrys9Fw==/com.google.android.partnersetup-dY97W0n6tS6PlzkcRwei9A==/oat/arm64/base.odex error: Oat boot class path (/apex/com.android.art/javalib/core-oj.jar:/apex/com.android.art/javalib/core-libart.jar:/apex/com.android.art/javalib/okhttp.jar:/apex/com.android.art/javalib/bouncycastle.jar:/apex/com.android.art/javalib/apache-xml.jar:/system/framework/framework.jar:/system/framework/framework-graphics.jar:/system/framework/ext.jar:/system/framework/telephony-common.jar:/system/framework/voip-common.jar:/system/framework/ims-common.jar:/system/framework/knoxsdk.jar:/system/framework/tcmiface.jar:/system/framework/telephony-ext.jar:/system/framework/QPerformance.jar:/system/framework/UxPerformance.jar:/system/framework/esecomm.jar:/apex/com.android.i18n/javalib/core-icu4j.jar:/apex/com.android.adservices/javalib/framework-adservices.jar:/apex/com.android.adservices/javalib/framework-sdksandbox.jar:/apex/com.android.appsearch/javalib/framework-appsearch.jar:/apex/com.android.btservices/javalib/framework-bluetooth.jar:/apex/com.android.configinfrastructure/javalib/framework-configinfrastructure.jar:/apex/com.android.conscrypt/javalib/conscrypt.jar:/apex/com.android.devicelock/javalib/framework-devicelock.jar:/apex/com.android.healthfitness/javalib/framework-healthfitness.jar:/apex/com.android.ipsec/javalib/android.net.ipsec.ike.jar:/apex/com.android.media/javalib/updatable-media.jar:/apex/com.android.mediaprovider/javalib/framework-mediaprovider.jar:/apex/com.android.mediaprovider/javalib/framework-pdf.jar:/apex/com.android.mediaprovider/javalib/framework-photopicker.jar:/apex/com.android.ondevicepersonalization/javalib/framework-ondevicepersonalization.jar:/apex/com.android.os.statsd/javalib/framework-statsd.jar:/apex/com.android.permission/javalib/framework-permission.jar:/apex/com.android.permission/javalib/framework-permission-s.jar:/apex/com.android.scheduling/javalib/framework-scheduling.jar:/apex/com.android.sdkext/javalib/framework-sdkextensions.jar:/apex/com.android.tethering/javalib/framework-connectivity.jar:/apex/com.android.tethering/javalib/framework-connectivity-t.jar:/apex/com.android.tethering/javalib/framework-tethering.jar:/apex/com.android.uwb/javalib/framework-uwb.jar:/apex/com.android.virt/javalib/framework-virtualization.jar:/apex/com.android.wifi/javalib/framework-wifi.jar:/apex/com.samsung.android.lifeguard/javalib/framework-lifeguard.jar:/apex/com.samsung.android.shell/javalib/framework-samsung-shell.jar) is not a prefix of runtime boot class path (/apex/com.android.art/javalib/core-oj.jar:/apex/com.android.art/javalib/core-libart.jar:/apex/com.android.art/javalib/okhttp.jar:/apex/com.android.art/javalib/bouncycastle.jar:/apex/com.android.art/javalib/apache-xml.jar:/system/framework/framework.jar:/system/framework/framework-graphics.jar:/system/framework/framework-location.jar:/system/framework/ext.jar:/system/framework/telephony-common.jar:/system/framework/voip-common.jar:/system/framework/ims-common.jar:/system/framework/knoxsdk.jar:/system/framework/com.samsung.android.uwb_extras.jar:/system/framework/framework-nfc.jar:/system/framework/tcmiface.jar:/system/framework/telephony-ext.jar:/system/framework/QPerformance.jar:/system/framework/UxPerformance.jar:/system/framework/esecomm.jar:/apex/com.android.i18n/javalib/core-icu4j.jar:/apex/com.android.adservices/javalib/framework-adservices.jar:/apex/com.android.adservices/javalib/framework-sdksandbox.jar:/apex/com.android.appsearch/javalib/framework-appsearch.jar:/apex/com.android.btservices/javalib/framework-bluetooth.jar:/apex/com.android.configinfrastructure/javalib/framework-configinfrastructure.jar:/apex/com.android.conscrypt/javalib/conscrypt.jar:/apex/com.android.devicelock/javalib/framework-devicelock.jar:/apex/com.android.healthfitness/javalib/framework-healthfitness.jar:/apex/com.android.ipsec/javalib/android.net.ipsec.ike.jar:/apex/com.android.media/javalib/updatable-media.jar:/apex/com.android.mediaprovider/javalib/framework-mediaprovider
02-19 04:00:16.150 27975 27987 I artd    : Oat image checksum does not match image checksum.
02-19 04:00:16.150 27975 27987 I artd    : /data/app/~~WEk06hwLIvan00bnrys9Fw==/com.google.android.partnersetup-dY97W0n6tS6PlzkcRwei9A==/oat/arm64/base.odex is kOatBootImageOutOfDate with filter speed-profile
02-19 04:00:16.150 27975 27987 I artd    : GetBestInfo checking vdex in dalvik-cache (/data/dalvik-cache/arm64/data@app@~~WEk06hwLIvan00bnrys9Fw==@com.google.android.partnersetup-dY97W0n6tS6PlzkcRwei9A==@base.apk@classes.vdex)
02-19 04:00:16.150 27975 27987 I artd    : unable to open vdex file /data/dalvik-cache/arm64/data@app@~~WEk06hwLIvan00bnrys9Fw==@com.google.android.partnersetup-dY97W0n6tS6PlzkcRwei9A==@base.apk@classes.vdex: File /data/dalvik-cache/arm64/data@app@~~WEk06hwLIvan00bnrys9Fw==@com.google.android.partnersetup-dY97W0n6tS6PlzkcRwei9A==@base.apk@classes.vdex does not exist.
02-19 04:00:16.150 27975 27987 I artd    : OatFileAssistant test for existing oat file /data/dalvik-cache/arm64/data@app@~~WEk06hwLIvan00bnrys9Fw==@com.google.android.partnersetup-dY97W0n6tS6PlzkcRwei9A==@base.apk@classes.vdex: File /data/dalvik-cache/arm64/data@app@~~WEk06hwLIvan00bnrys9Fw==@com.google.android.partnersetup-dY97W0n6tS6PlzkcRwei9A==@base.apk@classes.vdex does not exist.
02-19 04:00:16.150 27975 27987 I artd    : GetBestInfo checking vdex next to the dex file (/data/app/~~WEk06hwLIvan00bnrys9Fw==/com.google.android.partnersetup-dY97W0n6tS6PlzkcRwei9A==/oat/arm64/base.vdex)
02-19 04:00:16.150 27975 27987 I artd    : Successfully loaded /data/app/~~WEk06hwLIvan00bnrys9Fw==/com.google.android.partnersetup-dY97W0n6tS6PlzkcRwei9A==/oat/arm64/base.vdex with executable: 0
02-19 04:00:16.150 27925 27925 E YT.mlplayer: setAudioDrc(enabled=1)
02-19 04:00:16.150 27975 27987 I artd    : Image checksum test skipped for vdex file /data/app/~~WEk06hwLIvan00bnrys9Fw==/com.google.android.partnersetup-dY97W0n6tS6PlzkcRwei9A==/oat/arm64/base.vdex
02-19 04:00:16.150 27975 27987 I artd    : /data/app/~~WEk06hwLIvan00bnrys9Fw==/com.google.android.partnersetup-dY97W0n6tS6PlzkcRwei9A==/oat/arm64/base.vdex is kOatUpToDate with filter verify
02-19 04:00:16.167 27975 27987 I artd    : Dex parent of /data/app/~~fZZBGlN2PcG1t6aM_jIlLA==/com.google.android.as-HxWqeWuO6g09GN61nNf7qQ==/base.apk is not writable: Permission denied
02-19 04:00:16.167 27975 27987 I artd    : GetBestInfo checking odex in dalvik-cache (/data/dalvik-cache/arm64/data@app@~~fZZBGlN2PcG1t6aM_jIlLA==@com.google.android.as-HxWqeWuO6g09GN61nNf7qQ==@base.apk@classes.dex)
02-19 04:00:16.167 27975 27987 I artd    : Loading /data/dalvik-cache/arm64/data@app@~~fZZBGlN2PcG1t6aM_jIlLA==@com.google.android.as-HxWqeWuO6g09GN61nNf7qQ==@base.apk@classes.dex with executable: 0
02-19 04:00:16.167 27975 27987 I artd    : OatFileAssistant test for existing oat file /data/dalvik-cache/arm64/data@app@~~fZZBGlN2PcG1t6aM_jIlLA==@com.google.android.as-HxWqeWuO6g09GN61nNf7qQ==@base.apk@classes.dex: File /data/dalvik-cache/arm64/data@app@~~fZZBGlN2PcG1t6aM_jIlLA==@com.google.android.as-HxWqeWuO6g09GN61nNf7qQ==@base.apk@classes.vdex does not exist.
02-19 04:00:16.167 27975 27987 I artd    : GetBestInfo checking odex next to the dex file (/data/app/~~fZZBGlN2PcG1t6aM_jIlLA==/com.google.android.as-HxWqeWuO6g09GN61nNf7qQ==/oat/arm64/base.odex)
02-19 04:00:16.167 27975 27987 I artd    : Loading /data/app/~~fZZBGlN2PcG1t6aM_jIlLA==/com.google.android.as-HxWqeWuO6g09GN61nNf7qQ==/oat/arm64/base.odex with executable: 0
02-19 04:00:16.167 27975 27987 I artd    : OatFileAssistant test for existing oat file /data/app/~~fZZBGlN2PcG1t6aM_jIlLA==/com.google.android.as-HxWqeWuO6g09GN61nNf7qQ==/oat/arm64/base.odex: File /data/app/~~fZZBGlN2PcG1t6aM_jIlLA==/com.google.android.as-HxWqeWuO6g09GN61nNf7qQ==/oat/arm64/base.vdex does not exist.
02-19 04:00:16.167 27975 27987 I artd    : GetBestInfo checking vdex in dalvik-cache (/data/dalvik-cache/arm64/data@app@~~fZZBGlN2PcG1t6aM_jIlLA==@com.google.android.as-HxWqeWuO6g09GN61nNf7qQ==@base.apk@classes.vdex)
02-19 04:00:16.167 27975 27987 I artd    : unable to open vdex file /data/dalvik-cache/arm64/data@app@~~fZZBGlN2PcG1t6aM_jIlLA==@com.google.android.as-HxWqeWuO6g09GN61nNf7qQ==@base.apk@classes.vdex: File /data/dalvik-cache/arm64/data@app@~~fZZBGlN2PcG1t6aM_jIlLA==@com.google.android.as-HxWqeWuO6g09GN61nNf7qQ==@base.apk@classes.vdex does not exist.
02-19 04:00:16.167 27975 27987 I artd    : OatFileAssistant test for existing oat file /data/dalvik-cache/arm64/data@app@~~fZZBGlN2PcG1t6aM_jIlLA==@com.google.android.as-HxWqeWuO6g09GN61nNf7qQ==@base.apk@classes.vdex: File /data/dalvik-cache/arm64/data@app@~~fZZBGlN2PcG1t6aM_jIlLA==@com.google.android.as-HxWqeWuO6g09GN61nNf7qQ==@base.apk@classes.vdex does not exist.
02-19 04:00:16.167 27975 27987 I artd    : GetBestInfo checking vdex next to the dex file (/data/app/~~fZZBGlN2PcG1t6aM_jIlLA==/com.google.android.as-HxWqeWuO6g09GN61nNf7qQ==/oat/arm64/base.vdex)
02-19 04:00:16.167 27975 27987 I artd    : unable to open vdex file /data/app/~~fZZBGlN2PcG1t6aM_jIlLA==/com.google.android.as-HxWqeWuO6g09GN61nNf7qQ==/oat/arm64/base.vdex: File /data/app/~~fZZBGlN2PcG1t6aM_jIlLA==/com.google.android.as-HxWqeWuO6g09GN61nNf7qQ==/oat/arm64/base.vdex does not exist.
02-19 04:00:16.167 27975 27987 I artd    : OatFileAssistant test for existing oat file /data/app/~~fZZBGlN2PcG1t6aM_jIlLA==/com.google.android.as-HxWqeWuO6g09GN61nNf7qQ==/oat/arm64/base.vdex: File /data/app/~~fZZBGlN2PcG1t6aM_jIlLA==/com.google.android.as-HxWqeWuO6g09GN61nNf7qQ==/oat/arm64/base.vdex does not exist.
02-19 04:00:16.167 27975 27987 I artd    : GetBestInfo checking dm (/data/app/~~fZZBGlN2PcG1t6aM_jIlLA==/com.google.android.as-HxWqeWuO6g09GN61nNf7qQ==/base.dm)
02-19 04:00:16.168 27975 27987 I artd    : Successfully loaded /data/app/~~fZZBGlN2PcG1t6aM_jIlLA==/com.google.android.as-HxWqeWuO6g09GN61nNf7qQ==/base.dm with executable: 0
02-19 04:00:16.168 27975 27987 I artd    : Image checksum test skipped for vdex file primary.vdex mapped directly in memory from /data/app/~~fZZBGlN2PcG1t6aM_jIlLA==/com.google.android.as-HxWqeWuO6g09GN61nNf7qQ==/base.dm
02-19 04:00:16.168 27975 27987 I artd    : primary.vdex mapped directly in memory from /data/app/~~fZZBGlN2PcG1t6aM_jIlLA==/com.google.android.as-HxWqeWuO6g09GN61nNf7qQ==/base.dm is kOatUpToDate with filter verify
02-19 04:00:16.174 27975 27987 I artd    : Dex parent of /data/app/~~qijHQPnAfLBUOqHxndo9eg==/com.google.android.tts-240TDcVRMHRQnuI63YevvQ==/base.apk is not writable: Permission denied
02-19 04:00:16.174 27975 27987 I artd    : GetBestInfo checking odex in dalvik-cache (/data/dalvik-cache/arm64/data@app@~~qijHQPnAfLBUOqHxndo9eg==@com.google.android.tts-240TDcVRMHRQnuI63YevvQ==@base.apk@classes.dex)
02-19 04:00:16.174 27975 27987 I artd    : Loading /data/dalvik-cache/arm64/data@app@~~qijHQPnAfLBUOqHxndo9eg==@com.google.android.tts-240TDcVRMHRQnuI63YevvQ==@base.apk@classes.dex with executable: 0
02-19 04:00:16.174 27975 27987 I artd    : OatFileAssistant test for existing oat file /data/dalvik-cache/arm64/data@app@~~qijHQPnAfLBUOqHxndo9eg==@com.google.android.tts-240TDcVRMHRQnuI63YevvQ==@base.apk@classes.dex: File /data/dalvik-cache/arm64/data@app@~~qijHQPnAfLBUOqHxndo9eg==@com.google.android.tts-240TDcVRMHRQnuI63YevvQ==@base.apk@classes.vdex does not exist.
02-19 04:00:16.174 27975 27987 I artd    : GetBestInfo checking odex next to the dex file (/data/app/~~qijHQPnAfLBUOqHxndo9eg==/com.google.android.tts-240TDcVRMHRQnuI63YevvQ==/oat/arm64/base.odex)
02-19 04:00:16.174 27975 27987 I artd    : Loading /data/app/~~qijHQPnAfLBUOqHxndo9eg==/com.google.android.tts-240TDcVRMHRQnuI63YevvQ==/oat/arm64/base.odex with executable: 0
02-19 04:00:16.174 27975 27987 I artd    : OatFileAssistant test for existing oat file /data/app/~~qijHQPnAfLBUOqHxndo9eg==/com.google.android.tts-240TDcVRMHRQnuI63YevvQ==/oat/arm64/base.odex: File /data/app/~~qijHQPnAfLBUOqHxndo9eg==/com.google.android.tts-240TDcVRMHRQnuI63YevvQ==/oat/arm64/base.vdex does not exist.
02-19 04:00:16.174 27975 27987 I artd    : GetBestInfo checking vdex in dalvik-cache (/data/dalvik-cache/arm64/data@app@~~qijHQPnAfLBUOqHxndo9eg==@com.google.android.tts-240TDcVRMHRQnuI63YevvQ==@base.apk@classes.vdex)
02-19 04:00:16.174 27975 27987 I artd    : unable to open vdex file /data/dalvik-cache/arm64/data@app@~~qijHQPnAfLBUOqHxndo9eg==@com.google.android.tts-240TDcVRMHRQnuI63YevvQ==@base.apk@classes.vdex: File /data/dalvik-cache/arm64/data@app@~~qijHQPnAfLBUOqHxndo9eg==@com.google.android.tts-240TDcVRMHRQnuI63YevvQ==@base.apk@classes.vdex does not exist.
02-19 04:00:16.174 27975 27987 I artd    : OatFileAssistant test for existing oat file /data/dalvik-cache/arm64/data@app@~~qijHQPnAfLBUOqHxndo9eg==@com.google.android.tts-240TDcVRMHRQnuI63YevvQ==@base.apk@classes.vdex: File /data/dalvik-cache/arm64/data@app@~~qijHQPnAfLBUOqHxndo9eg==@com.google.android.tts-240TDcVRMHRQnuI63YevvQ==@base.apk@classes.vdex does not exist.
02-19 04:00:16.174 27975 27987 I artd    : GetBestInfo checking vdex next to the dex file (/data/app/~~qijHQPnAfLBUOqHxndo9eg==/com.google.android.tts-240TDcVRMHRQnuI63YevvQ==/oat/arm64/base.vdex)
02-19 04:00:16.174 27975 27987 I artd    : unable to open vdex file /data/app/~~qijHQPnAfLBUOqHxndo9eg==/com.google.android.tts-240TDcVRMHRQnuI63YevvQ==/oat/arm64/base.vdex: File /data/app/~~qijHQPnAfLBUOqHxndo9eg==/com.google.android.tts-240TDcVRMHRQnuI63YevvQ==/oat/arm64/base.vdex does not exist.
02-19 04:00:16.174 27975 27987 I artd    : OatFileAssistant test for existing oat file /data/app/~~qijHQPnAfLBUOqHxndo9eg==/com.google.android.tts-240TDcVRMHRQnuI63YevvQ==/oat/arm64/base.vdex: File /data/app/~~qijHQPnAfLBUOqHxndo9eg==/com.google.android.tts-240TDcVRMHRQnuI63YevvQ==/oat/arm64/base.vdex does not exist.
02-19 04:00:16.174 27975 27987 I artd    : GetBestInfo checking dm (/data/app/~~qijHQPnAfLBUOqHxndo9eg==/com.google.android.tts-240TDcVRMHRQnuI63YevvQ==/base.dm)
02-19 04:00:16.175 27975 27987 I artd    : Successfully loaded /data/app/~~qijHQPnAfLBUOqHxndo9eg==/com.google.android.tts-240TDcVRMHRQnuI63YevvQ==/base.dm with executable: 0
02-19 04:00:16.175 27975 27987 I artd    : Image checksum test skipped for vdex file primary.vdex mapped directly in memory from /data/app/~~qijHQPnAfLBUOqHxndo9eg==/com.google.android.tts-240TDcVRMHRQnuI63YevvQ==/base.dm
02-19 04:00:16.175 27975 27987 I artd    : primary.vdex mapped directly in memory from /data/app/~~qijHQPnAfLBUOqHxndo9eg==/com.google.android.tts-240TDcVRMHRQnuI63YevvQ==/base.dm is kOatUpToDate with filter verify
02-19 04:00:16.181 27975 27985 I artd    : Dex parent of /data/app/~~1kmz9driprxSCCeneSLdHA==/com.example.flutter_app-r1jbNHDekddLm7AzLCJERg==/base.apk is not writable: Permission denied
02-19 04:00:16.181 27975 27985 I artd    : GetBestInfo checking odex in dalvik-cache (/data/dalvik-cache/arm64/data@app@~~1kmz9driprxSCCeneSLdHA==@com.example.flutter_app-r1jbNHDekddLm7AzLCJERg==@base.apk@classes.dex)
02-19 04:00:16.181 27975 27985 I artd    : Loading /data/dalvik-cache/arm64/data@app@~~1kmz9driprxSCCeneSLdHA==@com.example.flutter_app-r1jbNHDekddLm7AzLCJERg==@base.apk@classes.dex with executable: 0
02-19 04:00:16.181 27975 27985 I artd    : OatFileAssistant test for existing oat file /data/dalvik-cache/arm64/data@app@~~1kmz9driprxSCCeneSLdHA==@com.example.flutter_app-r1jbNHDekddLm7AzLCJERg==@base.apk@classes.dex: File /data/dalvik-cache/arm64/data@app@~~1kmz9driprxSCCeneSLdHA==@com.example.flutter_app-r1jbNHDekddLm7AzLCJERg==@base.apk@classes.vdex does not exist.
02-19 04:00:16.181 27975 27985 I artd    : GetBestInfo checking odex next to the dex file (/data/app/~~1kmz9driprxSCCeneSLdHA==/com.example.flutter_app-r1jbNHDekddLm7AzLCJERg==/oat/arm64/base.odex)
02-19 04:00:16.181 27975 27985 I artd    : Loading /data/app/~~1kmz9driprxSCCeneSLdHA==/com.example.flutter_app-r1jbNHDekddLm7AzLCJERg==/oat/arm64/base.odex with executable: 0
02-19 04:00:16.182 27975 27985 I artd    : Successfully loaded /data/app/~~1kmz9driprxSCCeneSLdHA==/com.example.flutter_app-r1jbNHDekddLm7AzLCJERg==/oat/arm64/base.odex with executable: 0
02-19 04:00:16.183 27975 27985 I artd    : /data/app/~~1kmz9driprxSCCeneSLdHA==/com.example.flutter_app-r1jbNHDekddLm7AzLCJERg==/oat/arm64/base.odex is kOatUpToDate with filter speed-profile
02-19 04:00:16.184  2557  2990 D PowerManagerService: displayReady: false groupId=0
02-19 04:00:16.184  2557  2990 D DisplayPowerController2[0]: animateScreenStateChange: target=ON, mIsEnabled=true
02-19 04:00:16.184  2557  2990 D PowerManagerService: displayReady: true groupId=0
02-19 04:00:16.189 27975 27985 I artd    : Dex parent of /data/app/~~QBX_Fr3vJuLvia5PiJu1Vg==/com.zeptoconsumerapp-XD1bD-XmSWXNEjPMUuqpsw==/base.apk is not writable: Permission denied
02-19 04:00:16.189 27975 27985 I artd    : GetBestInfo checking odex in dalvik-cache (/data/dalvik-cache/arm64/data@app@~~QBX_Fr3vJuLvia5PiJu1Vg==@com.zeptoconsumerapp-XD1bD-XmSWXNEjPMUuqpsw==@base.apk@classes.dex)
02-19 04:00:16.189 27975 27985 I artd    : Loading /data/dalvik-cache/arm64/data@app@~~QBX_Fr3vJuLvia5PiJu1Vg==@com.zeptoconsumerapp-XD1bD-XmSWXNEjPMUuqpsw==@base.apk@classes.dex with executable: 0
02-19 04:00:16.189 27975 27985 I artd    : OatFileAssistant test for existing oat file /data/dalvik-cache/arm64/data@app@~~QBX_Fr3vJuLvia5PiJu1Vg==@com.zeptoconsumerapp-XD1bD-XmSWXNEjPMUuqpsw==@base.apk@classes.dex: File /data/dalvik-cache/arm64/data@app@~~QBX_Fr3vJuLvia5PiJu1Vg==@com.zeptoconsumerapp-XD1bD-XmSWXNEjPMUuqpsw==@base.apk@classes.vdex does not exist.
02-19 04:00:16.189 27975 27985 I artd    : GetBestInfo checking odex next to the dex file (/data/app/~~QBX_Fr3vJuLvia5PiJu1Vg==/com.zeptoconsumerapp-XD1bD-XmSWXNEjPMUuqpsw==/oat/arm64/base.odex)
02-19 04:00:16.189 27975 27985 I artd    : Loading /data/app/~~QBX_Fr3vJuLvia5PiJu1Vg==/com.zeptoconsumerapp-XD1bD-XmSWXNEjPMUuqpsw==/oat/arm64/base.odex with executable: 0
02-19 04:00:16.191 27975 27985 I artd    : Successfully loaded /data/app/~~QBX_Fr3vJuLvia5PiJu1Vg==/com.zeptoconsumerapp-XD1bD-XmSWXNEjPMUuqpsw==/oat/arm64/base.odex with executable: 0
02-19 04:00:16.191 27975 27985 I artd    : /data/app/~~QBX_Fr3vJuLvia5PiJu1Vg==/com.zeptoconsumerapp-XD1bD-XmSWXNEjPMUuqpsw==/oat/arm64/base.odex is kOatUpToDate with filter speed-profile
02-19 04:00:16.201 27975 27985 I artd    : Dex parent of /data/app/~~wrxv9WuHnbMJAIzO9neVww==/com.application.zomato-rFm8mKqRs-pLzLZWpLhO7Q==/base.apk is not writable: Permission denied
02-19 04:00:16.201 27975 27985 I artd    : GetBestInfo checking odex in dalvik-cache (/data/dalvik-cache/arm64/data@app@~~wrxv9WuHnbMJAIzO9neVww==@com.application.zomato-rFm8mKqRs-pLzLZWpLhO7Q==@base.apk@classes.dex)
02-19 04:00:16.201 27975 27985 I artd    : Loading /data/dalvik-cache/arm64/data@app@~~wrxv9WuHnbMJAIzO9neVww==@com.application.zomato-rFm8mKqRs-pLzLZWpLhO7Q==@base.apk@classes.dex with executable: 0
02-19 04:00:16.201 27975 27985 I artd    : OatFileAssistant test for existing oat file /data/dalvik-cache/arm64/data@app@~~wrxv9WuHnbMJAIzO9neVww==@com.application.zomato-rFm8mKqRs-pLzLZWpLhO7Q==@base.apk@classes.dex: File /data/dalvik-cache/arm64/data@app@~~wrxv9WuHnbMJAIzO9neVww==@com.application.zomato-rFm8mKqRs-pLzLZWpLhO7Q==@base.apk@classes.vdex does not exist.
02-19 04:00:16.201 27975 27985 I artd    : GetBestInfo checking odex next to the dex file (/data/app/~~wrxv9WuHnbMJAIzO9neVww==/com.application.zomato-rFm8mKqRs-pLzLZWpLhO7Q==/oat/arm64/base.odex)
02-19 04:00:16.201 27975 27985 I artd    : Loading /data/app/~~wrxv9WuHnbMJAIzO9neVww==/com.application.zomato-rFm8mKqRs-pLzLZWpLhO7Q==/oat/arm64/base.odex with executable: 0
02-19 04:00:16.203 27975 27985 I artd    : Successfully loaded /data/app/~~wrxv9WuHnbMJAIzO9neVww==/com.application.zomato-rFm8mKqRs-pLzLZWpLhO7Q==/oat/arm64/base.odex with executable: 0
02-19 04:00:16.203 27975 27985 I artd    : /data/app/~~wrxv9WuHnbMJAIzO9neVww==/com.application.zomato-rFm8mKqRs-pLzLZWpLhO7Q==/oat/arm64/base.odex is kOatUpToDate with filter speed-profile
02-19 04:00:16.204 27975 27985 W artd    : Could not get dex checksums for location /data/app/~~kk8q3PY70McZhWy7L2wolg==/com.application.zomato--A2tZ8rjxKFLcCxT8oUVUg==/base.apk, fd=-1
02-19 04:00:16.205  2557  4617 E ArtService: Failed to get dexopt status [packageName = com.application.zomato, dexPath = /data/user/0/com.application.zomato/app_pccache/5/DAF7A800792838CAD4E7302B4F4B8E384482B7D1/pcam.jar, isa = arm64, classLoaderContext = PCL[];PCL[/data/app/~~kk8q3PY70McZhWy7L2wolg==/com.application.zomato--A2tZ8rjxKFLcCxT8oUVUg==/base.apk]{PCL[/system/framework/sec_camerax_impl.jar]#PCL[/system/framework/org.apache.http.legacy.jar]#PCL[/system_ext/framework/androidx.window.extensions.jar]#PCL[/system_ext/framework/androidx.window.sidecar.jar]}]
02-19 04:00:16.205  2557  4617 E ArtService: android.os.ServiceSpecificException: Failed to create OatFileAssistant: Failed to load class loader context files for '/data/user/0/com.application.zomato/app_pccache/5/DAF7A800792838CAD4E7302B4F4B8E384482B7D1/pcam.jar' with context 'PCL[];PCL[/data/app/~~kk8q3PY70McZhWy7L2wolg==/com.application.zomato--A2tZ8rjxKFLcCxT8oUVUg==/base.apk]{PCL[/system/framework/sec_camerax_impl.jar]#PCL[/system/framework/org.apache.http.legacy.jar]#PCL[/system_ext/framework/androidx.window.extensions.jar]#PCL[/system_ext/framework/androidx.window.sidecar.jar]}' (code 1)
02-19 04:00:16.205  2557  4617 E ArtService: 	at android.os.Parcel.createExceptionOrNull(Parcel.java:3271)
02-19 04:00:16.205  2557  4617 E ArtService: 	at android.os.Parcel.createException(Parcel.java:3241)
02-19 04:00:16.205  2557  4617 E ArtService: 	at android.os.Parcel.readException(Parcel.java:3224)
02-19 04:00:16.205  2557  4617 E ArtService: 	at android.os.Parcel.readException(Parcel.java:3166)
02-19 04:00:16.205  2557  4617 E ArtService: 	at com.android.server.art.IArtd$Stub$Proxy.getDexoptStatus(IArtd.java:778)
02-19 04:00:16.205  2557  4617 E ArtService: 	at com.android.server.art.ArtFileManager.getUsableArtifacts(ArtFileManager.java:149)
02-19 04:00:16.205  2557  4617 E ArtService: 	at com.android.server.art.ArtManagerLocal.getArtManagedFileStats(ArtManagerLocal.java:1005)
02-19 04:00:16.205  2557  4617 E ArtService: 	at com.android.server.usage.StorageStatsService.computeAppStatsByDataTypes(qb/95038144 0ba830a6ad55cb920f76c0bf08c337f3bf5b5f7e0d571af2367f2696bbde2abb:75)
02-19 04:00:16.205  2557  4617 E ArtService: 	at com.android.server.usage.StorageStatsService.queryStatsForUid(qb/95038144 0ba830a6ad55cb920f76c0bf08c337f3bf5b5f7e0d571af2367f2696bbde2abb:138)
02-19 04:00:16.205  2557  4617 E ArtService: 	at com.android.server.usage.StorageStatsService.queryStatsForPackage(qb/95038144 0ba830a6ad55cb920f76c0bf08c337f3bf5b5f7e0d571af2367f2696bbde2abb:83)
02-19 04:00:16.205  2557  4617 E ArtService: 	at android.app.usage.IStorageStatsManager$Stub.onTransact(IStorageStatsManager.java:265)
02-19 04:00:16.205  2557  4617 E ArtService: 	at android.os.Binder.execTransactInternal(Binder.java:1536)
02-19 04:00:16.205  2557  4617 E ArtService: 	at android.os.Binder.execTransact(Binder.java:1480)
02-19 04:00:16.205 27975 27985 W artd    : Could not get dex checksums for location /data/app/~~8NIjpSk6NtEZ-k4DAm7qBg==/com.application.zomato-B7pLv7moBLWwhRMmKsPlvA==/base.apk, fd=-1
02-19 04:00:16.206  2557  4617 E ArtService: Failed to get dexopt status [packageName = com.application.zomato, dexPath = /data/user/0/com.application.zomato/app_pccache/5/362BAA1E742037C69CD8BF98C5D97909342864E7/pcam.jar, isa = arm64, classLoaderContext = PCL[];PCL[/data/app/~~8NIjpSk6NtEZ-k4DAm7qBg==/com.application.zomato-B7pLv7moBLWwhRMmKsPlvA==/base.apk]{PCL[/system/framework/sec_camerax_impl.jar]#PCL[/system/framework/org.apache.http.legacy.jar]#PCL[/system_ext/framework/androidx.window.extensions.jar]#PCL[/system_ext/framework/androidx.window.sidecar.jar]}]
02-19 04:00:16.206  2557  4617 E ArtService: android.os.ServiceSpecificException: Failed to create OatFileAssistant: Failed to load class loader context files for '/data/user/0/com.application.zomato/app_pccache/5/362BAA1E742037C69CD8BF98C5D97909342864E7/pcam.jar' with context 'PCL[];PCL[/data/app/~~8NIjpSk6NtEZ-k4DAm7qBg==/com.application.zomato-B7pLv7moBLWwhRMmKsPlvA==/base.apk]{PCL[/system/framework/sec_camerax_impl.jar]#PCL[/system/framework/org.apache.http.legacy.jar]#PCL[/system_ext/framework/androidx.window.extensions.jar]#PCL[/system_ext/framework/androidx.window.sidecar.jar]}' (code 1)
02-19 04:00:16.206  2557  4617 E ArtService: 	at android.os.Parcel.createExceptionOrNull(Parcel.java:3271)
02-19 04:00:16.206  2557  4617 E ArtService: 	at android.os.Parcel.createException(Parcel.java:3241)
02-19 04:00:16.206  2557  4617 E ArtService: 	at android.os.Parcel.readException(Parcel.java:3224)
02-19 04:00:16.206  2557  4617 E ArtService: 	at android.os.Parcel.readException(Parcel.java:3166)
02-19 04:00:16.206  2557  4617 E ArtService: 	at com.android.server.art.IArtd$Stub$Proxy.getDexoptStatus(IArtd.java:778)
02-19 04:00:16.206  2557  4617 E ArtService: 	at com.android.server.art.ArtFileManager.getUsableArtifacts(ArtFileManager.java:149)
02-19 04:00:16.206  2557  4617 E ArtService: 	at com.android.server.art.ArtManagerLocal.getArtManagedFileStats(ArtManagerLocal.java:1005)
02-19 04:00:16.206  2557  4617 E ArtService: 	at com.android.server.usage.StorageStatsService.computeAppStatsByDataTypes(qb/95038144 0ba830a6ad55cb920f76c0bf08c337f3bf5b5f7e0d571af2367f2696bbde2abb:75)
02-19 04:00:16.206  2557  4617 E ArtService: 	at com.android.server.usage.StorageStatsService.queryStatsForUid(qb/95038144 0ba830a6ad55cb920f76c0bf08c337f3bf5b5f7e0d571af2367f2696bbde2abb:138)
02-19 04:00:16.206  2557  4617 E ArtService: 	at com.android.server.usage.StorageStatsService.queryStatsForPackage(qb/95038144 0ba830a6ad55cb920f76c0bf08c337f3bf5b5f7e0d571af2367f2696bbde2abb:83)
02-19 04:00:16.206  2557  4617 E ArtService: 	at android.app.usage.IStorageStatsManager$Stub.onTransact(IStorageStatsManager.java:265)
02-19 04:00:16.206  2557  4617 E ArtService: 	at android.os.Binder.execTransactInternal(Binder.java:1536)
02-19 04:00:16.206  2557  4617 E ArtService: 	at android.os.Binder.execTransact(Binder.java:1480)
02-19 04:00:16.229  2557  3826 D NetdEventListenerService: DNS Requested by 105, 10279(com.google.android.youtube), SUCCESS, 55ms
02-19 04:00:16.241 15172 15172 W Finsky  : [2] STU: Failed to get storage stats for package 'com.google.mainline.primary.libs' (1601: Error getting stats: android.content.pm.PackageManager.NameNotFoundException)
02-19 04:00:16.261 15172 15172 W Finsky  : [2] STU: Failed to get storage stats for package 'com.android.wifi' (1601: Error getting stats: android.content.pm.PackageManager.NameNotFoundException)
02-19 04:00:16.268 27975 27987 I artd    : Dex parent of /data/app/~~1ss8hZxZBJZCIysHDzUBmg==/com.dts.freefiremax-F5oi1gUzRxn1EViuYrxb9w==/base.apk is not writable: Permission denied
02-19 04:00:16.269 27975 27987 I artd    : GetBestInfo checking odex in dalvik-cache (/data/dalvik-cache/arm64/data@app@~~1ss8hZxZBJZCIysHDzUBmg==@com.dts.freefiremax-F5oi1gUzRxn1EViuYrxb9w==@base.apk@classes.dex)
02-19 04:00:16.269 27975 27987 I artd    : Loading /data/dalvik-cache/arm64/data@app@~~1ss8hZxZBJZCIysHDzUBmg==@com.dts.freefiremax-F5oi1gUzRxn1EViuYrxb9w==@base.apk@classes.dex with executable: 0
02-19 04:00:16.269 27975 27987 I artd    : OatFileAssistant test for existing oat file /data/dalvik-cache/arm64/data@app@~~1ss8hZxZBJZCIysHDzUBmg==@com.dts.freefiremax-F5oi1gUzRxn1EViuYrxb9w==@base.apk@classes.dex: File /data/dalvik-cache/arm64/data@app@~~1ss8hZxZBJZCIysHDzUBmg==@com.dts.freefiremax-F5oi1gUzRxn1EViuYrxb9w==@base.apk@classes.vdex does not exist.
02-19 04:00:16.269 27975 27987 I artd    : GetBestInfo checking odex next to the dex file (/data/app/~~1ss8hZxZBJZCIysHDzUBmg==/com.dts.freefiremax-F5oi1gUzRxn1EViuYrxb9w==/oat/arm64/base.odex)
02-19 04:00:16.269 27975 27987 I artd    : Loading /data/app/~~1ss8hZxZBJZCIysHDzUBmg==/com.dts.freefiremax-F5oi1gUzRxn1EViuYrxb9w==/oat/arm64/base.odex with executable: 0
02-19 04:00:16.270 27975 27987 I artd    : Successfully loaded /data/app/~~1ss8hZxZBJZCIysHDzUBmg==/com.dts.freefiremax-F5oi1gUzRxn1EViuYrxb9w==/oat/arm64/base.odex with executable: 0
02-19 04:00:16.270 27975 27987 I artd    : Failed to verify checksums of oat file /data/app/~~1ss8hZxZBJZCIysHDzUBmg==/com.dts.freefiremax-F5oi1gUzRxn1EViuYrxb9w==/oat/arm64/base.odex error: Oat boot class path (/apex/com.android.art/javalib/core-oj.jar:/apex/com.android.art/javalib/core-libart.jar:/apex/com.android.art/javalib/okhttp.jar:/apex/com.android.art/javalib/bouncycastle.jar:/apex/com.android.art/javalib/apache-xml.jar:/system/framework/framework.jar:/system/framework/framework-graphics.jar:/system/framework/ext.jar:/system/framework/telephony-common.jar:/system/framework/voip-common.jar:/system/framework/ims-common.jar:/system/framework/knoxsdk.jar:/system/framework/tcmiface.jar:/system/framework/telephony-ext.jar:/system/framework/QPerformance.jar:/system/framework/UxPerformance.jar:/system/framework/esecomm.jar:/apex/com.android.i18n/javalib/core-icu4j.jar:/apex/com.android.adservices/javalib/framework-adservices.jar:/apex/com.android.adservices/javalib/framework-sdksandbox.jar:/apex/com.android.appsearch/javalib/framework-appsearch.jar:/apex/com.android.btservices/javalib/framework-bluetooth.jar:/apex/com.android.configinfrastructure/javalib/framework-configinfrastructure.jar:/apex/com.android.conscrypt/javalib/conscrypt.jar:/apex/com.android.devicelock/javalib/framework-devicelock.jar:/apex/com.android.healthfitness/javalib/framework-healthfitness.jar:/apex/com.android.ipsec/javalib/android.net.ipsec.ike.jar:/apex/com.android.media/javalib/updatable-media.jar:/apex/com.android.mediaprovider/javalib/framework-mediaprovider.jar:/apex/com.android.mediaprovider/javalib/framework-pdf.jar:/apex/com.android.mediaprovider/javalib/framework-photopicker.jar:/apex/com.android.ondevicepersonalization/javalib/framework-ondevicepersonalization.jar:/apex/com.android.os.statsd/javalib/framework-statsd.jar:/apex/com.android.permission/javalib/framework-permission.jar:/apex/com.android.permission/javalib/framework-permission-s.jar:/apex/com.android.scheduling/javalib/framework-scheduling.jar:/apex/com.android.sdkext/javalib/framework-sdkextensions.jar:/apex/com.android.tethering/javalib/framework-connectivity.jar:/apex/com.android.tethering/javalib/framework-connectivity-t.jar:/apex/com.android.tethering/javalib/framework-tethering.jar:/apex/com.android.uwb/javalib/framework-uwb.jar:/apex/com.android.virt/javalib/framework-virtualization.jar:/apex/com.android.wifi/javalib/framework-wifi.jar:/apex/com.samsung.android.lifeguard/javalib/framework-lifeguard.jar:/apex/com.samsung.android.shell/javalib/framework-samsung-shell.jar) is not a prefix of runtime boot class path (/apex/com.android.art/javalib/core-oj.jar:/apex/com.android.art/javalib/core-libart.jar:/apex/com.android.art/javalib/okhttp.jar:/apex/com.android.art/javalib/bouncycastle.jar:/apex/com.android.art/javalib/apache-xml.jar:/system/framework/framework.jar:/system/framework/framework-graphics.jar:/system/framework/framework-location.jar:/system/framework/ext.jar:/system/framework/telephony-common.jar:/system/framework/voip-common.jar:/system/framework/ims-common.jar:/system/framework/knoxsdk.jar:/system/framework/com.samsung.android.uwb_extras.jar:/system/framework/framework-nfc.jar:/system/framework/tcmiface.jar:/system/framework/telephony-ext.jar:/system/framework/QPerformance.jar:/system/framework/UxPerformance.jar:/system/framework/esecomm.jar:/apex/com.android.i18n/javalib/core-icu4j.jar:/apex/com.android.adservices/javalib/framework-adservices.jar:/apex/com.android.adservices/javalib/framework-sdksandbox.jar:/apex/com.android.appsearch/javalib/framework-appsearch.jar:/apex/com.android.btservices/javalib/framework-bluetooth.jar:/apex/com.android.configinfrastructure/javalib/framework-configinfrastructure.jar:/apex/com.android.conscrypt/javalib/conscrypt.jar:/apex/com.android.devicelock/javalib/framework-devicelock.jar:/apex/com.android.healthfitness/javalib/framework-healthfitness.jar:/apex/com.android.ipsec/javalib/android.net.ipsec.ike.jar:/apex/com.android.media/javalib/updatable-media.jar:/apex/com.android.mediaprovider/javalib/framework-mediaprovider.jar:/apex/c
02-19 04:00:16.270 27975 27987 I artd    : Oat image checksum does not match image checksum.
02-19 04:00:16.270 27975 27987 I artd    : /data/app/~~1ss8hZxZBJZCIysHDzUBmg==/com.dts.freefiremax-F5oi1gUzRxn1EViuYrxb9w==/oat/arm64/base.odex is kOatBootImageOutOfDate with filter speed-profile
02-19 04:00:16.270 27975 27987 I artd    : GetBestInfo checking vdex in dalvik-cache (/data/dalvik-cache/arm64/data@app@~~1ss8hZxZBJZCIysHDzUBmg==@com.dts.freefiremax-F5oi1gUzRxn1EViuYrxb9w==@base.apk@classes.vdex)
02-19 04:00:16.270 27975 27987 I artd    : unable to open vdex file /data/dalvik-cache/arm64/data@app@~~1ss8hZxZBJZCIysHDzUBmg==@com.dts.freefiremax-F5oi1gUzRxn1EViuYrxb9w==@base.apk@classes.vdex: File /data/dalvik-cache/arm64/data@app@~~1ss8hZxZBJZCIysHDzUBmg==@com.dts.freefiremax-F5oi1gUzRxn1EViuYrxb9w==@base.apk@classes.vdex does not exist.
02-19 04:00:16.270 27975 27987 I artd    : OatFileAssistant test for existing oat file /data/dalvik-cache/arm64/data@app@~~1ss8hZxZBJZCIysHDzUBmg==@com.dts.freefiremax-F5oi1gUzRxn1EViuYrxb9w==@base.apk@classes.vdex: File /data/dalvik-cache/arm64/data@app@~~1ss8hZxZBJZCIysHDzUBmg==@com.dts.freefiremax-F5oi1gUzRxn1EViuYrxb9w==@base.apk@classes.vdex does not exist.
02-19 04:00:16.270 27975 27987 I artd    : GetBestInfo checking vdex next to the dex file (/data/app/~~1ss8hZxZBJZCIysHDzUBmg==/com.dts.freefiremax-F5oi1gUzRxn1EViuYrxb9w==/oat/arm64/base.vdex)
02-19 04:00:16.270 27975 27987 I artd    : Successfully loaded /data/app/~~1ss8hZxZBJZCIysHDzUBmg==/com.dts.freefiremax-F5oi1gUzRxn1EViuYrxb9w==/oat/arm64/base.vdex with executable: 0
02-19 04:00:16.270 27975 27987 I artd    : Image checksum test skipped for vdex file /data/app/~~1ss8hZxZBJZCIysHDzUBmg==/com.dts.freefiremax-F5oi1gUzRxn1EViuYrxb9w==/oat/arm64/base.vdex
02-19 04:00:16.270 27975 27987 I artd    : /data/app/~~1ss8hZxZBJZCIysHDzUBmg==/com.dts.freefiremax-F5oi1gUzRxn1EViuYrxb9w==/oat/arm64/base.vdex is kOatUpToDate with filter verify
02-19 04:00:16.271 27975 27985 W artd    : Could not get dex checksums for location /data/app/~~jNcLNQwWTRFEz_hR2i3hfQ==/com.dts.freefiremax-42xGb5NZG-hyePOgujBB6g==/base.apk, fd=-1
02-19 04:00:16.272  2557  4617 E ArtService: Failed to get dexopt status [packageName = com.dts.freefiremax, dexPath = /data/user/0/com.dts.freefiremax/cache/app_resources_lib.jar, isa = arm64, classLoaderContext = PCL[];PCL[/data/app/~~jNcLNQwWTRFEz_hR2i3hfQ==/com.dts.freefiremax-42xGb5NZG-hyePOgujBB6g==/base.apk]{PCL[/system/framework/org.apache.http.legacy.jar]}]
02-19 04:00:16.272  2557  4617 E ArtService: android.os.ServiceSpecificException: Failed to create OatFileAssistant: Failed to load class loader context files for '/data/user/0/com.dts.freefiremax/cache/app_resources_lib.jar' with context 'PCL[];PCL[/data/app/~~jNcLNQwWTRFEz_hR2i3hfQ==/com.dts.freefiremax-42xGb5NZG-hyePOgujBB6g==/base.apk]{PCL[/system/framework/org.apache.http.legacy.jar]}' (code 1)
02-19 04:00:16.272  2557  4617 E ArtService: 	at android.os.Parcel.createExceptionOrNull(Parcel.java:3271)
02-19 04:00:16.272  2557  4617 E ArtService: 	at android.os.Parcel.createException(Parcel.java:3241)
02-19 04:00:16.272  2557  4617 E ArtService: 	at android.os.Parcel.readException(Parcel.java:3224)
02-19 04:00:16.272  2557  4617 E ArtService: 	at android.os.Parcel.readException(Parcel.java:3166)
02-19 04:00:16.272  2557  4617 E ArtService: 	at com.android.server.art.IArtd$Stub$Proxy.getDexoptStatus(IArtd.java:778)
02-19 04:00:16.272  2557  4617 E ArtService: 	at com.android.server.art.ArtFileManager.getUsableArtifacts(ArtFileManager.java:149)
02-19 04:00:16.272  2557  4617 E ArtService: 	at com.android.server.art.ArtManagerLocal.getArtManagedFileStats(ArtManagerLocal.java:1005)
02-19 04:00:16.272  2557  4617 E ArtService: 	at com.android.server.usage.StorageStatsService.computeAppStatsByDataTypes(qb/95038144 0ba830a6ad55cb920f76c0bf08c337f3bf5b5f7e0d571af2367f2696bbde2abb:75)
02-19 04:00:16.272  2557  4617 E ArtService: 	at com.android.server.usage.StorageStatsService.queryStatsForUid(qb/95038144 0ba830a6ad55cb920f76c0bf08c337f3bf5b5f7e0d571af2367f2696bbde2abb:138)
02-19 04:00:16.272  2557  4617 E ArtService: 	at com.android.server.usage.StorageStatsService.queryStatsForPackage(qb/95038144 0ba830a6ad55cb920f76c0bf08c337f3bf5b5f7e0d571af2367f2696bbde2abb:83)
02-19 04:00:16.272  2557  4617 E ArtService: 	at android.app.usage.IStorageStatsManager$Stub.onTransact(IStorageStatsManager.java:265)
02-19 04:00:16.272  2557  4617 E ArtService: 	at android.os.Binder.execTransactInternal(Binder.java:1536)
02-19 04:00:16.272  2557  4617 E ArtService: 	at android.os.Binder.execTransact(Binder.java:1480)
02-19 04:00:16.272 27975 27975 W artd    : Could not get dex checksums for location /data/app/~~jNcLNQwWTRFEz_hR2i3hfQ==/com.dts.freefiremax-42xGb5NZG-hyePOgujBB6g==/base.apk, fd=-1
02-19 04:00:16.273  2557  4617 E ArtService: Failed to get dexopt status [packageName = com.dts.freefiremax, dexPath = /data/user/0/com.dts.freefiremax/cache/google_api_resources_lib.jar, isa = arm64, classLoaderContext = PCL[];PCL[/data/user/0/com.dts.freefiremax/cache/app_resources_lib.jar];PCL[/data/app/~~jNcLNQwWTRFEz_hR2i3hfQ==/com.dts.freefiremax-42xGb5NZG-hyePOgujBB6g==/base.apk]{PCL[/system/framework/org.apache.http.legacy.jar]}]
02-19 04:00:16.273  2557  4617 E ArtService: android.os.ServiceSpecificException: Failed to create OatFileAssistant: Failed to load class loader context files for '/data/user/0/com.dts.freefiremax/cache/google_api_resources_lib.jar' with context 'PCL[];PCL[/data/user/0/com.dts.freefiremax/cache/app_resources_lib.jar];PCL[/data/app/~~jNcLNQwWTRFEz_hR2i3hfQ==/com.dts.freefiremax-42xGb5NZG-hyePOgujBB6g==/base.apk]{PCL[/system/framework/org.apache.http.legacy.jar]}' (code 1)
02-19 04:00:16.273  2557  4617 E ArtService: 	at android.os.Parcel.createExceptionOrNull(Parcel.java:3271)
02-19 04:00:16.273  2557  4617 E ArtService: 	at android.os.Parcel.createException(Parcel.java:3241)
02-19 04:00:16.273  2557  4617 E ArtService: 	at android.os.Parcel.readException(Parcel.java:3224)
02-19 04:00:16.273  2557  4617 E ArtService: 	at android.os.Parcel.readException(Parcel.java:3166)
02-19 04:00:16.273  2557  4617 E ArtService: 	at com.android.server.art.IArtd$Stub$Proxy.getDexoptStatus(IArtd.java:778)
02-19 04:00:16.273  2557  4617 E ArtService: 	at com.android.server.art.ArtFileManager.getUsableArtifacts(ArtFileManager.java:149)
02-19 04:00:16.273  2557  4617 E ArtService: 	at com.android.server.art.ArtManagerLocal.getArtManagedFileStats(ArtManagerLocal.java:1005)
02-19 04:00:16.273  2557  4617 E ArtService: 	at com.android.server.usage.StorageStatsService.computeAppStatsByDataTypes(qb/95038144 0ba830a6ad55cb920f76c0bf08c337f3bf5b5f7e0d571af2367f2696bbde2abb:75)
02-19 04:00:16.273  2557  4617 E ArtService: 	at com.android.server.usage.StorageStatsService.queryStatsForUid(qb/95038144 0ba830a6ad55cb920f76c0bf08c337f3bf5b5f7e0d571af2367f2696bbde2abb:138)
