02-19 02:48:03.234 28755 28755 D nativeloader: Configuring clns-7 for other apk /system/system_ext/framework/org.carconnectivity.android.digitalkey.rangingintent.jar. target_sdk_version=36, uses_libraries=ALL, library_path=/data/app/~~lKF5m03LAHzVtb6eNtOZ2g==/com.google.android.gms-wI51HYMODXB8wNITY0VWBg==/lib/arm64:/data/app/~~lKF5m03LAHzVtb6eNtOZ2g==/com.google.android.gms-wI51HYMODXB8wNITY0VWBg==/base.apk!/lib/arm64-v8a, permitted_path=/data:/mnt/expand:/data/user/150/com.google.android.gms
02-19 02:48:03.234 28755 28755 D nativeloader: Extending system_exposed_libraries: libhumantracking.arcsoft.so:libface_recognition.arcsoft.so:libpic_best.arcsoft.so:libPortraitDistortionCorrection.arcsoft.so:libPortraitDistortionCorrectionCali.arcsoft.so:libface_landmark.arcsoft.so:libFacialStickerEngine.arcsoft.so:libfrtracking_engine.arcsoft.so:libFaceRecognition.arcsoft.so:libveengine.arcsoft.so:lib_pet_detection.arcsoft.so:libae_bracket_hdr.arcsoft.so:libdigital_tele_scope.arcsoft.so:libdigital_tele_scope_rawsr.arcsoft.so:libsf_tetra_enhance.arcsoft.so:libmf_bayer_enhance.arcsoft.so:libhybrid_high_dynamic_range.arcsoft.so:libimage_enhancement.arcsoft.so:libmacroclearshot_raw.arcsoft.so:libobjectcapture_jni.arcsoft.so:libobjectcapture.arcsoft.so:libFacialAttributeDetection.arcsoft.so:libmultisourceseparator.audio.samsung.so:libaudiomirroring_jni.audiomirroring.samsung.so:libBeauty_v4.camera.samsung.so:libexifa.camera.samsung.so:libjpega.camera.samsung.so:libOpenCv.camera.samsung.so:libaifrcInterface.camera.samsung.so:libC2paDps.camera.samsung.so:libVi
02-19 02:48:03.235 28564 28723 I [SC]SyncSettingManager: getContentList: com.android.settings.wifiprofilesync
02-19 02:48:03.235  1478  1478 I Zygote  : Process 23431 exited due to signal 9 (Killed)
02-19 02:48:03.235 28755 28755 D nativeloader: Configuring clns-8 for other apk /system/system_ext/framework/org.carconnectivity.android.digitalkey.secureelement.jar. target_sdk_version=36, uses_libraries=ALL, library_path=/data/app/~~lKF5m03LAHzVtb6eNtOZ2g==/com.google.android.gms-wI51HYMODXB8wNITY0VWBg==/lib/arm64:/data/app/~~lKF5m03LAHzVtb6eNtOZ2g==/com.google.android.gms-wI51HYMODXB8wNITY0VWBg==/base.apk!/lib/arm64-v8a, permitted_path=/data:/mnt/expand:/data/user/150/com.google.android.gms
02-19 02:48:03.235 28755 28755 D nativeloader: Extending system_exposed_libraries: libhumantracking.arcsoft.so:libface_recognition.arcsoft.so:libpic_best.arcsoft.so:libPortraitDistortionCorrection.arcsoft.so:libPortraitDistortionCorrectionCali.arcsoft.so:libface_landmark.arcsoft.so:libFacialStickerEngine.arcsoft.so:libfrtracking_engine.arcsoft.so:libFaceRecognition.arcsoft.so:libveengine.arcsoft.so:lib_pet_detection.arcsoft.so:libae_bracket_hdr.arcsoft.so:libdigital_tele_scope.arcsoft.so:libdigital_tele_scope_rawsr.arcsoft.so:libsf_tetra_enhance.arcsoft.so:libmf_bayer_enhance.arcsoft.so:libhybrid_high_dynamic_range.arcsoft.so:libimage_enhancement.arcsoft.so:libmacroclearshot_raw.arcsoft.so:libobjectcapture_jni.arcsoft.so:libobjectcapture.arcsoft.so:libFacialAttributeDetection.arcsoft.so:libmultisourceseparator.audio.samsung.so:libaudiomirroring_jni.audiomirroring.samsung.so:libBeauty_v4.camera.samsung.so:libexifa.camera.samsung.so:libjpega.camera.samsung.so:libOpenCv.camera.samsung.so:libaifrcInterface.camera.samsung.so:libC2paDps.camera.samsung.so:libVi
02-19 02:48:03.235  2557  2940 I libprocessgroup: Removed cgroup /sys/fs/cgroup/uid_10081/pid_23431
02-19 02:48:03.236 28755 28755 W ziparchive: Unable to open '/system_ext/framework/org.carconnectivity.android.digitalkey.timesync.dm': No such file or directory
02-19 02:48:03.236 28755 28755 W ziparchive: Unable to open '/system_ext/framework/org.carconnectivity.android.digitalkey.timesync.dm': No such file or directory
02-19 02:48:03.236  2557  2940 I libprocessgroup: Removed cgroup /sys/fs/cgroup/uid_10333/pid_24023
02-19 02:48:03.236 28755 28755 D nativeloader: Configuring clns-9 for other apk /system_ext/framework/org.carconnectivity.android.digitalkey.timesync.jar. target_sdk_version=36, uses_libraries=ALL, library_path=/data/app/~~lKF5m03LAHzVtb6eNtOZ2g==/com.google.android.gms-wI51HYMODXB8wNITY0VWBg==/lib/arm64:/data/app/~~lKF5m03LAHzVtb6eNtOZ2g==/com.google.android.gms-wI51HYMODXB8wNITY0VWBg==/base.apk!/lib/arm64-v8a, permitted_path=/data:/mnt/expand:/data/user/150/com.google.android.gms
02-19 02:48:03.236 28755 28755 D nativeloader: Extending system_exposed_libraries: libhumantracking.arcsoft.so:libface_recognition.arcsoft.so:libpic_best.arcsoft.so:libPortraitDistortionCorrection.arcsoft.so:libPortraitDistortionCorrectionCali.arcsoft.so:libface_landmark.arcsoft.so:libFacialStickerEngine.arcsoft.so:libfrtracking_engine.arcsoft.so:libFaceRecognition.arcsoft.so:libveengine.arcsoft.so:lib_pet_detection.arcsoft.so:libae_bracket_hdr.arcsoft.so:libdigital_tele_scope.arcsoft.so:libdigital_tele_scope_rawsr.arcsoft.so:libsf_tetra_enhance.arcsoft.so:libmf_bayer_enhance.arcsoft.so:libhybrid_high_dynamic_range.arcsoft.so:libimage_enhancement.arcsoft.so:libmacroclearshot_raw.arcsoft.so:libobjectcapture_jni.arcsoft.so:libobjectcapture.arcsoft.so:libFacialAttributeDetection.arcsoft.so:libmultisourceseparator.audio.samsung.so:libaudiomirroring_jni.audiomirroring.samsung.so:libBeauty_v4.camera.samsung.so:libexifa.camera.samsung.so:libjpega.camera.samsung.so:libOpenCv.camera.samsung.so:libaifrcInterface.camera.samsung.so:libC2paDps.camera.samsung.so:libVi
02-19 02:48:03.237 28564 28723 I [SC]SyncSettingManager: getContentList: com.samsung.bt.btservice.btsettingsprovider
02-19 02:48:03.238 28755 28755 D nativeloader: Configuring clns-10 for other apk /system/framework/com.android.location.provider.jar. target_sdk_version=36, uses_libraries=ALL, library_path=/data/app/~~lKF5m03LAHzVtb6eNtOZ2g==/com.google.android.gms-wI51HYMODXB8wNITY0VWBg==/lib/arm64:/data/app/~~lKF5m03LAHzVtb6eNtOZ2g==/com.google.android.gms-wI51HYMODXB8wNITY0VWBg==/base.apk!/lib/arm64-v8a, permitted_path=/data:/mnt/expand:/data/user/150/com.google.android.gms
02-19 02:48:03.238 28755 28755 D nativeloader: Extending system_exposed_libraries: libhumantracking.arcsoft.so:libface_recognition.arcsoft.so:libpic_best.arcsoft.so:libPortraitDistortionCorrection.arcsoft.so:libPortraitDistortionCorrectionCali.arcsoft.so:libface_landmark.arcsoft.so:libFacialStickerEngine.arcsoft.so:libfrtracking_engine.arcsoft.so:libFaceRecognition.arcsoft.so:libveengine.arcsoft.so:lib_pet_detection.arcsoft.so:libae_bracket_hdr.arcsoft.so:libdigital_tele_scope.arcsoft.so:libdigital_tele_scope_rawsr.arcsoft.so:libsf_tetra_enhance.arcsoft.so:libmf_bayer_enhance.arcsoft.so:libhybrid_high_dynamic_range.arcsoft.so:libimage_enhancement.arcsoft.so:libmacroclearshot_raw.arcsoft.so:libobjectcapture_jni.arcsoft.so:libobjectcapture.arcsoft.so:libFacialAttributeDetection.arcsoft.so:libmultisourceseparator.audio.samsung.so:libaudiomirroring_jni.audiomirroring.samsung.so:libBeauty_v4.camera.samsung.so:libexifa.camera.samsung.so:libjpega.camera.samsung.so:libOpenCv.camera.samsung.so:libaifrcInterface.camera.samsung.so:libC2paDps.camera.samsung.so:libVi
02-19 02:48:03.239 28755 28755 D nativeloader: Configuring clns-11 for other apk /system/framework/com.android.media.remotedisplay.jar. target_sdk_version=36, uses_libraries=ALL, library_path=/data/app/~~lKF5m03LAHzVtb6eNtOZ2g==/com.google.android.gms-wI51HYMODXB8wNITY0VWBg==/lib/arm64:/data/app/~~lKF5m03LAHzVtb6eNtOZ2g==/com.google.android.gms-wI51HYMODXB8wNITY0VWBg==/base.apk!/lib/arm64-v8a, permitted_path=/data:/mnt/expand:/data/user/150/com.google.android.gms
02-19 02:48:03.239 28755 28755 D nativeloader: Extending system_exposed_libraries: libhumantracking.arcsoft.so:libface_recognition.arcsoft.so:libpic_best.arcsoft.so:libPortraitDistortionCorrection.arcsoft.so:libPortraitDistortionCorrectionCali.arcsoft.so:libface_landmark.arcsoft.so:libFacialStickerEngine.arcsoft.so:libfrtracking_engine.arcsoft.so:libFaceRecognition.arcsoft.so:libveengine.arcsoft.so:lib_pet_detection.arcsoft.so:libae_bracket_hdr.arcsoft.so:libdigital_tele_scope.arcsoft.so:libdigital_tele_scope_rawsr.arcsoft.so:libsf_tetra_enhance.arcsoft.so:libmf_bayer_enhance.arcsoft.so:libhybrid_high_dynamic_range.arcsoft.so:libimage_enhancement.arcsoft.so:libmacroclearshot_raw.arcsoft.so:libobjectcapture_jni.arcsoft.so:libobjectcapture.arcsoft.so:libFacialAttributeDetection.arcsoft.so:libmultisourceseparator.audio.samsung.so:libaudiomirroring_jni.audiomirroring.samsung.so:libBeauty_v4.camera.samsung.so:libexifa.camera.samsung.so:libjpega.camera.samsung.so:libOpenCv.camera.samsung.so:libaifrcInterface.camera.samsung.so:libC2paDps.camera.samsung.so:libVi
02-19 02:48:03.239 28755 28755 D ApplicationLoaders: Returning zygote-cached class loader: /system_ext/framework/androidx.window.extensions.jar
02-19 02:48:03.239 28755 28755 D ApplicationLoaders: Returning zygote-cached class loader: /system_ext/framework/androidx.window.sidecar.jar
02-19 02:48:03.242 28564 28723 I [SC]SyncSettingManager: getContentList: com.android.contacts
02-19 02:48:03.243  2557  3826 D NetdEventListenerService: DNS Requested by 105, 9510258(com.google.android.gsf,...), SUCCESS, 51ms
02-19 02:48:03.245 28564 28723 I [SC]SyncSettingManager: getContentList: com.samsung.android.aremoji.cloud
02-19 02:48:03.248  4488  4488 I VRI[LauncherActivity]@66a84ac: call setFrameRateCategory for touch hint category=no preference, reason=boost timeout, vri=VRI[LauncherActivity]@66a84ac
02-19 02:48:03.248  2557  2906 D DisplayManagerService: Drop pending events for gone uid 10081
02-19 02:48:03.254  1167  1167 W keymint_tee: [WRN]begin req PARAMS: A1, PD4, 
02-19 02:48:03.255  1642  1642 I SurfaceFlinger: [com.sec.android.app.launcher/com.sec.android.app.launcher.activities.LauncherActivity$_4488#16487] setFrameRateCategory: NoPreference
02-19 02:48:03.256  1167  1167 D keymint_swd: keymint_swd keymint [WRN] (km_add_tag:528) skip: non repetable tag already exists with different value: 268435458
02-19 02:48:03.256  1167  1167 D keymint_swd: keymint_swd keymint [WRN] (swd_run_cb:263) swd_begin() returns 0
02-19 02:48:03.256  1167  1167 D android.hardware.security.keymint-service: begin: ret 0
02-19 02:48:03.256 28755 28755 D nativeloader: Configuring clns-12 for other apk /data/app/~~lKF5m03LAHzVtb6eNtOZ2g==/com.google.android.gms-wI51HYMODXB8wNITY0VWBg==/base.apk. target_sdk_version=36, uses_libraries=, library_path=/data/app/~~lKF5m03LAHzVtb6eNtOZ2g==/com.google.android.gms-wI51HYMODXB8wNITY0VWBg==/lib/arm64:/data/app/~~lKF5m03LAHzVtb6eNtOZ2g==/com.google.android.gms-wI51HYMODXB8wNITY0VWBg==/base.apk!/lib/arm64-v8a, permitted_path=/data:/mnt/expand:/data/user/150/com.google.android.gms
02-19 02:48:03.256  1166  9796 I keystore2: system/security/keystore2/src/security_level.rs:454 - In create_operation. Success to create IKeystoreOperation. 10159, None
02-19 02:48:03.257  1167  1167 D keymint_swd: keymint_swd keymint [WRN] (swd_run_cb:263) swd_update() returns 0
02-19 02:48:03.257  1167  1167 D android.hardware.security.keymint-service: update: ret 0
02-19 02:48:03.259  2557  2940 I libprocessgroup: Removed cgroup /sys/fs/cgroup/uid_1000/pid_23459
02-19 02:48:03.259  1478  1478 I Zygote  : Process 23459 exited due to signal 9 (Killed)
02-19 02:48:03.259  2557  3826 D NetdEventListenerService: DNS Requested by 105, 10258(com.google.android.gsf,...), SUCCESS, 57ms
02-19 02:48:03.260 28564 28723 I [SC]SyncSettingManager: getContentList: com.sec.android.app.sbrowser
02-19 02:48:03.260  1167  1167 D keymint_swd: keymint_swd keymint [WRN] (swd_run_cb:263) swd_finish() returns 0
02-19 02:48:03.260  1167  1167 D android.hardware.security.keymint-service: finish: ret 0
02-19 02:48:03.263 28755 28755 V GraphicsEnvironment: Currently set values for:
02-19 02:48:03.263 28755 28755 V GraphicsEnvironment:   angle_gl_driver_selection_pkgs=[]
02-19 02:48:03.263 28755 28755 V GraphicsEnvironment:   angle_gl_driver_selection_values=[]
02-19 02:48:03.263 28755 28755 V GraphicsEnvironment: Global.Settings values are invalid: number of packages: 0, number of values: 0
02-19 02:48:03.273 28564 28723 I [SC]SyncSettingManager: getContentList: com.samsung.android.app.reminder
02-19 02:48:03.280 28564 28723 I [SC]SyncSettingManager: getContentList: media
02-19 02:48:03.281 28755 28755 W ProviderHelper: Unknown dynamite feature providerinstaller.dynamite
02-19 02:48:03.281 28755 28755 I DynamiteModule: Considering local module com.google.android.gms.providerinstaller.dynamite:1 and remote module com.google.android.gms.providerinstaller.dynamite:0
02-19 02:48:03.281 28755 28755 I DynamiteModule: Selected local version of com.google.android.gms.providerinstaller.dynamite
02-19 02:48:03.284 28755 28755 D nativeloader: Load /data/app/~~lKF5m03LAHzVtb6eNtOZ2g==/com.google.android.gms-wI51HYMODXB8wNITY0VWBg==/base.apk!/lib/arm64-v8a/libconscrypt_gmscore_jni.so using ns clns-12 from class loader (caller=/data/app/~~lKF5m03LAHzVtb6eNtOZ2g==/com.google.android.gms-wI51HYMODXB8wNITY0VWBg==/base.apk): ok
02-19 02:48:03.284 28755 28755 V NativeCrypto: Registering com/google/android/gms/org/conscrypt/NativeCrypto's 334 native methods...
02-19 02:48:03.284 28564 28723 I [SC]SyncSettingManager: getContentList: com.samsung.android.samsungpass.scloud
02-19 02:48:03.287 28755 28755 I ProviderInstaller: Installed default security provider GmsCore_OpenSSL
02-19 02:48:03.291 28755 28807 I Watchcat: Started
02-19 02:48:03.296 28755 28807 I GMS_MM_Logger: (REDACTED) Start time: %s
02-19 02:48:03.296 28755 28755 D BoundBrokerSvc: onBind: Intent { act=com.google.android.gms.auth.api.credentials.fido.operations.chromesync.PasskeysCacheUpdateService.ACTION_TASK_READY dat=chimera-action:/... cmp=com.google.android.gms/.chimera.GmsInternalBoundBrokerService }
02-19 02:48:03.296 28755 28755 D BoundBrokerSvc: Loading bound service for intent: Intent { act=com.google.android.gms.auth.api.credentials.fido.operations.chromesync.PasskeysCacheUpdateService.ACTION_TASK_READY dat=chimera-action:/... cmp=com.google.android.gms/.chimera.GmsInternalBoundBrokerService }
02-19 02:48:03.296 28755 28807 I GMS_MM_Logger: Started.
02-19 02:48:03.298 28755 28792 I DynamiteModule: Considering local module com.google.android.gms.googlecertificates:7 and remote module com.google.android.gms.googlecertificates:0
02-19 02:48:03.298 28755 28792 I DynamiteModule: Selected local version of com.google.android.gms.googlecertificates
02-19 02:48:03.302  6075  6075 D BoundBrokerSvc: onBind: Intent { act=com.google.android.gms.auth.blockstore.service.START dat=chimera-action:/... cmp=com.google.android.gms/.chimera.GmsApiService }
02-19 02:48:03.302  6075  6075 D BoundBrokerSvc: Loading bound service for intent: Intent { act=com.google.android.gms.auth.blockstore.service.START dat=chimera-action:/... cmp=com.google.android.gms/.chimera.GmsApiService }
02-19 02:48:03.305  5356 28113 I NetworkScheduler.Stats: (REDACTED) Task %s/%s started execution. cause:%s exec_start_elapsed_seconds: %s
02-19 02:48:03.312 28564 28723 I [SC]SyncSettingManager: getContentList: com.samsung.android.app.notes.sync
02-19 02:48:03.315  2557  3478 D CompatChangeReporter: Compat change id reported: 311208629; UID 15010258; state: ENABLED
02-19 02:48:03.316 28755 28755 D BoundBrokerSvc: onUnbind: Intent { act=com.google.android.gms.auth.api.credentials.fido.operations.chromesync.PasskeysCacheUpdateService.ACTION_TASK_READY dat=chimera-action:/... cmp=com.google.android.gms/.chimera.GmsInternalBoundBrokerService }
02-19 02:48:03.316 28564 28723 I [SC]EdpSyncPolicy5411: t: {com.samsung.android.aremoji.cloud=[k6M02It8oQ, vIrDKrcNqn], com.samsung.bt.btservice.btsettingsprovider=[BhjdLP0vkK], com.android.settings.wifiprofilesync=[wYJPhxEsaA], com.sec.android.app.sbrowser=[4OuNBe4y9z, P56GWW8N4r, kmjqYba23r, qzac7cSzXP, d8gjv0w9qx, Iba9EFx3Qc]}
02-19 02:48:03.317  5356 28112 I NetworkScheduler.Stats: (REDACTED) HousekeepingTask %s/%s finished executing. cause:%s result: %s elapsed_millis: %s uptime_millis: %s exec_start_elapsed_seconds: %s
02-19 02:48:03.318 28564 28723 I [SC]SyncSettingManager: getEdpDeviceList: {"values":[{"model_code":"SM-S928BZTCXSG","title":"Galaxy S24 Ultra","image_uri":"/data/user/0/com.samsung.android.scloud/files/pki_model_images/SM-S928BZTCXSG.png","device_type":"kmx"}]}
02-19 02:48:03.319 28564 28723 I [SC]EdpSyncDeviceData: t: [EdpDeviceVo{modelCode='SM-S928BZTCXSG', title='Galaxy S24 Ultra', imageUri='/data/user/0/com.samsung.android.scloud/files/pki_model_images/SM-S928BZTCXSG.png', deviceType=kmx, type=null, pdid=null, thisPhone=false}]
02-19 02:48:03.319 28564 28723 I [SC]EdpSyncManager: initialize finished
02-19 02:48:03.319 28564 28723 I [SC]SyncInitialization: initialize edpSyncManager, elapsed time: 104
02-19 02:48:03.319 28564 28723 I [SC]SyncInitialization: initialize syncPolicyManager, elapsed time: 0
02-19 02:48:03.319 28564 28723 I [SC]SyncCategoryProvider: Initialized category mapping with 27 entries
02-19 02:48:03.319 28564 28723 I [SC]SyncInitialization: SyncCategoryProvider registered successfully
02-19 02:48:03.320 28564 28723 I [SC]SyncInitialization: initialize syncConfigData, elapsed time: 1
02-19 02:48:03.320 28564 28824 I [SC]EdpSyncPolicy5411: getE2eePolicy
02-19 02:48:03.320 28564 28723 I [SC]SyncInitialization: load syncProvisionManager, elapsed time: 0
02-19 02:48:03.320 28564 28723 I [SC]SyncProvision: isInternal: com.android.contacts,false
02-19 02:48:03.320 28564 28723 I [SC]SyncProvision: isInternal: com.samsung.android.aremoji.cloud,false
02-19 02:48:03.320 28564 28723 I [SC]SyncProvision: isInternal: com.samsung.android.SmartClip,false
02-19 02:48:03.320 28564 28723 I [SC]SyncProvision: isInternal: com.samsung.android.memo,false
02-19 02:48:03.320 28564 28723 I [SC]SyncProvision: isInternal: com.samsung.bt.btservice.btsettingsprovider,false
02-19 02:48:03.320 28564 28723 I [SC]SyncProvision: isInternal: com.samsung.android.app.reminder,false
02-19 02:48:03.320 28564 28723 I [SC]SyncProvision: isInternal: media,true
02-19 02:48:03.320 28564 28723 I [SC]SyncProvision: isInternal: com.samsung.android.app.notes.sync,false
02-19 02:48:03.320 28564 28723 I [SC]SyncProvision: isInternal: com.samsung.android.snoteprovider4,false
02-19 02:48:03.320 28564 28723 I [SC]SyncProvision: isInternal: com.samsung.android.samsungpass.scloud,false
02-19 02:48:03.320 28564 28723 I [SC]SyncProvision: isInternal: com.android.settings.wifiprofilesync,false
02-19 02:48:03.321 28564 28723 I [SC]SyncProvision: isInternal: com.sec.android.app.sbrowser,false
02-19 02:48:03.321 28564 28723 I [SC]SyncProvision: isInternal: com.android.calendar,false
02-19 02:48:03.321  2557  7241 I ActivityManager: Killing 26052:com.samsung.android.dqagent/1000 (adj 999): empty #33
02-19 02:48:03.321 28564 28824 I [SC][ScspKpsLite]: name: com.samsung.scsp.pam.kps.lite, version : 1.2.0000, isAccountRequiredFeature = true, isDrsSupported = false, platformConfigurationRequire = false
02-19 02:48:03.321 28564 28825 I [SC]DeviceUtil: hasSepLiteSpec: false
02-19 02:48:03.325 28564 28825 I [SC][Gallery-CloudServiceTypeRepositoryImpl]: getCloudServiceTypeInfo. result=CloudServiceTypeInfo(serviceType=OneDrive, sequenceNumber=0)
02-19 02:48:03.325 28564 28825 I [SC][DEPENDENCY][Gallery]: isSupported: true,false,false
02-19 02:48:03.325 28564 28825 I [SC]SyncSettingManager: getCategory: media
02-19 02:48:03.327  2557  4014 D SyncManager: userId - 0 auto - false
02-19 02:48:03.328  6075  6075 D BoundBrokerSvc: onBind: Intent { act=com.google.android.gms.auth.api.credentials.fido.operations.chromesync.PasskeysCacheUpdateService.ACTION_TASK_READY dat=chimera-action:/... cmp=com.google.android.gms/.chimera.GmsInternalBoundBrokerService }
02-19 02:48:03.328  6075  6075 D BoundBrokerSvc: Loading bound service for intent: Intent { act=com.google.android.gms.auth.api.credentials.fido.operations.chromesync.PasskeysCacheUpdateService.ACTION_TASK_READY dat=chimera-action:/... cmp=com.google.android.gms/.chimera.GmsInternalBoundBrokerService }
02-19 02:48:03.329 28564 28825 I [SC]MediaApi: isSyncAutomatically(): master sync: false
02-19 02:48:03.330 28564 28826 I [SC]EdpContentsNotificationManager: onEdpStatusUpdated: -1,false,10,10
02-19 02:48:03.330 28755 28821 I DynamiteModule: Considering local module com.google.android.gms.cronet_dynamite:0 and remote module com.google.android.gms.cronet_dynamite:4311
02-19 02:48:03.330 28755 28821 I DynamiteModule: Selected remote version of com.google.android.gms.cronet_dynamite, version >= 4311
02-19 02:48:03.330 28755 28821 W System  : ClassLoader referenced unknown path: 
02-19 02:48:03.331 28564 28825 I [SC]MediaApi: isSyncAutomatically(), false
02-19 02:48:03.331 28755 28821 D nativeloader: Configuring clns-13 for other apk . target_sdk_version=36, uses_libraries=, library_path=/data/app/~~lKF5m03LAHzVtb6eNtOZ2g==/com.google.android.gms-wI51HYMODXB8wNITY0VWBg==/lib/arm64:/data/app/~~lKF5m03LAHzVtb6eNtOZ2g==/com.google.android.gms-wI51HYMODXB8wNITY0VWBg==/base.apk!/lib/arm64-v8a, permitted_path=/data:/mnt/expand:/data/user/150/com.google.android.gms
02-19 02:48:03.333  5356 28113 I NetworkScheduler.Stats: (REDACTED) Task %s/%s started execution. cause:%s exec_start_elapsed_seconds: %s
02-19 02:48:03.333 28428 28537 I OneAuthLog: [OneAuth:0003:Info::00000000] [Common] [2026-02-18 21:18:03 - thread_id: 3588, correlation_id: UNSET - Android 35] Received successful result from Broker Content Provider.   
02-19 02:48:03.334 28428 28537 V OneAuthLog: [OneAuth:0003:Verbose::00000000] [Common] [2026-02-18 21:18:03 - thread_id: 3588, correlation_id: UNSET - Android 35] com.microsoft.appmanager::WhUdh04ZkQLmNb//lKmohyqDdPMWXHcI0O3AvoLMtgF/smnED4r+Vguvgj6d4QG77Jl3avUKt6LeqF2TJPZVzg== is a valid broker app.   
02-19 02:48:03.334 28428 28537 V OneAuthLog: [OneAuth:0003:Verbose::00000000] [Common] [2026-02-18 21:18:03 - thread_id: 3588, correlation_id: UNSET - Android 35] Finished encryption   
02-19 02:48:03.335 28428 28537 V OneAuthLog: [OneAuth:0003:Verbose::00000000] [Common] [2026-02-18 21:18:03 - thread_id: 3588, correlation_id: UNSET - Android 35] Finished encryption   
02-19 02:48:03.335 28428 28537 I OneAuthLog: [OneAuth:0003:Info::00000000] [Common] [2026-02-18 21:18:03 - thread_id: 3588, correlation_id: UNSET - Android 35] Removing cache key   
02-19 02:48:03.335 28428 28537 E OneAuthLog: [OneAuth:0003:Error::00000000] [Common] [2026-02-18 21:18:03 - thread_id: 3588, correlation_id: UNSET - Android 35] Broker Result not returned from Broker   
02-19 02:48:03.335 28428 28537 I OneAuthLog: [OneAuth:0003:Info::00000000] [Common] [2026-02-18 21:18:03 - thread_id: 3588, correlation_id: UNSET - Android 35] ResultBundle does not contain BrokerResult. So, this is not likely a broker version supported issue. Continuing.   
02-19 02:48:03.336 28428 28557 V OneAuthLog: [MSAL:0005]	DEBUG  	SetField:175	Key: broker_app_used, Value: true
02-19 02:48:03.336 28428 28557 V OneAuthLog: [MSAL:0005]	DEBUG  	AppendField:208	Key: auth_flow, Value: Broker
02-19 02:48:03.336 28428 28557 V OneAuthLog: [MSAL:0005]	DEBUG  	SetField:175	Key: is_successful, Value: true
02-19 02:48:03.336 28428 28557 V OneAuthLog: [MSAL:0005]	DEBUG  	SetField:175	Key: broker_accounts_count, Value: 0
02-19 02:48:03.336 28428 28557 V OneAuthLog: [MSAL:0005]	DEBUG  	AppendExecutionFlow:414	{"t":"4qnni","tid":5,"ts":445,"l":2,"a":2,"ie":0}
02-19 02:48:03.336 28428 28537 V OneAuthLog: [OneAuth:0003:Verbose::00000000] [Common] [2026-02-18 21:18:03 - thread_id: 3588, correlation_id: 2be11f1c-7b16-4593-982c-c0023d01834a - Android 35] Loading Accounts...(no arg)   
02-19 02:48:03.336 28428 28537 I OneAuthLog: [OneAuth:0003:Info::00000000] [Common] [2026-02-18 21:18:03 - thread_id: 3588, correlation_id: 2be11f1c-7b16-4593-982c-c0023d01834a - Android 35] Found [1] Accounts...   
02-19 02:48:03.336 28428 28557 V OneAuthLog: [MSAL:0005]	DEBUG  	AppendExecutionFlow:414	{"t":"4qnnh","tid":5,"ts":445,"l":2,"a":2,"ie":1}
02-19 02:48:03.336 28428 28557 V OneAuthLog: [MSAL:0005]	DEBUG  	ReadAllAccountsInternal:157	List all MSAL accounts
02-19 02:48:03.336 28428 28557 V OneAuthLog: [MSAL:0005]	DEBUG  	ReadAllAccountsInternal:301	List all MSAL accounts finished
02-19 02:48:03.337 28428 28557 V OneAuthLog: [MSAL:0005]	DEBUG  	SetField:175	Key: storage_accounts_count, Value: 1
02-19 02:48:03.337 28428 28557 V OneAuthLog: [MSAL:0005]	DEBUG  	SetField:175	Key: is_successful, Value: true
02-19 02:48:03.337 28428 28557 V OneAuthLog: [MSAL:0005]	DEBUG  	SetTimeField:194	Key: stop_time, Value: 2026-02-18T21:18:03.000Z
02-19 02:48:03.337 28428 28557 V OneAuthLog: [MSAL:0005]	DEBUG  	SetField:175	Key: request_duration, Value: 446
02-19 02:48:03.337 28428 28557 I OneAuthLog: [MSAL:0005]	INFO   	LogTelemetryData:464	Printing Telemetry for Correlation ID: 2be11f1c-7b16-4593-982c-c0023d01834a
02-19 02:48:03.337 28428 28557 I OneAuthLog: [MSAL:0005]	INFO   	LogTelemetryData:472	Key: request_duration, Value: 446
02-19 02:48:03.337 28428 28557 I OneAuthLog: [MSAL:0005]	INFO   	LogTelemetryData:472	Key: stop_time, Value: 2026-02-18T21:18:03.000Z
02-19 02:48:03.337 28428 28557 I OneAuthLog: [MSAL:0005]	INFO   	LogTelemetryData:472	Key: storage_accounts_count, Value: 1
02-19 02:48:03.337 28428 28557 I OneAuthLog: [MSAL:0005]	INFO   	LogTelemetryData:472	Key: auth_flow, Value: Broker
02-19 02:48:03.337 28428 28557 I OneAuthLog: [MSAL:0005]	INFO   	LogTelemetryData:472	Key: authority_type, Value: Unknown
02-19 02:48:03.337 28428 28557 I OneAuthLog: [MSAL:0005]	INFO   	LogTelemetryData:472	Key: is_successful, Value: true
02-19 02:48:03.337 28428 28557 I OneAuthLog: [MSAL:0005]	INFO   	LogTelemetryData:472	Key: was_request_throttled, Value: false
02-19 02:48:03.337 28428 28557 I OneAuthLog: [MSAL:0005]	INFO   	LogTelemetryData:472	Key: request_eligible_for_broker, Value: true
02-19 02:48:03.337 28428 28557 I OneAuthLog: [MSAL:0005]	INFO   	LogTelemetryData:472	Key: broker_app_used, Value: true
02-19 02:48:03.337 28428 28557 I OneAuthLog: [MSAL:0005]	INFO   	LogTelemetryData:472	Key: api_name, Value: DiscoverAccounts
02-19 02:48:03.337 28428 28557 I OneAuthLog: [MSAL:0005]	INFO   	LogTelemetryData:472	Key: msal_version, Value: 1.1.0+012a7425
02-19 02:48:03.337 28428 28557 I OneAuthLog: [MSAL:0005]	INFO   	LogTelemetryData:472	Key: start_time, Value: 2026-02-18T21:18:02.000Z
02-19 02:48:03.337 28428 28557 I OneAuthLog: [MSAL:0005]	INFO   	LogTelemetryData:472	Key: client_id, Value: b26aadf8-566f-4478-926f-589f601d9c74
02-19 02:48:03.337 28428 28557 I OneAuthLog: [MSAL:0005]	INFO   	LogTelemetryData:472	Key: broker_accounts_count, Value: 0
02-19 02:48:03.337 28428 28557 I OneAuthLog: [MSAL:0005]	INFO   	LogTelemetryData:472	Key: correlation_id, Value: 2be11f1c-7b16-4593-982c-c0023d01834a
02-19 02:48:03.337 28428 28557 I OneAuthLog: [MSAL:0005]	INFO   	LogTelemetryData:477	Printing Execution Flow:
02-19 02:48:03.337 28428 28557 I OneAuthLog: [MSAL:0005]	INFO   	LogTelemetryData:485	{"t":"4sufd","tid":4,"ts":0,"s":2,"l":2},{"t":"4swgg","tid":4,"ts":0,"s":1,"l":2},{"t":"4swgf","tid":4,"ts":0,"s":1,"l":2},{"t":"4swgi","tid":5,"ts":0,"s":1,"l":2},{"t":"8dqku","tid":5,"ts":0,"l":2},{"t":"4efdy","tid":5,"ts":0,"l":2},{"t":"4efe1","tid":5,"ts":1,"l":2},{"t":"4efez","tid":5,"ts":39,"l":2},{"t":"4efey","tid":5,"ts":40,"l":2},{"t":"4efew","tid":5,"ts":41,"l":2},{"t":"4efex","tid":5,"ts":42,"l":2},{"t":"4efdx","tid":5,"ts":42,"l":2},{"t":"4qnni","tid":5,"ts":445,"l":2,"a":2,"ie":0},{"t":"4qnnh","tid":5,"ts":445,"l":2,"a":2,"ie":1}
02-19 02:48:03.337 28428 28557 I OneAuthLog: [OneAuth:0005:Info:59ljv:2be11f1c] Found 1 accounts using client ID: b26aadf8-566f-4478-926f-589f601d9c74
02-19 02:48:03.337 28428 28557 V OneAuthLog: [OneAuth:0005:Verbose:6k1zf:2be11f1c] Start to read from account store 
02-19 02:48:03.337 28428 28557 V OneAuthLog: [OneAuth:0005:Verbose:6k1zg:2be11f1c] Read from account store succeeded 
02-19 02:48:03.337 28428 28557 I OneAuthLog: [OneAuth:0005:Info:7orfe:2be11f1c] Start to read from MSAL cache
02-19 02:48:03.337 28428 28557 V OneAuthLog: [MSAL:0005]	DEBUG  	ReadAllAccountsInternal:157	List all MSAL accounts
02-19 02:48:03.337 28428 28557 V OneAuthLog: [MSAL:0005]	DEBUG  	ReadAllAccountsInternal:301	List all MSAL accounts finished
02-19 02:48:03.337 28428 28557 V OneAuthLog: [OneAuth:0005:Verbose:5nhsi:2be11f1c] Hrd Parameters are not empty
02-19 02:48:03.337 28428 28537 V OneAuthLog: [OneAuth:0003:Verbose::00000000] [Common] [2026-02-18 21:18:03 - thread_id: 3588, correlation_id: UNSET - Android 35] Loading Accounts...(no arg)   
02-19 02:48:03.338 28428 28537 I OneAuthLog: [OneAuth:0003:Info::00000000] [Common] [2026-02-18 21:18:03 - thread_id: 3588, correlation_id: UNSET - Android 35] Found [1] Accounts...   
02-19 02:48:03.338 28428 28557 V OneAuthLog: [OneAuth:0005:Verbose:6k1zb:2be11f1c] Start to write to account store 
02-19 02:48:03.338 28428 28557 V OneAuthLog: [OneAuth:0005:Verbose:6k1zc:2be11f1c] Write to account store succeeded 
02-19 02:48:03.338 28428 28557 I OneAuthLog: [OneAuth:0005:Info:8o1or:2be11f1c] Finished account discovery
02-19 02:48:03.338 28428 28557 E OneAuthLog: [OneAuth:0005:Error:96xl9:2be11f1c] Setting correlation ID to identical value
02-19 02:48:03.338 28428 28557 E OneAuthLog: [OneAuth:0005:Error:96q8r:2be11f1c] Attempting to set a new correlation ID to a thread with an existing correlation ID.
02-19 02:48:03.338 28428 28557 V OneAuthLog: [OneAuth:0005:Verbose:6k1zf:2be11f1c] Start to read from account store 
02-19 02:48:03.338 28428 28557 V OneAuthLog: [OneAuth:0005:Verbose:6k1zg:2be11f1c] Read from account store succeeded 
02-19 02:48:03.339 28428 28557 V OneAuthLog: [MSAL:0005]	DEBUG  	ExecuteQueueItemThreadProc:407	Item 1 finished executing without throwing an error
02-19 02:48:03.339 28428 28557 V OneAuthLog: [MSAL:0005]	DEBUG  	CompleteBackgroundRequest:375	CompleteBackgroundRequest item 1
02-19 02:48:03.346 28564 28825 I [SC]MediaApi: isWiFiOnly(), res - true
02-19 02:48:03.346 28564 28825 I [SC]EdpSyncPolicy5411: getCategoryState: media, 0
02-19 02:48:03.347 28564 28825 I [SC]Permission: isSpecialAccessPermissionGranted: mode: 3
02-19 02:48:03.347 28564 28825 I [SC]SyncSettingManager: setIsSyncable: media, 1
02-19 02:48:03.347 28564 28825 I [SC]SyncSettingManager: getSyncStatus: media
02-19 02:48:03.348  6075  6075 D BoundBrokerSvc: onUnbind: Intent { act=com.google.android.gms.auth.api.credentials.fido.operations.chromesync.PasskeysCacheUpdateService.ACTION_TASK_READY dat=chimera-action:/... cmp=com.google.android.gms/.chimera.GmsInternalBoundBrokerService }
02-19 02:48:03.348  5356 28112 I NetworkScheduler.Stats: (REDACTED) HousekeepingTask %s/%s finished executing. cause:%s result: %s elapsed_millis: %s uptime_millis: %s exec_start_elapsed_seconds: %s
02-19 02:48:03.349  2557  3826 D NetdEventListenerService: DNS Requested by 105, 10258(com.google.android.gsf,...), SUCCESS, 1ms
02-19 02:48:03.349 28564 28824 I KMX|DeviceInfoManagementImpl: KmxSdk v2.0.16-release
02-19 02:48:03.349 28564 28824 I KMX|DeviceInfoManagementImpl: [getE2EEDeviceType] : 1
02-19 02:48:03.349 28564 28824 I DeviceInfoManagementImpl: VC :110184000
02-19 02:48:03.349 28564 28824 I KMX|DeviceInfoManagementImpl: [getSAKUid] : qnqIbDyJOmPYdOpB4UuRjN26_POc6bxpejcmVUvw9Mo=
02-19 02:48:03.349 28564 28824 I KMX|DeviceInfoManagementImpl: KmxSdk v2.0.16-release
02-19 02:48:03.349 28564 28824 I KMX|DeviceInfoManagementImpl: [getE2EEDeviceType] : 1
02-19 02:48:03.349 28564 28824 I [SC][DeviceUtil]: One UI version : 7.0.0
02-19 02:48:03.349 28564 28824 I [SC][UserRegistration]: register
02-19 02:48:03.349 28564 28824 I [SC][UserRegistration]: Already user registered.
02-19 02:48:03.349 28564 28824 I [SC][UserToken]: Get token
02-19 02:48:03.349 28564 28824 I [SC][UserToken]: UserToken is valid
02-19 02:48:03.350  6075  6075 D BoundBrokerSvc: onBind: Intent { act=com.google.android.gms.chromesync.service.zeroparty.START dat=chimera-action:/... cmp=com.google.android.gms/.chimera.GmsApiService }
02-19 02:48:03.350  6075  6075 D BoundBrokerSvc: Loading bound service for intent: Intent { act=com.google.android.gms.chromesync.service.zeroparty.START dat=chimera-action:/... cmp=com.google.android.gms/.chimera.GmsApiService }
02-19 02:48:03.353 28564 28825 I [SC]SyncSettingManager: getContentVo: media, phzej3S76k
02-19 02:48:03.354 28564 28824 I [SC][DeviceUtil]: getSimMcc
02-19 02:48:03.355  6075 28836 I SyncManager: (REDACTED) Executing sync(type=%s%s)
02-19 02:48:03.355 28564 28825 I [SC]EdpSyncPolicy5411: getContentPolicy: media,phzej3S76k,0
02-19 02:48:03.356 28564 28825 I [SC]SyncProvision: provisioning of Gallery is done
02-19 02:48:03.356 28564 28723 I [SC]SyncInitialization: execute provision for internal items, elapsed time: 36
02-19 02:48:03.356  1478  1478 I Zygote  : Process 26052 exited due to signal 9 (Killed)
02-19 02:48:03.356 28564 28723 I [SC]SyncInitialization: end of sync initialization
02-19 02:48:03.356 18036 18036 D BoundBrokerSvc: onBind: Intent { act=com.google.android.gms.chromesync.tasks.UpdateAffiliationsTaskBoundService.ACTION_TASK_READY dat=chimera-action:/... cmp=com.google.android.gms/.chimera.GmsInternalBoundBrokerService }
02-19 02:48:03.356 18036 18036 D BoundBrokerSvc: Loading bound service for intent: Intent { act=com.google.android.gms.chromesync.tasks.UpdateAffiliationsTaskBoundService.ACTION_TASK_READY dat=chimera-action:/... cmp=com.google.android.gms/.chimera.GmsInternalBoundBrokerService }
02-19 02:48:03.357  6075 28836 I SyncManager: (REDACTED) Executing sync(type=%s) finished in %s
02-19 02:48:03.358  6075 28836 I SyncManager: (REDACTED) Executing sync(type=%s%s)
02-19 02:48:03.358  5356 28113 I NetworkScheduler.Stats: (REDACTED) Task %s/%s started execution. cause:%s exec_start_elapsed_seconds: %s
02-19 02:48:03.358  5923  5923 D BoundBrokerSvc: onRebind: Intent { act=com.google.android.gms.common.telemetry.service.START dat=chimera-action:/... cmp=com.google.android.gms/.chimera.PersistentApiService }
02-19 02:48:03.359 28755 28821 W TracingHelper: No RequestContext found in the trace or trace not available. [CONTEXT service_id=259 ratelimit_count=1410065408 ]
02-19 02:48:03.359 28564 28824 I [SC][DeviceUtil]: getSimMnc
02-19 02:48:03.359  2557  2940 I libprocessgroup: Removed cgroup /sys/fs/cgroup/uid_1000/pid_26052
02-19 02:48:03.359 28564 28837 I [SC][SyncSchedulePolicyChecker]: getLastUpdateTime():time = 1771383904019
02-19 02:48:03.359 28564 28837 I [SC][SyncSchedulePolicyChecker]: loadActiveTierInfo():activeTierData = {"d8gjv0w9qx":"T3","P56GWW8N4r":"T3","qzac7cSzXP":"T2"}
02-19 02:48:03.359 28564 28837 I [SC][SyncSchedulePolicyChecker]: loadDelayTime():delayTimeData = null
02-19 02:48:03.360 28564 28837 I [SC][SyncSchedulePolicyChecker]: needUpdatePolicy():lastUpdateTime = 1771383904019, ret = false
02-19 02:48:03.360 28564 28837 I [SC]ConfigurationManager: fromString sync: scloud-sync-policy, mode = CACHE_ONLY, caller = com.samsung.android.scloud.sync.policy.SyncSchedulePolicyChecker.getConfiguration(r8-map-id-764c62f694ce884bff376a6f60467832ea7698205721d20dd38df22723eabed2:4)
02-19 02:48:03.360 28564 28837 I [SC]ConfigurationManager: fromString async: scloud-sync-policy, mode = CACHE_ONLY, caller = A5.k.c(r8-map-id-764c62f694ce884bff376a6f60467832ea7698205721d20dd38df22723eabed2:65)
02-19 02:48:03.360 28564 28838 I [SC]ConfigurationLoader: load: scloud-sync-policy
02-19 02:48:03.360  6075 28836 I SyncManager: (REDACTED) Executing sync(type=%s) finished in %s
02-19 02:48:03.361 28564 28824 I [SC][ScspKpsLite]: private com.samsung.scsp.pam.kps.lite.ScspKpsLite$KpsApiControlImpl()
02-19 02:48:03.361 28564 28837 I [SC][SyncSchedulePolicyChecker]: getConfiguration():configuration = {
02-19 02:48:03.361 28564 28837 I [SC][SyncSchedulePolicyChecker]: 	"syncTierPolicy": 
02-19 02:48:03.361 28564 28837 I [SC][SyncSchedulePolicyChecker]: 		{
02-19 02:48:03.361 28564 28837 I [SC][SyncSchedulePolicyChecker]: 			"isOn": true
02-19 02:48:03.361 28564 28837 I [SC][SyncSchedulePolicyChecker]: 		}
02-19 02:48:03.361 28564 28837 I [SC][SyncSchedulePolicyChecker]: }
02-19 02:48:03.362 28564 28837 I [SC][SamsungCloudE2EESync]: name: com.samsung.scsp.framework.storage.data, version : 1.2.0010, isAccountRequiredFeature = true, isDrsSupported = false, platformConfigurationRequire = true
02-19 02:48:03.362 28564 28837 I KMX|DeviceInfoManagementImpl: KmxSdk v2.0.16-release
02-19 02:48:03.362 28564 28837 I KMX|DeviceInfoManagementImpl: [getE2EEDeviceType] : 1
02-19 02:48:03.362 28564 28837 I DeviceInfoManagementImpl: VC :110184000
02-19 02:48:03.362 28564 28837 I KMX|DeviceInfoManagementImpl: [getSAKUid] : qnqIbDyJOmPYdOpB4UuRjN26_POc6bxpejcmVUvw9Mo=
02-19 02:48:03.362 28564 28837 I KMX|DeviceInfoManagementImpl: KmxSdk v2.0.16-release
02-19 02:48:03.362 28564 28837 I KMX|DeviceInfoManagementImpl: [getE2EEDeviceType] : 1
02-19 02:48:03.362 28564 28837 I [SC][DeviceUtil]: One UI version : 7.0.0
02-19 02:48:03.362 28564 28837 I [SC][UserRegistration]: register
02-19 02:48:03.362 28564 28837 I [SC][UserRegistration]: Already user registered.
02-19 02:48:03.362 28564 28837 I [SC][UserToken]: Get token
02-19 02:48:03.362 28564 28837 I [SC][UserToken]: UserToken is valid
02-19 02:48:03.363  6075 28833 W Auth.Api.Credentials: [ListChromeSyncKeysForAccountOperation] Result size: 0 [CONTEXT service_id=363 ]
02-19 02:48:03.366 28564 28824 I [SC][ScspKpsLite]: getPolicy - using cachedPolicies
02-19 02:48:03.367 28564 28837 I [SC][DeviceUtil]: getSimMcc
02-19 02:48:03.367 28564 28837 I [SC][DeviceUtil]: getSimMnc
02-19 02:48:03.367 28564 28837 I [SC][SamsungCloudE2EESync]: public com.samsung.scsp.framework.storage.data.api.E2eeApiV3ControlImpl()
02-19 02:48:03.367 28755 28821 D nativeloader: Configuring clns-14 for other apk . target_sdk_version=36, uses_libraries=ALL, library_path=/data/app/~~lKF5m03LAHzVtb6eNtOZ2g==/com.google.android.gms-wI51HYMODXB8wNITY0VWBg==/split_CronetDynamite_installtime.apk!/lib/arm64-v8a, permitted_path=/data:/mnt/expand
02-19 02:48:03.367 28755 28821 D nativeloader: Extending system_exposed_libraries: libhumantracking.arcsoft.so:libface_recognition.arcsoft.so:libpic_best.arcsoft.so:libPortraitDistortionCorrection.arcsoft.so:libPortraitDistortionCorrectionCali.arcsoft.so:libface_landmark.arcsoft.so:libFacialStickerEngine.arcsoft.so:libfrtracking_engine.arcsoft.so:libFaceRecognition.arcsoft.so:libveengine.arcsoft.so:lib_pet_detection.arcsoft.so:libae_bracket_hdr.arcsoft.so:libdigital_tele_scope.arcsoft.so:libdigital_tele_scope_rawsr.arcsoft.so:libsf_tetra_enhance.arcsoft.so:libmf_bayer_enhance.arcsoft.so:libhybrid_high_dynamic_range.arcsoft.so:libimage_enhancement.arcsoft.so:libmacroclearshot_raw.arcsoft.so:libobjectcapture_jni.arcsoft.so:libobjectcapture.arcsoft.so:libFacialAttributeDetection.arcsoft.so:libmultisourceseparator.audio.samsung.so:libaudiomirroring_jni.audiomirroring.samsung.so:libBeauty_v4.camera.samsung.so:libexifa.camera.samsung.so:libjpega.camera.samsung.so:libOpenCv.camera.samsung.so:libaifrcInterface.camera.samsung.so:libC2paDps.camera.samsung.so:libVi
02-19 02:48:03.368 28564 28837 I [SC][PlatformConfigurationImpl]: getPlatformConfiguration
02-19 02:48:03.368 28564 28824 I [SC]SyncSettingManager: getEdpSyncService: EdpSyncVo{groupId='ei-zsobk69', serviceId='si-6vqcx5t', state='-1', devices='null'}
02-19 02:48:03.369  2557  3767 I SemWifiServiceDetector: NSD results: [0, 1, 2, 0, 0, 0, 2, 0, 0] Traff. type 2 Thr 180
02-19 02:48:03.369 28755 28821 D nativeloader: Load /data/app/~~lKF5m03LAHzVtb6eNtOZ2g==/com.google.android.gms-wI51HYMODXB8wNITY0VWBg==/split_CronetDynamite_installtime.apk!/lib/arm64-v8a/libcronet.145.0.7582.0.so using isolated ns clns-14 (caller=/data/app/~~lKF5m03LAHzVtb6eNtOZ2g==/com.google.android.gms-wI51HYMODXB8wNITY0VWBg==/split_CronetDynamite_installtime.apk): ok
02-19 02:48:03.369  6075 28836 I SyncManager: (REDACTED) Executing sync(type=%s%s)
02-19 02:48:03.369  6075 28833 W Auth.Api.Credentials: [ListChromeSyncKeysForAccountOperation] Result size: 0 [CONTEXT service_id=363 ]
02-19 02:48:03.370 28564 28837 I [SC]SyncTierPolicyManager: policy state = Server
02-19 02:48:03.370 28564 28837 I [SC]SyncTierPolicyManager: policy entry
02-19 02:48:03.370 28564 28837 I [SC]SyncTierPolicyManager: ---------------------------------------
02-19 02:48:03.370 28564 28837 I [SC]SyncTierPolicyManager: content=QUICKACCESS, tier=T2
02-19 02:48:03.370 28564 28837 I [SC]SyncTierPolicyManager: content=QUICKACCESS2, tier=T2
02-19 02:48:03.370 28564 28837 I [SC]SyncTierPolicyManager: content=CALENDAR, tier=T2
02-19 02:48:03.370 28564 28837 I [SC]SyncTierPolicyManager: content=SAMSUNG_PASS, tier=T2
02-19 02:48:03.370 28564 28837 I [SC]SyncTierPolicyManager: content=REMINDER, tier=T3
02-19 02:48:03.370 28564 28837 I [SC]SyncTierPolicyManager: content=CONTACT, tier=T2
02-19 02:48:03.370 28564 28837 I [SC]SyncTierPolicyManager: content=Unknown Container, tier=T3
02-19 02:48:03.370 28564 28837 I [SC]SyncTierPolicyManager: content=REMINDER_CATEGORY, tier=T3
02-19 02:48:03.370 28564 28837 I [SC]SyncTierPolicyManager: content=WIFI, tier=T1
02-19 02:48:03.370 28564 28837 I [SC]SyncTierPolicyManager: content=AR_EMOJI_CLOTHES, tier=T3
02-19 02:48:03.370 28564 28837 I [SC]SyncTierPolicyManager: content=SAVEDPAGE, tier=T3
02-19 02:48:03.370 28564 28837 I [SC]SyncTierPolicyManager: content=HISTORY, tier=CUSTOM
02-19 02:48:03.370 28564 28837 I [SC]SyncTierPolicyManager: content=AR_EMOJI_AVATAR, tier=T3
02-19 02:48:03.370 28564 28837 I [SC]SyncTierPolicyManager: content=OPENTAB, tier=CUSTOM
02-19 02:48:03.370 28564 28837 I [SC]SyncTierPolicyManager: content=SAMSUNG_PASS_ADDRESS, tier=T3
02-19 02:48:03.370 28564 28837 I [SC]SyncTierPolicyManager: content=SAMSUNG_PASS_NOTE, tier=T3
02-19 02:48:03.370 28564 28837 I [SC]SyncTierPolicyManager: content=BOOKMARK, tier=T2
02-19 02:48:03.370 28564 28837 I [SC]SyncTierPolicyManager: content=SAMSUNG_PASS_KEY_DATA, tier=T2
02-19 02:48:03.370 28564 28837 I [SC]SyncTierPolicyManager: content=BLUETOOTH, tier=T1
02-19 02:48:03.370 28564 28837 I [SC]SyncTierPolicyManager: ---------------------------------------
02-19 02:48:03.370 28564 28837 I [SC]SyncSchedulePolicyManager: refreshPolicy: true
02-19 02:48:03.370  6075 28836 I DeviceInfoManager: Updating device info [CONTEXT service_id=80 ]
02-19 02:48:03.370 28564 28837 I [SC]SyncSchedulePolicyManager: apply activeTierMap::cid =  qzac7cSzXP, tier = T2
02-19 02:48:03.370 28564 28837 I [SC]SyncSchedulePolicyManager: apply activeTierMap::cid =  d8gjv0w9qx, tier = T3
02-19 02:48:03.370 28564 28837 I [SC]SyncSchedulePolicyManager: apply activeTierMap::cid =  P56GWW8N4r, tier = T3
02-19 02:48:03.370 28564 28837 I [SC]SyncSchedulePolicyManager: updatePolicy: true,true,SyncSchedulePolicy{policyState=Cached, contentLocalSchedulePolicyMap={REMINDER_CATEGORY=App, SAVEDPAGE=App, CONTACT=CloudLocal, AR_EMOJI_AVATAR=App, SAMSUNG_PASS_ADDRESS=App, OPENTAB=App, Unknown Container=App, QUICKACCESS=CloudLocal, REMINDER=App, QUICKACCESS2=CloudLocal, SAMSUNG_PASS_KEY_DATA=CloudLocal, SAMSUNG_PASS_NOTE=App, AR_EMOJI_CLOTHES=App, SAMSUNG_PASS=CloudLocal, CALENDAR=CloudLocal, BOOKMARK=CloudLocal, BLUETOOTH=CloudLocal, WIFI=CloudLocal, HISTORY=App}, authorityIntervalPolicyMap={}}
02-19 02:48:03.370 28564 28837 I [SC]SyncSchedulePolicyManager: getPolicy: false
02-19 02:48:03.370 28564 28837 I [SC][SyncScheduleLogger]: [SyncPolicyLoaded] [policyEvent=None] [authority=] [isTransferred=false] [policyData=QUICKACCESS=CloudLocal,QUICKACCESS2=CloudLocal,CALENDAR=CloudLocal,SAMSUNG_PASS=CloudLocal,REMINDER=App,CONTACT=CloudLocal,Unknown Container=App,REMINDER_CATEGORY=App,WIFI=CloudLocal,AR_EMOJI_CLOTHES=App,SAVEDPAGE=App,HISTORY=App,AR_EMOJI_AVATAR=App,OPENTAB=App,SAMSUNG_PASS_ADDRESS=App,SAMSUNG_PASS_NOTE=App,BOOKMARK=CloudLocal,SAMSUNG_PASS_KEY_DATA=CloudLocal,BLUETOOTH=CloudLocal] 
02-19 02:48:03.371  6075 28836 E jccc    : *~*~*~ Previous channel {0} was garbage collected without being shut down! ~*~*~*
02-19 02:48:03.371  6075 28836 E jccc    :     Make sure to call shutdown()/shutdownNow()
02-19 02:48:03.371  6075 28836 E jccc    : java.lang.RuntimeException: ManagedChannel allocation site
02-19 02:48:03.371  6075 28836 E jccc    : 	at jccb.<init>(:com.google.android.gms@260438035@26.04.38 (260400-867839860):21)
02-19 02:48:03.371  6075 28836 E jccc    : 	at jccc.<init>(:com.google.android.gms@260438035@26.04.38 (260400-867839860):10)
02-19 02:48:03.371  6075 28836 E jccc    : 	at jcca.a(:com.google.android.gms@260438035@26.04.38 (260400-867839860):300)
02-19 02:48:03.371  6075 28836 E jccc    : 	at jbma.a(:com.google.android.gms@260438035@26.04.38 (260400-867839860):5)
02-19 02:48:03.371  6075 28836 E jccc    : 	at bfck.a(:com.google.android.gms@260438035@26.04.38 (260400-867839860):85)
02-19 02:48:03.371  6075 28836 E jccc    : 	at bfcb.t(:com.google.android.gms@260438035@26.04.38 (260400-867839860):119)
02-19 02:48:03.371  6075 28836 E jccc    : 	at bfcb.G(:com.google.android.gms@260438035@26.04.38 (260400-867839860):5)
02-19 02:48:03.371  6075 28836 E jccc    : 	at fbmr.a(:com.google.android.gms@260438035@26.04.38 (260400-867839860):45)
02-19 02:48:03.371  6075 28836 E jccc    : 	at fblw.c(:com.google.android.gms@260438035@26.04.38 (260400-867839860):20)
02-19 02:48:03.371  6075 28836 E jccc    : 	at fblw.a(:com.google.android.gms@260438035@26.04.38 (260400-867839860):3)
02-19 02:48:03.371  6075 28836 E jccc    : 	at azdp.run(:com.google.android.gms@260438035@26.04.38 (260400-867839860):5)
02-19 02:48:03.371  6075 28836 E jccc    : 	at bfin.c(:com.google.android.gms@260438035@26.04.38 (260400-867839860):50)
02-19 02:48:03.371  6075 28836 E jccc    : 	at bfin.run(:com.google.android.gms@260438035@26.04.38 (260400-867839860):73)
02-19 02:48:03.371  6075 28836 E jccc    : 	at java.util.concurrent.ThreadPoolExecutor.runWorker(ThreadPoolExecutor.java:1145)
02-19 02:48:03.371  6075 28836 E jccc    : 	at java.util.concurrent.ThreadPoolExecutor$Worker.run(ThreadPoolExecutor.java:644)
02-19 02:48:03.371  6075 28836 E jccc    : 	at bfoe.run(:com.google.android.gms@260438035@26.04.38 (260400-867839860):8)
02-19 02:48:03.371  6075 28836 E jccc    : 	at java.lang.Thread.run(Thread.java:1012)
02-19 02:48:03.375 28755 28821 I cn_CronetLibraryLoader: Cronet version: 145.0.7582.0, arch: aarch64
02-19 02:48:03.378  5356 17764 E AuthPII : [RequestTokenManager] getToken() -> BAD_AUTHENTICATION. App: com.google.android.gms, Service: oauth2:https://www.googleapis.com/auth/chromesync
02-19 02:48:03.378  5356 17764 E AuthPII : becf: Long live credential not available.
02-19 02:48:03.378  5356 17764 E AuthPII : 	at afgr.a(:com.google.android.gms@260438035@26.04.38 (260400-867839860):1351)
02-19 02:48:03.378  5356 17764 E AuthPII : 	at afgy.b(:com.google.android.gms@260438035@26.04.38 (260400-867839860):26)
02-19 02:48:03.378  5356 17764 E AuthPII : 	at afgw.a(:com.google.android.gms@260438035@26.04.38 (260400-867839860):744)
02-19 02:48:03.378  5356 17764 E AuthPII : 	at afgv.b(:com.google.android.gms@260438035@26.04.38 (260400-867839860):142)
02-19 02:48:03.378  5356 17764 E AuthPII : 	at yqe.d(:com.google.android.gms@260438035@26.04.38 (260400-867839860):662)
02-19 02:48:03.378  5356 17764 E AuthPII : 	at yqe.dispatchTransaction(:com.google.android.gms@260438035@26.04.38 (260400-867839860):153)
02-19 02:48:03.378  5356 17764 E AuthPII : 	at bwds.a(:com.google.android.gms@260438035@26.04.38 (260400-867839860):72)
02-19 02:48:03.378  5356 17764 E AuthPII : 	at xyi.onTransact(:com.google.android.gms@260438035@26.04.38 (260400-867839860):23)
02-19 02:48:03.378  5356 17764 E AuthPII : 	at android.os.Binder.transact(Binder.java:1381)
02-19 02:48:03.378  5356 17764 E AuthPII : 	at cioh.onTransact(:com.google.android.gms@260438035@26.04.38 (260400-867839860):10)
02-19 02:48:03.378  5356 17764 E AuthPII : 	at android.os.Binder.transact(Binder.java:1381)
02-19 02:48:03.378  5356 17764 E AuthPII : 	at bweg.onTransact(:com.google.android.gms@260438035@26.04.38 (260400-867839860):161)
02-19 02:48:03.378  5356 17764 E AuthPII : 	at android.os.Binder.execTransactInternal(Binder.java:1541)
02-19 02:48:03.378  5356 17764 E AuthPII : 	at android.os.Binder.execTransact(Binder.java:1480)
02-19 02:48:03.378  5356 17764 E AuthPII : Message is Long live credential not available.
02-19 02:48:03.378  5356 17764 E AuthPII : becf: Long live credential not available.
02-19 02:48:03.378  5356 17764 E AuthPII : 	at afgr.a(:com.google.android.gms@260438035@26.04.38 (260400-867839860):1351)
02-19 02:48:03.378  5356 17764 E AuthPII : 	at afgy.b(:com.google.android.gms@260438035@26.04.38 (260400-867839860):26)
02-19 02:48:03.378  5356 17764 E AuthPII : 	at afgw.a(:com.google.android.gms@260438035@26.04.38 (260400-867839860):744)
02-19 02:48:03.378  5356 17764 E AuthPII : 	at afgv.b(:com.google.android.gms@260438035@26.04.38 (260400-867839860):142)
02-19 02:48:03.378  5356 17764 E AuthPII : 	at yqe.d(:com.google.android.gms@260438035@26.04.38 (260400-867839860):662)
02-19 02:48:03.378  5356 17764 E AuthPII : 	at yqe.dispatchTransaction(:com.google.android.gms@260438035@26.04.38 (260400-867839860):153)
02-19 02:48:03.378  5356 17764 E AuthPII : 	at bwds.a(:com.google.android.gms@260438035@26.04.38 (260400-867839860):72)
02-19 02:48:03.378  5356 17764 E AuthPII : 	at xyi.onTransact(:com.google.android.gms@260438035@26.04.38 (260400-867839860):23)
02-19 02:48:03.378  5356 17764 E AuthPII : 	at android.os.Binder.transact(Binder.java:1381)
02-19 02:48:03.378  5356 17764 E AuthPII : 	at cioh.onTransact(:com.google.android.gms@260438035@26.04.38 (260400-867839860):10)
02-19 02:48:03.378  5356 17764 E AuthPII : 	at android.os.Binder.transact(Binder.java:1381)
02-19 02:48:03.378  5356 17764 E AuthPII : 	at bweg.onTransact(:com.google.android.gms@260438035@26.04.38 (260400-867839860):161)
02-19 02:48:03.378  5356 17764 E AuthPII : 	at android.os.Binder.execTransactInternal(Binder.java:1541)
02-19 02:48:03.378  5356 17764 E AuthPII : 	at android.os.Binder.execTransact(Binder.java:1480)
