02-19 02:48:02.655  2557  3636 D MultiInternetWifiNetworkFactory: got request NetworkRequest [ REQUEST id=8105, [ Capabilities: INTERNET&NOT_RESTRICTED&TRUSTED&NOT_VCN_MANAGED&NOT_BANDWIDTH_CONSTRAINED Uid: 10113 RequestorUid: 10113 RequestorPkg: com.microsoft.skydrive UnderlyingNetworks: Null] ]
02-19 02:48:02.655  2557  3636 D WifiNetworkFactory: got request NetworkRequest [ REQUEST id=8105, [ Capabilities: INTERNET&NOT_RESTRICTED&TRUSTED&NOT_VCN_MANAGED&NOT_BANDWIDTH_CONSTRAINED Uid: 10113 RequestorUid: 10113 RequestorPkg: com.microsoft.skydrive UnderlyingNetworks: Null] ]
02-19 02:48:02.655  2557  3636 D UntrustedWifiNetworkFactory: got request NetworkRequest [ REQUEST id=8105, [ Capabilities: INTERNET&NOT_RESTRICTED&TRUSTED&NOT_VCN_MANAGED&NOT_BANDWIDTH_CONSTRAINED Uid: 10113 RequestorUid: 10113 RequestorPkg: com.microsoft.skydrive UnderlyingNetworks: Null] ]
02-19 02:48:02.655  2557  3662 D ConnectivityService: Rematched networks [computed 0ms] [applied 0ms] [issued 1]
02-19 02:48:02.655  2557  3662 D ConnectivityService: NetworkReassignment :
02-19 02:48:02.655  2557  3662 D ConnectivityService:   8105 : null → 105
02-19 02:48:02.655  2557  3767 I SemWifiServiceDetector: Service det. resumed: T / T / 11971
02-19 02:48:02.655  2557  3769 I SemWifiCtlFeatureMediator: Trf ratio: 0.0% (0.07 / 228.28) (TWT/S-PM: 1.0) v ( NR) || Query: TWT/S-PM false (false) 1.0 1.0 1.0 / BW false (false) 0.7 0.5 1.0 / NSS false (false) 0.9 0.5 1.0 
02-19 02:48:02.656  6609 12417 E MediaProvider: insertFileIfNecessary failed
02-19 02:48:02.656  6609 12417 E MediaProvider: java.lang.IllegalArgumentException: Primary directory null not allowed for content://media/external_primary/file; allowed directories are [Download, Documents]
02-19 02:48:02.656  6609 12417 E MediaProvider: 	at com.android.providers.media.MediaProvider.ensureFileColumns(MediaProvider.java:4879)
02-19 02:48:02.656  6609 12417 E MediaProvider: 	at com.android.providers.media.MediaProvider.ensureUniqueFileColumns(MediaProvider.java:4502)
02-19 02:48:02.656  6609 12417 E MediaProvider: 	at com.android.providers.media.MediaProvider.insertFile(MediaProvider.java:5301)
02-19 02:48:02.656  6609 12417 E MediaProvider: 	at com.android.providers.media.MediaProvider.insertInternal(MediaProvider.java:5904)
02-19 02:48:02.656  6609 12417 E MediaProvider: 	at com.android.providers.media.MediaProvider.insert(MediaProvider.java:5589)
02-19 02:48:02.656  6609 12417 E MediaProvider: 	at com.android.providers.media.MediaProvider.insertFileForFuse(MediaProvider.java:10894)
02-19 02:48:02.656  6609 12417 E MediaProvider: 	at com.android.providers.media.MediaProvider.insertFileIfNecessaryForFuse(MediaProvider.java:10989)
02-19 02:48:02.657 27820 27853 D WM-SystemJobScheduler: Scheduling work ID 24ad2834-3b37-451f-b94d-5f24a0df2227Job ID 206056
02-19 02:48:02.658 28476 28476 V GraphicsEnvironment: Currently set values for:
02-19 02:48:02.658 28476 28476 V GraphicsEnvironment:   angle_gl_driver_selection_pkgs=[]
02-19 02:48:02.658 28476 28476 V GraphicsEnvironment:   angle_gl_driver_selection_values=[]
02-19 02:48:02.658 28476 28476 V GraphicsEnvironment: Global.Settings values are invalid: number of packages: 0, number of values: 0
02-19 02:48:02.658 28476 28476 V GraphicsEnvironment: App is not on the allowlist for updatable production driver.
02-19 02:48:02.659 28428 28428 W SQLiteCompatibilityWalFlags: Cannot read global setting sqlite_compatibility_wal_flags - Application state not available
02-19 02:48:02.659 28455 28474 I MAPS_AGENT: [MapsAgent] Configs jobState 110, appListNotiCnt 1, MCC=405 (405), MNC=01 (854), CSC=XSG, MODEL_NAME=SM-S928B, OS=35, COUNTRY_ISO=ENG, LOCALE=en-rGB, COUNTRY=UAE, DETERMINED_COUNTRY=, DETERMINED_MCC=, CarrierId=XSG, SingleSKU=true, SINGLE_SKU_ACTIVATED=true, MDC_UNIFIED=false, ACTIVATED_ID=XSG
02-19 02:48:02.661 27820 27853 D WM-SystemJobScheduler: Scheduling work ID b69c416b-8d83-4e1a-9df7-c6d688b92f58Job ID 206057
02-19 02:48:02.665 28428 28428 D MsPdf   : Initializing Partner Channel
02-19 02:48:02.665 28428 28428 D SeshTelemetry: Initializing Partner Channel
02-19 02:48:02.665 28428 28428 D Syndeo  : Initializing Partner Channel
02-19 02:48:02.667 28428 28428 W System  : ClassLoader referenced unknown path: 
02-19 02:48:02.675 28428 28428 D nativeloader: Load /data/app/~~99YS7W6SrEYPL1LNzqVUrQ==/com.microsoft.skydrive-JLq1CGxFw7lwfe7RC1W3jA==/lib/arm64/libc++_shared.so using ns clns-8 from class loader (caller=/data/app/~~99YS7W6SrEYPL1LNzqVUrQ==/com.microsoft.skydrive-JLq1CGxFw7lwfe7RC1W3jA==/base.apk!classes3.dex): ok
02-19 02:48:02.689 27820 28002 D CompatChangeReporter: Compat change id reported: 279646685; UID 10352; state: ENABLED
02-19 02:48:02.712 28428 28428 D nativeloader: Load /data/app/~~99YS7W6SrEYPL1LNzqVUrQ==/com.microsoft.skydrive-JLq1CGxFw7lwfe7RC1W3jA==/lib/arm64/libcore.so using ns clns-8 from class loader (caller=/data/app/~~99YS7W6SrEYPL1LNzqVUrQ==/com.microsoft.skydrive-JLq1CGxFw7lwfe7RC1W3jA==/base.apk!classes3.dex): ok
02-19 02:48:02.741 28428 28428 I AdrenoGLES-0: QUALCOMM build                   : ae801e1e7c, I15873b352d
02-19 02:48:02.741 28428 28428 I AdrenoGLES-0: Build Date                       : 01/03/25
02-19 02:48:02.741 28428 28428 I AdrenoGLES-0: OpenGL ES Shader Compiler Version: E031.45.02.23
02-19 02:48:02.741 28428 28428 I AdrenoGLES-0: Local Branch                     : 
02-19 02:48:02.741 28428 28428 I AdrenoGLES-0: Remote Branch                    : refs/tags/AU_LINUX_ANDROID_LA.VENDOR.14.3.0.11.00.00.973.853
02-19 02:48:02.741 28428 28428 I AdrenoGLES-0: Remote Branch                    : NONE
02-19 02:48:02.741 28428 28428 I AdrenoGLES-0: Reconstruct Branch               : NOTHING
02-19 02:48:02.741 28428 28428 I AdrenoGLES-0: Build Config                     : S P 16.1.2 AArch64
02-19 02:48:02.741 28428 28428 I AdrenoGLES-0: Driver Path                      : /vendor/lib64/egl/libGLESv2_adreno.so
02-19 02:48:02.741 28428 28428 I AdrenoGLES-0: Driver Version                   : 0762.31
02-19 02:48:02.741 28428 28428 I AdrenoGLES-0: Process Name                     : com.microsoft.skydrive
02-19 02:48:02.744 28428 28428 I AdrenoGLES-0: PFP: 0x01520675, ME: 0x01520023
02-19 02:48:02.745 28428 28428 E Adreno-AppProfiles: QSPM AIDL service doesn't exist
02-19 02:48:02.745  2557  2931 D PackageSettings: ++ writeStateForUserSyncLPr(150)
02-19 02:48:02.745  2557  2931 W PackageSettings: -- writeStateForUserSyncLPr(150)
02-19 02:48:02.746  2557  4013 E ShortcutService: Invalid icon type in shortcut 60309964386356@lid. Bitmaps are not allowed in long-lived shortcuts. Use Resource icons, or Uri-based icons instead.
02-19 02:48:02.746 28428 28428 I AdrenoUtils: <ReadGpuID:357>: Reading chip ID through GSL
02-19 02:48:02.764 28428 28428 I FirebaseApp: Device unlocked: initializing all Firebase APIs for app [DEFAULT]
02-19 02:48:02.800 28428 28428 I FirebaseInitProvider: FirebaseApp initialization successful
02-19 02:48:02.809 28347 28383 I ProvidersCache: Provider returned no roots. Possibly naughty: com.microsoft.skydrive.content.StorageAccessProvider
02-19 02:48:02.809 28347 28379 W oid.documentsui: Long monitor contention with owner pool-3-thread-5 (28380) at void com.android.documentsui.roots.ProvidersCache$MultiProviderUpdateTask.handleDocumentsProvider(android.content.pm.ProviderInfo, com.android.documentsui.base.UserId)(ProvidersCache.java:648) waiters=8 in void com.android.documentsui.roots.ProvidersCache$MultiProviderUpdateTask.handleDocumentsProvider(android.content.pm.ProviderInfo, com.android.documentsui.base.UserId) for 450ms
02-19 02:48:02.813 28428 28428 D TokenSharingManager_v1.7.1: Library works in release mode
02-19 02:48:02.814  2557  4013 W JobInfo : Job 'com.whatsapp/.infra.push.RegistrationIntentService#4' has a deadline with no functional constraints. The deadline won't improve job execution latency. Consider removing the deadline.
02-19 02:48:02.815 28476 28519 D nativeloader: Load /data/app/~~MOR2liVUZTeisiv4iiq4DA==/com.google.android.apps.photos-sNq6Dqj5c3ZbEWIhtvc0Bw==/lib/arm64/libnative_crash_handler_jni.so using ns clns-7 from class loader (caller=/data/app/~~MOR2liVUZTeisiv4iiq4DA==/com.google.android.apps.photos-sNq6Dqj5c3ZbEWIhtvc0Bw==/base.apk!classes2.dex): ok
02-19 02:48:02.819  2557  6899 I ActivityManager: Killing 23485:com.android.vending/u150a259 (adj 999): empty #33
02-19 02:48:02.828  6609 21479 I MediaProvider: CrossUser allowed. Users: 95 and 95
02-19 02:48:02.834  6609  8015 I MediaProvider: CrossUser allowed. Users: 95 and 95
02-19 02:48:02.835  6609 31923 I MediaProvider: CrossUser allowed. Users: 95 and 95
02-19 02:48:02.835  6609 13732 I MediaProvider: CrossUser allowed. Users: 95 and 95
02-19 02:48:02.836  6609 21479 I MediaProvider: CrossUser allowed. Users: 95 and 95
02-19 02:48:02.837  6609  8016 I MediaProvider: CrossUser allowed. Users: 95 and 95
02-19 02:48:02.838  6609 31923 I MediaProvider: CrossUser allowed. Users: 95 and 95
02-19 02:48:02.839  2557  2933 D CompatChangeReporter: Compat change id reported: 151861875; UID 9501000; state: ENABLED
02-19 02:48:02.839 28428 28506 D nativeloader: Load /data/app/~~99YS7W6SrEYPL1LNzqVUrQ==/com.microsoft.skydrive-JLq1CGxFw7lwfe7RC1W3jA==/lib/arm64/libOneAuth.so using ns clns-8 from class loader (caller=/data/app/~~99YS7W6SrEYPL1LNzqVUrQ==/com.microsoft.skydrive-JLq1CGxFw7lwfe7RC1W3jA==/base.apk!classes3.dex): ok
02-19 02:48:02.843 28476 28535 W JobInfo : Job 'com.google.android.apps.photos/com.google.android.libraries.social.async.BackgroundTaskJobService#1043' has a deadline with no functional constraints. The deadline won't improve job execution latency. Consider removing the deadline.
02-19 02:48:02.843  6609 21479 I MediaProvider: CrossUser allowed. Users: 95 and 95
02-19 02:48:02.847 28428 28526 D OneDSChannel: Logging for null: QoS/CrashReporting/PreviousProcessDetected with logger com.microsoft.applications.events.Logger@b8711c8 collector url: null
02-19 02:48:02.848  1478  1478 W Zygote  : forkRepeatedly terminated due to non-simple command
02-19 02:48:02.848  1478  1478 D Zygote  : mbuffer starts with 17, nice name is , mEnd = 1532, mNext = 35, mLinesLeft = 15, mFd = 6
02-19 02:48:02.849  1478  1478 I Zygote  : Entering forkRepeatedly native zygote loop
02-19 02:48:02.849 28428 28506 D TokenSharingManager_v1.7.1: Library works in release mode
02-19 02:48:02.849  6609  8016 W MediaProvider: isAppCloneUserPair for user 95: true
02-19 02:48:02.856 28428 28505 I com.microsoft.tokenshare.q_v1.7.1: loadConfiguration: loaded from cache
02-19 02:48:02.857  1478  1478 D Zygote  : Forked child process 28543
02-19 02:48:02.858  2557  2934 I ActivityManager: Start proc 28543:system/u95s1000 for broadcast {com.android.server.telecom/com.android.server.telecom.components.AppUninstallBroadcastReceiver}
02-19 02:48:02.858 28428 28506 D OneAuthPartnerChannel: Initializing Partner Channel
02-19 02:48:02.863 28428 28506 I OneAuthLog: [OneAuth:0002:Info:48bf5:00000000] MATS DeviceProfileTelemetryId: a54a6be7bb9a2b89
02-19 02:48:02.863 28428 28506 I OneAuthLog: [OneAuth:0002:Info:4md94:00000000] MATS device telemetry disabled.
02-19 02:48:02.864 28428 28505 I OneAuthLog: [OneAuth:0001:Info:4wg2j:00000000] TSL Info: { name:FetchRemoteConfigurations, resultType:Success, resultCode:None, duration:7ms } 
02-19 02:48:02.865  2557  2940 I libprocessgroup: Removed cgroup /sys/fs/cgroup/uid_15010259/pid_23485
02-19 02:48:02.865  1478  1478 I Zygote  : Process 23485 exited due to signal 9 (Killed)
02-19 02:48:02.866  2557  3662 D ConnectivityService: releasing NetworkRequest [ REQUEST id=8063, [ Capabilities: INTERNET&NOT_RESTRICTED&TRUSTED&NOT_VCN_MANAGED&NOT_BANDWIDTH_CONSTRAINED Uid: 15010259 RequestorUid: 15010259 RequestorPkg: com.android.vending UnderlyingNetworks: Null] ] (release request)
02-19 02:48:02.867  2557  3662 D ConnectivityService:  Removing from current network [105 WIFI], leaving 269 requests.
02-19 02:48:02.867 28428 28506 I OneAuthLog: [OneAuth:0002:Info:4wg2j:00000000] TSL Info: { name:GetSharedDeviceId, resultType:Success, resultCode:None, duration:4ms } 
02-19 02:48:02.867 28428 28506 W OneAuthLog: [OneAuth:0002:Warning:4rscl:00000000] MATS not initialized 
02-19 02:48:02.867  2557  2906 D DisplayManagerService: Drop pending events for gone uid 15010259
02-19 02:48:02.871 28428 28537 V OneAuthLog: [OneAuth:0003:Verbose::00000000] [Common] [2026-02-18 21:18:02 - thread_id: 3543, correlation_id: UNSET - Android 35] Initialized CryptoParameterSpecFactory - API: 35, flags: [keySpecWithWrapPurposeKey=true, keySpecWithoutWrapPurposeKey=true, oaepSupported=false]   
02-19 02:48:02.871 28428 28537 V OneAuthLog: [OneAuth:0003:Verbose::00000000] [Common] [2026-02-18 21:18:02 - thread_id: 3543, correlation_id: UNSET - Android 35] Creating MsalOAuth2TokenCache   
02-19 02:48:02.871 28428 28537 V OneAuthLog: [OneAuth:0003:Verbose::00000000] [Common] [2026-02-18 21:18:02 - thread_id: 3543, correlation_id: UNSET - Android 35] Init: CacheKeyValueDelegate   
02-19 02:48:02.871 28428 28537 V OneAuthLog: [OneAuth:0003:Verbose::00000000] [Common] [2026-02-18 21:18:02 - thread_id: 3543, correlation_id: UNSET - Android 35] Init: SharedPreferencesAccountCredentialCacheWithMemoryCache   
02-19 02:48:02.871 28428 28537 V OneAuthLog: [OneAuth:0003:Verbose::00000000] [Common] [2026-02-18 21:18:02 - thread_id: 3543, correlation_id: UNSET - Android 35] Init: MsalOAuth2TokenCache   
02-19 02:48:02.871 28428 28537 V OneAuthLog: [OneAuth:0003:Verbose::00000000] [Common] [2026-02-18 21:18:02 - thread_id: 3543, correlation_id: UNSET - Android 35] Init: MsalOAuth2TokenCache   
02-19 02:48:02.871 28428 28537 V OneAuthLog: [OneAuth:0003:Verbose::00000000] [Common] [2026-02-18 21:18:02 - thread_id: 3543, correlation_id: UNSET - Android 35] Init   
02-19 02:48:02.871 28428 28537 V OneAuthLog: [OneAuth:0003:Verbose::00000000] [Common] [2026-02-18 21:18:02 - thread_id: 3543, correlation_id: UNSET - Android 35] Init:    
02-19 02:48:02.871 28428 28537 V OneAuthLog: [OneAuth:0003:Verbose::00000000] [Common] [2026-02-18 21:18:02 - thread_id: 3543, correlation_id: UNSET - Android 35] Init:    
02-19 02:48:02.871 28428 28537 V OneAuthLog: [OneAuth:0003:Verbose::00000000] [Common] [2026-02-18 21:18:02 - thread_id: 3543, correlation_id: UNSET - Android 35] Init:    
02-19 02:48:02.871 28428 28505 I OneAuthLog: [OneAuth:0001:Info:4wg2j:00000000] TSL Info: { name:GetRemoteConfigurations, resultType:Success, resultCode:None, duration:0ms } 
02-19 02:48:02.871 28428 28537 V OneAuthLog: [OneAuth:0003:Verbose::00000000] [Common] [2026-02-18 21:18:02 - thread_id: 3542, correlation_id: UNSET - Android 35] Init: CacheKeyValueDelegate   
02-19 02:48:02.871 28428 28537 V OneAuthLog: [OneAuth:0003:Verbose::00000000] [Common] [2026-02-18 21:18:02 - thread_id: 3542, correlation_id: UNSET - Android 35] Init: SharedPreferencesAccountCredentialCache   
02-19 02:48:02.871 28428 28537 V OneAuthLog: [OneAuth:0003:Verbose::00000000] [Common] [2026-02-18 21:18:02 - thread_id: 3542, correlation_id: UNSET - Android 35] Loading Accounts...(no arg)   
02-19 02:48:02.871 28428 28537 V OneAuthLog: [OneAuth:0003:Verbose::00000000] [Common] [2026-02-18 21:18:02 - thread_id: 3542, correlation_id: UNSET - Android 35] Loading Accounts + keys...   
02-19 02:48:02.872 28428 28537 V OneAuthLog: [OneAuth:0003:Verbose::00000000] [Common] [2026-02-18 21:18:02 - thread_id: 3542, correlation_id: UNSET - Android 35] isAccount? [false]   
02-19 02:48:02.872 28428 28537 V OneAuthLog: [OneAuth:0003:Verbose::00000000] [Common] [2026-02-18 21:18:02 - thread_id: 3542, correlation_id: UNSET - Android 35] isAccount? [false]   
02-19 02:48:02.872 28428 28537 V OneAuthLog: [OneAuth:0003:Verbose::00000000] [Common] [2026-02-18 21:18:02 - thread_id: 3542, correlation_id: UNSET - Android 35] isAccount? [false]   
02-19 02:48:02.872 28428 28537 V OneAuthLog: [OneAuth:0003:Verbose::00000000] [Common] [2026-02-18 21:18:02 - thread_id: 3542, correlation_id: UNSET - Android 35] isAccount? [true]   
02-19 02:48:02.873 28428 28537 V OneAuthLog: [OneAuth:0003:Verbose::00000000] [Common] [2026-02-18 21:18:02 - thread_id: 3584, correlation_id: UNSET - Android 35] Loading Accounts + keys...   
02-19 02:48:02.875 28428 28537 V OneAuthLog: [OneAuth:0003:Verbose::00000000] [Common] [2026-02-18 21:18:02 - thread_id: 3543, correlation_id: UNSET - Android 35] Initialized CryptoParameterSpecFactory - API: 35, flags: [keySpecWithWrapPurposeKey=true, keySpecWithoutWrapPurposeKey=true, oaepSupported=false]   
02-19 02:48:02.876 28428 28537 V OneAuthLog: [OneAuth:0003:Verbose::00000000] [Common] [2026-02-18 21:18:02 - thread_id: 3543, correlation_id: UNSET - Android 35] Init with storage helper:  SharedPreferencesFileManager   
02-19 02:48:02.876 28428 28537 I OneAuthLog: [OneAuth:0003:Info::00000000] [Common] [2026-02-18 21:18:02 - thread_id: 3543, correlation_id: UNSET - Android 35] Broker Discovery is enabled. Use the new logic on the SDK side   
02-19 02:48:02.876 28428 28537 V OneAuthLog: [OneAuth:0003:Verbose::00000000] [Common] [2026-02-18 21:18:02 - thread_id: 3543, correlation_id: UNSET - Android 35] Init:    
02-19 02:48:02.876 28428 28506 I OneAuthLog: [MSAL:0002]	INFO   	CreateSingletonComponents:118	Starting up MSAL
02-19 02:48:02.878  2557  6900 I ActivityManager: Killing 27086:com.google.android.gms.unstable/u0a258 (adj 999): empty #33
02-19 02:48:02.878  4488  4488 I HoneySpace.PackageOperationTracker: onShortcutsChanged com.whatsapp - 21 UserHandle{0}
02-19 02:48:02.879  4488 28289 I HoneySpace.ShortcutDataSourceImpl: shortcut updated. ShortcutInfo {id=***, flags=0x2689 [DynIc-fIc-aStrRetsLiv], packageName=com.whatsapp, activity=ComponentInfo{com.whatsapp/com.whatsapp.Main}, shortLabel=***, resId=0[null], longLabel=***, resId=0[null], disabledMessage=***, resId=0[null], disabledReason=[Not disabled], categories={com.whatsapp.sharing.category.SHARE_TARGET_DEFAULT}, persons=null, icon=null, rank=4, timestamp=1771449482762, intents=null, extras=null}
02-19 02:48:02.879  4488 28289 I HoneySpace.ShortcutDataSourceImpl: shortcut updated. ShortcutInfo {id=***, flags=0x2689 [DynIc-fIc-aStrRetsLiv], packageName=com.whatsapp, activity=ComponentInfo{com.whatsapp/com.whatsapp.Main}, shortLabel=***, resId=0[null], longLabel=***, resId=0[null], disabledMessage=***, resId=0[null], disabledReason=[Not disabled], categories={com.whatsapp.sharing.category.SHARE_TARGET_DEFAULT}, persons=null, icon=null, rank=6, timestamp=1771449482762, intents=null, extras=null}
02-19 02:48:02.879  4488 28289 I HoneySpace.ShortcutDataSourceImpl: shortcut updated. ShortcutInfo {id=***, flags=0x6689 [DynIc-fIc-aStrRetsLiv], packageName=com.whatsapp, activity=ComponentInfo{com.whatsapp/com.whatsapp.Main}, shortLabel=***, resId=0[null], longLabel=***, resId=0[null], disabledMessage=***, resId=0[null], disabledReason=[Not disabled], categories={com.whatsapp.sharing.category.SHARE_TARGET_DEFAULT}, persons=null, icon=null, rank=3, timestamp=1771449482762, intents=null, extras=null}
02-19 02:48:02.879  4488 28289 I HoneySpace.ShortcutDataSourceImpl: shortcut updated. ShortcutInfo {id=***, flags=0x485 [DynIc-rStrRets], packageName=com.whatsapp, activity=ComponentInfo{com.whatsapp/com.whatsapp.Main}, shortLabel=***, resId=0[null], longLabel=***, resId=0[null], disabledMessage=***, resId=0[null], disabledReason=[Not disabled], categories=null, persons=null, icon=null, rank=0, timestamp=1771449482743, intents=null, extras=null}
02-19 02:48:02.879  4488 28289 I HoneySpace.ShortcutDataSourceImpl: shortcut updated. ShortcutInfo {id=***, flags=0x2689 [DynIc-fIc-aStrRetsLiv], packageName=com.whatsapp, activity=ComponentInfo{com.whatsapp/com.whatsapp.Main}, shortLabel=***, resId=0[null], longLabel=***, resId=0[null], disabledMessage=***, resId=0[null], disabledReason=[Not disabled], categories={com.whatsapp.sharing.category.SHARE_TARGET_STATUS}, persons=null, icon=null, rank=2, timestamp=1771449482762, intents=null, extras=null}
02-19 02:48:02.879  4488 28289 I HoneySpace.ShortcutDataSourceImpl: shortcut updated. ShortcutInfo {id=***, flags=0x2689 [DynIc-fIc-aStrRetsLiv], packageName=com.whatsapp, activity=ComponentInfo{com.whatsapp/com.whatsapp.Main}, shortLabel=***, resId=0[null], longLabel=***, resId=0[null], disabledMessage=***, resId=0[null], disabledReason=[Not disabled], categories={com.whatsapp.sharing.category.SHARE_TARGET_DEFAULT}, persons=null, icon=null, rank=5, timestamp=1771449482762, intents=null, extras=null}
02-19 02:48:02.879  4488 28289 I HoneySpace.ShortcutDataSourceImpl: shortcut updated. ShortcutInfo {id=***, flags=0x6689 [DynIc-fIc-aStrRetsLiv], packageName=com.whatsapp, activity=ComponentInfo{com.whatsapp/com.whatsapp.Main}, shortLabel=***, resId=0[null], longLabel=***, resId=0[null], disabledMessage=***, resId=0[null], disabledReason=[Not disabled], categories={com.whatsapp.sharing.category.SHARE_TARGET_DEFAULT}, persons=null, icon=null, rank=7, timestamp=1771449482762, intents=null, extras=null}
02-19 02:48:02.879  4488 28289 I HoneySpace.ShortcutDataSourceImpl: shortcut updated. ShortcutInfo {id=***, flags=0x6689 [DynIc-fIc-aStrRetsLiv], packageName=com.whatsapp, activity=ComponentInfo{com.whatsapp/com.whatsapp.Main}, shortLabel=***, resId=0[null], longLabel=***, resId=0[null], disabledMessage=***, resId=0[null], disabledReason=[Not disabled], categories={com.whatsapp.sharing.category.SHARE_TARGET_DEFAULT}, persons=null, icon=null, rank=9, timestamp=1771449482762, intents=null, extras=null}
02-19 02:48:02.879  4488 28289 I HoneySpace.ShortcutDataSourceImpl: shortcut updated. ShortcutInfo {id=***, flags=0x6689 [DynIc-fIc-aStrRetsLiv], packageName=com.whatsapp, activity=ComponentInfo{com.whatsapp/com.whatsapp.Main}, shortLabel=***, resId=0[null], longLabel=***, resId=0[null], disabledMessage=***, resId=0[null], disabledReason=[Not disabled], categories={com.whatsapp.sharing.category.SHARE_TARGET_DEFAULT}, persons=null, icon=null, rank=1, timestamp=1771449482762, intents=null, extras=null}
02-19 02:48:02.879  4488 28289 I HoneySpace.ShortcutDataSourceImpl: shortcut updated. ShortcutInfo {id=***, flags=0x2689 [DynIc-fIc-aStrRetsLiv], packageName=com.whatsapp, activity=ComponentInfo{com.whatsapp/com.whatsapp.Main}, shortLabel=***, resId=0[null], longLabel=***, resId=0[null], disabledMessage=***, resId=0[null], disabledReason=[Not disabled], categories={com.whatsapp.sharing.category.SHARE_TARGET_DEFAULT}, persons=null, icon=null, rank=8, timestamp=1771449482762, intents=null, extras=null}
02-19 02:48:02.879  4488  4488 I HoneySpace.HoneySpaceManagerContainer: packageUpdateEvent - com.honeyspace.sdk.source.entity.PackageOperation$ShortcutChanged@d20a895
02-19 02:48:02.879  4488 28085 I HoneySpace.HistoryViewModel@30671529@OneUI: handlePackageEvent
02-19 02:48:02.879  4488  4488 I HoneySpace.EventListenerRegistry: pendingPackageOperation : pending = false, com.honeyspace.sdk.source.entity.PackageOperation$ShortcutChanged@d20a895
02-19 02:48:02.879  4488 28085 I HoneySpace.HistoryViewModel@30671529@OneUI: skip for alone
02-19 02:48:02.880 28428 28537 V OneAuthLog: [OneAuth:0003:Verbose::00000000] [Common] [2026-02-18 21:18:02 - thread_id: 3584, correlation_id: UNSET - Android 35] isAccount? [false]   
02-19 02:48:02.880 28428 28537 V OneAuthLog: [OneAuth:0003:Verbose::00000000] [Common] [2026-02-18 21:18:02 - thread_id: 3584, correlation_id: UNSET - Android 35] isAccount? [false]   
02-19 02:48:02.880 28428 28537 V OneAuthLog: [OneAuth:0003:Verbose::00000000] [Common] [2026-02-18 21:18:02 - thread_id: 3584, correlation_id: UNSET - Android 35] isAccount? [false]   
02-19 02:48:02.880 28428 28537 V OneAuthLog: [OneAuth:0003:Verbose::00000000] [Common] [2026-02-18 21:18:02 - thread_id: 3584, correlation_id: UNSET - Android 35] isAccount? [true]   
02-19 02:48:02.880 28428 28506 I OneAuthLog: [MSAL:0002]	INFO   	AddConfigurationWithStorageManager:242	Created a new public client application with ID ''
02-19 02:48:02.881 28428 28537 V OneAuthLog: [OneAuth:0003:Verbose::00000000] [Common] [2026-02-18 21:18:02 - thread_id: 3543, correlation_id: UNSET - Android 35] Init:    
02-19 02:48:02.881 28428 28506 I OneAuthLog: [OneAuth:0002:Info:8mqsd:80757ff3] OneAuth Version 8.2.1 (OneDrive_Android)
02-19 02:48:02.881 28428 28506 V OneAuthLog: [MSAL:0002]	DEBUG  	GetWithId:273	Found authenticator with ID ''
02-19 02:48:02.881 28428 28506 I OneAuthLog: [OneAuth:0002:Info:5dxs1:2be11f1c] Account discovery started.
02-19 02:48:02.883 28428 28547 I OneAuthLog: [OneAuth:0004:Info:8o1ow:2be11f1c] Starting account discovery...
02-19 02:48:02.883 28428 28547 I OneAuthLog: [OneAuth:0004:Info:8o1ox:2be11f1c] Processing external store...
02-19 02:48:02.883 28428 28547 V OneAuthLog: [OneAuth:0004:Verbose:5nqk6:2be11f1c] Start reading accounts from TSL 
02-19 02:48:02.883 28543 28543 I system  : Using CollectorTypeCMC GC.
02-19 02:48:02.886 28543 28543 E system  : Not starting debugger since process cannot load the jdwp agent.
02-19 02:48:02.887 28428 28537 I OneAuthLog: [OneAuth:0003:Info::00000000] [Common] [2026-02-18 21:18:02 - thread_id: 3542, correlation_id: UNSET - Android 35] Detected serializer ID: null   
02-19 02:48:02.887 28428 28537 I OneAuthLog: [OneAuth:0003:Info::00000000] [Common] [2026-02-18 21:18:02 - thread_id: 3542, correlation_id: UNSET - Android 35] Getting serializer for ID: 0   
02-19 02:48:02.888 28428 28537 W OneAuthLog: [OneAuth:0003:Warning::00000000] [Common] [2026-02-18 21:18:02 - thread_id: 3542, correlation_id: UNSET - Android 35] parentSpanContext is INVALID. Creating span without parent.   
02-19 02:48:02.889 28543 28543 D nativeloader: Load libframework-connectivity-tiramisu-jni.so using APEX ns com_android_tethering for caller /apex/com.android.tethering/javalib/framework-connectivity-t.jar: ok
02-19 02:48:02.889 28428 28537 I OneAuthLog: [OneAuth:0003:Info::00000000] [Common] [2026-02-18 21:18:02 - thread_id: 3542, correlation_id: UNSET - Android 35] Supported encryption paddings: [No, OAEP, PKCS1]   
02-19 02:48:02.889 28428 28537 I OneAuthLog: [OneAuth:0003:Info::00000000] [Common] [2026-02-18 21:18:02 - thread_id: 3542, correlation_id: UNSET - Android 35] Ciphers: [CipherSpec(transformation='RSA/NONE/OAEPwithSHA-256andMGF1Padding'), CipherSpec(transformation='RSA/ECB/PKCS1Padding')]   
02-19 02:48:02.889 28428 28537 V OneAuthLog: [OneAuth:0003:Verbose::00000000] [Common] [2026-02-18 21:18:02 - thread_id: 3542, correlation_id: UNSET - Android 35] Supported paddings by the keyPair: [No, OAEP, PKCS1],Specs available in order of priority: [CipherSpec(transformation='RSA/NONE/OAEPwithSHA-256andMGF1Padding'), CipherSpec(transformation='RSA/ECB/PKCS1Padding')]   
02-19 02:48:02.889 28428 28537 V OneAuthLog: [OneAuth:0003:Verbose::00000000] [Common] [2026-02-18 21:18:02 - thread_id: 3542, correlation_id: UNSET - Android 35] Found 2 compatible cipher specs: [CipherSpec(transformation='RSA/NONE/OAEPwithSHA-256andMGF1Padding'), CipherSpec(transformation='RSA/ECB/PKCS1Padding')]   
02-19 02:48:02.889 28428 28537 I OneAuthLog: [OneAuth:0003:Info::00000000] [Common] [2026-02-18 21:18:02 - thread_id: 3542, correlation_id: UNSET - Android 35] Unwrapping secret key with cipher spec: CipherSpec(transformation='RSA/ECB/PKCS1Padding')   
02-19 02:48:02.889 28428 28547 I OneAuthLog: [OneAuth:0004:Info:4wg2j:2be11f1c] TSL Info: { name:GetAccounts, resultType:Success, resultCode:None, duration:0ms } 
02-19 02:48:02.889 28428 28547 V OneAuthLog: [OneAuth:0004:Verbose:5nqk7:2be11f1c] End reading accounts from TSL 
02-19 02:48:02.889 28428 28547 V OneAuthLog: [OneAuth:0004:Verbose:6k1zf:2be11f1c] Start to read from account store 
02-19 02:48:02.889 28428 28547 V OneAuthLog: [OneAuth:0004:Verbose:6k1zg:2be11f1c] Read from account store succeeded 
02-19 02:48:02.890  1167  1167 W keymint_tee: [WRN]begin req PARAMS: A1, PD4, 
02-19 02:48:02.890 28428 28547 V OneAuthLog: [MSAL:0004]	DEBUG  	SetTimeField:194	Key: start_time, Value: 2026-02-18T21:18:02.000Z
02-19 02:48:02.890 28428 28547 V OneAuthLog: [MSAL:0004]	DEBUG  	SetField:175	Key: api_name, Value: DiscoverAccounts
02-19 02:48:02.890 28428 28547 V OneAuthLog: [MSAL:0004]	DEBUG  	SetField:175	Key: client_id, Value: b26aadf8-566f-4478-926f-589f601d9c74
02-19 02:48:02.890 28428 28547 V OneAuthLog: [MSAL:0004]	DEBUG  	SetField:175	Key: msal_version, Value: 1.1.0+012a7425
02-19 02:48:02.890 28428 28547 V OneAuthLog: [MSAL:0004]	DEBUG  	SetField:175	Key: correlation_id, Value: 2be11f1c-7b16-4593-982c-c0023d01834a
02-19 02:48:02.890 28428 28547 V OneAuthLog: [MSAL:0004]	DEBUG  	SetField:175	Key: authority_type, Value: Unknown
02-19 02:48:02.890 28428 28547 V OneAuthLog: [MSAL:0004]	DEBUG  	SetField:175	Key: was_request_throttled, Value: false
02-19 02:48:02.890 28428 28547 V OneAuthLog: [MSAL:0004]	DEBUG  	SetField:175	Key: broker_app_used, Value: false
02-19 02:48:02.890 28428 28547 V OneAuthLog: [MSAL:0004]	DEBUG  	ExecuteBackgroundRequestImpl:276	Executing background request 1
02-19 02:48:02.890 28543 28543 D ActivityThread: setConscryptValidator
02-19 02:48:02.890 28543 28543 D ActivityThread: setConscryptValidator - put
02-19 02:48:02.891 28428 28547 V OneAuthLog: [MSAL:0004]	DEBUG  	ExecuteBackgroundRequestImpl:305	Starting thread for item 1
02-19 02:48:02.891 28428 28547 V OneAuthLog: [MSAL:0004]	DEBUG  	AppendExecutionFlow:414	{"t":"4sufd","tid":4,"ts":0,"s":2,"l":2}
02-19 02:48:02.891 28428 28547 V OneAuthLog: [MSAL:0004]	DEBUG  	GetRunningThreadWorkLoopNoLock:255	Scheduling request 1
02-19 02:48:02.891 28428 28547 V OneAuthLog: [MSAL:0004]	DEBUG  	AppendExecutionFlow:414	{"t":"4swgg","tid":4,"ts":0,"s":1,"l":2}
02-19 02:48:02.891 28428 28547 V OneAuthLog: [MSAL:0004]	DEBUG  	AppendExecutionFlow:414	{"t":"4swgf","tid":4,"ts":0,"s":1,"l":2}
02-19 02:48:02.891 28428 28557 V OneAuthLog: [MSAL:0005]	DEBUG  	AppendExecutionFlow:414	{"t":"4swgi","tid":5,"ts":0,"s":1,"l":2}
02-19 02:48:02.891 28428 28557 V OneAuthLog: [MSAL:0005]	DEBUG  	ExecuteQueueItemThreadProc:405	Executing item 1
02-19 02:48:02.891 28428 28557 V OneAuthLog: [MSAL:0005]	DEBUG  	ShouldThrottleRequestInternal:34	Request: 'Environment:'(pii)' Realm:'(pii)' ClientId:'(pii)' Scopes:'(pii)''
02-19 02:48:02.891 28428 28557 V OneAuthLog: [MSAL:0005]	DEBUG  	AppendExecutionFlow:414	{"t":"8dqku","tid":5,"ts":0,"l":2}
02-19 02:48:02.891 28428 28557 V OneAuthLog: [MSAL:0005]	DEBUG  	SetField:175	Key: request_eligible_for_broker, Value: true
02-19 02:48:02.891 28428 28557 V OneAuthLog: [MSAL:0005]	DEBUG  	AppendExecutionFlow:414	{"t":"4efdy","tid":5,"ts":0,"l":2}
02-19 02:48:02.892 28428 28557 V OneAuthLog: [MSAL:0005]	DEBUG  	AppendExecutionFlow:414	{"t":"4efe1","tid":5,"ts":1,"l":2}
02-19 02:48:02.892 28428 28537 I OneAuthLog: [OneAuth:0003:Info::00000000] [Common] [2026-02-18 21:18:02 - thread_id: 3588, correlation_id: Data associated to the given key is null or empty - Android 35]    
02-19 02:48:02.892  1167  1167 D keymint_swd: keymint_swd keymint [WRN] (km_add_tag:528) skip: non repetable tag already exists with different value: 268435458
02-19 02:48:02.892  1167  1167 D keymint_swd: keymint_swd keymint [WRN] (swd_run_cb:263) swd_begin() returns 0
02-19 02:48:02.892  1167  1167 D android.hardware.security.keymint-service: begin: ret 0
02-19 02:48:02.892  1166  9798 I keystore2: system/security/keystore2/src/security_level.rs:454 - In create_operation. Success to create IKeystoreOperation. 10113, None
02-19 02:48:02.897  1167  1167 D keymint_swd: keymint_swd keymint [WRN] (swd_run_cb:263) swd_update() returns 0
02-19 02:48:02.897  1167  1167 D android.hardware.security.keymint-service: update: ret 0
02-19 02:48:02.900  1167  1167 D keymint_swd: keymint_swd keymint [WRN] (swd_run_cb:263) swd_finish() returns 0
02-19 02:48:02.901  1167  1167 D android.hardware.security.keymint-service: finish: ret 0
02-19 02:48:02.901 28543 28543 W ziparchive: Unable to open '/system/framework/knoxsdk.dm': No such file or directory
02-19 02:48:02.901 28543 28543 W ziparchive: Unable to open '/system/framework/knoxsdk.dm': No such file or directory
02-19 02:48:02.907 28543 28543 D nativeloader: Configuring clns-shared-7 for other apk /system/framework/knoxsdk.jar. target_sdk_version=35, uses_libraries=ALL, library_path=/system/priv-app/Telecom/lib/arm64:/system/priv-app/Telecom/Telecom.apk!/lib/arm64-v8a:/system/lib64:/system_ext/lib64, permitted_path=/data:/mnt/expand:/data/user_de/95/com.android.server.telecom:/system/priv-app/Telecom:/system/lib64:/system_ext/lib64
02-19 02:48:02.907 28543 28543 D nativeloader: Extending system_exposed_libraries: libhumantracking.arcsoft.so:libface_recognition.arcsoft.so:libpic_best.arcsoft.so:libPortraitDistortionCorrection.arcsoft.so:libPortraitDistortionCorrectionCali.arcsoft.so:libface_landmark.arcsoft.so:libFacialStickerEngine.arcsoft.so:libfrtracking_engine.arcsoft.so:libFaceRecognition.arcsoft.so:libveengine.arcsoft.so:lib_pet_detection.arcsoft.so:libae_bracket_hdr.arcsoft.so:libdigital_tele_scope.arcsoft.so:libdigital_tele_scope_rawsr.arcsoft.so:libsf_tetra_enhance.arcsoft.so:libmf_bayer_enhance.arcsoft.so:libhybrid_high_dynamic_range.arcsoft.so:libimage_enhancement.arcsoft.so:libmacroclearshot_raw.arcsoft.so:libobjectcapture_jni.arcsoft.so:libobjectcapture.arcsoft.so:libFacialAttributeDetection.arcsoft.so:libmultisourceseparator.audio.samsung.so:libaudiomirroring_jni.audiomirroring.samsung.so:libBeauty_v4.camera.samsung.so:libexifa.camera.samsung.so:libjpega.camera.samsung.so:libOpenCv.camera.samsung.so:libaifrcInterface.camera.samsung.so:libC2paDps.camera.samsung.so:libVi
02-19 02:48:02.909 28428 28537 V OneAuthLog: [OneAuth:0003:Verbose::00000000] [Common] [2026-02-18 21:18:02 - thread_id: 3542, correlation_id: UNSET - Android 35] Key loaded from storage and cached with thumbprint: RCsEDBhFNwS6SfQ2_kezb78dyTivXrYCrDEsA0_ZKvE   
02-19 02:48:02.910 28428 28537 V OneAuthLog: [OneAuth:0003:Verbose::00000000] [Common] [2026-02-18 21:18:02 - thread_id: 3584, correlation_id: UNSET - Android 35] isAccount? [false]   
02-19 02:48:02.911 28428 28537 V OneAuthLog: [OneAuth:0003:Verbose::00000000] [Common] [2026-02-18 21:18:02 - thread_id: 3584, correlation_id: UNSET - Android 35] isAccount? [false]   
02-19 02:48:02.911 28428 28537 V OneAuthLog: [OneAuth:0003:Verbose::00000000] [Common] [2026-02-18 21:18:02 - thread_id: 3584, correlation_id: UNSET - Android 35] Returning [1] Accounts w/ keys...   
02-19 02:48:02.911 28428 28537 I OneAuthLog: [OneAuth:0003:Info::00000000] [Common] [2026-02-18 21:18:02 - thread_id: 3584, correlation_id: UNSET - Android 35] Loaded 1 AccountRecords   
02-19 02:48:02.911 28428 28537 V OneAuthLog: [OneAuth:0003:Verbose::00000000] [Common] [2026-02-18 21:18:02 - thread_id: 3584, correlation_id: UNSET - Android 35] Loading Credentials with keys...   
02-19 02:48:02.911 28428 28537 V OneAuthLog: [OneAuth:0003:Verbose::00000000] [Common] [2026-02-18 21:18:02 - thread_id: 3584, correlation_id: UNSET - Android 35] isCredential? [true]   
02-19 02:48:02.911 28428 28537 V OneAuthLog: [OneAuth:0003:Verbose::00000000] [Common] [2026-02-18 21:18:02 - thread_id: 3584, correlation_id: UNSET - Android 35] Resolving class for key/CredentialType...   
02-19 02:48:02.911 28428 28537 V OneAuthLog: [OneAuth:0003:Verbose::00000000] [Common] [2026-02-18 21:18:02 - thread_id: 3584, correlation_id: UNSET - Android 35] CredentialType matched: [IdToken]   
02-19 02:48:02.911 28428 28537 V OneAuthLog: [OneAuth:0003:Verbose::00000000] [Common] [2026-02-18 21:18:02 - thread_id: 3584, correlation_id: UNSET - Android 35] isCredential? [true]   
02-19 02:48:02.911 28428 28537 V OneAuthLog: [OneAuth:0003:Verbose::00000000] [Common] [2026-02-18 21:18:02 - thread_id: 3584, correlation_id: UNSET - Android 35] Resolving class for key/CredentialType...   
02-19 02:48:02.911 28428 28537 V OneAuthLog: [OneAuth:0003:Verbose::00000000] [Common] [2026-02-18 21:18:02 - thread_id: 3584, correlation_id: UNSET - Android 35] CredentialType matched: [AccessToken]   
02-19 02:48:02.911 28543 28543 D nativeloader: Configuring clns-shared-8 for other apk /system/framework/imsmanager.jar. target_sdk_version=35, uses_libraries=ALL, library_path=/system/priv-app/Telecom/lib/arm64:/system/priv-app/Telecom/Telecom.apk!/lib/arm64-v8a:/system/lib64:/system_ext/lib64, permitted_path=/data:/mnt/expand:/data/user_de/95/com.android.server.telecom:/system/priv-app/Telecom:/system/lib64:/system_ext/lib64
02-19 02:48:02.911 28543 28543 D nativeloader: Extending system_exposed_libraries: libhumantracking.arcsoft.so:libface_recognition.arcsoft.so:libpic_best.arcsoft.so:libPortraitDistortionCorrection.arcsoft.so:libPortraitDistortionCorrectionCali.arcsoft.so:libface_landmark.arcsoft.so:libFacialStickerEngine.arcsoft.so:libfrtracking_engine.arcsoft.so:libFaceRecognition.arcsoft.so:libveengine.arcsoft.so:lib_pet_detection.arcsoft.so:libae_bracket_hdr.arcsoft.so:libdigital_tele_scope.arcsoft.so:libdigital_tele_scope_rawsr.arcsoft.so:libsf_tetra_enhance.arcsoft.so:libmf_bayer_enhance.arcsoft.so:libhybrid_high_dynamic_range.arcsoft.so:libimage_enhancement.arcsoft.so:libmacroclearshot_raw.arcsoft.so:libobjectcapture_jni.arcsoft.so:libobjectcapture.arcsoft.so:libFacialAttributeDetection.arcsoft.so:libmultisourceseparator.audio.samsung.so:libaudiomirroring_jni.audiomirroring.samsung.so:libBeauty_v4.camera.samsung.so:libexifa.camera.samsung.so:libjpega.camera.samsung.so:libOpenCv.camera.samsung.so:libaifrcInterface.camera.samsung.so:libC2paDps.camera.samsung.so:libVi
02-19 02:48:02.911  2557  2940 I libprocessgroup: Removed cgroup /sys/fs/cgroup/uid_10258/pid_27086
02-19 02:48:02.912  1478  1478 I Zygote  : Process 27086 exited due to signal 9 (Killed)
02-19 02:48:02.913 28428 28537 V OneAuthLog: [OneAuth:0003:Verbose::00000000] [Common] [2026-02-18 21:18:02 - thread_id: 3584, correlation_id: UNSET - Android 35] isCredential? [true]   
02-19 02:48:02.913 28428 28537 V OneAuthLog: [OneAuth:0003:Verbose::00000000] [Common] [2026-02-18 21:18:02 - thread_id: 3584, correlation_id: UNSET - Android 35] Resolving class for key/CredentialType...   
02-19 02:48:02.913 28428 28537 V OneAuthLog: [OneAuth:0003:Verbose::00000000] [Common] [2026-02-18 21:18:02 - thread_id: 3584, correlation_id: UNSET - Android 35] CredentialType matched: [RefreshToken]   
02-19 02:48:02.913 28428 28537 V OneAuthLog: [OneAuth:0003:Verbose::00000000] [Common] [2026-02-18 21:18:02 - thread_id: 3584, correlation_id: UNSET - Android 35] isCredential? [false]   
02-19 02:48:02.913 28428 28537 V OneAuthLog: [OneAuth:0003:Verbose::00000000] [Common] [2026-02-18 21:18:02 - thread_id: 3584, correlation_id: UNSET - Android 35] isCredential? [true]   
02-19 02:48:02.913 28428 28537 V OneAuthLog: [OneAuth:0003:Verbose::00000000] [Common] [2026-02-18 21:18:02 - thread_id: 3584, correlation_id: UNSET - Android 35] Resolving class for key/CredentialType...   
02-19 02:48:02.913 28428 28537 V OneAuthLog: [OneAuth:0003:Verbose::00000000] [Common] [2026-02-18 21:18:02 - thread_id: 3584, correlation_id: UNSET - Android 35] CredentialType matched: [AccessToken]   
02-19 02:48:02.913 28428 28537 V OneAuthLog: [OneAuth:0003:Verbose::00000000] [Common] [2026-02-18 21:18:02 - thread_id: 3584, correlation_id: UNSET - Android 35] isCredential? [true]   
02-19 02:48:02.913 28428 28537 V OneAuthLog: [OneAuth:0003:Verbose::00000000] [Common] [2026-02-18 21:18:02 - thread_id: 3584, correlation_id: UNSET - Android 35] Resolving class for key/CredentialType...   
02-19 02:48:02.913 28428 28537 V OneAuthLog: [OneAuth:0003:Verbose::00000000] [Common] [2026-02-18 21:18:02 - thread_id: 3584, correlation_id: UNSET - Android 35] CredentialType matched: [RefreshToken]   
02-19 02:48:02.913 28428 28537 V OneAuthLog: [OneAuth:0003:Verbose::00000000] [Common] [2026-02-18 21:18:02 - thread_id: 3584, correlation_id: UNSET - Android 35] Loaded [5] Credentials...   
02-19 02:48:02.913 28428 28537 I OneAuthLog: [OneAuth:0003:Info::00000000] [Common] [2026-02-18 21:18:02 - thread_id: 3584, correlation_id: UNSET - Android 35] Loaded 5 Credentials   
02-19 02:48:02.915 28428 28537 I OneAuthLog: [OneAuth:0003:Info::00000000] [Common] [2026-02-18 21:18:02 - thread_id: 3588, correlation_id: UNSET - Android 35] Detected serializer ID: null   
02-19 02:48:02.915 28428 28537 I OneAuthLog: [OneAuth:0003:Info::00000000] [Common] [2026-02-18 21:18:02 - thread_id: 3588, correlation_id: UNSET - Android 35] Getting serializer for ID: 0   
02-19 02:48:02.915 28428 28537 W OneAuthLog: [OneAuth:0003:Warning::00000000] [Common] [2026-02-18 21:18:02 - thread_id: 3588, correlation_id: UNSET - Android 35] parentSpanContext is INVALID. Creating span without parent.   
02-19 02:48:02.915 28428 28537 I OneAuthLog: [OneAuth:0003:Info::00000000] [Common] [2026-02-18 21:18:02 - thread_id: 3588, correlation_id: UNSET - Android 35] Supported encryption paddings: [No, OAEP, PKCS1]   
02-19 02:48:02.915 28428 28537 I OneAuthLog: [OneAuth:0003:Info::00000000] [Common] [2026-02-18 21:18:02 - thread_id: 3588, correlation_id: UNSET - Android 35] Ciphers: [CipherSpec(transformation='RSA/NONE/OAEPwithSHA-256andMGF1Padding'), CipherSpec(transformation='RSA/ECB/PKCS1Padding')]   
02-19 02:48:02.915 28428 28537 V OneAuthLog: [OneAuth:0003:Verbose::00000000] [Common] [2026-02-18 21:18:02 - thread_id: 3588, correlation_id: UNSET - Android 35] Supported paddings by the keyPair: [No, OAEP, PKCS1],Specs available in order of priority: [CipherSpec(transformation='RSA/NONE/OAEPwithSHA-256andMGF1Padding'), CipherSpec(transformation='RSA/ECB/PKCS1Padding')]   
02-19 02:48:02.916 28428 28537 V OneAuthLog: [OneAuth:0003:Verbose::00000000] [Common] [2026-02-18 21:18:02 - thread_id: 3588, correlation_id: UNSET - Android 35] Found 2 compatible cipher specs: [CipherSpec(transformation='RSA/NONE/OAEPwithSHA-256andMGF1Padding'), CipherSpec(transformation='RSA/ECB/PKCS1Padding')]   
02-19 02:48:02.916 28428 28537 I OneAuthLog: [OneAuth:0003:Info::00000000] [Common] [2026-02-18 21:18:02 - thread_id: 3588, correlation_id: UNSET - Android 35] Unwrapping secret key with cipher spec: CipherSpec(transformation='RSA/ECB/PKCS1Padding')   
02-19 02:48:02.916 28428 28537 V OneAuthLog: [OneAuth:0003:Verbose::00000000] [Common] [2026-02-18 21:18:02 - thread_id: 3542, correlation_id: UNSET - Android 35] isAccount? [false]   
02-19 02:48:02.916  1167  1167 W keymint_tee: [WRN]begin req PARAMS: A1, PD4, 
02-19 02:48:02.916 28428 28537 V OneAuthLog: [OneAuth:0003:Verbose::00000000] [Common] [2026-02-18 21:18:02 - thread_id: 3542, correlation_id: UNSET - Android 35] isAccount? [false]   
02-19 02:48:02.916 28428 28537 V OneAuthLog: [OneAuth:0003:Verbose::00000000] [Common] [2026-02-18 21:18:02 - thread_id: 3542, correlation_id: UNSET - Android 35] Returning [1] Accounts w/ keys...   
02-19 02:48:02.916 28428 28537 I OneAuthLog: [OneAuth:0003:Info::00000000] [Common] [2026-02-18 21:18:02 - thread_id: 3542, correlation_id: UNSET - Android 35] Found [1] Accounts...   
02-19 02:48:02.916 28428 28537 V OneAuthLog: [OneAuth:0003:Verbose::00000000] [Common] [2026-02-18 21:18:02 - thread_id: 3542, correlation_id: UNSET - Android 35] Loading Credentials...   
02-19 02:48:02.916 28428 28537 V OneAuthLog: [OneAuth:0003:Verbose::00000000] [Common] [2026-02-18 21:18:02 - thread_id: 3542, correlation_id: UNSET - Android 35] Loading Credentials with keys...   
02-19 02:48:02.916 28428 28537 V OneAuthLog: [OneAuth:0003:Verbose::00000000] [Common] [2026-02-18 21:18:02 - thread_id: 3542, correlation_id: UNSET - Android 35] isCredential? [true]   
02-19 02:48:02.916 28428 28537 V OneAuthLog: [OneAuth:0003:Verbose::00000000] [Common] [2026-02-18 21:18:02 - thread_id: 3542, correlation_id: UNSET - Android 35] Resolving class for key/CredentialType...   
02-19 02:48:02.916 28428 28537 V OneAuthLog: [OneAuth:0003:Verbose::00000000] [Common] [2026-02-18 21:18:02 - thread_id: 3542, correlation_id: UNSET - Android 35] CredentialType matched: [IdToken]   
02-19 02:48:02.918 28428 28537 V OneAuthLog: [OneAuth:0003:Verbose::00000000] [Common] [2026-02-18 21:18:02 - thread_id: 3542, correlation_id: UNSET - Android 35] isCredential? [true]   
02-19 02:48:02.918 28428 28537 V OneAuthLog: [OneAuth:0003:Verbose::00000000] [Common] [2026-02-18 21:18:02 - thread_id: 3542, correlation_id: UNSET - Android 35] Resolving class for key/CredentialType...   
02-19 02:48:02.918 28428 28537 V OneAuthLog: [OneAuth:0003:Verbose::00000000] [Common] [2026-02-18 21:18:02 - thread_id: 3542, correlation_id: UNSET - Android 35] CredentialType matched: [AccessToken]   
02-19 02:48:02.919 28543 28543 D nativeloader: Configuring clns-shared-9 for other apk /system/priv-app/Telecom/Telecom.apk. target_sdk_version=35, uses_libraries=, library_path=/system/priv-app/Telecom/lib/arm64:/system/priv-app/Telecom/Telecom.apk!/lib/arm64-v8a:/system/lib64:/system_ext/lib64, permitted_path=/data:/mnt/expand:/data/user_de/95/com.android.server.telecom:/system/priv-app/Telecom:/system/lib64:/system_ext/lib64
02-19 02:48:02.919  7719 13117 I SamsungAccount: [AccountManagerProvider] getSamsungAccountId
02-19 02:48:02.919 28428 28537 V OneAuthLog: [OneAuth:0003:Verbose::00000000] [Common] [2026-02-18 21:18:02 - thread_id: 3542, correlation_id: UNSET - Android 35] isCredential? [true]   
02-19 02:48:02.919  7719 13117 I SamsungAccount: [AccountManagerProvider] Calling package : microsoft.skydrive.
02-19 02:48:02.919 28428 28537 V OneAuthLog: [OneAuth:0003:Verbose::00000000] [Common] [2026-02-18 21:18:02 - thread_id: 3542, correlation_id: UNSET - Android 35] Resolving class for key/CredentialType...   
02-19 02:48:02.919 28428 28537 V OneAuthLog: [OneAuth:0003:Verbose::00000000] [Common] [2026-02-18 21:18:02 - thread_id: 3542, correlation_id: UNSET - Android 35] CredentialType matched: [RefreshToken]   
02-19 02:48:02.919 28428 28537 V OneAuthLog: [OneAuth:0003:Verbose::00000000] [Common] [2026-02-18 21:18:02 - thread_id: 3542, correlation_id: UNSET - Android 35] isCredential? [false]   
02-19 02:48:02.919 28428 28537 V OneAuthLog: [OneAuth:0003:Verbose::00000000] [Common] [2026-02-18 21:18:02 - thread_id: 3542, correlation_id: UNSET - Android 35] isCredential? [true]   
02-19 02:48:02.919 28543 28543 D CompatChangeReporter: Compat change id reported: 202956589; UID 9501000; state: ENABLED
02-19 02:48:02.919 28428 28537 V OneAuthLog: [OneAuth:0003:Verbose::00000000] [Common] [2026-02-18 21:18:02 - thread_id: 3542, correlation_id: UNSET - Android 35] Resolving class for key/CredentialType...   
02-19 02:48:02.919 28428 28537 V OneAuthLog: [OneAuth:0003:Verbose::00000000] [Common] [2026-02-18 21:18:02 - thread_id: 3542, correlation_id: UNSET - Android 35] CredentialType matched: [AccessToken]   
02-19 02:48:02.920 28428 28537 V OneAuthLog: [OneAuth:0003:Verbose::00000000] [Common] [2026-02-18 21:18:02 - thread_id: 3542, correlation_id: UNSET - Android 35] isCredential? [true]   
02-19 02:48:02.920 28428 28537 V OneAuthLog: [OneAuth:0003:Verbose::00000000] [Common] [2026-02-18 21:18:02 - thread_id: 3542, correlation_id: UNSET - Android 35] Resolving class for key/CredentialType...   
02-19 02:48:02.920 28428 28537 V OneAuthLog: [OneAuth:0003:Verbose::00000000] [Common] [2026-02-18 21:18:02 - thread_id: 3542, correlation_id: UNSET - Android 35] CredentialType matched: [RefreshToken]   
02-19 02:48:02.920 28428 28537 V OneAuthLog: [OneAuth:0003:Verbose::00000000] [Common] [2026-02-18 21:18:02 - thread_id: 3542, correlation_id: UNSET - Android 35] Loaded [5] Credentials...   
02-19 02:48:02.921  7719 13117 I SamsungAccount: [SignatureInfoDbHelper] searchOnUser(fromDb) - [10/21n36][microsoft.skydrive.][64/3d550] => matched
02-19 02:48:02.921  7719 13117 I SamsungAccount: [AccountManagerProvider] This is the access of the allowed application
02-19 02:48:02.921  1167  1167 D keymint_swd: keymint_swd keymint [WRN] (km_add_tag:528) skip: non repetable tag already exists with different value: 268435458
02-19 02:48:02.921  1167  1167 D keymint_swd: keymint_swd keymint [WRN] (swd_run_cb:263) swd_begin() returns 0
02-19 02:48:02.921  1167  1167 D android.hardware.security.keymint-service: begin: ret 0
02-19 02:48:02.921  7719 13117 I SamsungAccount: [AccountManagerProvider] makeResultBundle - resultCode : 0
02-19 02:48:02.922  2557  4013 V GrammaticalInflectionUtils: AttributionSource: AttributionSource { uid = 5009, packageName = null, attributionTag = null, token = android.os.Binder@230917a, deviceId = 0, next = null } does not have READ_SYSTEM_GRAMMATICAL_GENDER permission.
02-19 02:48:02.923 28476 28535 D ConnectivityManager: StackLog: [android.net.ConnectivityManager.sendRequestForNetwork(ConnectivityManager.java:4709)] [android.net.ConnectivityManager.registerDefaultNetworkCallbackForUid(ConnectivityManager.java:5433)] [android.net.ConnectivityManager.registerDefaultNetworkCallback(ConnectivityManager.java:5400)] [android.net.ConnectivityManager.registerDefaultNetworkCallback(ConnectivityManager.java:5374)] [b$$ExternalSyntheticApiModelOutline3.m(D8$$SyntheticClass:66)] [jyr.b(PG:30)] [jyv.b(PG:20)] [jxw.h(PG:9)] [jxt.a(PG:1)] [jly.<init>(PG:101)] [jyh.a(PG:7)] [jyj.b(PG:84)] [abrp.b(PG:340)] [caxr.d(PG:10)] [caxr.b(PG:7)] [kjq.qu(PG:3)] [abth.d(PG:9)] [kjy.aT(PG:303)] [kjy.c(PG:168)] [kjy.b(PG:2)] [bogy.C(PG:60)] [bogy.j(PG:7)] [bogy.g(PG:4)] [ogq.run(PG:161)] [blro.call(PG:3)] [blrl.call(PG:3)] [blsd.call(PG:9)] [blru.run(PG:55)] [java.util.concurrent.ThreadPoolExecutor.runWorker(ThreadPoolExecutor.java:1145)] [java.util.concurrent.ThreadPoolExecutor$Worker.run(ThreadPoolExecutor.java:644)] [java.lang.Thread.run(Thread.java:1012)] [blre.run(PG:6)]
02-19 02:48:02.924  2557  4013 D ConnectivityService: requestNetwork for uid/pid:10335/28476 activeRequest: null callbackRequest: 8106 [NetworkRequest [ REQUEST id=8107, [ Capabilities: INTERNET&NOT_RESTRICTED&TRUSTED&NOT_VCN_MANAGED&NOT_BANDWIDTH_CONSTRAINED Uid: 10335 RequestorUid: 10335 RequestorPkg: com.google.android.apps.photos UnderlyingNetworks: Null] ]] callback flags: 0 order: 2147483647 isUidTracked: false declaredMethods: ALL
