02-19 04:00:15.990 27975 27987 I artd    : unable to open vdex file /data/dalvik-cache/arm64/data@app@~~hjjUqAuZzRQ5cNO50veHyw==@com.ubercab-eyuZSy4ogC1huOFuVO3xpw==@split_VoipTwilio.apk@classes.vdex: File /data/dalvik-cache/arm64/data@app@~~hjjUqAuZzRQ5cNO50veHyw==@com.ubercab-eyuZSy4ogC1huOFuVO3xpw==@split_VoipTwilio.apk@classes.vdex does not exist.
02-19 04:00:15.990 27975 27987 I artd    : OatFileAssistant test for existing oat file /data/dalvik-cache/arm64/data@app@~~hjjUqAuZzRQ5cNO50veHyw==@com.ubercab-eyuZSy4ogC1huOFuVO3xpw==@split_VoipTwilio.apk@classes.vdex: File /data/dalvik-cache/arm64/data@app@~~hjjUqAuZzRQ5cNO50veHyw==@com.ubercab-eyuZSy4ogC1huOFuVO3xpw==@split_VoipTwilio.apk@classes.vdex does not exist.
02-19 04:00:15.990 27975 27987 I artd    : GetBestInfo checking vdex next to the dex file (/data/app/~~hjjUqAuZzRQ5cNO50veHyw==/com.ubercab-eyuZSy4ogC1huOFuVO3xpw==/oat/arm64/split_VoipTwilio.vdex)
02-19 04:00:15.990 27975 27987 I artd    : unable to open vdex file /data/app/~~hjjUqAuZzRQ5cNO50veHyw==/com.ubercab-eyuZSy4ogC1huOFuVO3xpw==/oat/arm64/split_VoipTwilio.vdex: File /data/app/~~hjjUqAuZzRQ5cNO50veHyw==/com.ubercab-eyuZSy4ogC1huOFuVO3xpw==/oat/arm64/split_VoipTwilio.vdex does not exist.
02-19 04:00:15.990 27975 27987 I artd    : OatFileAssistant test for existing oat file /data/app/~~hjjUqAuZzRQ5cNO50veHyw==/com.ubercab-eyuZSy4ogC1huOFuVO3xpw==/oat/arm64/split_VoipTwilio.vdex: File /data/app/~~hjjUqAuZzRQ5cNO50veHyw==/com.ubercab-eyuZSy4ogC1huOFuVO3xpw==/oat/arm64/split_VoipTwilio.vdex does not exist.
02-19 04:00:15.990 27975 27987 I artd    : GetBestInfo checking dm (/data/app/~~hjjUqAuZzRQ5cNO50veHyw==/com.ubercab-eyuZSy4ogC1huOFuVO3xpw==/split_VoipTwilio.dm)
02-19 04:00:15.990 27975 27987 I artd    : Successfully loaded /data/app/~~hjjUqAuZzRQ5cNO50veHyw==/com.ubercab-eyuZSy4ogC1huOFuVO3xpw==/split_VoipTwilio.dm with executable: 0
02-19 04:00:15.990 27975 27987 I artd    : Image checksum test skipped for vdex file primary.vdex mapped directly in memory from /data/app/~~hjjUqAuZzRQ5cNO50veHyw==/com.ubercab-eyuZSy4ogC1huOFuVO3xpw==/split_VoipTwilio.dm
02-19 04:00:15.990 27975 27987 I artd    : primary.vdex mapped directly in memory from /data/app/~~hjjUqAuZzRQ5cNO50veHyw==/com.ubercab-eyuZSy4ogC1huOFuVO3xpw==/split_VoipTwilio.dm is kOatUpToDate with filter verify
02-19 04:00:15.991 27975 27987 W artd    : Could not get dex checksums for location /data/app/~~bwmH90rOS2pMTgqwVrZ0dQ==/com.ubercab-SReOLmvTFwVhuRSczNR9yQ==/base.apk, fd=-1
02-19 04:00:15.991 27975 27987 W artd    : Could not get dex checksums for location /data/app/~~bwmH90rOS2pMTgqwVrZ0dQ==/com.ubercab-SReOLmvTFwVhuRSczNR9yQ==/split_BarcodeScanner.apk, fd=-1
02-19 04:00:15.991 27975 27987 W artd    : Could not get dex checksums for location /data/app/~~bwmH90rOS2pMTgqwVrZ0dQ==/com.ubercab-SReOLmvTFwVhuRSczNR9yQ==/split_GoogleAds.apk, fd=-1
02-19 04:00:15.991 27975 27987 W artd    : Could not get dex checksums for location /data/app/~~bwmH90rOS2pMTgqwVrZ0dQ==/com.ubercab-SReOLmvTFwVhuRSczNR9yQ==/split_GooglePaySdk.apk, fd=-1
02-19 04:00:15.991 27975 27987 W artd    : Could not get dex checksums for location /data/app/~~bwmH90rOS2pMTgqwVrZ0dQ==/com.ubercab-SReOLmvTFwVhuRSczNR9yQ==/split_VoipTwilio.apk, fd=-1
02-19 04:00:15.991  6075  8374 W SQLiteLog: (28) double-quoted string literal: "1771281015991"
02-19 04:00:15.991  6075  8374 W SQLiteLog: (28) double-quoted string literal: "1"
02-19 04:00:15.991  2557  4617 E ArtService: Failed to get dexopt status [packageName = com.ubercab, dexPath = /data/user/0/com.ubercab/app_pccache/5/C150A56EE81A7F41B729057EB1FA05CBFA504FB6/pcam.jar, isa = arm64, classLoaderContext = PCL[];PCL[/data/app/~~bwmH90rOS2pMTgqwVrZ0dQ==/com.ubercab-SReOLmvTFwVhuRSczNR9yQ==/base.apk:/data/app/~~bwmH90rOS2pMTgqwVrZ0dQ==/com.ubercab-SReOLmvTFwVhuRSczNR9yQ==/split_BarcodeScanner.apk:/data/app/~~bwmH90rOS2pMTgqwVrZ0dQ==/com.ubercab-SReOLmvTFwVhuRSczNR9yQ==/split_GoogleAds.apk:/data/app/~~bwmH90rOS2pMTgqwVrZ0dQ==/com.ubercab-SReOLmvTFwVhuRSczNR9yQ==/split_GooglePaySdk.apk:/data/app/~~bwmH90rOS2pMTgqwVrZ0dQ==/com.ubercab-SReOLmvTFwVhuRSczNR9yQ==/split_VoipTwilio.apk]{PCL[/system/framework/org.apache.http.legacy.jar]}]
02-19 04:00:15.991  2557  4617 E ArtService: android.os.ServiceSpecificException: Failed to create OatFileAssistant: Failed to load class loader context files for '/data/user/0/com.ubercab/app_pccache/5/C150A56EE81A7F41B729057EB1FA05CBFA504FB6/pcam.jar' with context 'PCL[];PCL[/data/app/~~bwmH90rOS2pMTgqwVrZ0dQ==/com.ubercab-SReOLmvTFwVhuRSczNR9yQ==/base.apk:/data/app/~~bwmH90rOS2pMTgqwVrZ0dQ==/com.ubercab-SReOLmvTFwVhuRSczNR9yQ==/split_BarcodeScanner.apk:/data/app/~~bwmH90rOS2pMTgqwVrZ0dQ==/com.ubercab-SReOLmvTFwVhuRSczNR9yQ==/split_GoogleAds.apk:/data/app/~~bwmH90rOS2pMTgqwVrZ0dQ==/com.ubercab-SReOLmvTFwVhuRSczNR9yQ==/split_GooglePaySdk.apk:/data/app/~~bwmH90rOS2pMTgqwVrZ0dQ==/com.ubercab-SReOLmvTFwVhuRSczNR9yQ==/split_VoipTwilio.apk]{PCL[/system/framework/org.apache.http.legacy.jar]}' (code 1)
02-19 04:00:15.991  2557  4617 E ArtService: 	at android.os.Parcel.createExceptionOrNull(Parcel.java:3271)
02-19 04:00:15.991  2557  4617 E ArtService: 	at android.os.Parcel.createException(Parcel.java:3241)
02-19 04:00:15.991  2557  4617 E ArtService: 	at android.os.Parcel.readException(Parcel.java:3224)
02-19 04:00:15.991  2557  4617 E ArtService: 	at android.os.Parcel.readException(Parcel.java:3166)
02-19 04:00:15.991  2557  4617 E ArtService: 	at com.android.server.art.IArtd$Stub$Proxy.getDexoptStatus(IArtd.java:778)
02-19 04:00:15.991  2557  4617 E ArtService: 	at com.android.server.art.ArtFileManager.getUsableArtifacts(ArtFileManager.java:149)
02-19 04:00:15.991  2557  4617 E ArtService: 	at com.android.server.art.ArtManagerLocal.getArtManagedFileStats(ArtManagerLocal.java:1005)
02-19 04:00:15.991  2557  4617 E ArtService: 	at com.android.server.usage.StorageStatsService.computeAppStatsByDataTypes(qb/95038144 0ba830a6ad55cb920f76c0bf08c337f3bf5b5f7e0d571af2367f2696bbde2abb:75)
02-19 04:00:15.991  2557  4617 E ArtService: 	at com.android.server.usage.StorageStatsService.queryStatsForUid(qb/95038144 0ba830a6ad55cb920f76c0bf08c337f3bf5b5f7e0d571af2367f2696bbde2abb:138)
02-19 04:00:15.991  2557  4617 E ArtService: 	at com.android.server.usage.StorageStatsService.queryStatsForPackage(qb/95038144 0ba830a6ad55cb920f76c0bf08c337f3bf5b5f7e0d571af2367f2696bbde2abb:83)
02-19 04:00:15.991  2557  4617 E ArtService: 	at android.app.usage.IStorageStatsManager$Stub.onTransact(IStorageStatsManager.java:265)
02-19 04:00:15.991  2557  4617 E ArtService: 	at android.os.Binder.execTransactInternal(Binder.java:1536)
02-19 04:00:15.991  2557  4617 E ArtService: 	at android.os.Binder.execTransact(Binder.java:1480)
02-19 04:00:15.991 27975 27987 W artd    : Could not get dex checksums for location /data/app/~~bwmH90rOS2pMTgqwVrZ0dQ==/com.ubercab-SReOLmvTFwVhuRSczNR9yQ==/base.apk, fd=-1
02-19 04:00:15.991 27975 27987 W artd    : Could not get dex checksums for location /data/app/~~bwmH90rOS2pMTgqwVrZ0dQ==/com.ubercab-SReOLmvTFwVhuRSczNR9yQ==/split_BarcodeScanner.apk, fd=-1
02-19 04:00:15.991 27975 27987 W artd    : Could not get dex checksums for location /data/app/~~bwmH90rOS2pMTgqwVrZ0dQ==/com.ubercab-SReOLmvTFwVhuRSczNR9yQ==/split_GoogleAds.apk, fd=-1
02-19 04:00:15.991 27975 27987 W artd    : Could not get dex checksums for location /data/app/~~bwmH90rOS2pMTgqwVrZ0dQ==/com.ubercab-SReOLmvTFwVhuRSczNR9yQ==/split_GooglePaySdk.apk, fd=-1
02-19 04:00:15.991 27975 27987 W artd    : Could not get dex checksums for location /data/app/~~bwmH90rOS2pMTgqwVrZ0dQ==/com.ubercab-SReOLmvTFwVhuRSczNR9yQ==/split_VoipTwilio.apk, fd=-1
02-19 04:00:15.991  2557  4617 E ArtService: Failed to get dexopt status [packageName = com.ubercab, dexPath = /data/user/0/com.ubercab/app_pccache/5/D6A6862E57300EBB9D9EF1C1C983A838A749EA4F/pcam.jar, isa = arm64, classLoaderContext = PCL[];PCL[/data/app/~~bwmH90rOS2pMTgqwVrZ0dQ==/com.ubercab-SReOLmvTFwVhuRSczNR9yQ==/base.apk:/data/app/~~bwmH90rOS2pMTgqwVrZ0dQ==/com.ubercab-SReOLmvTFwVhuRSczNR9yQ==/split_BarcodeScanner.apk:/data/app/~~bwmH90rOS2pMTgqwVrZ0dQ==/com.ubercab-SReOLmvTFwVhuRSczNR9yQ==/split_GoogleAds.apk:/data/app/~~bwmH90rOS2pMTgqwVrZ0dQ==/com.ubercab-SReOLmvTFwVhuRSczNR9yQ==/split_GooglePaySdk.apk:/data/app/~~bwmH90rOS2pMTgqwVrZ0dQ==/com.ubercab-SReOLmvTFwVhuRSczNR9yQ==/split_VoipTwilio.apk]{PCL[/system/framework/org.apache.http.legacy.jar]}]
02-19 04:00:15.991  2557  4617 E ArtService: android.os.ServiceSpecificException: Failed to create OatFileAssistant: Failed to load class loader context files for '/data/user/0/com.ubercab/app_pccache/5/D6A6862E57300EBB9D9EF1C1C983A838A749EA4F/pcam.jar' with context 'PCL[];PCL[/data/app/~~bwmH90rOS2pMTgqwVrZ0dQ==/com.ubercab-SReOLmvTFwVhuRSczNR9yQ==/base.apk:/data/app/~~bwmH90rOS2pMTgqwVrZ0dQ==/com.ubercab-SReOLmvTFwVhuRSczNR9yQ==/split_BarcodeScanner.apk:/data/app/~~bwmH90rOS2pMTgqwVrZ0dQ==/com.ubercab-SReOLmvTFwVhuRSczNR9yQ==/split_GoogleAds.apk:/data/app/~~bwmH90rOS2pMTgqwVrZ0dQ==/com.ubercab-SReOLmvTFwVhuRSczNR9yQ==/split_GooglePaySdk.apk:/data/app/~~bwmH90rOS2pMTgqwVrZ0dQ==/com.ubercab-SReOLmvTFwVhuRSczNR9yQ==/split_VoipTwilio.apk]{PCL[/system/framework/org.apache.http.legacy.jar]}' (code 1)
02-19 04:00:15.991  2557  4617 E ArtService: 	at android.os.Parcel.createExceptionOrNull(Parcel.java:3271)
02-19 04:00:15.991  2557  4617 E ArtService: 	at android.os.Parcel.createException(Parcel.java:3241)
02-19 04:00:15.991  2557  4617 E ArtService: 	at android.os.Parcel.readException(Parcel.java:3224)
02-19 04:00:15.991  2557  4617 E ArtService: 	at android.os.Parcel.readException(Parcel.java:3166)
02-19 04:00:15.991  2557  4617 E ArtService: 	at com.android.server.art.IArtd$Stub$Proxy.getDexoptStatus(IArtd.java:778)
02-19 04:00:15.991  2557  4617 E ArtService: 	at com.android.server.art.ArtFileManager.getUsableArtifacts(ArtFileManager.java:149)
02-19 04:00:15.991  2557  4617 E ArtService: 	at com.android.server.art.ArtManagerLocal.getArtManagedFileStats(ArtManagerLocal.java:1005)
02-19 04:00:15.991  2557  4617 E ArtService: 	at com.android.server.usage.StorageStatsService.computeAppStatsByDataTypes(qb/95038144 0ba830a6ad55cb920f76c0bf08c337f3bf5b5f7e0d571af2367f2696bbde2abb:75)
02-19 04:00:15.991  2557  4617 E ArtService: 	at com.android.server.usage.StorageStatsService.queryStatsForUid(qb/95038144 0ba830a6ad55cb920f76c0bf08c337f3bf5b5f7e0d571af2367f2696bbde2abb:138)
02-19 04:00:15.991  2557  4617 E ArtService: 	at com.android.server.usage.StorageStatsService.queryStatsForPackage(qb/95038144 0ba830a6ad55cb920f76c0bf08c337f3bf5b5f7e0d571af2367f2696bbde2abb:83)
02-19 04:00:15.991  2557  4617 E ArtService: 	at android.app.usage.IStorageStatsManager$Stub.onTransact(IStorageStatsManager.java:265)
02-19 04:00:15.991  2557  4617 E ArtService: 	at android.os.Binder.execTransactInternal(Binder.java:1536)
02-19 04:00:15.991  2557  4617 E ArtService: 	at android.os.Binder.execTransact(Binder.java:1480)
02-19 04:00:15.996 27975 27987 I artd    : Dex parent of /data/app/~~xY1wVlQtbix3PZfkX9G1hQ==/com.google.ar.core-rrHIspTR8TM2f8ZxIax0QA==/base.apk is not writable: Permission denied
02-19 04:00:15.996 27975 27987 I artd    : GetBestInfo checking odex in dalvik-cache (/data/dalvik-cache/arm64/data@app@~~xY1wVlQtbix3PZfkX9G1hQ==@com.google.ar.core-rrHIspTR8TM2f8ZxIax0QA==@base.apk@classes.dex)
02-19 04:00:15.996 27975 27987 I artd    : Loading /data/dalvik-cache/arm64/data@app@~~xY1wVlQtbix3PZfkX9G1hQ==@com.google.ar.core-rrHIspTR8TM2f8ZxIax0QA==@base.apk@classes.dex with executable: 0
02-19 04:00:15.996 27975 27987 I artd    : OatFileAssistant test for existing oat file /data/dalvik-cache/arm64/data@app@~~xY1wVlQtbix3PZfkX9G1hQ==@com.google.ar.core-rrHIspTR8TM2f8ZxIax0QA==@base.apk@classes.dex: File /data/dalvik-cache/arm64/data@app@~~xY1wVlQtbix3PZfkX9G1hQ==@com.google.ar.core-rrHIspTR8TM2f8ZxIax0QA==@base.apk@classes.vdex does not exist.
02-19 04:00:15.996 27975 27987 I artd    : GetBestInfo checking odex next to the dex file (/data/app/~~xY1wVlQtbix3PZfkX9G1hQ==/com.google.ar.core-rrHIspTR8TM2f8ZxIax0QA==/oat/arm64/base.odex)
02-19 04:00:15.996 27975 27987 I artd    : Loading /data/app/~~xY1wVlQtbix3PZfkX9G1hQ==/com.google.ar.core-rrHIspTR8TM2f8ZxIax0QA==/oat/arm64/base.odex with executable: 0
02-19 04:00:15.997 27975 27987 I artd    : Successfully loaded /data/app/~~xY1wVlQtbix3PZfkX9G1hQ==/com.google.ar.core-rrHIspTR8TM2f8ZxIax0QA==/oat/arm64/base.odex with executable: 0
02-19 04:00:15.997 27975 27987 I artd    : Failed to verify checksums of oat file /data/app/~~xY1wVlQtbix3PZfkX9G1hQ==/com.google.ar.core-rrHIspTR8TM2f8ZxIax0QA==/oat/arm64/base.odex error: Oat boot class path (/apex/com.android.art/javalib/core-oj.jar:/apex/com.android.art/javalib/core-libart.jar:/apex/com.android.art/javalib/okhttp.jar:/apex/com.android.art/javalib/bouncycastle.jar:/apex/com.android.art/javalib/apache-xml.jar:/system/framework/framework.jar:/system/framework/framework-graphics.jar:/system/framework/ext.jar:/system/framework/telephony-common.jar:/system/framework/voip-common.jar:/system/framework/ims-common.jar:/system/framework/knoxsdk.jar:/system/framework/tcmiface.jar:/system/framework/telephony-ext.jar:/system/framework/QPerformance.jar:/system/framework/UxPerformance.jar:/system/framework/esecomm.jar:/apex/com.android.i18n/javalib/core-icu4j.jar:/apex/com.android.adservices/javalib/framework-adservices.jar:/apex/com.android.adservices/javalib/framework-sdksandbox.jar:/apex/com.android.appsearch/javalib/framework-appsearch.jar:/apex/com.android.btservices/javalib/framework-bluetooth.jar:/apex/com.android.configinfrastructure/javalib/framework-configinfrastructure.jar:/apex/com.android.conscrypt/javalib/conscrypt.jar:/apex/com.android.devicelock/javalib/framework-devicelock.jar:/apex/com.android.healthfitness/javalib/framework-healthfitness.jar:/apex/com.android.ipsec/javalib/android.net.ipsec.ike.jar:/apex/com.android.media/javalib/updatable-media.jar:/apex/com.android.mediaprovider/javalib/framework-mediaprovider.jar:/apex/com.android.mediaprovider/javalib/framework-pdf.jar:/apex/com.android.mediaprovider/javalib/framework-photopicker.jar:/apex/com.android.ondevicepersonalization/javalib/framework-ondevicepersonalization.jar:/apex/com.android.os.statsd/javalib/framework-statsd.jar:/apex/com.android.permission/javalib/framework-permission.jar:/apex/com.android.permission/javalib/framework-permission-s.jar:/apex/com.android.scheduling/javalib/framework-scheduling.jar:/apex/com.android.sdkext/javalib/framework-sdkextensions.jar:/apex/com.android.tethering/javalib/framework-connectivity.jar:/apex/com.android.tethering/javalib/framework-connectivity-t.jar:/apex/com.android.tethering/javalib/framework-tethering.jar:/apex/com.android.uwb/javalib/framework-uwb.jar:/apex/com.android.virt/javalib/framework-virtualization.jar:/apex/com.android.wifi/javalib/framework-wifi.jar:/apex/com.samsung.android.lifeguard/javalib/framework-lifeguard.jar:/apex/com.samsung.android.shell/javalib/framework-samsung-shell.jar) is not a prefix of runtime boot class path (/apex/com.android.art/javalib/core-oj.jar:/apex/com.android.art/javalib/core-libart.jar:/apex/com.android.art/javalib/okhttp.jar:/apex/com.android.art/javalib/bouncycastle.jar:/apex/com.android.art/javalib/apache-xml.jar:/system/framework/framework.jar:/system/framework/framework-graphics.jar:/system/framework/framework-location.jar:/system/framework/ext.jar:/system/framework/telephony-common.jar:/system/framework/voip-common.jar:/system/framework/ims-common.jar:/system/framework/knoxsdk.jar:/system/framework/com.samsung.android.uwb_extras.jar:/system/framework/framework-nfc.jar:/system/framework/tcmiface.jar:/system/framework/telephony-ext.jar:/system/framework/QPerformance.jar:/system/framework/UxPerformance.jar:/system/framework/esecomm.jar:/apex/com.android.i18n/javalib/core-icu4j.jar:/apex/com.android.adservices/javalib/framework-adservices.jar:/apex/com.android.adservices/javalib/framework-sdksandbox.jar:/apex/com.android.appsearch/javalib/framework-appsearch.jar:/apex/com.android.btservices/javalib/framework-bluetooth.jar:/apex/com.android.configinfrastructure/javalib/framework-configinfrastructure.jar:/apex/com.android.conscrypt/javalib/conscrypt.jar:/apex/com.android.devicelock/javalib/framework-devicelock.jar:/apex/com.android.healthfitness/javalib/framework-healthfitness.jar:/apex/com.android.ipsec/javalib/android.net.ipsec.ike.jar:/apex/com.android.media/javalib/updatable-media.jar:/apex/com.android.mediaprovider/javalib/framework-mediaprovider.jar:/apex/co
02-19 04:00:15.997 27975 27987 I artd    : Oat image checksum does not match image checksum.
02-19 04:00:15.997 27975 27987 I artd    : /data/app/~~xY1wVlQtbix3PZfkX9G1hQ==/com.google.ar.core-rrHIspTR8TM2f8ZxIax0QA==/oat/arm64/base.odex is kOatBootImageOutOfDate with filter speed-profile
02-19 04:00:15.997 27975 27987 I artd    : GetBestInfo checking vdex in dalvik-cache (/data/dalvik-cache/arm64/data@app@~~xY1wVlQtbix3PZfkX9G1hQ==@com.google.ar.core-rrHIspTR8TM2f8ZxIax0QA==@base.apk@classes.vdex)
02-19 04:00:15.997 27975 27987 I artd    : unable to open vdex file /data/dalvik-cache/arm64/data@app@~~xY1wVlQtbix3PZfkX9G1hQ==@com.google.ar.core-rrHIspTR8TM2f8ZxIax0QA==@base.apk@classes.vdex: File /data/dalvik-cache/arm64/data@app@~~xY1wVlQtbix3PZfkX9G1hQ==@com.google.ar.core-rrHIspTR8TM2f8ZxIax0QA==@base.apk@classes.vdex does not exist.
02-19 04:00:15.997 27975 27987 I artd    : OatFileAssistant test for existing oat file /data/dalvik-cache/arm64/data@app@~~xY1wVlQtbix3PZfkX9G1hQ==@com.google.ar.core-rrHIspTR8TM2f8ZxIax0QA==@base.apk@classes.vdex: File /data/dalvik-cache/arm64/data@app@~~xY1wVlQtbix3PZfkX9G1hQ==@com.google.ar.core-rrHIspTR8TM2f8ZxIax0QA==@base.apk@classes.vdex does not exist.
02-19 04:00:15.997 27975 27987 I artd    : GetBestInfo checking vdex next to the dex file (/data/app/~~xY1wVlQtbix3PZfkX9G1hQ==/com.google.ar.core-rrHIspTR8TM2f8ZxIax0QA==/oat/arm64/base.vdex)
02-19 04:00:15.997 27975 27987 I artd    : Successfully loaded /data/app/~~xY1wVlQtbix3PZfkX9G1hQ==/com.google.ar.core-rrHIspTR8TM2f8ZxIax0QA==/oat/arm64/base.vdex with executable: 0
02-19 04:00:15.997 27975 27987 I artd    : Image checksum test skipped for vdex file /data/app/~~xY1wVlQtbix3PZfkX9G1hQ==/com.google.ar.core-rrHIspTR8TM2f8ZxIax0QA==/oat/arm64/base.vdex
02-19 04:00:15.997 27975 27987 I artd    : /data/app/~~xY1wVlQtbix3PZfkX9G1hQ==/com.google.ar.core-rrHIspTR8TM2f8ZxIax0QA==/oat/arm64/base.vdex is kOatUpToDate with filter verify
02-19 04:00:16.008 27975 27987 I artd    : Dex parent of /data/app/~~AudmHzbzlElGR1xfkCppOQ==/com.samsung.android.mobileservice--oPa2BYlBxIDmEVqpXWH8Q==/base.apk is not writable: Permission denied
02-19 04:00:16.008 27975 27987 I artd    : GetBestInfo checking odex in dalvik-cache (/data/dalvik-cache/arm64/data@app@~~AudmHzbzlElGR1xfkCppOQ==@com.samsung.android.mobileservice--oPa2BYlBxIDmEVqpXWH8Q==@base.apk@classes.dex)
02-19 04:00:16.008 27975 27987 I artd    : Loading /data/dalvik-cache/arm64/data@app@~~AudmHzbzlElGR1xfkCppOQ==@com.samsung.android.mobileservice--oPa2BYlBxIDmEVqpXWH8Q==@base.apk@classes.dex with executable: 0
02-19 04:00:16.008 27975 27987 I artd    : OatFileAssistant test for existing oat file /data/dalvik-cache/arm64/data@app@~~AudmHzbzlElGR1xfkCppOQ==@com.samsung.android.mobileservice--oPa2BYlBxIDmEVqpXWH8Q==@base.apk@classes.dex: File /data/dalvik-cache/arm64/data@app@~~AudmHzbzlElGR1xfkCppOQ==@com.samsung.android.mobileservice--oPa2BYlBxIDmEVqpXWH8Q==@base.apk@classes.vdex does not exist.
02-19 04:00:16.008 27975 27987 I artd    : GetBestInfo checking odex next to the dex file (/data/app/~~AudmHzbzlElGR1xfkCppOQ==/com.samsung.android.mobileservice--oPa2BYlBxIDmEVqpXWH8Q==/oat/arm64/base.odex)
02-19 04:00:16.008 27975 27987 I artd    : Loading /data/app/~~AudmHzbzlElGR1xfkCppOQ==/com.samsung.android.mobileservice--oPa2BYlBxIDmEVqpXWH8Q==/oat/arm64/base.odex with executable: 0
02-19 04:00:16.009 27975 27987 I artd    : Successfully loaded /data/app/~~AudmHzbzlElGR1xfkCppOQ==/com.samsung.android.mobileservice--oPa2BYlBxIDmEVqpXWH8Q==/oat/arm64/base.odex with executable: 0
02-19 04:00:16.009 27975 27987 I artd    : Failed to verify checksums of oat file /data/app/~~AudmHzbzlElGR1xfkCppOQ==/com.samsung.android.mobileservice--oPa2BYlBxIDmEVqpXWH8Q==/oat/arm64/base.odex error: Oat boot class path (/apex/com.android.art/javalib/core-oj.jar:/apex/com.android.art/javalib/core-libart.jar:/apex/com.android.art/javalib/okhttp.jar:/apex/com.android.art/javalib/bouncycastle.jar:/apex/com.android.art/javalib/apache-xml.jar:/system/framework/framework.jar:/system/framework/framework-graphics.jar:/system/framework/ext.jar:/system/framework/telephony-common.jar:/system/framework/voip-common.jar:/system/framework/ims-common.jar:/system/framework/knoxsdk.jar:/system/framework/tcmiface.jar:/system/framework/telephony-ext.jar:/system/framework/QPerformance.jar:/system/framework/UxPerformance.jar:/system/framework/esecomm.jar:/apex/com.android.i18n/javalib/core-icu4j.jar:/apex/com.android.adservices/javalib/framework-adservices.jar:/apex/com.android.adservices/javalib/framework-sdksandbox.jar:/apex/com.android.appsearch/javalib/framework-appsearch.jar:/apex/com.android.btservices/javalib/framework-bluetooth.jar:/apex/com.android.configinfrastructure/javalib/framework-configinfrastructure.jar:/apex/com.android.conscrypt/javalib/conscrypt.jar:/apex/com.android.devicelock/javalib/framework-devicelock.jar:/apex/com.android.healthfitness/javalib/framework-healthfitness.jar:/apex/com.android.ipsec/javalib/android.net.ipsec.ike.jar:/apex/com.android.media/javalib/updatable-media.jar:/apex/com.android.mediaprovider/javalib/framework-mediaprovider.jar:/apex/com.android.mediaprovider/javalib/framework-pdf.jar:/apex/com.android.mediaprovider/javalib/framework-photopicker.jar:/apex/com.android.ondevicepersonalization/javalib/framework-ondevicepersonalization.jar:/apex/com.android.os.statsd/javalib/framework-statsd.jar:/apex/com.android.permission/javalib/framework-permission.jar:/apex/com.android.permission/javalib/framework-permission-s.jar:/apex/com.android.scheduling/javalib/framework-scheduling.jar:/apex/com.android.sdkext/javalib/framework-sdkextensions.jar:/apex/com.android.tethering/javalib/framework-connectivity.jar:/apex/com.android.tethering/javalib/framework-connectivity-t.jar:/apex/com.android.tethering/javalib/framework-tethering.jar:/apex/com.android.uwb/javalib/framework-uwb.jar:/apex/com.android.virt/javalib/framework-virtualization.jar:/apex/com.android.wifi/javalib/framework-wifi.jar:/apex/com.samsung.android.lifeguard/javalib/framework-lifeguard.jar:/apex/com.samsung.android.shell/javalib/framework-samsung-shell.jar) is not a prefix of runtime boot class path (/apex/com.android.art/javalib/core-oj.jar:/apex/com.android.art/javalib/core-libart.jar:/apex/com.android.art/javalib/okhttp.jar:/apex/com.android.art/javalib/bouncycastle.jar:/apex/com.android.art/javalib/apache-xml.jar:/system/framework/framework.jar:/system/framework/framework-graphics.jar:/system/framework/framework-location.jar:/system/framework/ext.jar:/system/framework/telephony-common.jar:/system/framework/voip-common.jar:/system/framework/ims-common.jar:/system/framework/knoxsdk.jar:/system/framework/com.samsung.android.uwb_extras.jar:/system/framework/framework-nfc.jar:/system/framework/tcmiface.jar:/system/framework/telephony-ext.jar:/system/framework/QPerformance.jar:/system/framework/UxPerformance.jar:/system/framework/esecomm.jar:/apex/com.android.i18n/javalib/core-icu4j.jar:/apex/com.android.adservices/javalib/framework-adservices.jar:/apex/com.android.adservices/javalib/framework-sdksandbox.jar:/apex/com.android.appsearch/javalib/framework-appsearch.jar:/apex/com.android.btservices/javalib/framework-bluetooth.jar:/apex/com.android.configinfrastructure/javalib/framework-configinfrastructure.jar:/apex/com.android.conscrypt/javalib/conscrypt.jar:/apex/com.android.devicelock/javalib/framework-devicelock.jar:/apex/com.android.healthfitness/javalib/framework-healthfitness.jar:/apex/com.android.ipsec/javalib/android.net.ipsec.ike.jar:/apex/com.android.media/javalib/updatable-media.jar:/apex/com.android.mediaprovider/javalib/framework-mediaprovid
02-19 04:00:16.009 27975 27987 I artd    : Oat image checksum does not match image checksum.
02-19 04:00:16.009 27975 27987 I artd    : /data/app/~~AudmHzbzlElGR1xfkCppOQ==/com.samsung.android.mobileservice--oPa2BYlBxIDmEVqpXWH8Q==/oat/arm64/base.odex is kOatBootImageOutOfDate with filter speed-profile
02-19 04:00:16.009 27975 27987 I artd    : GetBestInfo checking vdex in dalvik-cache (/data/dalvik-cache/arm64/data@app@~~AudmHzbzlElGR1xfkCppOQ==@com.samsung.android.mobileservice--oPa2BYlBxIDmEVqpXWH8Q==@base.apk@classes.vdex)
02-19 04:00:16.009 27975 27987 I artd    : unable to open vdex file /data/dalvik-cache/arm64/data@app@~~AudmHzbzlElGR1xfkCppOQ==@com.samsung.android.mobileservice--oPa2BYlBxIDmEVqpXWH8Q==@base.apk@classes.vdex: File /data/dalvik-cache/arm64/data@app@~~AudmHzbzlElGR1xfkCppOQ==@com.samsung.android.mobileservice--oPa2BYlBxIDmEVqpXWH8Q==@base.apk@classes.vdex does not exist.
02-19 04:00:16.009 27975 27987 I artd    : OatFileAssistant test for existing oat file /data/dalvik-cache/arm64/data@app@~~AudmHzbzlElGR1xfkCppOQ==@com.samsung.android.mobileservice--oPa2BYlBxIDmEVqpXWH8Q==@base.apk@classes.vdex: File /data/dalvik-cache/arm64/data@app@~~AudmHzbzlElGR1xfkCppOQ==@com.samsung.android.mobileservice--oPa2BYlBxIDmEVqpXWH8Q==@base.apk@classes.vdex does not exist.
02-19 04:00:16.009 27975 27987 I artd    : GetBestInfo checking vdex next to the dex file (/data/app/~~AudmHzbzlElGR1xfkCppOQ==/com.samsung.android.mobileservice--oPa2BYlBxIDmEVqpXWH8Q==/oat/arm64/base.vdex)
02-19 04:00:16.009  2082  2423 D CameraService: getNumberOfCameras E
02-19 04:00:16.009 27975 27987 I artd    : Successfully loaded /data/app/~~AudmHzbzlElGR1xfkCppOQ==/com.samsung.android.mobileservice--oPa2BYlBxIDmEVqpXWH8Q==/oat/arm64/base.vdex with executable: 0
02-19 04:00:16.009 27975 27987 I artd    : Image checksum test skipped for vdex file /data/app/~~AudmHzbzlElGR1xfkCppOQ==/com.samsung.android.mobileservice--oPa2BYlBxIDmEVqpXWH8Q==/oat/arm64/base.vdex
02-19 04:00:16.009 27975 27987 I artd    : /data/app/~~AudmHzbzlElGR1xfkCppOQ==/com.samsung.android.mobileservice--oPa2BYlBxIDmEVqpXWH8Q==/oat/arm64/base.vdex is kOatUpToDate with filter verify
02-19 04:00:16.009  2082  2423 D CameraService: getNumberOfCameras X: ok
02-19 04:00:16.010  2082  2423 D CameraService: getNumberOfCameras E
02-19 04:00:16.010  2082  2423 D CameraService: getNumberOfCameras X: ok
02-19 04:00:16.011  2082  2423 D CameraService: getCameraInfo E: 0
02-19 04:00:16.011  2082  2423 D CameraService: getCameraInfo X
02-19 04:00:16.012  2082  2423 D CameraService: getNumberOfCameras E
02-19 04:00:16.012  2082  2423 D CameraService: getNumberOfCameras X: ok
02-19 04:00:16.013  2082  2423 D CameraService: getCameraInfo E: 1
02-19 04:00:16.013  2082  2423 D CameraService: getCameraInfo X
02-19 04:00:16.015  3880  3880 I wpa_supplicant: Heartbeat 4593
02-19 04:00:16.015  2082  2423 D CameraService: getNumberOfCameras E
02-19 04:00:16.015  2082  2423 D CameraService: getNumberOfCameras X: ok
02-19 04:00:16.016  2082  2423 D CameraService: getCameraInfo E: 2
02-19 04:00:16.016  2082  2423 D CameraService: getCameraInfo X
02-19 04:00:16.024 27975 27987 I artd    : Dex parent of /data/app/~~17uDPTkZjq17L-tOv4mFFg==/com.phonepe.app-FEB-1NYB96h6xlyZj_Lf6g==/base.apk is not writable: Permission denied
02-19 04:00:16.024 27975 27987 I artd    : GetBestInfo checking odex in dalvik-cache (/data/dalvik-cache/arm64/data@app@~~17uDPTkZjq17L-tOv4mFFg==@com.phonepe.app-FEB-1NYB96h6xlyZj_Lf6g==@base.apk@classes.dex)
02-19 04:00:16.024 27975 27987 I artd    : Loading /data/dalvik-cache/arm64/data@app@~~17uDPTkZjq17L-tOv4mFFg==@com.phonepe.app-FEB-1NYB96h6xlyZj_Lf6g==@base.apk@classes.dex with executable: 0
02-19 04:00:16.024 27975 27987 I artd    : OatFileAssistant test for existing oat file /data/dalvik-cache/arm64/data@app@~~17uDPTkZjq17L-tOv4mFFg==@com.phonepe.app-FEB-1NYB96h6xlyZj_Lf6g==@base.apk@classes.dex: File /data/dalvik-cache/arm64/data@app@~~17uDPTkZjq17L-tOv4mFFg==@com.phonepe.app-FEB-1NYB96h6xlyZj_Lf6g==@base.apk@classes.vdex does not exist.
02-19 04:00:16.024 27975 27987 I artd    : GetBestInfo checking odex next to the dex file (/data/app/~~17uDPTkZjq17L-tOv4mFFg==/com.phonepe.app-FEB-1NYB96h6xlyZj_Lf6g==/oat/arm64/base.odex)
02-19 04:00:16.024 27975 27987 I artd    : Loading /data/app/~~17uDPTkZjq17L-tOv4mFFg==/com.phonepe.app-FEB-1NYB96h6xlyZj_Lf6g==/oat/arm64/base.odex with executable: 0
02-19 04:00:16.025 27975 27987 I artd    : Successfully loaded /data/app/~~17uDPTkZjq17L-tOv4mFFg==/com.phonepe.app-FEB-1NYB96h6xlyZj_Lf6g==/oat/arm64/base.odex with executable: 0
02-19 04:00:16.025 27975 27987 I artd    : /data/app/~~17uDPTkZjq17L-tOv4mFFg==/com.phonepe.app-FEB-1NYB96h6xlyZj_Lf6g==/oat/arm64/base.odex is kOatUpToDate with filter speed-profile
02-19 04:00:16.026 27975 27987 I artd    : Dex parent of /data/app/~~17uDPTkZjq17L-tOv4mFFg==/com.phonepe.app-FEB-1NYB96h6xlyZj_Lf6g==/split_card_hce.apk is not writable: Permission denied
02-19 04:00:16.026 27975 27987 I artd    : GetBestInfo checking odex in dalvik-cache (/data/dalvik-cache/arm64/data@app@~~17uDPTkZjq17L-tOv4mFFg==@com.phonepe.app-FEB-1NYB96h6xlyZj_Lf6g==@split_card_hce.apk@classes.dex)
02-19 04:00:16.026 27975 27987 I artd    : Loading /data/dalvik-cache/arm64/data@app@~~17uDPTkZjq17L-tOv4mFFg==@com.phonepe.app-FEB-1NYB96h6xlyZj_Lf6g==@split_card_hce.apk@classes.dex with executable: 0
02-19 04:00:16.026 27975 27987 I artd    : OatFileAssistant test for existing oat file /data/dalvik-cache/arm64/data@app@~~17uDPTkZjq17L-tOv4mFFg==@com.phonepe.app-FEB-1NYB96h6xlyZj_Lf6g==@split_card_hce.apk@classes.dex: File /data/dalvik-cache/arm64/data@app@~~17uDPTkZjq17L-tOv4mFFg==@com.phonepe.app-FEB-1NYB96h6xlyZj_Lf6g==@split_card_hce.apk@classes.vdex does not exist.
02-19 04:00:16.026 27975 27987 I artd    : GetBestInfo checking odex next to the dex file (/data/app/~~17uDPTkZjq17L-tOv4mFFg==/com.phonepe.app-FEB-1NYB96h6xlyZj_Lf6g==/oat/arm64/split_card_hce.odex)
02-19 04:00:16.026 27975 27987 I artd    : Loading /data/app/~~17uDPTkZjq17L-tOv4mFFg==/com.phonepe.app-FEB-1NYB96h6xlyZj_Lf6g==/oat/arm64/split_card_hce.odex with executable: 0
02-19 04:00:16.026 27975 27987 I artd    : OatFileAssistant test for existing oat file /data/app/~~17uDPTkZjq17L-tOv4mFFg==/com.phonepe.app-FEB-1NYB96h6xlyZj_Lf6g==/oat/arm64/split_card_hce.odex: File /data/app/~~17uDPTkZjq17L-tOv4mFFg==/com.phonepe.app-FEB-1NYB96h6xlyZj_Lf6g==/oat/arm64/split_card_hce.vdex does not exist.
02-19 04:00:16.026 27975 27987 I artd    : GetBestInfo checking vdex in dalvik-cache (/data/dalvik-cache/arm64/data@app@~~17uDPTkZjq17L-tOv4mFFg==@com.phonepe.app-FEB-1NYB96h6xlyZj_Lf6g==@split_card_hce.apk@classes.vdex)
02-19 04:00:16.026 27975 27987 I artd    : unable to open vdex file /data/dalvik-cache/arm64/data@app@~~17uDPTkZjq17L-tOv4mFFg==@com.phonepe.app-FEB-1NYB96h6xlyZj_Lf6g==@split_card_hce.apk@classes.vdex: File /data/dalvik-cache/arm64/data@app@~~17uDPTkZjq17L-tOv4mFFg==@com.phonepe.app-FEB-1NYB96h6xlyZj_Lf6g==@split_card_hce.apk@classes.vdex does not exist.
02-19 04:00:16.026 27975 27987 I artd    : OatFileAssistant test for existing oat file /data/dalvik-cache/arm64/data@app@~~17uDPTkZjq17L-tOv4mFFg==@com.phonepe.app-FEB-1NYB96h6xlyZj_Lf6g==@split_card_hce.apk@classes.vdex: File /data/dalvik-cache/arm64/data@app@~~17uDPTkZjq17L-tOv4mFFg==@com.phonepe.app-FEB-1NYB96h6xlyZj_Lf6g==@split_card_hce.apk@classes.vdex does not exist.
02-19 04:00:16.026 27975 27987 I artd    : GetBestInfo checking vdex next to the dex file (/data/app/~~17uDPTkZjq17L-tOv4mFFg==/com.phonepe.app-FEB-1NYB96h6xlyZj_Lf6g==/oat/arm64/split_card_hce.vdex)
02-19 04:00:16.026 27975 27987 I artd    : unable to open vdex file /data/app/~~17uDPTkZjq17L-tOv4mFFg==/com.phonepe.app-FEB-1NYB96h6xlyZj_Lf6g==/oat/arm64/split_card_hce.vdex: File /data/app/~~17uDPTkZjq17L-tOv4mFFg==/com.phonepe.app-FEB-1NYB96h6xlyZj_Lf6g==/oat/arm64/split_card_hce.vdex does not exist.
02-19 04:00:16.026 27975 27987 I artd    : OatFileAssistant test for existing oat file /data/app/~~17uDPTkZjq17L-tOv4mFFg==/com.phonepe.app-FEB-1NYB96h6xlyZj_Lf6g==/oat/arm64/split_card_hce.vdex: File /data/app/~~17uDPTkZjq17L-tOv4mFFg==/com.phonepe.app-FEB-1NYB96h6xlyZj_Lf6g==/oat/arm64/split_card_hce.vdex does not exist.
02-19 04:00:16.026 27975 27987 I artd    : GetBestInfo checking dm (/data/app/~~17uDPTkZjq17L-tOv4mFFg==/com.phonepe.app-FEB-1NYB96h6xlyZj_Lf6g==/split_card_hce.dm)
02-19 04:00:16.027 27975 27987 I artd    : Successfully loaded /data/app/~~17uDPTkZjq17L-tOv4mFFg==/com.phonepe.app-FEB-1NYB96h6xlyZj_Lf6g==/split_card_hce.dm with executable: 0
02-19 04:00:16.027 27975 27987 I artd    : Image checksum test skipped for vdex file primary.vdex mapped directly in memory from /data/app/~~17uDPTkZjq17L-tOv4mFFg==/com.phonepe.app-FEB-1NYB96h6xlyZj_Lf6g==/split_card_hce.dm
02-19 04:00:16.027 27975 27987 I artd    : primary.vdex mapped directly in memory from /data/app/~~17uDPTkZjq17L-tOv4mFFg==/com.phonepe.app-FEB-1NYB96h6xlyZj_Lf6g==/split_card_hce.dm is kOatUpToDate with filter verify
02-19 04:00:16.028 27975 27987 I artd    : Dex parent of /data/user/0/com.phonepe.app/app_pccache/5/2A8265B47A1D9B3EFA0B68A58A01A5E195878859/pcam.jar is not writable: Permission denied
02-19 04:00:16.028 27975 27987 I artd    : GetBestInfo checking odex in dalvik-cache (/data/dalvik-cache/arm64/data@user@0@com.phonepe.app@app_pccache@5@2A8265B47A1D9B3EFA0B68A58A01A5E195878859@pcam.jar@classes.dex)
02-19 04:00:16.028 27975 27987 I artd    : Loading /data/dalvik-cache/arm64/data@user@0@com.phonepe.app@app_pccache@5@2A8265B47A1D9B3EFA0B68A58A01A5E195878859@pcam.jar@classes.dex with executable: 0
02-19 04:00:16.028 27975 27987 I artd    : OatFileAssistant test for existing oat file /data/dalvik-cache/arm64/data@user@0@com.phonepe.app@app_pccache@5@2A8265B47A1D9B3EFA0B68A58A01A5E195878859@pcam.jar@classes.dex: File /data/dalvik-cache/arm64/data@user@0@com.phonepe.app@app_pccache@5@2A8265B47A1D9B3EFA0B68A58A01A5E195878859@pcam.jar@classes.vdex does not exist.
02-19 04:00:16.028 27975 27987 I artd    : GetBestInfo checking odex next to the dex file (/data/user/0/com.phonepe.app/app_pccache/5/2A8265B47A1D9B3EFA0B68A58A01A5E195878859/oat/arm64/pcam.odex)
02-19 04:00:16.028 27975 27987 I artd    : Loading /data/user/0/com.phonepe.app/app_pccache/5/2A8265B47A1D9B3EFA0B68A58A01A5E195878859/oat/arm64/pcam.odex with executable: 0
02-19 04:00:16.028 27975 27987 I artd    : OatFileAssistant test for existing oat file /data/user/0/com.phonepe.app/app_pccache/5/2A8265B47A1D9B3EFA0B68A58A01A5E195878859/oat/arm64/pcam.odex: Failed to open oat filename for reading: No such file or directory
02-19 04:00:16.028 27975 27987 I artd    : GetBestInfo checking vdex in dalvik-cache (/data/dalvik-cache/arm64/data@user@0@com.phonepe.app@app_pccache@5@2A8265B47A1D9B3EFA0B68A58A01A5E195878859@pcam.jar@classes.vdex)
02-19 04:00:16.028 27975 27987 I artd    : unable to open vdex file /data/dalvik-cache/arm64/data@user@0@com.phonepe.app@app_pccache@5@2A8265B47A1D9B3EFA0B68A58A01A5E195878859@pcam.jar@classes.vdex: File /data/dalvik-cache/arm64/data@user@0@com.phonepe.app@app_pccache@5@2A8265B47A1D9B3EFA0B68A58A01A5E195878859@pcam.jar@classes.vdex does not exist.
02-19 04:00:16.028 27975 27987 I artd    : OatFileAssistant test for existing oat file /data/dalvik-cache/arm64/data@user@0@com.phonepe.app@app_pccache@5@2A8265B47A1D9B3EFA0B68A58A01A5E195878859@pcam.jar@classes.vdex: File /data/dalvik-cache/arm64/data@user@0@com.phonepe.app@app_pccache@5@2A8265B47A1D9B3EFA0B68A58A01A5E195878859@pcam.jar@classes.vdex does not exist.
02-19 04:00:16.028 27975 27987 I artd    : GetBestInfo checking vdex next to the dex file (/data/user/0/com.phonepe.app/app_pccache/5/2A8265B47A1D9B3EFA0B68A58A01A5E195878859/oat/arm64/pcam.vdex)
02-19 04:00:16.028 27975 27987 I artd    : Successfully loaded /data/user/0/com.phonepe.app/app_pccache/5/2A8265B47A1D9B3EFA0B68A58A01A5E195878859/oat/arm64/pcam.vdex with executable: 0
02-19 04:00:16.028 27975 27987 I artd    : Image checksum test skipped for vdex file /data/user/0/com.phonepe.app/app_pccache/5/2A8265B47A1D9B3EFA0B68A58A01A5E195878859/oat/arm64/pcam.vdex
02-19 04:00:16.029 27975 27987 I artd    : /data/user/0/com.phonepe.app/app_pccache/5/2A8265B47A1D9B3EFA0B68A58A01A5E195878859/oat/arm64/pcam.vdex is kOatUpToDate with filter verify
02-19 04:00:16.029 27975 27987 I artd    : Dex parent of /data/user/0/com.phonepe.app/app_pccache/5/D6A6862E57300EBB9D9EF1C1C983A838A749EA4F/pcam.jar is not writable: Permission denied
02-19 04:00:16.029 27975 27987 I artd    : GetBestInfo checking odex in dalvik-cache (/data/dalvik-cache/arm64/data@user@0@com.phonepe.app@app_pccache@5@D6A6862E57300EBB9D9EF1C1C983A838A749EA4F@pcam.jar@classes.dex)
02-19 04:00:16.029 27975 27987 I artd    : Loading /data/dalvik-cache/arm64/data@user@0@com.phonepe.app@app_pccache@5@D6A6862E57300EBB9D9EF1C1C983A838A749EA4F@pcam.jar@classes.dex with executable: 0
02-19 04:00:16.029 27975 27987 I artd    : OatFileAssistant test for existing oat file /data/dalvik-cache/arm64/data@user@0@com.phonepe.app@app_pccache@5@D6A6862E57300EBB9D9EF1C1C983A838A749EA4F@pcam.jar@classes.dex: File /data/dalvik-cache/arm64/data@user@0@com.phonepe.app@app_pccache@5@D6A6862E57300EBB9D9EF1C1C983A838A749EA4F@pcam.jar@classes.vdex does not exist.
02-19 04:00:16.029 27975 27987 I artd    : GetBestInfo checking odex next to the dex file (/data/user/0/com.phonepe.app/app_pccache/5/D6A6862E57300EBB9D9EF1C1C983A838A749EA4F/oat/arm64/pcam.odex)
02-19 04:00:16.029 27975 27987 I artd    : Loading /data/user/0/com.phonepe.app/app_pccache/5/D6A6862E57300EBB9D9EF1C1C983A838A749EA4F/oat/arm64/pcam.odex with executable: 0
02-19 04:00:16.030 27975 27987 I artd    : OatFileAssistant test for existing oat file /data/user/0/com.phonepe.app/app_pccache/5/D6A6862E57300EBB9D9EF1C1C983A838A749EA4F/oat/arm64/pcam.odex: Failed to open oat filename for reading: No such file or directory
02-19 04:00:16.030 27975 27987 I artd    : GetBestInfo checking vdex in dalvik-cache (/data/dalvik-cache/arm64/data@user@0@com.phonepe.app@app_pccache@5@D6A6862E57300EBB9D9EF1C1C983A838A749EA4F@pcam.jar@classes.vdex)
02-19 04:00:16.030 27975 27987 I artd    : unable to open vdex file /data/dalvik-cache/arm64/data@user@0@com.phonepe.app@app_pccache@5@D6A6862E57300EBB9D9EF1C1C983A838A749EA4F@pcam.jar@classes.vdex: File /data/dalvik-cache/arm64/data@user@0@com.phonepe.app@app_pccache@5@D6A6862E57300EBB9D9EF1C1C983A838A749EA4F@pcam.jar@classes.vdex does not exist.
02-19 04:00:16.030 27975 27987 I artd    : OatFileAssistant test for existing oat file /data/dalvik-cache/arm64/data@user@0@com.phonepe.app@app_pccache@5@D6A6862E57300EBB9D9EF1C1C983A838A749EA4F@pcam.jar@classes.vdex: File /data/dalvik-cache/arm64/data@user@0@com.phonepe.app@app_pccache@5@D6A6862E57300EBB9D9EF1C1C983A838A749EA4F@pcam.jar@classes.vdex does not exist.
02-19 04:00:16.030 27975 27987 I artd    : GetBestInfo checking vdex next to the dex file (/data/user/0/com.phonepe.app/app_pccache/5/D6A6862E57300EBB9D9EF1C1C983A838A749EA4F/oat/arm64/pcam.vdex)
02-19 04:00:16.030 27975 27987 I artd    : Successfully loaded /data/user/0/com.phonepe.app/app_pccache/5/D6A6862E57300EBB9D9EF1C1C983A838A749EA4F/oat/arm64/pcam.vdex with executable: 0
02-19 04:00:16.030 27975 27987 I artd    : Image checksum test skipped for vdex file /data/user/0/com.phonepe.app/app_pccache/5/D6A6862E57300EBB9D9EF1C1C983A838A749EA4F/oat/arm64/pcam.vdex
02-19 04:00:16.030 27975 27987 I artd    : /data/user/0/com.phonepe.app/app_pccache/5/D6A6862E57300EBB9D9EF1C1C983A838A749EA4F/oat/arm64/pcam.vdex is kOatUpToDate with filter verify
02-19 04:00:16.040 27975 27987 I artd    : Dex parent of /data/app/~~GmcIkzxH297arVRes-1_sA==/com.comuto-Xl_u9qmsnkgfuOWyjiPDNQ==/base.apk is not writable: Permission denied
02-19 04:00:16.040 27975 27987 I artd    : GetBestInfo checking odex in dalvik-cache (/data/dalvik-cache/arm64/data@app@~~GmcIkzxH297arVRes-1_sA==@com.comuto-Xl_u9qmsnkgfuOWyjiPDNQ==@base.apk@classes.dex)
02-19 04:00:16.040 27975 27987 I artd    : Loading /data/dalvik-cache/arm64/data@app@~~GmcIkzxH297arVRes-1_sA==@com.comuto-Xl_u9qmsnkgfuOWyjiPDNQ==@base.apk@classes.dex with executable: 0
02-19 04:00:16.040 27975 27987 I artd    : OatFileAssistant test for existing oat file /data/dalvik-cache/arm64/data@app@~~GmcIkzxH297arVRes-1_sA==@com.comuto-Xl_u9qmsnkgfuOWyjiPDNQ==@base.apk@classes.dex: File /data/dalvik-cache/arm64/data@app@~~GmcIkzxH297arVRes-1_sA==@com.comuto-Xl_u9qmsnkgfuOWyjiPDNQ==@base.apk@classes.vdex does not exist.
02-19 04:00:16.040 27975 27987 I artd    : GetBestInfo checking odex next to the dex file (/data/app/~~GmcIkzxH297arVRes-1_sA==/com.comuto-Xl_u9qmsnkgfuOWyjiPDNQ==/oat/arm64/base.odex)
02-19 04:00:16.040 27975 27987 I artd    : Loading /data/app/~~GmcIkzxH297arVRes-1_sA==/com.comuto-Xl_u9qmsnkgfuOWyjiPDNQ==/oat/arm64/base.odex with executable: 0
02-19 04:00:16.041 27975 27987 I artd    : Successfully loaded /data/app/~~GmcIkzxH297arVRes-1_sA==/com.comuto-Xl_u9qmsnkgfuOWyjiPDNQ==/oat/arm64/base.odex with executable: 0
02-19 04:00:16.041 27975 27987 I artd    : /data/app/~~GmcIkzxH297arVRes-1_sA==/com.comuto-Xl_u9qmsnkgfuOWyjiPDNQ==/oat/arm64/base.odex is kOatUpToDate with filter speed-profile
02-19 04:00:16.042 27975 27987 W artd    : Could not get dex checksums for location /data/app/~~8v89AYb1PxTNXN9CK2TsOQ==/com.comuto-5b7TUngi08tQ1sTuq-r2Iw==/base.apk, fd=-1
02-19 04:00:16.042  2557  6085 E ArtService: Failed to get dexopt status [packageName = com.comuto, dexPath = /data/user/0/com.comuto/app_pccache/5/C032827D49137A4DE859DC0AEDE2EAF97B8599B0/pcam.jar, isa = arm64, classLoaderContext = PCL[];PCL[/data/app/~~8v89AYb1PxTNXN9CK2TsOQ==/com.comuto-5b7TUngi08tQ1sTuq-r2Iw==/base.apk]{PCL[/system/framework/org.apache.http.legacy.jar]}]
02-19 04:00:16.042  2557  6085 E ArtService: android.os.ServiceSpecificException: Failed to create OatFileAssistant: Failed to load class loader context files for '/data/user/0/com.comuto/app_pccache/5/C032827D49137A4DE859DC0AEDE2EAF97B8599B0/pcam.jar' with context 'PCL[];PCL[/data/app/~~8v89AYb1PxTNXN9CK2TsOQ==/com.comuto-5b7TUngi08tQ1sTuq-r2Iw==/base.apk]{PCL[/system/framework/org.apache.http.legacy.jar]}' (code 1)
02-19 04:00:16.042  2557  6085 E ArtService: 	at android.os.Parcel.createExceptionOrNull(Parcel.java:3271)
02-19 04:00:16.042  2557  6085 E ArtService: 	at android.os.Parcel.createException(Parcel.java:3241)
02-19 04:00:16.042  2557  6085 E ArtService: 	at android.os.Parcel.readException(Parcel.java:3224)
02-19 04:00:16.042  2557  6085 E ArtService: 	at android.os.Parcel.readException(Parcel.java:3166)
02-19 04:00:16.042  2557  6085 E ArtService: 	at com.android.server.art.IArtd$Stub$Proxy.getDexoptStatus(IArtd.java:778)
02-19 04:00:16.042  2557  6085 E ArtService: 	at com.android.server.art.ArtFileManager.getUsableArtifacts(ArtFileManager.java:149)
02-19 04:00:16.042  2557  6085 E ArtService: 	at com.android.server.art.ArtManagerLocal.getArtManagedFileStats(ArtManagerLocal.java:1005)
02-19 04:00:16.042  2557  6085 E ArtService: 	at com.android.server.usage.StorageStatsService.computeAppStatsByDataTypes(qb/95038144 0ba830a6ad55cb920f76c0bf08c337f3bf5b5f7e0d571af2367f2696bbde2abb:75)
02-19 04:00:16.042  2557  6085 E ArtService: 	at com.android.server.usage.StorageStatsService.queryStatsForUid(qb/95038144 0ba830a6ad55cb920f76c0bf08c337f3bf5b5f7e0d571af2367f2696bbde2abb:138)
02-19 04:00:16.042  2557  6085 E ArtService: 	at com.android.server.usage.StorageStatsService.queryStatsForPackage(qb/95038144 0ba830a6ad55cb920f76c0bf08c337f3bf5b5f7e0d571af2367f2696bbde2abb:83)
02-19 04:00:16.042  2557  6085 E ArtService: 	at android.app.usage.IStorageStatsManager$Stub.onTransact(IStorageStatsManager.java:265)
02-19 04:00:16.042  2557  6085 E ArtService: 	at android.os.Binder.execTransactInternal(Binder.java:1536)
02-19 04:00:16.042  2557  6085 E ArtService: 	at android.os.Binder.execTransact(Binder.java:1480)
02-19 04:00:16.042 27975 27987 W artd    : Could not get dex checksums for location /data/app/~~8v89AYb1PxTNXN9CK2TsOQ==/com.comuto-5b7TUngi08tQ1sTuq-r2Iw==/base.apk, fd=-1
02-19 04:00:16.042  2557  6085 E ArtService: Failed to get dexopt status [packageName = com.comuto, dexPath = /data/user/0/com.comuto/app_pccache/5/C150A56EE81A7F41B729057EB1FA05CBFA504FB6/pcam.jar, isa = arm64, classLoaderContext = PCL[];PCL[/data/app/~~8v89AYb1PxTNXN9CK2TsOQ==/com.comuto-5b7TUngi08tQ1sTuq-r2Iw==/base.apk]{PCL[/system/framework/org.apache.http.legacy.jar]}]
02-19 04:00:16.042  2557  6085 E ArtService: android.os.ServiceSpecificException: Failed to create OatFileAssistant: Failed to load class loader context files for '/data/user/0/com.comuto/app_pccache/5/C150A56EE81A7F41B729057EB1FA05CBFA504FB6/pcam.jar' with context 'PCL[];PCL[/data/app/~~8v89AYb1PxTNXN9CK2TsOQ==/com.comuto-5b7TUngi08tQ1sTuq-r2Iw==/base.apk]{PCL[/system/framework/org.apache.http.legacy.jar]}' (code 1)
02-19 04:00:16.042  2557  6085 E ArtService: 	at android.os.Parcel.createExceptionOrNull(Parcel.java:3271)
02-19 04:00:16.042  2557  6085 E ArtService: 	at android.os.Parcel.createException(Parcel.java:3241)
02-19 04:00:16.042  2557  6085 E ArtService: 	at android.os.Parcel.readException(Parcel.java:3224)
02-19 04:00:16.042  2557  6085 E ArtService: 	at android.os.Parcel.readException(Parcel.java:3166)
02-19 04:00:16.042  2557  6085 E ArtService: 	at com.android.server.art.IArtd$Stub$Proxy.getDexoptStatus(IArtd.java:778)
02-19 04:00:16.042  2557  6085 E ArtService: 	at com.android.server.art.ArtFileManager.getUsableArtifacts(ArtFileManager.java:149)
02-19 04:00:16.042  2557  6085 E ArtService: 	at com.android.server.art.ArtManagerLocal.getArtManagedFileStats(ArtManagerLocal.java:1005)
02-19 04:00:16.042  2557  6085 E ArtService: 	at com.android.server.usage.StorageStatsService.computeAppStatsByDataTypes(qb/95038144 0ba830a6ad55cb920f76c0bf08c337f3bf5b5f7e0d571af2367f2696bbde2abb:75)
02-19 04:00:16.042  2557  6085 E ArtService: 	at com.android.server.usage.StorageStatsService.queryStatsForUid(qb/95038144 0ba830a6ad55cb920f76c0bf08c337f3bf5b5f7e0d571af2367f2696bbde2abb:138)
02-19 04:00:16.042  2557  6085 E ArtService: 	at com.android.server.usage.StorageStatsService.queryStatsForPackage(qb/95038144 0ba830a6ad55cb920f76c0bf08c337f3bf5b5f7e0d571af2367f2696bbde2abb:83)
02-19 04:00:16.042  2557  6085 E ArtService: 	at android.app.usage.IStorageStatsManager$Stub.onTransact(IStorageStatsManager.java:265)
02-19 04:00:16.042  2557  6085 E ArtService: 	at android.os.Binder.execTransactInternal(Binder.java:1536)
02-19 04:00:16.042  2557  6085 E ArtService: 	at android.os.Binder.execTransact(Binder.java:1480)
02-19 04:00:16.045  2557  4943 D FreecessController: com.google.android.youtube(10279) is important[18]
02-19 04:00:16.047  2557  4617 W JobScheduler: Job didn't exist in JobStore: eb901ff {androidx.work.systemjobscheduler} #u0a279/107538 @androidx.work.systemjobscheduler@com.google.android.youtube/androidx.work.impl.background.systemjob.SystemJobService
02-19 04:00:16.053  2557 27936 D WifiConnectivityMonitor.DnsThread:  [|207] []
02-19 04:00:16.054  2557  3806 D WifiConnectivityMonitor.NetworkStatsAnalyzer: DNS resultType : 0, responseTime : 207
02-19 04:00:16.056  2557  3803 D OpenNetworkQos[4.00]: updateBssidLatestDnsResultType - result: 0
02-19 04:00:16.056  2557  3803 D OpenNetworkQos[4.00]: updateBssidNoInternet: mBssidNoInternet = false
02-19 04:00:16.056  2557  3803 D OpenNetworkQos[4.00]: getOpenNetworkQosNoInternetStatus: false
02-19 04:00:16.056  2557  3803 D OpenNetworkQos[4.00]: getOpenNetworkQosScores: 26 26 19 
02-19 04:00:16.056  2557  3803 D KNOX_MDM_SettingsProvider: isChangeAllowed() : name = wifi_wcm_qos_sharing_score_summary
02-19 04:00:16.056  2557  3803 I WifiProfileShare: network QoS data was changed (internet), updateQoSData networkType: true, qosData: false
02-19 04:00:16.056  2557  4952 V WifiProfileShare.Caster: update wips network, size: 0
02-19 04:00:16.057  2557  4952 D WifiProfileShare: nearby scanning settings run
02-19 04:00:16.057  2557  4952 D WifiProfileShare: network score provider settings enabled
02-19 04:00:16.057  2557  4952 D OpenNetworkQos[4.00]: getOpenNetworkQosScores: 26 26 19 
02-19 04:00:16.057  2557  4952 D OpenNetworkQos[4.00]: getOpenNetworkQosNoInternetStatus: false
02-19 04:00:16.057  2557  4952 I WifiProfileShare.Caster: current network type: 0, score: [26, 26, 19]
02-19 04:00:16.057  2557  4952 V WifiProfileShare.Cache: update network score 24:de:8a:**:**:db
02-19 04:00:16.057  2557  4952 D WifiProfileShare.ScanMatcher: getMcfDataList size:2
02-19 04:00:16.057  2557  4952 I WifiProfileShare.Caster: qos data was updated , before:type:QOS, pBssid:a2:05:ff, qosData:7b after:type:QOS, pBssid:a2:05:ff, qosData:7b
02-19 04:00:16.058  2557  4952 I [MCFSDK_android_1.2.27006]_4_McfCasterImpl: isNetworkEnabled - type : 1 ret : true
02-19 04:00:16.058  2557  4952 D WifiProfileShare.McfCast: -ME--- mIsNetworkEnabled :true
02-19 04:00:16.058  2557  4952 D WifiProfileShare.McfCast: updateQoSData ignored, same contents
02-19 04:00:16.058  2557  4952 D WifiProfileShare.MCF: success update QosData !
02-19 04:00:16.058  2557  4952 I [MCFSDK_android_1.2.27006]_4_McfCasterImpl: isNetworkEnabled - type : 1 ret : true
02-19 04:00:16.058  2557  4952 D WifiProfileShare.McfCast: -ME--- mIsNetworkEnabled :true
02-19 04:00:16.058  2557  4952 D WifiProfileShare.McfCast: -ME--- updatePasswordDate pwdData size:2
02-19 04:00:16.070  2557  4617 I ActivityManager: Killing 25307:com.sec.android.provider.badge/u0a55 (adj 999): empty #33
02-19 04:00:16.077 27975 27987 I artd    : Dex parent of /data/app/~~twRDpIXVDHCASgD4DIOh2w==/com.sec.android.app.launcher-E7bniDypcKzHcbPU_FOTLQ==/base.apk is not writable: Permission denied
