02-19 02:48:02.435  2557  4747 D ConnectivityService: requestNetwork for uid/pid:10278/28237 activeRequest: null callbackRequest: 8102 [NetworkRequest [ REQUEST id=8103, [ Capabilities: INTERNET&NOT_RESTRICTED&TRUSTED&NOT_VCN_MANAGED&NOT_BANDWIDTH_CONSTRAINED Uid: 10278 RequestorUid: 10278 RequestorPkg: com.google.android.apps.maps UnderlyingNetworks: Null] ]] callback flags: 0 order: 2147483647 isUidTracked: false declaredMethods: ALL
02-19 02:48:02.436  2557  3662 D ConnectivityService:    accepting network in place of null for NetworkRequest [ REQUEST id=8103, [ Capabilities: INTERNET&NOT_RESTRICTED&TRUSTED&NOT_VCN_MANAGED&NOT_BANDWIDTH_CONSTRAINED Uid: 10278 RequestorUid: 10278 RequestorPkg: com.google.android.apps.maps UnderlyingNetworks: Null] ]
02-19 02:48:02.437  2557  3662 D ConnectivityService: Rematched networks [computed 0ms] [applied 0ms] [issued 1]
02-19 02:48:02.437  2557  3662 D ConnectivityService: NetworkReassignment :
02-19 02:48:02.437  2557  3662 D ConnectivityService:   8103 : null → 105
02-19 02:48:02.439  2557  3636 D OemPaidWifiNetworkFactory: got request NetworkRequest [ REQUEST id=8103, [ Capabilities: INTERNET&NOT_RESTRICTED&TRUSTED&NOT_VCN_MANAGED&NOT_BANDWIDTH_CONSTRAINED Uid: 10278 RequestorUid: 10278 RequestorPkg: com.google.android.apps.maps UnderlyingNetworks: Null] ]
02-19 02:48:02.439  2557  3636 D MultiInternetWifiNetworkFactory: got request NetworkRequest [ REQUEST id=8103, [ Capabilities: INTERNET&NOT_RESTRICTED&TRUSTED&NOT_VCN_MANAGED&NOT_BANDWIDTH_CONSTRAINED Uid: 10278 RequestorUid: 10278 RequestorPkg: com.google.android.apps.maps UnderlyingNetworks: Null] ]
02-19 02:48:02.439  2557  3636 D WifiNetworkFactory: got request NetworkRequest [ REQUEST id=8103, [ Capabilities: INTERNET&NOT_RESTRICTED&TRUSTED&NOT_VCN_MANAGED&NOT_BANDWIDTH_CONSTRAINED Uid: 10278 RequestorUid: 10278 RequestorPkg: com.google.android.apps.maps UnderlyingNetworks: Null] ]
02-19 02:48:02.439  2557  3636 D UntrustedWifiNetworkFactory: got request NetworkRequest [ REQUEST id=8103, [ Capabilities: INTERNET&NOT_RESTRICTED&TRUSTED&NOT_VCN_MANAGED&NOT_BANDWIDTH_CONSTRAINED Uid: 10278 RequestorUid: 10278 RequestorPkg: com.google.android.apps.maps UnderlyingNetworks: Null] ]
02-19 02:48:02.444  6075  6075 D BoundBrokerSvc: onBind: Intent { act=com.google.android.gms.semanticlocationhistory.service.START dat=chimera-action:/... cmp=com.google.android.gms/.chimera.GmsApiService }
02-19 02:48:02.444  6075  6075 D BoundBrokerSvc: Loading bound service for intent: Intent { act=com.google.android.gms.semanticlocationhistory.service.START dat=chimera-action:/... cmp=com.google.android.gms/.chimera.GmsApiService }
02-19 02:48:02.444 28237 28344 W System  : ClassLoader referenced unknown path: 
02-19 02:48:02.449  2557  4013 V GrammaticalInflectionUtils: AttributionSource: AttributionSource { uid = 10113, packageName = null, attributionTag = null, token = android.os.Binder@230917a, deviceId = 0, next = null } does not have READ_SYSTEM_GRAMMATICAL_GENDER permission.
02-19 02:48:02.451 28237 28343 D nativeloader: Load /data/app/~~wnPeQHCD3VjmLKlqu_3_0g==/com.google.android.apps.maps-PuEg06ZaKJzBFQxXYYeLBg==/split_config.arm64_v8a.apk!/lib/arm64-v8a/libxf_flagging_post_startup_flags_native.so using ns clns-7 from class loader (caller=/data/app/~~wnPeQHCD3VjmLKlqu_3_0g==/com.google.android.apps.maps-PuEg06ZaKJzBFQxXYYeLBg==/base.apk!classes2.dex): ok
02-19 02:48:02.451 28237 28344 D nativeloader: Configuring clns-8 for other apk . target_sdk_version=36, uses_libraries=, library_path=/data/app/~~lKF5m03LAHzVtb6eNtOZ2g==/com.google.android.gms-wI51HYMODXB8wNITY0VWBg==/lib/arm64:/data/app/~~lKF5m03LAHzVtb6eNtOZ2g==/com.google.android.gms-wI51HYMODXB8wNITY0VWBg==/base.apk!/lib/arm64-v8a, permitted_path=/data:/mnt/expand:/data/user/0/com.google.android.gms
02-19 02:48:02.454 28394 28394 I FirebaseApp: Device unlocked: initializing all Firebase APIs for app [DEFAULT]
02-19 02:48:02.455  2557  2940 I libprocessgroup: Removed cgroup /sys/fs/cgroup/uid_10215/pid_26725
02-19 02:48:02.457  2557  2906 D DisplayManagerService: Drop pending events for gone uid 10215
02-19 02:48:02.458  1554 11966 I sensors-hal: handle_sns_client_event:341, [49411] mag_sample_cal(magcal_available:1): ts=42382022314908 ns; cal = [481.541229, -64.642288, 824.527100], uncal = [360.881226, -232.042282, 571.687134], bias = [-120.659996, -167.399994, -252.839996], status=0
02-19 02:48:02.460  2557  2907 D KNOX_MDM_SettingsProvider: isChangeAllowed() : name = enabled_notification_listeners
02-19 02:48:02.461 28394 28394 I FirebaseInitProvider: FirebaseApp initialization successful
02-19 02:48:02.462 28364 28392 I GH.CAR  : Using GearheadCarServiceBinder in CarMessageService.
02-19 02:48:02.462 28394 28394 I DWBB    : all 21 persistence tables built.
02-19 02:48:02.462 28394 28394 I DWBContentProvider: onCreate
02-19 02:48:02.463 28364 28392 I GH.DelegateMngCarSvc: Retries remaining initialized to 20
02-19 02:48:02.464 28364 28392 I GH.CAR  : Using Gearhead for projection services. All aboard! 🚀
02-19 02:48:02.464 28364 28392 I GH.DelegateICarSupplier: Android is R+, so connecting to Gearhead car chimera service.
02-19 02:48:02.464 28364 28392 I GH.DelegateMngCarSvc: Skipping delegate acquisition on init().
02-19 02:48:02.464 28364 28392 I GH.CarService: Setting delegate: hmo@e158cb6
02-19 02:48:02.464 28364 28392 I CAR.SERVICE: Setting CSB delegate, previous value null updated to iog@ad08db7
02-19 02:48:02.464 28364 28392 I GH.CAR  : Setting validator car info suppliers
02-19 02:48:02.464 28364 28392 I GH.CAR  : ICar delegate chain:
02-19 02:48:02.464 28364 28392 I GH.CAR  : 	ipb@8844924
02-19 02:48:02.464 28364 28392 I GH.CAR  : 	-> hmo@e158cb6
02-19 02:48:02.464 28364 28392 I GH.CAR  : 	-> iog@ad08db7
02-19 02:48:02.464  1478  1478 D Zygote  : Forked child process 28428
02-19 02:48:02.465  1478  1478 I Zygote  : Process 26725 exited due to signal 9 (Killed)
02-19 02:48:02.467  2557  2934 I ActivityManager: Start proc 28428:com.microsoft.skydrive/u0a113 for content provider {com.microsoft.skydrive/com.microsoft.skydrive.content.StorageAccessProvider}
02-19 02:48:02.469 28394 28394 I DWBl    : when(FIRST_DAY_OF_WEEK=1, day=2026-02-23)
02-19 02:48:02.470  5356  5356 D WearableService: Creating wearable service asynchronously.
02-19 02:48:02.473 28394 28394 I DWBf    : inspecting 'no such table' error
02-19 02:48:02.474  5356  5379 D WearableService: onGetService: waiting for onCreate to be completed.
02-19 02:48:02.479  6075 27195 I LocationHistory: [GetLocationHistorySettingsOperation] Running GetLocationHistorySettingsOperation [CONTEXT service_id=314 ]
02-19 02:48:02.483 28364 28392 W DynamiteModule: Local module descriptor class for com.google.android.gms.googlecertificates not found.
02-19 02:48:02.485 28237 28393 W droid.apps.maps: Long monitor contention with owner Background_1 (28334) at anvs anue.a()(PG:32) waiters=0 in anvs anue.b() for 118ms
02-19 02:48:02.487 28394 28394 I DWBl    : com.samsung.android.forest.promovence.NOTIFY_WEEKLY_REPORT : shouldWeNotify=true
02-19 02:48:02.488 28428 28428 I rosoft.skydrive: Using CollectorTypeCMC GC.
02-19 02:48:02.489  5356  5465 I Wear_Controller: Wearable module requires a companion app to be installed.
02-19 02:48:02.489  5356  5465 I WearableService: onCreate: Wearable Services not starting. Wear is not available on this device.
02-19 02:48:02.490 28428 28428 E rosoft.skydrive: Not starting debugger since process cannot load the jdwp agent.
02-19 02:48:02.492 28394 28394 W DWBm    : MdeAlarm alarm isn't available.
02-19 02:48:02.492  5356  5379 W WearableService: onGetService: Wear is not available on this device.
02-19 02:48:02.493 28394 28394 I DWBt    : disabledDWBFeature(): false
02-19 02:48:02.494 28364 28392 W on.gearhead:car: ClassLoaderContext classpath size mismatch. expected=1, found=0 (DLC[];PCL[base.apk*3930705346]{PCL[/system/framework/org.apache.http.legacy.jar*3637333363]#PCL[/system/system_ext/framework/org.carconnectivity.android.digitalkey.rangingintent.jar*560278203]#PCL[/system/system_ext/framework/org.carconnectivity.android.digitalkey.secureelement.jar*3277496667]#PCL[/system_ext/framework/org.carconnectivity.android.digitalkey.timesync.jar*1887653037]#PCL[/system/framework/com.android.location.provider.jar*3414091812]#PCL[/system/framework/com.android.media.remotedisplay.jar*2042759013]#PCL[/system_ext/framework/androidx.window.extensions.jar*2819270572]#PCL[/system_ext/framework/androidx.window.sidecar.jar*2841927739]} | DLC[];PCL[])
02-19 02:48:02.494 28428 28428 D nativeloader: Load libframework-connectivity-tiramisu-jni.so using APEX ns com_android_tethering for caller /apex/com.android.tethering/javalib/framework-connectivity-t.jar: ok
02-19 02:48:02.494 28394 28394 I DWBi    : ComponentInfo{com.samsung.android.forest/com.samsung.android.forest.launcher.LauncherActivity} is 0
02-19 02:48:02.495 28394 28394 E DWBu    : App icon disabled, so return addDynamicShortcuts
02-19 02:48:02.495 28364 28392 I DynamiteModule: Considering local module com.google.android.gms.googlecertificates:0 and remote module com.google.android.gms.googlecertificates:7
02-19 02:48:02.495 28364 28392 I DynamiteModule: Selected remote version of com.google.android.gms.googlecertificates, version >= 7
02-19 02:48:02.495 28364 28392 V DynamiteModule: Dynamite loader version >= 2, using loadModule2NoCrashUtils
02-19 02:48:02.496 28428 28428 D ActivityThread: setConscryptValidator
02-19 02:48:02.496 28237 28344 W droid.apps.maps: ClassLoaderContext classpath element checksum mismatch. expected=3930705346, found=2221899985 (DLC[];PCL[base.apk*3930705346]{PCL[/system/framework/org.apache.http.legacy.jar*3637333363]#PCL[/system/system_ext/framework/org.carconnectivity.android.digitalkey.rangingintent.jar*560278203]#PCL[/system/system_ext/framework/org.carconnectivity.android.digitalkey.secureelement.jar*3277496667]#PCL[/system_ext/framework/org.carconnectivity.android.digitalkey.timesync.jar*1887653037]#PCL[/system/framework/com.android.location.provider.jar*3414091812]#PCL[/system/framework/com.android.media.remotedisplay.jar*2042759013]#PCL[/system_ext/framework/androidx.window.extensions.jar*2819270572]#PCL[/system_ext/framework/androidx.window.sidecar.jar*2841927739]} | DLC[];PCL[/data/app/~~wnPeQHCD3VjmLKlqu_3_0g==/com.google.android.apps.maps-PuEg06ZaKJzBFQxXYYeLBg==/base.apk*2221899985]{PCL[/system_ext/framework/androidx.window.extensions.jar*2819270572]#PCL[/system_ext/framework/androidx.window.sidecar.jar*2841927739]})
02-19 02:48:02.496 28428 28428 D ActivityThread: setConscryptValidator - put
02-19 02:48:02.498 28394 28394 I DWBSettingsSearchProvider: secQueryGetFingerprint :en_GB
02-19 02:48:02.498 28364 28392 W System  : ClassLoader referenced unknown path: 
02-19 02:48:02.498 28364 28392 D nativeloader: Configuring clns-8 for other apk . target_sdk_version=36, uses_libraries=, library_path=/data/app/~~lKF5m03LAHzVtb6eNtOZ2g==/com.google.android.gms-wI51HYMODXB8wNITY0VWBg==/lib/arm64:/data/app/~~lKF5m03LAHzVtb6eNtOZ2g==/com.google.android.gms-wI51HYMODXB8wNITY0VWBg==/base.apk!/lib/arm64-v8a, permitted_path=/data:/mnt/expand:/data/user/0/com.google.android.gms
02-19 02:48:02.500 28394 28394 I DWBDigitalWellbeingApplication: onCreate called
02-19 02:48:02.501 28364 28392 W on.gearhead:car: ClassLoaderContext classpath element checksum mismatch. expected=3930705346, found=1319184263 (DLC[];PCL[base.apk*3930705346]{PCL[/system/framework/org.apache.http.legacy.jar*3637333363]#PCL[/system/system_ext/framework/org.carconnectivity.android.digitalkey.rangingintent.jar*560278203]#PCL[/system/system_ext/framework/org.carconnectivity.android.digitalkey.secureelement.jar*3277496667]#PCL[/system_ext/framework/org.carconnectivity.android.digitalkey.timesync.jar*1887653037]#PCL[/system/framework/com.android.location.provider.jar*3414091812]#PCL[/system/framework/com.android.media.remotedisplay.jar*2042759013]#PCL[/system_ext/framework/androidx.window.extensions.jar*2819270572]#PCL[/system_ext/framework/androidx.window.sidecar.jar*2841927739]} | DLC[];PCL[/data/app/~~liI63q04lAVKB60qWRqK3A==/com.google.android.projection.gearhead-d6Q9u_z0zSZOiw997_7QfA==/base.apk*1319184263]{PCL[/system_ext/framework/androidx.window.extensions.jar*2819270572]#PCL[/system_ext/framework/androidx.window.sidecar.jar*2841927739]})
02-19 02:48:02.503 28394 28394 I SamsungAnalytics605077: Tracker start:6.05.077
02-19 02:48:02.503 28394 28394 I DIAGMON_SDK[605077]: DiagMonAgent type: 2
02-19 02:48:02.504 28394 28394 I DIAGMON_SDK[605077][g5xty0ulcd] : generated SR object
02-19 02:48:02.506  2557  2933 V GrammaticalInflectionUtils: AttributionSource: AttributionSource { uid = 10193, packageName = null, attributionTag = null, token = android.os.Binder@230917a, deviceId = 0, next = null } does not have READ_SYSTEM_GRAMMATICAL_GENDER permission.
02-19 02:48:02.507 28428 28428 D nativeloader: Configuring clns-7 for other apk /system/framework/sec_camerax_impl.jar. target_sdk_version=36, uses_libraries=ALL, library_path=/data/app/~~99YS7W6SrEYPL1LNzqVUrQ==/com.microsoft.skydrive-JLq1CGxFw7lwfe7RC1W3jA==/lib/arm64:/data/app/~~99YS7W6SrEYPL1LNzqVUrQ==/com.microsoft.skydrive-JLq1CGxFw7lwfe7RC1W3jA==/base.apk!/lib/arm64-v8a, permitted_path=/data:/mnt/expand:/data/user/0/com.microsoft.skydrive
02-19 02:48:02.507 28428 28428 D nativeloader: Extending system_exposed_libraries: libhumantracking.arcsoft.so:libface_recognition.arcsoft.so:libpic_best.arcsoft.so:libPortraitDistortionCorrection.arcsoft.so:libPortraitDistortionCorrectionCali.arcsoft.so:libface_landmark.arcsoft.so:libFacialStickerEngine.arcsoft.so:libfrtracking_engine.arcsoft.so:libFaceRecognition.arcsoft.so:libveengine.arcsoft.so:lib_pet_detection.arcsoft.so:libae_bracket_hdr.arcsoft.so:libdigital_tele_scope.arcsoft.so:libdigital_tele_scope_rawsr.arcsoft.so:libsf_tetra_enhance.arcsoft.so:libmf_bayer_enhance.arcsoft.so:libhybrid_high_dynamic_range.arcsoft.so:libimage_enhancement.arcsoft.so:libmacroclearshot_raw.arcsoft.so:libobjectcapture_jni.arcsoft.so:libobjectcapture.arcsoft.so:libFacialAttributeDetection.arcsoft.so:libmultisourceseparator.audio.samsung.so:libaudiomirroring_jni.audiomirroring.samsung.so:libBeauty_v4.camera.samsung.so:libexifa.camera.samsung.so:libjpega.camera.samsung.so:libOpenCv.camera.samsung.so:libaifrcInterface.camera.samsung.so:libC2paDps.camera.samsung.so:libVi
02-19 02:48:02.508 28428 28428 D ApplicationLoaders: Returning zygote-cached class loader: /system/framework/org.apache.http.legacy.jar
02-19 02:48:02.508 28428 28428 D ApplicationLoaders: Returning zygote-cached class loader: /system_ext/framework/androidx.window.extensions.jar
02-19 02:48:02.508 28428 28428 D ApplicationLoaders: Returning zygote-cached class loader: /system_ext/framework/androidx.window.sidecar.jar
02-19 02:48:02.511 28394 28394 I DWBAppTimerReceiver: android.intent.action.PACKAGE_FULLY_REMOVED received
02-19 02:48:02.514 28428 28428 D nativeloader: Configuring clns-8 for other apk /data/app/~~99YS7W6SrEYPL1LNzqVUrQ==/com.microsoft.skydrive-JLq1CGxFw7lwfe7RC1W3jA==/base.apk. target_sdk_version=36, uses_libraries=, library_path=/data/app/~~99YS7W6SrEYPL1LNzqVUrQ==/com.microsoft.skydrive-JLq1CGxFw7lwfe7RC1W3jA==/lib/arm64:/data/app/~~99YS7W6SrEYPL1LNzqVUrQ==/com.microsoft.skydrive-JLq1CGxFw7lwfe7RC1W3jA==/base.apk!/lib/arm64-v8a, permitted_path=/data:/mnt/expand:/data/user/0/com.microsoft.skydrive
02-19 02:48:02.518  1478  1478 D Zygote  : Forked child process 28455
02-19 02:48:02.519  2557  5879 D SemWifiUsabilityStatsMonitor: onWifiUsabilityStats - seqNum 12272, isSameBssidAndFreq true
02-19 02:48:02.519  2557  3662 D ConnectivityService: notifyType CALLBACK_CAP_CHANGED for [105 WIFI]
02-19 02:48:02.519  2557  2934 I ActivityManager: Start proc 28455:com.samsung.android.mapsagent/u0a193 for broadcast {com.samsung.android.mapsagent/com.samsung.android.mapsagent.receiver.PackageDeletedReceiver}
02-19 02:48:02.520  2557  3768 I SemWifiLinkQualityMonitor: Link stat: 1299 / 12 / 1.29 (63) / 288 / -59.0 || 100.0 : 288.00 / 0.5 : 0.78 / 0.55 : 0.01 / G (G) || 8a7c8fdb5200: 0.100 / 79.642 /  / N || N N / 0 / N 103.0 / N 0 / 40788976 0
02-19 02:48:02.521  2557  3721 D SemWifiApNsd:Client: lpInterface:wlan0
02-19 02:48:02.521  2557  3721 D SemWifiSwitchForIndividualAppsService: stopTCPMonitoring : already stopped
02-19 02:48:02.521  2557  3721 I WifiConnectivityMonitor.NCC: sNetworkCallback(oCC) FULL : 105(valid: true/captive: false)
02-19 02:48:02.521  2557  3721 I WifiConnectivityMonitor.NCC: [ Transports: WIFI Capabilities: NOT_METERED&INTERNET&NOT_RESTRICTED&TRUSTED&NOT_VPN&VALIDATED&NOT_ROAMING&FOREGROUND&NOT_CONGESTED&NOT_SUSPENDED&NOT_VCN_MANAGED&NOT_BANDWIDTH_CONSTRAINED LinkUpBandwidth>=18986Kbps LinkDnBandwidth>=24435Kbps TransportInfo: <SSID: <unknown ssid>, BSSID: 02:00:00:**:**:00, MAC: 02:00:00:**:**:00, IP: /192.***.*.4, Security type: 2, Supplicant state: COMPLETED, Wi-Fi standard: 11ax, RSSI: -59, Link speed: 288Mbps, Tx Link speed: 288Mbps, Max Supported Tx Link speed: 2401Mbps, Rx Link speed: 576Mbps, Max Supported Rx Link speed: 2401Mbps, Frequency: 5200MHz, Net ID: -1, Metered hint: false, score: 60, isUsable: true, CarrierMerged: false, SubscriptionId: -1, IsPrimary: 1, Trusted: true, Restricted: false, Ephemeral: false, OEM paid: false, OEM private: false, OSU AP: false, FQDN: <none>, Provider friendly name: <none>, Requesting package name: <none><none>MLO Information: , Is TID-To-Link negotiation supported by the AP: false, AP MLD Address: <none>, AP MLO Link Id: <none>, AP MLO Affiliated links: <none>, Vendor Data: <none>> SignalStrength: -59 AdminUids: [1000] SSID: "Airtel_FARM HOUSE" UnderlyingNetworks: Null]
02-19 02:48:02.522  2557  3803 D WifiConnectivityMonitor: HANDLE_ON_CAPABILITIES_CHANGED
02-19 02:48:02.522  2557  3721 D SemWifiApTrafficPriority: onCapabilitiesChanged Wifi:wlan0,mGapiValue:24.435Uplink: 18.986
02-19 02:48:02.522  2557  3803 I WifiConnectivityMonitor: determineMode : MODE_NON_SWITCHABLE_BY_POOR_NETWORK_DETECTION_DISABLED
02-19 02:48:02.522  2557  3803 D OpenNetworkQos[4.00]: updateBssidNoInternet: mBssidNoInternet = false
02-19 02:48:02.522  2557  3803 D OpenNetworkQos[4.00]: getOpenNetworkQosNoInternetStatus: false
02-19 02:48:02.522  2557  3803 D OpenNetworkQos[4.00]: getOpenNetworkQosScores: 26 26 19 
02-19 02:48:02.522  2557  3803 D KNOX_MDM_SettingsProvider: isChangeAllowed() : name = wifi_wcm_qos_sharing_score_summary
02-19 02:48:02.522  2557  3803 I WifiProfileShare: network QoS data was changed (internet), updateQoSData networkType: true, qosData: false
02-19 02:48:02.522  2557  3795 D SemApeService: Deducted link capacity (M: R=403 T=201) RSSI=-59
02-19 02:48:02.523  2557  3795 D SemApeService: Deducted link capacity (M: R=403 T=201) on (wlan0) GoogleAPI(M: R=24 T=18) RSSI=-59 isDefault=false isMlo=false
02-19 02:48:02.523  2557  4952 V WifiProfileShare.Caster: update wips network, size: 0
02-19 02:48:02.523  2557  4952 D WifiProfileShare: nearby scanning settings run
02-19 02:48:02.521  3927  4249 D WifiPickerTracker: updateWifiEntries capabilities
02-19 02:48:02.523  2557  4952 D WifiProfileShare: network score provider settings enabled
02-19 02:48:02.523  2557  4952 D OpenNetworkQos[4.00]: getOpenNetworkQosScores: 26 26 19 
02-19 02:48:02.523  2557  4952 D OpenNetworkQos[4.00]: getOpenNetworkQosNoInternetStatus: false
02-19 02:48:02.523  2557  4952 I WifiProfileShare.Caster: current network type: 0, score: [26, 26, 19]
02-19 02:48:02.523  2557  4952 V WifiProfileShare.Cache: update network score 24:de:8a:**:**:db
02-19 02:48:02.523  4110  4110 I EPDG -- SIM0 [SMARTWIFI]: isProfiling, hash=168687865, started=true
02-19 02:48:02.523  2557  4952 D WifiProfileShare.ScanMatcher: getMcfDataList size:2
02-19 02:48:02.523  4110  4110 W Settings: Setting wifi_on has moved from android.provider.Settings.System to android.provider.Settings.Secure, returning read-only value.
02-19 02:48:02.523  4110  4110 W Settings: Setting wifi_on has moved from android.provider.Settings.Secure to android.provider.Settings.Global.
02-19 02:48:02.523  2557  4952 I WifiProfileShare.Caster: qos data was updated , before:type:QOS, pBssid:a2:05:ff, qosData:7b after:type:QOS, pBssid:a2:05:ff, qosData:7b
02-19 02:48:02.524 27820 27820 W JobService: onNetworkChanged() not implemented in androidx.work.impl.background.systemjob.SystemJobService. Must override in a subclass.
02-19 02:48:02.524  2557  4952 I [MCFSDK_android_1.2.27006]_4_McfCasterImpl: isNetworkEnabled - type : 1 ret : true
02-19 02:48:02.524  2557  4952 D WifiProfileShare.McfCast: -ME--- mIsNetworkEnabled :true
02-19 02:48:02.524  2557  4952 D WifiProfileShare.McfCast: updateQoSData ignored, same contents
02-19 02:48:02.524  2557  4952 D WifiProfileShare.MCF: success update QosData !
02-19 02:48:02.524  2557  4952 I [MCFSDK_android_1.2.27006]_4_McfCasterImpl: isNetworkEnabled - type : 1 ret : true
02-19 02:48:02.524  2557  4952 D WifiProfileShare.McfCast: -ME--- mIsNetworkEnabled :true
02-19 02:48:02.524  2557  4952 D WifiProfileShare.McfCast: -ME--- updatePasswordDate pwdData size:2
02-19 02:48:02.525  6667  8109 I BugleRcsEngine: handleMessage processing message:[NOTIFY_UPTIME_IGNORE_STATE_CHANGED] with [non-null]:RcsEngineImpl reference [CONTEXT log_prefix="RcsEngineImpl[DUAL_REG]:[69aab36d-b03c]>Handler" thread_id=122 ]
02-19 02:48:02.526  6667  7765 I BugleRcsEngine: Connected state: [1], networkType: [WIFI] [CONTEXT thread_id=116 ]
02-19 02:48:02.526  4110  4110 I EPDG -- SIM0 [SMARTWIFI]: isProfiling, hash=168687865, started=true
02-19 02:48:02.526  4229  6066 D txpwrJni: sendNetworkInfo start
02-19 02:48:02.526  4229  6066 D txpwrJni: sendNetworkInfo RatType 0
02-19 02:48:02.527  8468  9412 I HBD     : i onCapabilitiesChanged network : 105 current network state : wifi 
02-19 02:48:02.528  4110  4110 I EPDG -- SIM0 [SMARTWIFI]: Rssi : -59 highrange : -75 lowrange : -85 mIsRssiInHystersis : false
02-19 02:48:02.528  4110  4110 I EPDG -- SIM0 [SMARTWIFI]: Rssi : -59 highrange : -75 lowrange : -85 mIsRssiInHystersis : false
02-19 02:48:02.528  4110  4110 I EPDG -- SIM0 [SMARTWIFI]: getHandoverThresholdMet: value is: false
02-19 02:48:02.528  2557  3792 D SGM:GameManager: identifyGamePackage. com.sec.android.app.launcher, mCurrentUserId: 0, callerUserId: 0, callingMethodInfo: com.samsung.android.game.SemGameManager.isGamePackage(SemGameManager.java:105)
02-19 02:48:02.528  2557  3792 D SGM:SemGameManager: isGamePackage(), pkgName=com.sec.android.app.launcher, ret=false
02-19 02:48:02.528 28428 28428 V GraphicsEnvironment: Currently set values for:
02-19 02:48:02.528 28428 28428 V GraphicsEnvironment:   angle_gl_driver_selection_pkgs=[]
02-19 02:48:02.528 28428 28428 V GraphicsEnvironment:   angle_gl_driver_selection_values=[]
02-19 02:48:02.528 28428 28428 V GraphicsEnvironment: Global.Settings values are invalid: number of packages: 0, number of values: 0
02-19 02:48:02.532  6667  8109 I BugleRcsEngine: Rcs is enabled from user settings: true [CONTEXT log_prefix="ProvisioningEngineDataRetriever" thread_id=122 ]
02-19 02:48:02.533  5356 27688 I SemanticLocation: No subscriptions found [CONTEXT service_id=173 ]
02-19 02:48:02.537 27820 28091 D WM-NetworkStateTracker: Network capabilities changed: [ Transports: WIFI Capabilities: NOT_METERED&INTERNET&NOT_RESTRICTED&TRUSTED&NOT_VPN&VALIDATED&NOT_ROAMING&FOREGROUND&NOT_CONGESTED&NOT_SUSPENDED&NOT_VCN_MANAGED&NOT_BANDWIDTH_CONSTRAINED LinkUpBandwidth>=18986Kbps LinkDnBandwidth>=24435Kbps TransportInfo: <SSID: <unknown ssid>, BSSID: 02:00:00:00:00:00, MAC: 02:00:00:00:00:00, IP: /192.168.1.4, Security type: 2, Supplicant state: COMPLETED, Wi-Fi standard: 11ax, RSSI: -59, Link speed: 288Mbps, Tx Link speed: 288Mbps, Max Supported Tx Link speed: 2401Mbps, Rx Link speed: 576Mbps, Max Supported Rx Link speed: 2401Mbps, Frequency: 5200MHz, Net ID: -1, Metered hint: false, score: 60, isUsable: true, CarrierMerged: false, SubscriptionId: -1, IsPrimary: -1, Trusted: true, Restricted: false, Ephemeral: false, OEM paid: false, OEM private: false, OSU AP: false, FQDN: <none>, Provider friendly name: <none>, Requesting package name: <none><none>MLO Information: , Is TID-To-Link negotiation supported by the AP: false, AP MLD Address: <none>, AP MLO Link Id: <none>, AP MLO Affiliated links: <none>, Vendor Data: <none>> SignalStrength: -59 UnderlyingNetworks: Null]
02-19 02:48:02.536  2557  2749 D ConnectivityService: Returning UNBLOCKED NetworkInfo to uid=10330
02-19 02:48:02.538  3927  4249 D WifiPickerTracker: update AutoHotspot Entries() : bleAccessPoints -> 0
02-19 02:48:02.538  3927  4249 D WifiPickerTracker: handleNetworkCapabilitiesChanged
02-19 02:48:02.538 20863 20888 D txpwrJni: sendNetworkInfo start
02-19 02:48:02.538 20863 20888 D txpwrJni: sendNetworkInfo RatType 0
02-19 02:48:02.539 28394 28394 I DWBContentProvider: update (content://com.samsung.android.forest.db/persistenceParentalcontrol)
02-19 02:48:02.543 28394 28394 I DWBb    : isChild ? false
02-19 02:48:02.543 28455 28455 I droid.mapsagent: Using CollectorTypeCMC GC.
02-19 02:48:02.544 28394 28394 W ContextImpl: Calling a method in the system process without a qualified user: android.app.ContextImpl.startService:1993 android.content.ContextWrapper.startService:844 android.content.ContextWrapper.startService:844 com.samsung.android.forest.apptimer.manager.AppTimerReceiver.onReceive:112 android.app.ActivityThread.handleReceiver:5377 
02-19 02:48:02.545 28455 28455 E droid.mapsagent: Not starting debugger since process cannot load the jdwp agent.
02-19 02:48:02.551 28394 28394 I DWBContentProvider: update (content://com.samsung.android.forest.db/persistenceUsageData)
02-19 02:48:02.552 28394 28394 I DWBh    : onPackageDeleted : com.sikwin.app
02-19 02:48:02.553 28394 28394 E DWBi    : package name can't find
02-19 02:48:02.554  2557  4747 D CompatChangeReporter: Compat change id reported: 311208629; UID 1000; state: ENABLED
02-19 02:48:02.555   456   456 I lmkd    : 0(delay), 16(swap), 50(freelimit), 0(reentrymode) memory pressure events were skipped after a kill!
02-19 02:48:02.556 28394 28468 E DWBb    : init
02-19 02:48:02.561  2557  4747 D BluetoothManagerService: mDisableBleCallbacks count 27, isSwitching: false
02-19 02:48:02.561  5356 28112 I SemanticLocation: No subscriptions found [CONTEXT service_id=173 ]
02-19 02:48:02.561 27820 27999 I BluetoothAdapter: BluetoothAdapter() : com.whatsapp
02-19 02:48:02.565 28237 28345 I AdrenoGLES-0: QUALCOMM build                   : ae801e1e7c, I15873b352d
02-19 02:48:02.565 28237 28345 I AdrenoGLES-0: Build Date                       : 01/03/25
02-19 02:48:02.565 28237 28345 I AdrenoGLES-0: OpenGL ES Shader Compiler Version: E031.45.02.23
02-19 02:48:02.565 28237 28345 I AdrenoGLES-0: Local Branch                     : 
02-19 02:48:02.565 28237 28345 I AdrenoGLES-0: Remote Branch                    : refs/tags/AU_LINUX_ANDROID_LA.VENDOR.14.3.0.11.00.00.973.853
02-19 02:48:02.565 28237 28345 I AdrenoGLES-0: Remote Branch                    : NONE
02-19 02:48:02.565 28237 28345 I AdrenoGLES-0: Reconstruct Branch               : NOTHING
02-19 02:48:02.565 28237 28345 I AdrenoGLES-0: Build Config                     : S P 16.1.2 AArch64
02-19 02:48:02.565 28237 28345 I AdrenoGLES-0: Driver Path                      : /vendor/lib64/egl/libGLESv2_adreno.so
02-19 02:48:02.565 28237 28345 I AdrenoGLES-0: Driver Version                   : 0762.31
02-19 02:48:02.565 28237 28345 I AdrenoGLES-0: Process Name                     : com.google.android.apps.maps
02-19 02:48:02.571 28237 28345 I AdrenoGLES-0: PFP: 0x01520675, ME: 0x01520023
02-19 02:48:02.574 28237 28345 E Adreno-AppProfiles: QSPM AIDL service doesn't exist
02-19 02:48:02.577 28237 28345 I AdrenoUtils: <ReadGpuID:357>: Reading chip ID through GSL
02-19 02:48:02.577 28394 28468 E DWBb    : init-end
02-19 02:48:02.580  5356 28112 I SemanticLocation: No subscriptions found [CONTEXT service_id=173 ]
02-19 02:48:02.580 28428 28428 I MAMInfo : MAMInfo initialized. Debug=false, Agent=PRODUCTION, ManagedDialogDisabled=false, PolicyRequired=false, MultiIdentityEnabled=true, FullBackupContent=true, DataExtractionRules=true, UseDefaultEnrollment=false, ExceptionOnInit=false, Debuggable=false, IsolatedProcessesAllowed=false
02-19 02:48:02.586  5356 28112 I SemanticLocation: No subscriptions found [CONTEXT service_id=173 ]
02-19 02:48:02.587  2557  2933 V GrammaticalInflectionUtils: AttributionSource: AttributionSource { uid = 10335, packageName = null, attributionTag = null, token = android.os.Binder@230917a, deviceId = 0, next = null } does not have READ_SYSTEM_GRAMMATICAL_GENDER permission.
02-19 02:48:02.588 28394 28468 I SEP_UNION_SemUnionManager: initializeManagerMapData(1000) context = android.app.ContextImpl@e70d39a 
02-19 02:48:02.588 28394 28468 I SEP_UNION_SemUnionManager: getUnionService(semeventdelegator) 
02-19 02:48:02.589 28394 28468 I SEP_UNION_SemUnionManager: getSemSystemService : semeventdelegator 
02-19 02:48:02.589  2557  6899 D SEP_UNION_SemUnionMainServiceImpl: getSemSystemService - semeventdelegator 
02-19 02:48:02.590  4488  4488 I HoneySpace.IconView: createScaleAndAlphaAnim end - view=com.honeyspace.ui.common.iconview.IconViewImpl{dc4ded7 VFED..CL. ........ 333,1955-666,2346 #7f0a029b app:id/icon} - Gundu Ata, visibility:0, alpha:0.0, badge:0, icon:218x218, iconAlpha:255, iconState:NONE, iconSize:236, forceHideBadge:false, isTransparent:false, x=1, y=5
02-19 02:48:02.590  4488  4488 I HoneySpace.IconView: playIconRemoveAnimation: finished!
02-19 02:48:02.590  2557  6899 D SEP_UNION_SemDeviceInfoManagerService: Unregister intent = android.intent.action.PACKAGE_FULLY_REMOVED, , package = com.samsung.android.forest, userId = 0 
02-19 02:48:02.590  4488  4488 I HoneySpace.ApplistCellLayout: removeView [5] (1,5) view=com.honeyspace.ui.common.iconview.IconViewImpl{dc4ded7 VFED..CL. ........ 333,1955-666,2346 #7f0a029b app:id/icon} - Gundu Ata, visibility:0, alpha:0.0, badge:0, icon:218x218, iconAlpha:255, iconState:NONE, iconSize:236, forceHideBadge:false, isTransparent:false, x=1, y=5
02-19 02:48:02.590  2557  6899 D SEP_UNION_SemDeviceInfoManagerService: No item for the calling package in the component list. 
02-19 02:48:02.590  4488  4488 I HoneySpace.ApplistViewModel: endAnimation() animation=142239705, running=[]
02-19 02:48:02.590  4488  4488 I HoneySpace.ApplistViewModel: endAnimation() all animation ended. start pending tasks.
02-19 02:48:02.590  2557  6899 D SEP_UNION_SemDeviceInfoManagerService: Unregister intent = android.intent.action.PACKAGE_ADDED, , package = com.samsung.android.forest, userId = 0 
02-19 02:48:02.590  2557  6899 D SEP_UNION_SemDeviceInfoManagerService: No item for the calling package in the component list. 
02-19 02:48:02.592  5356 28112 I SemanticLocation: No subscriptions found [CONTEXT service_id=173 ]
02-19 02:48:02.595  5356 28112 I SemanticLocation: No subscriptions found [CONTEXT service_id=173 ]
02-19 02:48:02.597  1635  1652 D HeatmapThread: wait_for_battery_event : occured : change@/devices/virtual/sec/blk_sec 
02-19 02:48:02.598  2557  2749 I ActivityManager: Killing 26869:in.swiggy.android/u0a447 (adj 999): empty #33
02-19 02:48:02.601  1478  1478 D Zygote  : Forked child process 28476
02-19 02:48:02.602  2557  2934 I ActivityManager: Start proc 28476:com.google.android.apps.photos/u0a335 for broadcast {com.google.android.apps.photos/com.google.android.apps.photos.settings.connectedapps.AppUninstallBroadcastReceiver}
02-19 02:48:02.610  5356  6668 W WearableService: onGetService: Wear is not available on this device.
02-19 02:48:02.611  6609 10631 E MediaProvider: insertFileIfNecessary failed
02-19 02:48:02.611  6609 10631 E MediaProvider: java.lang.IllegalArgumentException: Primary directory null not allowed for content://media/external_primary/file; allowed directories are [Download, Documents]
02-19 02:48:02.611  6609 10631 E MediaProvider: 	at com.android.providers.media.MediaProvider.ensureFileColumns(MediaProvider.java:4879)
02-19 02:48:02.611  6609 10631 E MediaProvider: 	at com.android.providers.media.MediaProvider.ensureUniqueFileColumns(MediaProvider.java:4502)
02-19 02:48:02.611  6609 10631 E MediaProvider: 	at com.android.providers.media.MediaProvider.insertFile(MediaProvider.java:5301)
02-19 02:48:02.611  6609 10631 E MediaProvider: 	at com.android.providers.media.MediaProvider.insertInternal(MediaProvider.java:5904)
02-19 02:48:02.611  6609 10631 E MediaProvider: 	at com.android.providers.media.MediaProvider.insert(MediaProvider.java:5589)
02-19 02:48:02.611  6609 10631 E MediaProvider: 	at com.android.providers.media.MediaProvider.insertFileForFuse(MediaProvider.java:10894)
02-19 02:48:02.611  6609 10631 E MediaProvider: 	at com.android.providers.media.MediaProvider.insertFileIfNecessaryForFuse(MediaProvider.java:10989)
02-19 02:48:02.614  5356 28112 I SemanticLocation: No subscriptions found [CONTEXT service_id=173 ]
02-19 02:48:02.618  6609 11726 E MediaProvider: insertFileIfNecessary failed
02-19 02:48:02.618  6609 11726 E MediaProvider: java.lang.IllegalArgumentException: Primary directory null not allowed for content://media/external_primary/file; allowed directories are [Download, Documents]
02-19 02:48:02.618  6609 11726 E MediaProvider: 	at com.android.providers.media.MediaProvider.ensureFileColumns(MediaProvider.java:4879)
02-19 02:48:02.618  6609 11726 E MediaProvider: 	at com.android.providers.media.MediaProvider.ensureUniqueFileColumns(MediaProvider.java:4502)
02-19 02:48:02.618  6609 11726 E MediaProvider: 	at com.android.providers.media.MediaProvider.insertFile(MediaProvider.java:5301)
02-19 02:48:02.618  6609 11726 E MediaProvider: 	at com.android.providers.media.MediaProvider.insertInternal(MediaProvider.java:5904)
02-19 02:48:02.618  6609 11726 E MediaProvider: 	at com.android.providers.media.MediaProvider.insert(MediaProvider.java:5589)
02-19 02:48:02.618  6609 11726 E MediaProvider: 	at com.android.providers.media.MediaProvider.insertFileForFuse(MediaProvider.java:10894)
02-19 02:48:02.618  6609 11726 E MediaProvider: 	at com.android.providers.media.MediaProvider.insertFileIfNecessaryForFuse(MediaProvider.java:10989)
02-19 02:48:02.622 28476 28476 I oid.apps.photos: Using CollectorTypeCMC GC.
02-19 02:48:02.623  1478  1478 I Zygote  : Process 26869 exited due to signal 9 (Killed)
02-19 02:48:02.623  2557  2749 D CompatChangeReporter: Compat change id reported: 311208629; UID 10447; state: ENABLED
02-19 02:48:02.623  2557  2940 I libprocessgroup: Removed cgroup /sys/fs/cgroup/uid_10447/pid_26869
02-19 02:48:02.624 28476 28476 E oid.apps.photos: Not starting debugger since process cannot load the jdwp agent.
02-19 02:48:02.627 28476 28476 D nativeloader: Load libframework-connectivity-tiramisu-jni.so using APEX ns com_android_tethering for caller /apex/com.android.tethering/javalib/framework-connectivity-t.jar: ok
02-19 02:48:02.627  6609 12417 E MediaProvider: insertFileIfNecessary failed
02-19 02:48:02.627  6609 12417 E MediaProvider: java.lang.IllegalArgumentException: Primary directory null not allowed for content://media/external_primary/file; allowed directories are [Download, Documents]
02-19 02:48:02.627  6609 12417 E MediaProvider: 	at com.android.providers.media.MediaProvider.ensureFileColumns(MediaProvider.java:4879)
02-19 02:48:02.627  6609 12417 E MediaProvider: 	at com.android.providers.media.MediaProvider.ensureUniqueFileColumns(MediaProvider.java:4502)
02-19 02:48:02.627  6609 12417 E MediaProvider: 	at com.android.providers.media.MediaProvider.insertFile(MediaProvider.java:5301)
02-19 02:48:02.627  6609 12417 E MediaProvider: 	at com.android.providers.media.MediaProvider.insertInternal(MediaProvider.java:5904)
02-19 02:48:02.627  6609 12417 E MediaProvider: 	at com.android.providers.media.MediaProvider.insert(MediaProvider.java:5589)
02-19 02:48:02.627  6609 12417 E MediaProvider: 	at com.android.providers.media.MediaProvider.insertFileForFuse(MediaProvider.java:10894)
02-19 02:48:02.627  6609 12417 E MediaProvider: 	at com.android.providers.media.MediaProvider.insertFileIfNecessaryForFuse(MediaProvider.java:10989)
02-19 02:48:02.628  8468  8468 I HBD     : i onCapabilityChanged  setNetworkState currentNetworkState : wifi 
02-19 02:48:02.629 28476 28476 D ActivityThread: setConscryptValidator
02-19 02:48:02.629 28476 28476 D ActivityThread: setConscryptValidator - put
02-19 02:48:02.629  2557  2906 D DisplayManagerService: Drop pending events for gone uid 10447
02-19 02:48:02.630  6609 12417 E MediaProvider: insertFileIfNecessary failed
02-19 02:48:02.630  6609 12417 E MediaProvider: java.lang.IllegalArgumentException: Primary directory null not allowed for content://media/external_primary/file; allowed directories are [Download, Documents]
02-19 02:48:02.630  6609 12417 E MediaProvider: 	at com.android.providers.media.MediaProvider.ensureFileColumns(MediaProvider.java:4879)
02-19 02:48:02.630  6609 12417 E MediaProvider: 	at com.android.providers.media.MediaProvider.ensureUniqueFileColumns(MediaProvider.java:4502)
02-19 02:48:02.630  6609 12417 E MediaProvider: 	at com.android.providers.media.MediaProvider.insertFile(MediaProvider.java:5301)
02-19 02:48:02.630  6609 12417 E MediaProvider: 	at com.android.providers.media.MediaProvider.insertInternal(MediaProvider.java:5904)
02-19 02:48:02.630  6609 12417 E MediaProvider: 	at com.android.providers.media.MediaProvider.insert(MediaProvider.java:5589)
02-19 02:48:02.630  6609 12417 E MediaProvider: 	at com.android.providers.media.MediaProvider.insertFileForFuse(MediaProvider.java:10894)
02-19 02:48:02.630  6609 12417 E MediaProvider: 	at com.android.providers.media.MediaProvider.insertFileIfNecessaryForFuse(MediaProvider.java:10989)
02-19 02:48:02.631  2557  3826 D NetdEventListenerService: DNS Requested by 105, 10113(com.microsoft.skydrive), 4(FAIL), isBlocked=true, 0ms
02-19 02:48:02.634  6609 12453 E MediaProvider: insertFileIfNecessary failed
02-19 02:48:02.634  6609 12453 E MediaProvider: java.lang.IllegalArgumentException: Primary directory null not allowed for content://media/external_primary/file; allowed directories are [Download, Documents]
02-19 02:48:02.634  6609 12453 E MediaProvider: 	at com.android.providers.media.MediaProvider.ensureFileColumns(MediaProvider.java:4879)
02-19 02:48:02.634  6609 12453 E MediaProvider: 	at com.android.providers.media.MediaProvider.ensureUniqueFileColumns(MediaProvider.java:4502)
02-19 02:48:02.634  6609 12453 E MediaProvider: 	at com.android.providers.media.MediaProvider.insertFile(MediaProvider.java:5301)
02-19 02:48:02.634  6609 12453 E MediaProvider: 	at com.android.providers.media.MediaProvider.insertInternal(MediaProvider.java:5904)
02-19 02:48:02.634  6609 12453 E MediaProvider: 	at com.android.providers.media.MediaProvider.insert(MediaProvider.java:5589)
02-19 02:48:02.634  6609 12453 E MediaProvider: 	at com.android.providers.media.MediaProvider.insertFileForFuse(MediaProvider.java:10894)
02-19 02:48:02.634  6609 12453 E MediaProvider: 	at com.android.providers.media.MediaProvider.insertFileIfNecessaryForFuse(MediaProvider.java:10989)
02-19 02:48:02.638 28476 28476 D ApplicationLoaders: Returning zygote-cached class loader: /system/framework/org.apache.http.legacy.jar
02-19 02:48:02.638 28476 28476 D ApplicationLoaders: Returning zygote-cached class loader: /system_ext/framework/androidx.window.extensions.jar
02-19 02:48:02.638 28476 28476 D ApplicationLoaders: Returning zygote-cached class loader: /system_ext/framework/androidx.window.sidecar.jar
02-19 02:48:02.639  6609 12372 E MediaProvider: insertFileIfNecessary failed
02-19 02:48:02.639  6609 12372 E MediaProvider: java.lang.IllegalArgumentException: Primary directory null not allowed for content://media/external_primary/file; allowed directories are [Download, Documents]
02-19 02:48:02.639  6609 12372 E MediaProvider: 	at com.android.providers.media.MediaProvider.ensureFileColumns(MediaProvider.java:4879)
02-19 02:48:02.639  6609 12372 E MediaProvider: 	at com.android.providers.media.MediaProvider.ensureUniqueFileColumns(MediaProvider.java:4502)
02-19 02:48:02.639  6609 12372 E MediaProvider: 	at com.android.providers.media.MediaProvider.insertFile(MediaProvider.java:5301)
02-19 02:48:02.639  6609 12372 E MediaProvider: 	at com.android.providers.media.MediaProvider.insertInternal(MediaProvider.java:5904)
02-19 02:48:02.639  6609 12372 E MediaProvider: 	at com.android.providers.media.MediaProvider.insert(MediaProvider.java:5589)
02-19 02:48:02.639  6609 12372 E MediaProvider: 	at com.android.providers.media.MediaProvider.insertFileForFuse(MediaProvider.java:10894)
02-19 02:48:02.639  6609 12372 E MediaProvider: 	at com.android.providers.media.MediaProvider.insertFileIfNecessaryForFuse(MediaProvider.java:10989)
02-19 02:48:02.641 28428 28428 D OneDSChannel: Initializing OneDSChannel
02-19 02:48:02.642  6609 10631 E MediaProvider: insertFileIfNecessary failed
02-19 02:48:02.642  6609 10631 E MediaProvider: java.lang.IllegalArgumentException: Primary directory null not allowed for content://media/external_primary/file; allowed directories are [Download, Documents]
02-19 02:48:02.642  6609 10631 E MediaProvider: 	at com.android.providers.media.MediaProvider.ensureFileColumns(MediaProvider.java:4879)
02-19 02:48:02.642  6609 10631 E MediaProvider: 	at com.android.providers.media.MediaProvider.ensureUniqueFileColumns(MediaProvider.java:4502)
02-19 02:48:02.642  6609 10631 E MediaProvider: 	at com.android.providers.media.MediaProvider.insertFile(MediaProvider.java:5301)
02-19 02:48:02.642  6609 10631 E MediaProvider: 	at com.android.providers.media.MediaProvider.insertInternal(MediaProvider.java:5904)
02-19 02:48:02.642  6609 10631 E MediaProvider: 	at com.android.providers.media.MediaProvider.insert(MediaProvider.java:5589)
02-19 02:48:02.642  6609 10631 E MediaProvider: 	at com.android.providers.media.MediaProvider.insertFileForFuse(MediaProvider.java:10894)
02-19 02:48:02.642  6609 10631 E MediaProvider: 	at com.android.providers.media.MediaProvider.insertFileIfNecessaryForFuse(MediaProvider.java:10989)
02-19 02:48:02.647  6609  7355 E MediaProvider: insertFileIfNecessary failed
02-19 02:48:02.647  6609  7355 E MediaProvider: java.lang.IllegalArgumentException: Primary directory null not allowed for content://media/external_primary/file; allowed directories are [Download, Documents]
02-19 02:48:02.647  6609  7355 E MediaProvider: 	at com.android.providers.media.MediaProvider.ensureFileColumns(MediaProvider.java:4879)
02-19 02:48:02.647  6609  7355 E MediaProvider: 	at com.android.providers.media.MediaProvider.ensureUniqueFileColumns(MediaProvider.java:4502)
02-19 02:48:02.647  6609  7355 E MediaProvider: 	at com.android.providers.media.MediaProvider.insertFile(MediaProvider.java:5301)
02-19 02:48:02.647  6609  7355 E MediaProvider: 	at com.android.providers.media.MediaProvider.insertInternal(MediaProvider.java:5904)
02-19 02:48:02.647  6609  7355 E MediaProvider: 	at com.android.providers.media.MediaProvider.insert(MediaProvider.java:5589)
02-19 02:48:02.647  6609  7355 E MediaProvider: 	at com.android.providers.media.MediaProvider.insertFileForFuse(MediaProvider.java:10894)
02-19 02:48:02.647  6609  7355 E MediaProvider: 	at com.android.providers.media.MediaProvider.insertFileIfNecessaryForFuse(MediaProvider.java:10989)
02-19 02:48:02.650 28476 28476 W ziparchive: Unable to open '/data/app/~~MOR2liVUZTeisiv4iiq4DA==/com.google.android.apps.photos-sNq6Dqj5c3ZbEWIhtvc0Bw==/split_config.arm64_v8a.dm': No such file or directory
02-19 02:48:02.650 28476 28476 W ziparchive: Unable to open '/data/app/~~MOR2liVUZTeisiv4iiq4DA==/com.google.android.apps.photos-sNq6Dqj5c3ZbEWIhtvc0Bw==/split_config.arm64_v8a.dm': No such file or directory
02-19 02:48:02.650 28476 28476 W oid.apps.photos: Entry not found
02-19 02:48:02.650 28428 28428 D nativeloader: Load /data/app/~~99YS7W6SrEYPL1LNzqVUrQ==/com.microsoft.skydrive-JLq1CGxFw7lwfe7RC1W3jA==/lib/arm64/libmaesdk.so using ns clns-8 from class loader (caller=/data/app/~~99YS7W6SrEYPL1LNzqVUrQ==/com.microsoft.skydrive-JLq1CGxFw7lwfe7RC1W3jA==/base.apk!classes4.dex): ok
02-19 02:48:02.650 28476 28476 W ziparchive: Unable to open '/data/app/~~MOR2liVUZTeisiv4iiq4DA==/com.google.android.apps.photos-sNq6Dqj5c3ZbEWIhtvc0Bw==/split_config.en.dm': No such file or directory
02-19 02:48:02.650 28476 28476 W ziparchive: Unable to open '/data/app/~~MOR2liVUZTeisiv4iiq4DA==/com.google.android.apps.photos-sNq6Dqj5c3ZbEWIhtvc0Bw==/split_config.en.dm': No such file or directory
02-19 02:48:02.651 28476 28476 W oid.apps.photos: Entry not found
02-19 02:48:02.651 28476 28476 W ziparchive: Unable to open '/data/app/~~MOR2liVUZTeisiv4iiq4DA==/com.google.android.apps.photos-sNq6Dqj5c3ZbEWIhtvc0Bw==/split_config.xxhdpi.dm': No such file or directory
02-19 02:48:02.651 28476 28476 W ziparchive: Unable to open '/data/app/~~MOR2liVUZTeisiv4iiq4DA==/com.google.android.apps.photos-sNq6Dqj5c3ZbEWIhtvc0Bw==/split_config.xxhdpi.dm': No such file or directory
02-19 02:48:02.651 28476 28476 W oid.apps.photos: Entry not found
02-19 02:48:02.651 28476 28476 D nativeloader: Configuring clns-7 for other apk /data/app/~~MOR2liVUZTeisiv4iiq4DA==/com.google.android.apps.photos-sNq6Dqj5c3ZbEWIhtvc0Bw==/base.apk:/data/app/~~MOR2liVUZTeisiv4iiq4DA==/com.google.android.apps.photos-sNq6Dqj5c3ZbEWIhtvc0Bw==/split_config.arm64_v8a.apk:/data/app/~~MOR2liVUZTeisiv4iiq4DA==/com.google.android.apps.photos-sNq6Dqj5c3ZbEWIhtvc0Bw==/split_config.en.apk:/data/app/~~MOR2liVUZTeisiv4iiq4DA==/com.google.android.apps.photos-sNq6Dqj5c3ZbEWIhtvc0Bw==/split_config.xxhdpi.apk. target_sdk_version=36, uses_libraries=libOpenCL.so:libcdsprpc.so, library_path=/data/app/~~MOR2liVUZTeisiv4iiq4DA==/com.google.android.apps.photos-sNq6Dqj5c3ZbEWIhtvc0Bw==/lib/arm64:/data/app/~~MOR2liVUZTeisiv4iiq4DA==/com.google.android.apps.photos-sNq6Dqj5c3ZbEWIhtvc0Bw==/base.apk!/lib/arm64-v8a:/data/app/~~MOR2liVUZTeisiv4iiq4DA==/com.google.android.apps.photos-sNq6Dqj5c3ZbEWIhtvc0Bw==/split_config.arm64_v8a.apk!/lib/arm64-v8a:/data/app/~~MOR2liVUZTeisiv4iiq4DA==/com.google.android.apps.photos-sNq6Dqj5c3ZbEWIhtvc0Bw==/split_conf
02-19 02:48:02.652  6609  7370 E MediaProvider: insertFileIfNecessary failed
02-19 02:48:02.652  6609  7370 E MediaProvider: java.lang.IllegalArgumentException: Primary directory null not allowed for content://media/external_primary/file; allowed directories are [Download, Documents]
02-19 02:48:02.652  6609  7370 E MediaProvider: 	at com.android.providers.media.MediaProvider.ensureFileColumns(MediaProvider.java:4879)
02-19 02:48:02.652  6609  7370 E MediaProvider: 	at com.android.providers.media.MediaProvider.ensureUniqueFileColumns(MediaProvider.java:4502)
02-19 02:48:02.652  6609  7370 E MediaProvider: 	at com.android.providers.media.MediaProvider.insertFile(MediaProvider.java:5301)
02-19 02:48:02.652  6609  7370 E MediaProvider: 	at com.android.providers.media.MediaProvider.insertInternal(MediaProvider.java:5904)
02-19 02:48:02.652  6609  7370 E MediaProvider: 	at com.android.providers.media.MediaProvider.insert(MediaProvider.java:5589)
02-19 02:48:02.652  6609  7370 E MediaProvider: 	at com.android.providers.media.MediaProvider.insertFileForFuse(MediaProvider.java:10894)
02-19 02:48:02.652  6609  7370 E MediaProvider: 	at com.android.providers.media.MediaProvider.insertFileIfNecessaryForFuse(MediaProvider.java:10989)
02-19 02:48:02.653 28428 28428 D ConnectivityManager: StackLog: [android.net.ConnectivityManager.sendRequestForNetwork(ConnectivityManager.java:4709)] [android.net.ConnectivityManager.registerDefaultNetworkCallbackForUid(ConnectivityManager.java:5433)] [android.net.ConnectivityManager.registerDefaultNetworkCallback(ConnectivityManager.java:5400)] [android.net.ConnectivityManager.registerDefaultNetworkCallback(ConnectivityManager.java:5374)] [com.microsoft.applications.events.HttpClient.<init>(SourceFile:20)] [com.microsoft.applications.events.HttpClient.<init>(SourceFile:1)] [Bb.k.b(SourceFile:37)] [Bb.i.a(SourceFile:24)] [Db.c.d(SourceFile:58)] [com.microsoft.skydrive.SkyDriveApplication.d(SourceFile:231)] [com.microsoft.skydrive.SkyDriveApplication.attachBaseContext(SourceFile:44)] [android.app.Application.attach(Application.java:365)] [android.app.Instrumentation.newApplication(Instrumentation.java:1353)] [android.app.LoadedApk.makeApplicationInner(LoadedApk.java:1525)] [android.app.LoadedApk.makeApplicationInner(LoadedApk.java:1457)] [android.app.ActivityThread.handleBindApplication(ActivityThread.java:8316)] [android.app.ActivityThread.-$$Nest$mhandleBindApplication(Unknown Source:0)] [android.app.ActivityThread$H.handleMessage(ActivityThread.java:2675)]
02-19 02:48:02.653  2557  2749 D ConnectivityService: requestNetwork for uid/pid:10113/28428 activeRequest: null callbackRequest: 8104 [NetworkRequest [ REQUEST id=8105, [ Capabilities: INTERNET&NOT_RESTRICTED&TRUSTED&NOT_VCN_MANAGED&NOT_BANDWIDTH_CONSTRAINED Uid: 10113 RequestorUid: 10113 RequestorPkg: com.microsoft.skydrive UnderlyingNetworks: Null] ]] callback flags: 0 order: 2147483647 isUidTracked: false declaredMethods: ALL
02-19 02:48:02.654  2557  3662 D ConnectivityService:    accepting network in place of null for NetworkRequest [ REQUEST id=8105, [ Capabilities: INTERNET&NOT_RESTRICTED&TRUSTED&NOT_VCN_MANAGED&NOT_BANDWIDTH_CONSTRAINED Uid: 10113 RequestorUid: 10113 RequestorPkg: com.microsoft.skydrive UnderlyingNetworks: Null] ]
02-19 02:48:02.654 28428 28428 D OneDSManager: init OneDS HttpClient
02-19 02:48:02.654 28428 28428 D OneDSManager: OneDS initialized: offline room connected
02-19 02:48:02.655  2557  3636 D OemPaidWifiNetworkFactory: got request NetworkRequest [ REQUEST id=8105, [ Capabilities: INTERNET&NOT_RESTRICTED&TRUSTED&NOT_VCN_MANAGED&NOT_BANDWIDTH_CONSTRAINED Uid: 10113 RequestorUid: 10113 RequestorPkg: com.microsoft.skydrive UnderlyingNetworks: Null] ]
