02-19 02:56:07.635  1537  8561 I PAL: ResourceManager: setParameter: 12062: PAL_PARAM_ID_UIEFFECT VOLUMEMONITOR_SET_PARAMS(0x10001f43)
02-19 02:56:07.635  1537  8561 I PAL: API: pal_gef_rw_param: 1597: set global parameter 4, status -22
02-19 02:56:07.635  1537  8561 I PAL: ResourceManager: setParameter: 12062: PAL_PARAM_ID_UIEFFECT VOLUMEMONITOR_SET_PARAMS(0x10001f43)
02-19 02:56:07.635  1537  8561 I PAL: API: pal_gef_rw_param: 1597: set global parameter 4, status -22
02-19 02:56:07.635  1537  8561 I PAL: ResourceManager: setParameter: 12062: PAL_PARAM_ID_UIEFFECT VOLUMEMONITOR_SET_PARAMS(0x10001f43)
02-19 02:56:07.635  1537  8561 I PAL: API: pal_gef_rw_param: 1597: set global parameter 4, status -22
02-19 02:56:07.635  1537  8561 I PAL: ResourceManager: setParameter: 12062: PAL_PARAM_ID_UIEFFECT VOLUMEMONITOR_SET_PARAMS(0x10001f43)
02-19 02:56:07.635  1537  8561 I PAL: API: pal_gef_rw_param: 1597: set global parameter 4, status -22
02-19 02:56:07.635  1537  8561 D AudioSAEffectOffload: send_custom_payload_effect: exit, tag: 0xc00000b, custom_data_sz: 28
02-19 02:56:07.635  1537  8561 D AudioSAEffectOffload: offload_param_dump() : status[-22] value[ VM,0,0,0,0,2,0,0 ] 
02-19 02:56:07.635  1630  2228 D AudioFlinger: setParameters: filtered dev setParameters keyvalue l_stream_music_active=true
02-19 02:56:07.635  1537  8561 V sec_audio_hw: sec_dev_set_parameters : l_stream_music_active=true
02-19 02:56:07.635  1537  8561 D AHAL: AudioDevice: SetParameters: 1865: enter
02-19 02:56:07.635  1537  8561 D AHAL: AudioVoice: VoiceSetParameters: 200: Enter
02-19 02:56:07.635  1537  8561 D AHAL: AudioVoice: VoiceSetParameters: 479: Exit ret: 0
02-19 02:56:07.635  1537  8561 D AHAL: hfp: hfp_set_parameters: 444: enter
02-19 02:56:07.635  1537  8561 D AHAL: AudioDevice: SetParameters: 2798: exit: l_stream_music_active=true
02-19 02:56:07.636  1630 20223 I AudioFlinger: updateStageIndex new -2903
02-19 02:56:07.636  1630 20223 D audioserver: logFgsApiBegin: FGS Logger Transaction failed, -129
02-19 02:56:07.636  4488  4488 I HoneySpace.FloatingAnimator: container x: 8.908308, y: 206.58365, scale : 0.925764
02-19 02:56:07.636  2557  6946 V AS.PlaybackActivityMon: BLA portEvent(portId=869, event=PLAYER_UPDATE_FORMAT, extras=PersistableBundle[mParcelledData.dataSize=316])
02-19 02:56:07.636  6377  6441 D AAudio  : AAudioStream_requestStart(s#1) returned 0 ---------
02-19 02:56:07.636  2557  6946 V AS.PlaybackActivityMon: playerEvent(piid=5839, event=PLAYER_STATE_STARTED, eventValue=3)
02-19 02:56:07.636  2557  6946 V AS.PlaybackActivityMon: DuckingManager: checkDuck() player piid:5839 uid:10676
02-19 02:56:07.636  2557  6946 V AS.FadeOutManager: checkFade() player piid:5839 uid:10676
02-19 02:56:07.636  2557  6946 V AS.PlaybackActivityMon: dispatchPlaybackChange to 5 clients
02-19 02:56:07.636  4488  7467 I VRI[LauncherActivity]@66a84ac: mWNT: t=0xb400006fd732ff50 mBlastBufferQueue=0xb4000070672dc710 fn= 65 HdrRenderState mRenderHdrSdrRatio=1.0 caller= com.android.systemui.shared.launcher.ViewRootImplCompat.mergeWithNextTransaction:4 com.honeyspace.transition.utils.SurfaceTransactionApplier.scheduleApply$lambda$1:26 com.honeyspace.transition.utils.SurfaceTransactionApplier.b:0 
02-19 02:56:07.636  2557  2557 D AudioPlayerStateMonitor: Found a new active media playback. AudioPlaybackConfiguration piid:5839 deviceId:3 type:AAudio u/pid:10676/6377 state:started attr:AudioAttributes: usage=USAGE_MEDIA content=CONTENT_TYPE_UNKNOWN source=DEFAULT flags=0x0 tags= bundle=null sessionId:8681 mutedState:none  FormatInfo{isSpatialized=false, channelMask=0x0, sampleRate=0}
02-19 02:56:07.636  2557  2557 D MediaSessionService: Audio playback is changed, config=AudioPlaybackConfiguration piid:5839 deviceId:3 type:AAudio u/pid:10676/6377 state:started attr:AudioAttributes: usage=USAGE_MEDIA content=CONTENT_TYPE_UNKNOWN source=DEFAULT flags=0x0 tags= bundle=null sessionId:8681 mutedState:none  FormatInfo{isSpatialized=false, channelMask=0x0, sampleRate=0}, removed=false
02-19 02:56:07.636  2557  2557 D MediaSessionStack: updateMediaButtonSessionIfNeeded, callers=com.android.server.media.AudioPlayerStateMonitor$MessageHandler.handleMessage:19 android.os.Handler.dispatchMessage:107 
02-19 02:56:07.636  2557  2557 D MediaSessionStack: updateMediaButtonSessionIfNeeded, skipping uid=10676
02-19 02:56:07.636  2557  2557 D MediaSessionStack: updateMediaButtonSessionIfNeeded, skipping uid=10050
02-19 02:56:07.637  2557  2557 D MediaSessionStack: updateMediaButtonSessionIfNeeded, skipping uid=10352
02-19 02:56:07.637  2557  2557 D MediaSessionStack: updateMediaButtonSessionIfNeeded, skipping uid=10678
02-19 02:56:07.637  2557  2557 D MediaSessionStack: updateMediaButtonSessionIfNeeded, skipping uid=10677
02-19 02:56:07.637  2557  2557 D MediaSessionStack: updateMediaButtonSessionIfNeeded, skipping uid=10674
02-19 02:56:07.637  2557  2557 D MediaSessionStack: updateMediaButtonSessionIfNeeded, skipping uid=10675
02-19 02:56:07.637  2557  2557 D MediaSessionStack: updateMediaButtonSessionIfNeeded, skipping uid=1000
02-19 02:56:07.637  2557  2557 D MediaSessionStack: updateMediaButtonSessionIfNeeded, skipping uid=10318
02-19 02:56:07.637  2557  3702 D AS.SoundAliveUtils: notify dvfs state : 2, screen : true
02-19 02:56:07.637  2557  3706 V AS.PlaybackActivityMon: dispatchPlaybackChange to 5 clients
02-19 02:56:07.637  2557  3702 I ActivityManager: Changes in 10144 15 to 5, 0 to 16
02-19 02:56:07.638  2557  3737 D MediaRouterService: onAudioPlayerActiveStateChanged: uid=10676, active=true, restoreUid=10676
02-19 02:56:07.638  6377  6421 D AudioStreamLegacy: onAudioDeviceUpdate(deviceId = 3)
02-19 02:56:07.638  1630  3006 I AF::Track: processMuteEvent_l(542): processed mute state for port ID 869 from 0 to 2
02-19 02:56:07.638  1630  3006 I AudioMixer: create resampler src 24000, 2, dst 48000, 2, f 0x5, q 8
02-19 02:56:07.638  1630  3006 D DlbEffectContext: transformExternalGain() volume:0x0 fVol:0.000000 extVal:-2080
02-19 02:56:07.638  1630  3006 D DlbEndpointParamCache: commitChangedParams()
02-19 02:56:07.638  1630  3006 D DlbEndpointParamCache: commit() Applying parameters for device 0x40000000
02-19 02:56:07.638  1630  3006 D DlbDap2Process: setParam(preg = #1[-2080])
02-19 02:56:07.638  1630  3006 D DlbDap2Process: setSystemGain(vol = 0)
02-19 02:56:07.638  1630  3006 D DlbDap2Process: setParam(svol = #1[-2080])
02-19 02:56:07.638  1630  3006 D DlbEndpointParamCache: doCommit() Committed 2 parameters out of 15.
02-19 02:56:07.638  1630  3006 D DlbEndpointParamCache: commit() Overriding parameters for current device 0x00000002
02-19 02:56:07.638  1630  3006 D DlbEndpointParamCache: doCommit() Committed 0 parameters out of 58.
02-19 02:56:07.638  1630  3006 I SoundBoosterEffectPlus: SB_setVolume(0xb400007964cd5c50)
02-19 02:56:07.639  3927  4670 D SoundCraft.PlayingAudioConditionHandler: onPlaybackConfigChanged : lastStartedPackageName=null, lastStartedUid=-1, newStartedUid=10676, newStartPackageName=com.company.dicegame, thread=Thread[RoutineHandlerThread,5,main]
02-19 02:56:07.639  2557  4617 V AS.PlaybackActivityMon: BLA portEvent(portId=869, event=PLAYER_UPDATE_MUTED, extras=PersistableBundle[mParcelledData.dataSize=92])
02-19 02:56:07.639  3193  3204 I SAContentProvider:  getType() : screen on is true
02-19 02:56:07.639  1537  8561 I AHAL: AudioStream: out_update_source_metadata_v7: 1265: track count is 1
02-19 02:56:07.639  1537  8561 D AHAL: AudioStream: out_update_source_metadata_v7: 1310: Source metadata usage:14 content_type:2
02-19 02:56:07.639  1537  8561 D AHAL: AudioStream: SetAggregateSourceMetadata: 4666: Aggregated Source metadata usage:14 content_type:2
02-19 02:56:07.639  1630  3006 I SoundAlive_SRC384 arch64: SoundAlive_SRC384() ID = 297 GID = 298
02-19 02:56:07.639  1630  3006 I SoundAlive_SRC384 arch64: SoundAlive_SRC384: Instance 297 Init(outFs 7, InFs 7, chnum 0, outBW 0, inBW 0)
02-19 02:56:07.639  1630  3006 I Samsung_SoundAlive_SRC arch64: SRC384 version Samsung SoundAlive SRC ver320 arch64  2021.08.04 (Cppref for ARM64, ver.300.c 32bit 07_10_2016 based)
02-19 02:56:07.639  1630  3006 D SoundAliveResampler: [SoundAliveResampler] Init+++
02-19 02:56:07.639  1630  3006 I SoundAlive_SRC384 arch64: SoundAlive_SRC384: Instance 297 Init(outFs 8, InFs 5, chnum 2, outBW 3, inBW 3)
02-19 02:56:07.639  6377  6377 D MediaRouter: onRestoreRoute() : route=RouteInfo{ name=Phone, description=null, status=null, category=RouteCategory{ name=System types=ROUTE_TYPE_LIVE_AUDIO ROUTE_TYPE_LIVE_VIDEO  groupable=false }, supportedTypes=ROUTE_TYPE_LIVE_AUDIO ROUTE_TYPE_LIVE_VIDEO , presentationDisplay=null }
02-19 02:56:07.639  1630  3006 I Samsung_SoundAlive_SRC arch64: SRC384 version Samsung SoundAlive SRC ver320 arch64  2021.08.04 (Cppref for ARM64, ver.300.c 32bit 07_10_2016 based)
02-19 02:56:07.639  6377  6377 V MediaRouter: Selecting route: RouteInfo{ name=Phone, description=null, status=null, category=RouteCategory{ name=System types=ROUTE_TYPE_LIVE_AUDIO ROUTE_TYPE_LIVE_VIDEO  groupable=false }, supportedTypes=ROUTE_TYPE_LIVE_AUDIO ROUTE_TYPE_LIVE_VIDEO , presentationDisplay=null }
02-19 02:56:07.639  2557  3706 V AS.PlaybackActivityMon: dispatchPlaybackChange to 5 clients
02-19 02:56:07.639  2557  6949 D SGM:GameManager: identifyGamePackage. com.company.dicegame, mCurrentUserId: 0, callerUserId: 0, callingMethodInfo: com.samsung.android.game.IGameManagerService$Stub.onTransact(IGameManagerService.java:228)
02-19 02:56:07.639  3927  4670 D SGM:SemGameManager: isGamePackage(), pkgName=com.company.dicegame, ret=false
02-19 02:56:07.639  3927  4670 D SoundCraft.PlayingAudioConditionHandler: onPlaybackConfigChanged : notifyChanged
02-19 02:56:07.639  3927  4670 D SoundCraft.PlayingAudioConditionHandler: onPlaybackConfigChanged : lastStartedPackageName=com.company.dicegame, lastStartedUid=10676, newStartedUid=10676, newStartPackageName=com.company.dicegame, thread=Thread[RoutineHandlerThread,5,main]
02-19 02:56:07.639  1537 32328 D AHAL: AudioStream: AutoPerfLock: 157: (Acquired) perf_lock_handle: 0xb0b0, count: 1
02-19 02:56:07.639  1537 32328 I AHAL: AudioStream: Open: 3437: Enter: OutPrimary usecase(2: low-latency-playback)
02-19 02:56:07.639  1537 32328 D AHAL: AudioStream: Open: 3443: no_of_devices 1
02-19 02:56:07.640  1537 32328 I AHAL: AudioStream: Open: 3457:  flags_:0x4, mAndroidOutDevices 2
02-19 02:56:07.640  1537 32328 D AHAL: AudioStream: Open: 3530: halInputFormat 1 halOutputFormat 1 palformat 1
02-19 02:56:07.640  1537 32328 I AHAL: SecAudioStream: SetCustomKey: 341: set custom key for SPEAKER_LEFT_AMP_OFF
02-19 02:56:07.640  1537 32328 I AHAL: SecAudioStream: SetCustomKey: 352: Setting custom key as speaker_left_amp_off
02-19 02:56:07.640  1537 32328 D AHAL: AudioStream: Open: 3621: channels 2 samplerate 48000 format id 1, stream type 1  stream bitwidth 16
02-19 02:56:07.640  1537 32328 D AHAL: AudioStream: Open: 3622: msample_rate 0 mchannels 0 mNoOfOutDevices 1
02-19 02:56:07.640  1537 32328 I PAL: API: pal_stream_open: 228: Enter, stream type:1
02-19 02:56:07.640 17057 17209 I BWU@AudioPlaybackControlManager: playerType : 13, clientPid : 6377, usage : 1, playerState : 2 isMusicActive true
02-19 02:56:07.640 17057 17209 I BWU@AudioPlaybackControlManager: com.company.dicegame is now playing
02-19 02:56:07.640  1537 32328 I PAL: Device: setDeviceAttributes: 396: DeviceAttributes for Device Id 3 updated
02-19 02:56:07.640  1537 32328 I PAL: Device: open: 476: Enter. deviceCount 0 for device id 3 (PAL_DEVICE_OUT_SPEAKER)
02-19 02:56:07.640  3927  4670 D SoundCraft.PlayingAudioConditionHandler: onPlaybackConfigChanged : lastStartedPackageName=com.company.dicegame, lastStartedUid=10676, newStartedUid=10676, newStartPackageName=com.company.dicegame, thread=Thread[RoutineHandlerThread,5,main]
02-19 02:56:07.640  1537 32328 I PAL: SessionAlsaUtils: setDeviceMediaConfig: 1063: TDM-LPAIF-RX-PRIMARY rate ch fmt data_fmt 48000 2 6 1
02-19 02:56:07.640 17057 17209 I BWU@AudioPlaybackControlManager: currentDeviceType : 2
02-19 02:56:07.640  1537 32328 D audio_route: Apply path: speaker-mono-right
02-19 02:56:07.640 17057 17209 I BWU@MediaControlObject: isRemoteSubmix() false
02-19 02:56:07.640 17057 17209 I BWU@AudioPlaybackControlManager: startAECRecording. aecType : 1
02-19 02:56:07.640 17057 17209 I BWU@AecWakeupService: IMediaControlListener - onStartRecording() with aecType : 1 appLaunch false
02-19 02:56:07.640 17057 17209 I BWU@AecWakeupService: stopRecording! isAECProcessStarted : false, requestForceStop : false, info : aecType : 1, info : null InternalCascadeSuccess false, mIsAppLaunched : false
02-19 02:56:07.640 17057 17209 I BWU@Recorder: getRecordState: 10002 @ 142094102
02-19 02:56:07.640 17057 17209 I BWU@Recorder: getRecordState: 10002 @ 142094102
02-19 02:56:07.640 17057 17209 I BWU@AecWakeupService: add History 20260219_025607 (stopRecording) aecType : -1 aecType : 1, info : null, isAecRecording?false, shouldMaintainRecord?false
02-19 02:56:07.640  1537 32328 I PAL: Device: open: 511: Exit. deviceCount 1 for device id 3 (PAL_DEVICE_OUT_SPEAKER), exit status: 0
02-19 02:56:07.640 17057 17209 I BWU@AecWakeupService: startRecording() , aecType : 1, delay : 1000 audioSource : 16
02-19 02:56:07.640  1537 32328 I PAL: ResourceManager: allocateFrontEndIds: 7106: allocateFrontEndIds: front end 126
02-19 02:56:07.640  1537 32328 I PAL: PayloadBuilder: populateStreamKV: 3154: stream type 1
02-19 02:56:07.640  1537 32328 I PAL: PayloadBuilder: getSelectorValues: 2976: Direction: 1
02-19 02:56:07.640  1537 32328 I PAL: PayloadBuilder: getSelectorValues: 2992: Instance: 1
02-19 02:56:07.640  1537 32328 I PAL: PayloadBuilder: findKVs: 2866: key: 0xa1000000 value: 0xa100000e
02-19 02:56:07.640  1537 32328 I PAL: PayloadBuilder: findKVs: 2866: key: 0xab000000 value: 0x1
02-19 02:56:07.640  1537 32328 I PAL: PayloadBuilder: populateStreamCkv: 3496: Entered default a4000000 f
02-19 02:56:07.640  1537 32328 I PAL: PayloadBuilder: populateDeviceKV: 3278: Enter device id:3
02-19 02:56:07.640  1537 32328 I PAL: PayloadBuilder: findKVs: 2879: key: 0xa2000000 value: 0xa2000001
02-19 02:56:07.640  1537 32328 I PAL: PayloadBuilder: populateDeviceKV: 3306: Exit device id:3, status 0
02-19 02:56:07.640  1537 32328 I PAL: PayloadBuilder: populateDevicePPKV: 3419: Rx device id:3
02-19 02:56:07.640  1537 32328 I PAL: PayloadBuilder: getSelectorValues: 3052: stream type: 1
02-19 02:56:07.640  1537 32328 I PAL: PayloadBuilder: getSelectorValues: 3071: custom config key:speaker_left_amp_off
02-19 02:56:07.640  1537 32328 I PAL: PayloadBuilder: retrieveKVs: 2909: Fallback to find KVs without custom config speaker_left_amp_off
02-19 02:56:07.641  1537 32328 I PAL: PayloadBuilder: findKVs: 2866: key: 0xa2000000 value: 0xa2000001
02-19 02:56:07.641  1537 32328 I PAL: PayloadBuilder: findKVs: 2866: key: 0xac000000 value: 0xac000002
02-19 02:56:07.641  1537 32328 I PAL: PayloadBuilder: populateDevicePPCkv: 3588: SpeakerProt Status[0], RAS Status[0]
02-19 02:56:07.641  1537 32328 D agm_server_wrapper: Aif id 32 already added to session list of 126
02-19 02:56:07.641  1537 32328 I AGM: session: session_obj_set_sess_aif_metadata: 1782 Exit
02-19 02:56:07.641  1537 32328 D agm_server_wrapper: Aif id 32 already added to session list of 126
02-19 02:56:07.641  1537 32328 I AGM: API: agm_session_aif_connect: 658 connecting aifid:32 with session id=126
02-19 02:56:07.641 17057 17209 I BWU@AudioPlaybackControlManager: playerType : 13, clientPid : 6377, usage : 1, playerState : 2 isMusicActive true
02-19 02:56:07.641 17057 17209 I BWU@AudioPlaybackControlManager: com.company.dicegame is now playing
02-19 02:56:07.641 17057 17209 W BWU@AudioPlaybackControlManager: ignore isMusicPlaying - 1 configs counts - 9 mIsAecRecording true
02-19 02:56:07.641  1537 32328 I PAL: API: pal_stream_open: 274: Exit. Value of stream_handle 0xb40000791a19b270K, status 0 : PAL_STREAM_LOW_LATENCY(1)
02-19 02:56:07.641  1537 32328 D AHAL: AudioStream: GetBufferSize: 3376: type 1
02-19 02:56:07.641  1537 32328 D AHAL: AudioStream: Open: 3837: fragment_size_ 768 fragments_ 2
02-19 02:56:07.641  1537 32328 D AHAL: AudioStream: Open: 3897: Exit ret: 0
02-19 02:56:07.641  1537 32328 D AHAL: AudioStream: ~AutoPerfLock: 167: (release) perf_lock_handle: 0xb0b0, count: 1
02-19 02:56:07.641  1537 32328 D AHAL: AudioStream: ~AutoPerfLock: 171: Releasing perf_lock_handle: 0xb0b0
02-19 02:56:07.642 17057 17209 I BWU@AudioPlaybackControlManager: playerType : 13, clientPid : 6377, usage : 1, playerState : 2 isMusicActive true
02-19 02:56:07.642 17057 17209 I BWU@AudioPlaybackControlManager: com.company.dicegame is now playing
02-19 02:56:07.642 17057 17209 W BWU@AudioPlaybackControlManager: ignore isMusicPlaying - 1 configs counts - 9 mIsAecRecording true
02-19 02:56:07.642  1537 32328 D AHAL: AudioStream: AutoPerfLock: 157: (Acquired) perf_lock_handle: 0xb0b1, count: 1
02-19 02:56:07.642  1537 32328 I PAL: API: pal_stream_start: 347: Enter. Stream handle 0xb40000791a19b270K
02-19 02:56:07.642  1537 32328 I PAL: SessionAlsaUtils: setDeviceMediaConfig: 1063: TDM-LPAIF-RX-PRIMARY rate ch fmt data_fmt 48000 2 6 1
02-19 02:56:07.643  1537 32328 I PAL: ResourceManager: voteSleepMonitor: 2233: Voting done for nlpi use case, lpi votes 1, nlpi votes : 1
02-19 02:56:07.643  1537 32328 D agm_client_wrapper: agm_session_open called with handle = 1481ebb0 , *handle = 0
02-19 02:56:07.644  4488  4488 I HoneySpace.FloatingAnimator: container x: 7.8276453, y: 181.5231, scale : 0.93476963
02-19 02:56:07.645  4488  7468 I VRI[LauncherActivity]@66a84ac: mWNT: t=0xb400006fd72e71d0 mBlastBufferQueue=0xb4000070672dc710 fn= 66 HdrRenderState mRenderHdrSdrRatio=1.0 caller= com.android.systemui.shared.launcher.ViewRootImplCompat.mergeWithNextTransaction:4 com.honeyspace.transition.utils.SurfaceTransactionApplier.scheduleApply$lambda$1:26 com.honeyspace.transition.utils.SurfaceTransactionApplier.b:0 
02-19 02:56:07.653  4488  4488 I HoneySpace.FloatingAnimator: container x: 6.7469893, y: 156.46269, scale : 0.9437752
02-19 02:56:07.653  4488  7467 I VRI[LauncherActivity]@66a84ac: mWNT: t=0xb400006fd72fb210 mBlastBufferQueue=0xb4000070672dc710 fn= 67 HdrRenderState mRenderHdrSdrRatio=1.0 caller= com.android.systemui.shared.launcher.ViewRootImplCompat.mergeWithNextTransaction:4 com.honeyspace.transition.utils.SurfaceTransactionApplier.scheduleApply$lambda$1:26 com.honeyspace.transition.utils.SurfaceTransactionApplier.b:0 
02-19 02:56:07.657  2557  2990 D PowerManagerService: displayReady: false groupId=0
02-19 02:56:07.657  2557  2990 D DisplayPowerController2[0]: animateScreenStateChange: target=ON, mIsEnabled=true
02-19 02:56:07.657  2557  2990 D PowerManagerService: displayReady: true groupId=0
02-19 02:56:07.661  4488  4488 I HoneySpace.FloatingAnimator: container x: 5.7705107, y: 133.81813, scale : 0.95191246
02-19 02:56:07.661  4488  7468 I VRI[LauncherActivity]@66a84ac: mWNT: t=0xb400006fd72dd290 mBlastBufferQueue=0xb4000070672dc710 fn= 68 HdrRenderState mRenderHdrSdrRatio=1.0 caller= com.android.systemui.shared.launcher.ViewRootImplCompat.mergeWithNextTransaction:4 com.honeyspace.transition.utils.SurfaceTransactionApplier.scheduleApply$lambda$1:26 com.honeyspace.transition.utils.SurfaceTransactionApplier.b:0 
02-19 02:56:07.665  1537 32328 D AGM: graph: graph_open: 575 entry
02-19 02:56:07.665  1537 32328 D AGM: metadata: metadata_print: 79 *************************Metadata*************************
02-19 02:56:07.665  1537 32328 D AGM: metadata: metadata_print: 80 GKV size:4
02-19 02:56:07.665  1537 32328 D AGM: metadata: metadata_print: 83 key:0xa1000000, value:0xa100000e 
02-19 02:56:07.665  1537 32328 D AGM: metadata: metadata_print: 83 key:0xab000000, value:0x1 
02-19 02:56:07.665  1537 32328 D AGM: metadata: metadata_print: 83 key:0xa2000000, value:0xa2000001 
02-19 02:56:07.665  1537 32328 D AGM: metadata: metadata_print: 83 key:0xac000000, value:0xac000002 
02-19 02:56:07.665  1537 32328 D AGM: metadata: metadata_print: 87 
02-19 02:56:07.665  1537 32328 D AGM: metadata: CKV count:2
02-19 02:56:07.665  1537 32328 D AGM: metadata: metadata_print: 90 key:0xa4000000, value:0xf 
02-19 02:56:07.665  1537 32328 D AGM: metadata: metadata_print: 90 key:0xd2000000, value:0x0 
02-19 02:56:07.665  1537 32328 D AGM: metadata: metadata_print: 92 
02-19 02:56:07.665  1537 32328 D AGM: metadata: metadata_print: 94 Property ID:134217744
02-19 02:56:07.665  1537 32328 D AGM: metadata: metadata_print: 95 property count:4
02-19 02:56:07.665  1537 32328 D AGM: metadata: metadata_print: 98 Property Values: 
02-19 02:56:07.665  1537 32328 D AGM: metadata: metadata_print: 100 0x1 
02-19 02:56:07.665  1537 32328 D AGM: metadata: metadata_print: 100 0x3 
02-19 02:56:07.665  1537 32328 D AGM: metadata: metadata_print: 100 0x2 
02-19 02:56:07.665  1537 32328 D AGM: metadata: metadata_print: 100 0x5 
02-19 02:56:07.665  1537 32328 D AGM: metadata: metadata_print: 102 
02-19 02:56:07.665  1537 32328 D AGM: metadata: metadata_print: 103 ****************Metadata Done***************************
02-19 02:56:07.665  1537 32328 D AGM: metadata: 
02-19 02:56:07.665  1537 32328 I AGM: graph: print_graph_alias: 2362 GKV Alias 32 | StreamRX_PCM_LL_Playback_DeviceRX_Speaker_Instance_Instance_1_DevicePP_Rx_Audio_MBDRC
02-19 02:56:07.665  1537 32328 D AGM: graph: graph_open: 655 miid 40bd mid 7001000 tag c0000002
02-19 02:56:07.665  1537 32328 D AGM: graph: graph_open: 703 miid 43b1 mid 700100e tag c0000004
02-19 02:56:07.665  1537 32328 D AGM: graph: graph_open: 655 miid 40c4 mid 7001019 tag c0000006
02-19 02:56:07.665  1537 32328 D AGM: graph: graph_open: 655 miid 40bf mid 7001005 tag c000000e
02-19 02:56:07.665  1537 32328 D AGM: graph: graph_open: 655 miid 40c0 mid 7001003 tag c0000010
02-19 02:56:07.665  1537 32328 D AGM: graph: graph_open: 655 miid 4165 mid 7001032 tag c0000013
02-19 02:56:07.665  1537 32328 I GPR:    : vendor/qcom/proprietary/args/gpr/core/src/gpr_drv.c:__gpr_cmd_register_v2:931 GPR Register: Source Port is 8209 heap_index: 0
02-19 02:56:07.669  1537 32328 E ACDB    : vendor/qcom/proprietary/args/acdb/src/acdb_command.c:AcdbCmdGetProcSubgraphCalDataPersist:8247 Error[19]: No calibration found
02-19 02:56:07.669  4488  4488 I HoneySpace.FloatingAnimator: container x: 4.9408793, y: 114.578995, scale : 0.95882595
02-19 02:56:07.669  1537 32328 E ACDB    : vendor/qcom/proprietary/args/acdb/src/acdb_command.c:AcdbCmdGetProcSubgraphCalDataPersist:8247 Error[19]: No calibration found
02-19 02:56:07.670  1537 32328 E ACDB    : vendor/qcom/proprietary/args/acdb/src/acdb_command.c:AcdbCmdGetProcSubgraphCalDataPersist:8247 Error[19]: No calibration found
02-19 02:56:07.670  1537 32328 E ACDB    : vendor/qcom/proprietary/args/acdb/src/acdb_command.c:AcdbCmdGetProcSubgraphCalDataPersist:8247 Error[19]: No calibration found
02-19 02:56:07.670  1537 32328 D AGM: graph: graph_open: 735 graph_handle 0x147534c
02-19 02:56:07.670  1537 32328 D AGM: graph: graph_open: 771 exit, ret 0
02-19 02:56:07.670  1537 32328 D agm_client_wrapper: agm_session_open Received handle = 0x771481ebb0 , *handle = b40000781a18ad10
02-19 02:56:07.670  1537 32328 D PLUGIN: pcm: agm_pcm_hw_params: 491 agm_pcm_hw_params: mode: 0
02-19 02:56:07.670  1537 32328 I PAL: PayloadBuilder: payloadMFCConfig: 826: sample_rate:48000 bit_width:24 num_channels:2 Miid:16584
02-19 02:56:07.670  1537 32328 I PAL: Session: updateCustomPayload: 621: customPayloadSize = 32
02-19 02:56:07.670  1537 32328 D AGM: graph: graph_set_config: 1137 entry graph_handle 0x147534c
02-19 02:56:07.670  1537 32328 D AGM: graph: graph_set_config: 1145 exit, graph handle 0x147534c, ret 0
02-19 02:56:07.670  1537 32328 I PAL: Session: updateCustomPayload: 621: customPayloadSize = 40
02-19 02:56:07.670  1537 32328 D AGM: graph: graph_set_config: 1137 entry graph_handle 0x147534c
02-19 02:56:07.670  1537 32328 D AGM: graph: graph_set_config: 1145 exit, graph handle 0x147534c, ret 0
02-19 02:56:07.670  4488  7467 I VRI[LauncherActivity]@66a84ac: mWNT: t=0xb400006fd7328850 mBlastBufferQueue=0xb4000070672dc710 fn= 69 HdrRenderState mRenderHdrSdrRatio=1.0 caller= com.android.systemui.shared.launcher.ViewRootImplCompat.mergeWithNextTransaction:4 com.honeyspace.transition.utils.SurfaceTransactionApplier.scheduleApply$lambda$1:26 com.honeyspace.transition.utils.SurfaceTransactionApplier.b:0 
02-19 02:56:07.671  1537 32328 E ACDB    : vendor/qcom/proprietary/args/acdb/src/acdb_command.c:AcdbCmdGetProcSubgraphCalDataPersist:8247 Error[19]: No calibration found
02-19 02:56:07.671  1537 32328 E ACDB    : vendor/qcom/proprietary/args/acdb/src/acdb_command.c:AcdbCmdGetProcSubgraphCalDataPersist:8247 Error[19]: No calibration found
02-19 02:56:07.671  1537 32328 E ACDB    : vendor/qcom/proprietary/args/acdb/src/acdb_command.c:AcdbCmdGetProcSubgraphCalDataPersist:8247 Error[19]: No calibration found
02-19 02:56:07.671  1537 32328 E ACDB    : vendor/qcom/proprietary/args/acdb/src/acdb_command.c:AcdbCmdGetProcSubgraphCalDataPersist:8247 Error[19]: No calibration found
02-19 02:56:07.671  1537 32328 D audio_route: Apply path: PM_QOS_Vote
02-19 02:56:07.671  1537 32328 D AGM: graph: graph_prepare: 833 entry graph_handle 0x147534c
02-19 02:56:07.671  1537 32328 D AGM: graph_module: configure_pcm_shared_mem_ep: 1704 entry mod tag c0000002 miid 40bd mid 7001000
02-19 02:56:07.671  1537 32328 D AGM: graph_module: configure_pcm_shared_mem_ep: 1780 exit, ret 0
02-19 02:56:07.671  1537 32328 D AGM: graph_module: configure_hw_ep_media_config: 640 entry mod tag c0000004 miid 43b1 mid 700100e
02-19 02:56:07.671  1537 32328 D AGM: graph_module: configure_hw_ep_media_config: 670 rate 48000 bw 24 ch 2, data_fmt 1
02-19 02:56:07.671  1537 32328 D AGM: graph_module: configure_hw_ep_media_config: 680 exit, ret 0
02-19 02:56:07.671  1537 32328 D AGM: graph_module: configure_tdm_ep: 456 exit, ret 0
02-19 02:56:07.671  1537 32328 D AGM: graph_module: configure_output_media_format: 763 entry mod tag c000000e miid 40bf mid 7001005
02-19 02:56:07.672  1537 32328 D AGM: graph_module: configure_output_media_format: 894 exit, ret 0
02-19 02:56:07.672  1537 32328 D AGM: graph_module: configure_output_media_format: 763 entry mod tag c0000010 miid 40c0 mid 7001003
02-19 02:56:07.672  1537 32328 D AGM: graph_module: configure_output_media_format: 894 exit, ret 0
02-19 02:56:07.672  1537 32328 D AGM: graph_module: configure_spr: 1908 SPR module IID 4165
02-19 02:56:07.672  1537 32328 D AGM: graph_module: configure_spr: 1931 HW EP module IID 43b1
02-19 02:56:07.672  1537 32328 D AGM: graph: configure_buffer_params: 204 Enter
02-19 02:56:07.672  1537 32328 D AGM: graph: configure_buffer_params: 267 Playback sess buf_sz 768 num_bufs 2
02-19 02:56:07.672  1537 32328 E AGM: graph: configure_buffer_params: 300 Unsupported buffer mode : 0, Default to Blocking
02-19 02:56:07.672  1537 32328 D AGM: graph: configure_buffer_params: 320 exit, ret 0
02-19 02:56:07.674  1537 32328 D AGM: graph: graph_prepare: 911 exit, ret 0
02-19 02:56:07.674  1537 32328 D AGM: graph: graph_start: 925 entry graph_handle 0x147534c
02-19 02:56:07.676  1537 32328 D AGM: graph: graph_start: 938 exit, ret 0
02-19 02:56:07.678  4488  4488 I HoneySpace.FloatingAnimator: container x: 4.16106, y: 96.49498, scale : 0.96532446
02-19 02:56:07.678  4488  7468 I VRI[LauncherActivity]@66a84ac: mWNT: t=0xb400006fd726af90 mBlastBufferQueue=0xb4000070672dc710 fn= 70 HdrRenderState mRenderHdrSdrRatio=1.0 caller= com.android.systemui.shared.launcher.ViewRootImplCompat.mergeWithNextTransaction:4 com.honeyspace.transition.utils.SurfaceTransactionApplier.scheduleApply$lambda$1:26 com.honeyspace.transition.utils.SurfaceTransactionApplier.b:0 
02-19 02:56:07.680  2557  2906 I GestureDetector: handleMessage TAP
02-19 02:56:07.680  2557  2557 I GestureDetector: handleMessage TAP
02-19 02:56:07.682  2557  3690 V MdnieScenarioControlService: mAclOffEnabled : false
02-19 02:56:07.686  4488  4488 I HoneySpace.FloatingAnimator: container x: 3.4781992, y: 80.65944, scale : 0.9710151
02-19 02:56:07.687  4488  7467 I VRI[LauncherActivity]@66a84ac: mWNT: t=0xb400006fd7312c10 mBlastBufferQueue=0xb4000070672dc710 fn= 71 HdrRenderState mRenderHdrSdrRatio=1.0 caller= com.android.systemui.shared.launcher.ViewRootImplCompat.mergeWithNextTransaction:4 com.honeyspace.transition.utils.SurfaceTransactionApplier.scheduleApply$lambda$1:26 com.honeyspace.transition.utils.SurfaceTransactionApplier.b:0 
02-19 02:56:07.687  1537 32328 I PAL: API: pal_stream_start: 396: Exit. status 0
02-19 02:56:07.687  1537 32328 I AHAL: AudioStream: configurePalOutputStream: 4113: notify GEF client of device config
02-19 02:56:07.687  1537 32328 D AHAL: AudioStream: ~AutoPerfLock: 167: (release) perf_lock_handle: 0xb0b1, count: 1
02-19 02:56:07.687  1537 32328 D AHAL: AudioStream: ~AutoPerfLock: 171: Releasing perf_lock_handle: 0xb0b1
02-19 02:56:07.687  1630  3006 I AudioFlinger::DualSpkControl: setAmpPower sensor status 0, enableAmp 1
02-19 02:56:07.687  1537  8561 V sec_audio_hw: sec_stream_set_parameters(13:0) : l_dual_speaker_amp_left_power_enable=true
02-19 02:56:07.687  1537  8561 D AHAL: AudioStream: astream_out_set_parameters: 1076: enter: usecase(1: primary-playback) kvpairs: l_dual_speaker_amp_left_power_enable=true
02-19 02:56:07.687  1537  8561 D AHAL: AudioStream: SetParameters: 2998: enter 
02-19 02:56:07.687  1537  8561 D AHAL: AudioStream: SetParameters: 3043: exit 0
02-19 02:56:07.687  1537  8561 D AHAL: AudioStream: astream_out_set_parameters: 1097: Exit ret: 0
02-19 02:56:07.688  1537  8561 V sec_audio_hw: sec_stream_set_parameters(21:0) : l_dual_speaker_amp_left_power_enable=true
02-19 02:56:07.688  1537  8561 D AHAL: AudioStream: astream_out_set_parameters: 1076: enter: usecase(0: deep-buffer-playback) kvpairs: l_dual_speaker_amp_left_power_enable=true
02-19 02:56:07.688  1537  8561 D AHAL: AudioStream: SetParameters: 2998: enter 
02-19 02:56:07.688  1537  8561 D AHAL: AudioStream: SetParameters: 3043: exit 0
02-19 02:56:07.688  1537  8561 D AHAL: AudioStream: astream_out_set_parameters: 1097: Exit ret: 0
02-19 02:56:07.688  1537  8561 V sec_audio_hw: sec_stream_set_parameters(29:0) : l_dual_speaker_amp_left_power_enable=true
02-19 02:56:07.688  1537  8561 D AHAL: AudioStream: astream_out_set_parameters: 1076: enter: usecase(2: low-latency-playback) kvpairs: l_dual_speaker_amp_left_power_enable=true
02-19 02:56:07.688  1537  8561 D AHAL: AudioStream: SetParameters: 2998: enter 
02-19 02:56:07.688  1537  8561 D AHAL: AudioStream: SetParameters: 3043: exit 0
02-19 02:56:07.688  1537  8561 D AHAL: AudioDevice: GetPalDeviceIds: 3058: haldeviceIds: 1
02-19 02:56:07.688  1537  8561 D AHAL: AudioDevice: GetPalDeviceIds: 3065: Found haldeviceId: 2 and PAL Device ID 3
02-19 02:56:07.688  1537  8561 D AHAL: AudioDevice: GetPalDeviceIds: 3084: devices allocated 1, pal device ids before returning 1
02-19 02:56:07.688  1537  8561 D AHAL: AudioStream: ForceRouteStream: 6862: pal_stream_handle_ 0xb40000791a19b270 mPalOutDevice id 3
02-19 02:56:07.688  1537  8561 I PAL: API: pal_stream_set_device: 1179: Enter. Stream handle :0xb40000791a19b270K
02-19 02:56:07.688  1537  8561 I PAL: Stream: switchDevice: 1860: number of active devices 1, new devices 1
02-19 02:56:07.688  1537  8561 I PAL: ResourceManager: compareSharedBEStreamDevAttr: 7665: switchStreams is 1
02-19 02:56:07.688  1537  8561 I PAL: ResourceManager: streamDevSwitch: 8139: Enter
02-19 02:56:07.688  1537  8561 I AGM: API: agm_session_aif_connect: 658 disconnecting aifid:32 with session id=126
02-19 02:56:07.688  1537  8561 D AGM: graph: graph_stop: 954 entry graph_handle 0x147534c
02-19 02:56:07.692  1537  8561 D AGM: graph: graph_stop: 1002 exit, ret 0
02-19 02:56:07.694  4488  4488 I HoneySpace.FloatingAnimator: container x: 2.8712094, y: 66.58334, scale : 0.9760732
02-19 02:56:07.694  4488  7468 I VRI[LauncherActivity]@66a84ac: mWNT: t=0xb400006fd72eb990 mBlastBufferQueue=0xb4000070672dc710 fn= 72 HdrRenderState mRenderHdrSdrRatio=1.0 caller= com.android.systemui.shared.launcher.ViewRootImplCompat.mergeWithNextTransaction:4 com.honeyspace.transition.utils.SurfaceTransactionApplier.scheduleApply$lambda$1:26 com.honeyspace.transition.utils.SurfaceTransactionApplier.b:0 
02-19 02:56:07.702  4488  4488 I HoneySpace.FloatingAnimator: container x: 2.3320436, y: 54.080093, scale : 0.9805663
02-19 02:56:07.703  4488  7467 I VRI[LauncherActivity]@66a84ac: mWNT: t=0xb400006fd725cc10 mBlastBufferQueue=0xb4000070672dc710 fn= 73 HdrRenderState mRenderHdrSdrRatio=1.0 caller= com.android.systemui.shared.launcher.ViewRootImplCompat.mergeWithNextTransaction:4 com.honeyspace.transition.utils.SurfaceTransactionApplier.scheduleApply$lambda$1:26 com.honeyspace.transition.utils.SurfaceTransactionApplier.b:0 
02-19 02:56:07.711  4488  4488 I HoneySpace.FloatingAnimator: container x: 1.872158, y: 43.415344, scale : 0.98439866
02-19 02:56:07.711  4488  7468 I VRI[LauncherActivity]@66a84ac: mWNT: t=0xb400006fd731c290 mBlastBufferQueue=0xb4000070672dc710 fn= 74 HdrRenderState mRenderHdrSdrRatio=1.0 caller= com.android.systemui.shared.launcher.ViewRootImplCompat.mergeWithNextTransaction:4 com.honeyspace.transition.utils.SurfaceTransactionApplier.scheduleApply$lambda$1:26 com.honeyspace.transition.utils.SurfaceTransactionApplier.b:0 
02-19 02:56:07.717  1537  8561 I AGM: device: device_close: 568 PCM device 32 closed
02-19 02:56:07.717  1537  8561 I AGM: session: session_obj_set_sess_aif_metadata: 1782 Exit
02-19 02:56:07.717  1537  8561 I PAL: Device: close: 521: Enter. deviceCount 1 for device id 3 (PAL_DEVICE_OUT_SPEAKER)
02-19 02:56:07.719  4488  4488 I HoneySpace.FloatingAnimator: container x: 1.4633656, y: 33.935448, scale : 0.98780525
02-19 02:56:07.720  4488  7467 I VRI[LauncherActivity]@66a84ac: mWNT: t=0xb400006fd73237d0 mBlastBufferQueue=0xb4000070672dc710 fn= 75 HdrRenderState mRenderHdrSdrRatio=1.0 caller= com.android.systemui.shared.launcher.ViewRootImplCompat.mergeWithNextTransaction:4 com.honeyspace.transition.utils.SurfaceTransactionApplier.scheduleApply$lambda$1:26 com.honeyspace.transition.utils.SurfaceTransactionApplier.b:0 
02-19 02:56:07.728  4488  4488 I HoneySpace.FloatingAnimator: container x: 1.0842383, y: 25.143486, scale : 0.99096465
02-19 02:56:07.728  4488  7468 I VRI[LauncherActivity]@66a84ac: mWNT: t=0xb400006fd729b890 mBlastBufferQueue=0xb4000070672dc710 fn= 76 HdrRenderState mRenderHdrSdrRatio=1.0 caller= com.android.systemui.shared.launcher.ViewRootImplCompat.mergeWithNextTransaction:4 com.honeyspace.transition.utils.SurfaceTransactionApplier.scheduleApply$lambda$1:26 com.honeyspace.transition.utils.SurfaceTransactionApplier.b:0 
02-19 02:56:07.729  1537  8561 I PAL: Device: close: 533: Exit. deviceCount 0 for device id 3 (PAL_DEVICE_OUT_SPEAKER), exit status 0
02-19 02:56:07.729  1537  8561 I PAL: Device: setDeviceAttributes: 396: DeviceAttributes for Device Id 3 updated
02-19 02:56:07.729  1537  8561 I PAL: Device: open: 476: Enter. deviceCount 0 for device id 3 (PAL_DEVICE_OUT_SPEAKER)
02-19 02:56:07.729  1537  8561 I PAL: SessionAlsaUtils: setDeviceMediaConfig: 1063: TDM-LPAIF-RX-PRIMARY rate ch fmt data_fmt 48000 2 6 1
02-19 02:56:07.729  1537  8561 D audio_route: Apply path: speaker
02-19 02:56:07.730  1537  8561 I PAL: Device: open: 511: Exit. deviceCount 1 for device id 3 (PAL_DEVICE_OUT_SPEAKER), exit status: 0
02-19 02:56:07.730  1537  8561 I PAL: PayloadBuilder: populateStreamKV: 2727: stream type 1
02-19 02:56:07.730  1537  8561 I PAL: PayloadBuilder: populateDeviceKV: 3278: Enter device id:3
02-19 02:56:07.730  1537  8561 I PAL: PayloadBuilder: findKVs: 2879: key: 0xa2000000 value: 0xa2000001
02-19 02:56:07.730  1537  8561 I PAL: PayloadBuilder: populateDeviceKV: 3306: Exit device id:3, status 0
02-19 02:56:07.730  1537  8561 I PAL: PayloadBuilder: populateDeviceKV: 3278: Enter device id:0
02-19 02:56:07.730  1537  8561 I PAL: PayloadBuilder: populateDeviceKV: 3306: Exit device id:0, status 0
02-19 02:56:07.730  1537  8561 I PAL: PayloadBuilder: populateDeviceKV: 3278: Enter device id:3
02-19 02:56:07.730  1537  8561 I PAL: PayloadBuilder: findKVs: 2879: key: 0xa2000000 value: 0xa2000001
02-19 02:56:07.730  1537  8561 I PAL: PayloadBuilder: populateDeviceKV: 3306: Exit device id:3, status 0
02-19 02:56:07.730  1537  8561 I PAL: PayloadBuilder: populateDevicePPKV: 3419: Rx device id:3
02-19 02:56:07.730  1537  8561 I PAL: PayloadBuilder: getSelectorValues: 3052: stream type: 1
02-19 02:56:07.730  1537  8561 I PAL: PayloadBuilder: findKVs: 2866: key: 0xa2000000 value: 0xa2000001
02-19 02:56:07.730  1537  8561 I PAL: PayloadBuilder: findKVs: 2866: key: 0xac000000 value: 0xac000002
02-19 02:56:07.730  1537  8561 I PAL: PayloadBuilder: populateDevicePPCkv: 3588: SpeakerProt Status[0], RAS Status[0]
02-19 02:56:07.730  1537  8561 I AGM: session: session_obj_set_sess_aif_metadata: 1782 Exit
02-19 02:56:07.730  1537  8561 I PAL: SessionAlsaUtils: setDeviceMediaConfig: 1063: TDM-LPAIF-RX-PRIMARY rate ch fmt data_fmt 48000 2 6 1
02-19 02:56:07.730  1537  8561 I PAL: PayloadBuilder: payloadMFCConfig: 826: sample_rate:48000 bit_width:24 num_channels:2 Miid:16584
02-19 02:56:07.730  1537  8561 I PAL: Session: updateCustomPayload: 621: customPayloadSize = 32
02-19 02:56:07.730  1537  8561 D agm_server_wrapper: Aif id 32 already added to session list of 126
02-19 02:56:07.730  1537  8561 I AGM: API: agm_session_aif_connect: 658 connecting aifid:32 with session id=126
02-19 02:56:07.736  4488  4488 I HoneySpace.FloatingAnimator: container x: 0.82356334, y: 19.098434, scale : 0.993137
02-19 02:56:07.736  4488  7467 I VRI[LauncherActivity]@66a84ac: mWNT: t=0xb400006fd732b090 mBlastBufferQueue=0xb4000070672dc710 fn= 77 HdrRenderState mRenderHdrSdrRatio=1.0 caller= com.android.systemui.shared.launcher.ViewRootImplCompat.mergeWithNextTransaction:4 com.honeyspace.transition.utils.SurfaceTransactionApplier.scheduleApply$lambda$1:26 com.honeyspace.transition.utils.SurfaceTransactionApplier.b:0 
02-19 02:56:07.744  4488  4488 I HoneySpace.FloatingAnimator: container x: 0.59185624, y: 13.725146, scale : 0.99506795
02-19 02:56:07.744  4488  7468 I VRI[LauncherActivity]@66a84ac: mWNT: t=0xb400006fd7324e90 mBlastBufferQueue=0xb4000070672dc710 fn= 78 HdrRenderState mRenderHdrSdrRatio=1.0 caller= com.android.systemui.shared.launcher.ViewRootImplCompat.mergeWithNextTransaction:4 com.honeyspace.transition.utils.SurfaceTransactionApplier.scheduleApply$lambda$1:26 com.honeyspace.transition.utils.SurfaceTransactionApplier.b:0 
02-19 02:56:07.751  1537  8561 D AGM: graph: graph_change: 1633 entry graph_handle 0x147534c
02-19 02:56:07.751  1537  8561 D AGM: metadata: metadata_print: 79 *************************Metadata*************************
02-19 02:56:07.751  1537  8561 D AGM: metadata: metadata_print: 80 GKV size:4
02-19 02:56:07.751  1537  8561 D AGM: metadata: metadata_print: 83 key:0xa1000000, value:0xa100000e 
02-19 02:56:07.751  1537  8561 D AGM: metadata: metadata_print: 83 key:0xab000000, value:0x1 
02-19 02:56:07.751  1537  8561 D AGM: metadata: metadata_print: 83 key:0xa2000000, value:0xa2000001 
02-19 02:56:07.751  1537  8561 D AGM: metadata: metadata_print: 83 key:0xac000000, value:0xac000002 
02-19 02:56:07.751  1537  8561 D AGM: metadata: metadata_print: 87 
02-19 02:56:07.751  1537  8561 D AGM: metadata: CKV count:2
02-19 02:56:07.751  1537  8561 D AGM: metadata: metadata_print: 90 key:0xa4000000, value:0x0 
02-19 02:56:07.751  1537  8561 D AGM: metadata: metadata_print: 90 key:0xd2000000, value:0x0 
02-19 02:56:07.751  1537  8561 D AGM: metadata: metadata_print: 92 
02-19 02:56:07.751  1537  8561 D AGM: metadata: metadata_print: 94 Property ID:134217744
02-19 02:56:07.751  1537  8561 D AGM: metadata: metadata_print: 95 property count:4
02-19 02:56:07.751  1537  8561 D AGM: metadata: metadata_print: 98 Property Values: 
02-19 02:56:07.751  1537  8561 D AGM: metadata: metadata_print: 100 0x1 
02-19 02:56:07.751  1537  8561 D AGM: metadata: metadata_print: 100 0x3 
02-19 02:56:07.751  1537  8561 D AGM: metadata: metadata_print: 100 0x2 
02-19 02:56:07.751  1537  8561 D AGM: metadata: metadata_print: 100 0x5 
02-19 02:56:07.751  1537  8561 D AGM: metadata: metadata_print: 102 
02-19 02:56:07.751  1537  8561 D AGM: metadata: metadata_print: 103 ****************Metadata Done***************************
02-19 02:56:07.751  1537  8561 D AGM: metadata: 
02-19 02:56:07.751  1537  8561 I AGM: graph: print_graph_alias: 2362 GKV Alias 32 | StreamRX_PCM_LL_Playback_DeviceRX_Speaker_Instance_Instance_1_DevicePP_Rx_Audio_MBDRC
02-19 02:56:07.752  4488  4488 I HoneySpace.FloatingAnimator: container x: 0.36014318, y: 8.351721, scale : 0.99699885
02-19 02:56:07.753  4488  7467 I VRI[LauncherActivity]@66a84ac: mWNT: t=0xb400006fd72db4d0 mBlastBufferQueue=0xb4000070672dc710 fn= 79 HdrRenderState mRenderHdrSdrRatio=1.0 caller= com.android.systemui.shared.launcher.ViewRootImplCompat.mergeWithNextTransaction:4 com.honeyspace.transition.utils.SurfaceTransactionApplier.scheduleApply$lambda$1:26 com.honeyspace.transition.utils.SurfaceTransactionApplier.b:0 
02-19 02:56:07.754  1537  8561 E ACDB    : vendor/qcom/proprietary/args/acdb/src/acdb_command.c:AcdbCmdGetProcSubgraphCalDataPersist:8247 Error[19]: No calibration found
02-19 02:56:07.754  1537  8561 E ACDB    : vendor/qcom/proprietary/args/acdb/src/acdb_command.c:AcdbCmdGetProcSubgraphCalDataPersist:8247 Error[19]: No calibration found
02-19 02:56:07.754  1537  8561 E ACDB    : vendor/qcom/proprietary/args/acdb/src/acdb_command.c:AcdbCmdGetProcSubgraphCalDataPersist:8247 Error[19]: No calibration found
02-19 02:56:07.754  1537  8561 D AGM: graph_module: configure_hw_ep_media_config: 640 entry mod tag c0000004 miid 43b1 mid 700100e
02-19 02:56:07.754  1537  8561 D AGM: graph_module: configure_hw_ep_media_config: 670 rate 48000 bw 24 ch 2, data_fmt 1
02-19 02:56:07.754  1537  8561 D AGM: graph_module: configure_hw_ep_media_config: 680 exit, ret 0
02-19 02:56:07.754  1537  8561 D AGM: graph_module: configure_tdm_ep: 456 exit, ret 0
02-19 02:56:07.754  1537  8561 D AGM: graph: graph_change: 1752 exit, ret 0
02-19 02:56:07.754  1537  8561 D AGM: graph: graph_set_config: 1137 entry graph_handle 0x147534c
02-19 02:56:07.755  1537  8561 D AGM: graph: graph_set_config: 1145 exit, graph handle 0x147534c, ret 0
02-19 02:56:07.755  1537  8561 D AGM: graph: graph_start: 925 entry graph_handle 0x147534c
02-19 02:56:07.758  1537  8561 D AGM: graph: graph_start: 938 exit, ret 0
02-19 02:56:07.761  4488  4488 I HoneySpace.FloatingAnimator: container x: 0.23700595, y: 5.496168, scale : 0.99802494
02-19 02:56:07.761  4488  7468 I VRI[LauncherActivity]@66a84ac: mWNT: t=0xb400006fd730f790 mBlastBufferQueue=0xb4000070672dc710 fn= 80 HdrRenderState mRenderHdrSdrRatio=1.0 caller= com.android.systemui.shared.launcher.ViewRootImplCompat.mergeWithNextTransaction:4 com.honeyspace.transition.utils.SurfaceTransactionApplier.scheduleApply$lambda$1:26 com.honeyspace.transition.utils.SurfaceTransactionApplier.b:0 
02-19 02:56:07.767  1554  1554 I sensors-hal: flush:383, android.sensor.accelerometer/11
02-19 02:56:07.767  1554  1554 I sensors-hal: send_sync_sensor_request:508, send sync request
02-19 02:56:07.767  1554  1554 I sensors-hal: send_sync_sensor_request:518, send_sync_sensor_request before send_request for accel with SUID low=7080276908576992050 high=13131023702051637398
02-19 02:56:07.768  1554  1554 I sensors-hal: send_sync_sensor_request:537, wait for notification of response
02-19 02:56:07.768  1554 12945 I sensors-hal: qsh_conn_resp_cb:930, resp_value = 0 for accel 
02-19 02:56:07.768  1554  1554 I sensors-hal: send_sync_sensor_request:543, takes 0 ms to receive the response with 0
02-19 02:56:07.768  1554  1554 I sensors-hal: flush:389, android.sensor.accelerometer/11 completed
02-19 02:56:07.768  2557  4617 D SensorService: setEventRate (10676) handle (11) rate 20000000
02-19 02:56:07.769  4488  4488 I HoneySpace.FloatingAnimator: container x: 0.15496612, y: 3.5936642, scale : 0.9987086
02-19 02:56:07.770  4488  7467 I VRI[LauncherActivity]@66a84ac: mWNT: t=0xb400006fd7317210 mBlastBufferQueue=0xb4000070672dc710 fn= 81 HdrRenderState mRenderHdrSdrRatio=1.0 caller= com.android.systemui.shared.launcher.ViewRootImplCompat.mergeWithNextTransaction:4 com.honeyspace.transition.utils.SurfaceTransactionApplier.scheduleApply$lambda$1:26 com.honeyspace.transition.utils.SurfaceTransactionApplier.b:0 
02-19 02:56:07.770  6377  6441 I Unity   :     HasWindow = 1, HasFocus = 0
02-19 02:56:07.770  6377  6441 I Unity   : Handle cmd APP_CMD_WINDOW_RESIZED(3)
02-19 02:56:07.770  6377  6441 I Unity   : Handle cmd APP_CMD_WINDOW_REDRAW_NEEDED(4)
02-19 02:56:07.770  6377  6441 I Unity   : Handle cmd APP_CMD_WINDOW_INSETS_CHANGED(17)
02-19 02:56:07.770  6377  6441 I Unity   : Handle cmd APP_CMD_WINDOW_INSETS_CHANGED(17)
02-19 02:56:07.770  6377  6441 I Unity   : Handle cmd APP_CMD_WINDOW_INSETS_CHANGED(17)
02-19 02:56:07.770  6377  6441 I Unity   : Handle cmd APP_CMD_WINDOW_INSETS_CHANGED(17)
02-19 02:56:07.770  6377  6441 I Unity   : Handle cmd APP_CMD_GAINED_FOCUS(7)
02-19 02:56:07.770  6377  6441 I Unity   : Handle cmd APP_CMD_WINDOW_INSETS_CHANGED(17)
02-19 02:56:07.770  6377  6441 I Unity   : Handle cmd APP_CMD_WINDOW_INSETS_CHANGED(17)
02-19 02:56:07.770  6377  6441 I Unity   : Handle cmd APP_CMD_WINDOW_INSETS_CHANGED(17)
02-19 02:56:07.774  1537  8561 I PAL: ResourceManager: streamDevSwitch: 8254: Exit status: 0
02-19 02:56:07.774  1537  8561 I PAL: API: pal_stream_set_device: 1337: Exit. status 0
02-19 02:56:07.774  1537  8561 D AHAL: SecAudioStream: SecSetParameters: 188: ForceRouteStream for speaker amp status
02-19 02:56:07.774  1537  8561 D AHAL: AudioStream: astream_out_set_parameters: 1097: Exit ret: 0
02-19 02:56:07.774  1537  1603 V sec_audio_hw: sec_stream_set_parameters(37:0) : l_dual_speaker_amp_left_power_enable=true
02-19 02:56:07.774  1537  1603 D AHAL: AudioStream: astream_out_set_parameters: 1076: enter: usecase(14: audio-ull-playback) kvpairs: l_dual_speaker_amp_left_power_enable=true
02-19 02:56:07.774  1537  1603 D AHAL: AudioStream: SetParameters: 2998: enter 
02-19 02:56:07.774  1537  1603 D AHAL: AudioStream: SetParameters: 3043: exit 0
02-19 02:56:07.774  1537  1603 D AHAL: AudioStream: astream_out_set_parameters: 1097: Exit ret: 0
02-19 02:56:07.775  1537  1603 V sec_audio_hw: sec_stream_set_parameters(45:0) : l_dual_speaker_amp_left_power_enable=true
02-19 02:56:07.775  1537  1603 D AHAL: AudioStream: astream_out_set_parameters: 1076: enter: usecase(16: audio-with-haptics-playback) kvpairs: l_dual_speaker_amp_left_power_enable=true
02-19 02:56:07.775  1537  1603 D AHAL: AudioStream: SetParameters: 2998: enter 
02-19 02:56:07.775  1537  1603 D AHAL: AudioStream: SetParameters: 3043: exit 0
02-19 02:56:07.775  1537  1603 D AHAL: AudioStream: astream_out_set_parameters: 1097: Exit ret: 0
02-19 02:56:07.775  1537  1603 V sec_audio_hw: sec_stream_set_parameters(69:0) : l_dual_speaker_amp_left_power_enable=true
02-19 02:56:07.775  1537  1603 D AHAL: AudioStream: astream_out_set_parameters: 1076: enter: usecase(2: low-latency-playback) kvpairs: l_dual_speaker_amp_left_power_enable=true
02-19 02:56:07.775  1537  1603 D AHAL: AudioStream: SetParameters: 2998: enter 
02-19 02:56:07.775  1537  1603 D AHAL: AudioStream: SetParameters: 3043: exit 0
02-19 02:56:07.775  1537  1603 D AHAL: AudioStream: astream_out_set_parameters: 1097: Exit ret: 0
02-19 02:56:07.775  1537  1603 V sec_audio_hw: sec_stream_set_parameters(77:0) : l_dual_speaker_amp_left_power_enable=true
02-19 02:56:07.775  1537  1603 D AHAL: AudioStream: astream_out_set_parameters: 1076: enter: usecase(32: audio-playback-voip) kvpairs: l_dual_speaker_amp_left_power_enable=true
02-19 02:56:07.775  1537  1603 D AHAL: AudioStream: SetParameters: 2998: enter 
02-19 02:56:07.775  1537  1603 D AHAL: AudioStream: SetParameters: 3043: exit 0
02-19 02:56:07.775  1537  1603 D AHAL: AudioStream: astream_out_set_parameters: 1097: Exit ret: 0
02-19 02:56:07.775  1537  1603 V sec_audio_hw: sec_stream_set_parameters(85:0) : l_dual_speaker_amp_left_power_enable=true
02-19 02:56:07.775  1537  1603 D AHAL: AudioStream: astream_out_set_parameters: 1076: enter: usecase(2: low-latency-playback) kvpairs: l_dual_speaker_amp_left_power_enable=true
02-19 02:56:07.775  1537  1603 D AHAL: AudioStream: SetParameters: 2998: enter 
02-19 02:56:07.775  1537  1603 D AHAL: AudioStream: SetParameters: 3043: exit 0
02-19 02:56:07.775  1537  1603 D AHAL: AudioStream: astream_out_set_parameters: 1097: Exit ret: 0
02-19 02:56:07.775  1630  3006 W FactoryHal: hasAidlHalService android.hardware.audio.effect.IFactory/default: false
02-19 02:56:07.776   458   458 I hwservicemanager: getTransport: Cannot find entry android.hardware.audio.effect@7.1::IEffectsFactory/default in either framework or device VINTF manifest.
02-19 02:56:07.776  6377  6511 I SwappyDisplayManager: Terminating looper thread
02-19 02:56:07.777  1630  3006 W FactoryHal: hasAidlHalService android.hardware.audio.core.IModule/default: false
02-19 02:56:07.777  6377  6441 W qdgralloc: GetSize: Pixel format: 0x3b is not supported by gralloc
02-19 02:56:07.777  6377  6441 W qdgralloc: gralloc failed to allocate buffer for size 0 format 59 AWxAH 1x1 usage 2816
02-19 02:56:07.777  6377  6441 E Gralloc4: isSupported(1, 1, 59, 1, ...) failed with 7
02-19 02:56:07.777  1571  1571 W qdgralloc: GetSize: Pixel format: 0x3b is not supported by gralloc
02-19 02:56:07.777  1571  1571 W qdgralloc: gralloc failed to allocate buffer for size 0 format 59 AWxAH 4x4 usage 2816
02-19 02:56:07.777  6377  6441 E GraphicBufferAllocator: Failed to allocate (4 x 4) layerCount 1 format 59 usage b00: 2
02-19 02:56:07.777  6377  6441 E AHardwareBuffer: GraphicBuffer(w=4, h=4, lc=1) failed (Unknown error -2), handle=0x0
02-19 02:56:07.777  6377  6441 W qdgralloc: GetSize: Pixel format: 0x3b is not supported by gralloc
02-19 02:56:07.777  6377  6441 W qdgralloc: gralloc failed to allocate buffer for size 0 format 59 AWxAH 1x1 usage 2816
