02-23 02:14:00.567  1656  1656 I SurfaceFlinger: [LayerHierarchy{RequestedLayerState{ImeContainer#16 parentId=81818 relativeParentId=81828 z=1} 1 children}] reparent to LayerHierarchy{RequestedLayerState{ActivityRecord{b8fcad2 u0 com.sikwin.app/.MainActivity t2250}#81818 parentId=81817} 3 children}
02-23 02:14:00.567  3940  3940 D NavigationBar: setImeWindowStatus displayId=0 vis=0 backDisposition=0 showImeSwitcher=false imeShown=false
02-23 02:14:00.568  1656  1656 I SurfaceFlinger: [LayerHierarchy{RequestedLayerState{ImeContainer#16 parentId=81818 relativeParentId=81828 z=1} 1 children}] RelativeParent to LayerHierarchy{RequestedLayerState{7570c69 com.sikwin.app/com.sikwin.app.MainActivity#81828 parentId=81818} 3 children}
02-23 02:14:00.568  1656  1656 I SurfaceFlinger: [LayerHierarchy{RequestedLayerState{c80fa88 InputMethod#137 parentId=81843} no children}] reparent to LayerHierarchy{RequestedLayerState{Surface(name=c80fa88 InputMethod)/@0x66f3734 - animation-leash of insets_animation#81843 parentId=123} 1 children}
02-23 02:14:00.568  1656  1656 I SurfaceFlinger: [LayerHierarchy{RequestedLayerState{Surface(name=c80fa88 InputMethod)/@0x66f3734 - animation-leash of insets_animation#81816} no children}] reparent to OffscreenRoot
02-23 02:14:00.568  1656  1656 I SurfaceFlinger: [LayerHierarchy{RequestedLayerState{Surface(name=c80fa88 InputMethod)/@0x66f3734 - animation-leash of insets_animation#81816} no children}] RelativeParent to null
02-23 02:14:00.568  7072  7072 I HBD     : a [NRIC] resetNoResponseState 
02-23 02:14:00.568  7072  7072 I HBD     : b needOff = true , isForceOff = false, isNullInputClass : true 
02-23 02:14:00.568  7072  7072 I HBD     : b update cached prediction status : false 
02-23 02:14:00.568  7072  7072 I HBD     : c [AiWriter] setContact : com.sikwin.app
02-23 02:14:00.568  7072  7072 I HBD     : a [AiWriter] setContact : com.sikwin.app
02-23 02:14:00.568  7072  7072 I HBD     : E EBD si S 0 
02-23 02:14:00.568  7072  7072 I HBD     : m updateContactDBLanguage : 65538 
02-23 02:14:00.568  7072  7072 I HBD     : g isCoverDisplay : false, cached selected json info : SelectedLanguageInfo(languageVersion=4.1, currentLanguageOrder=0, selectedLanguageList=[SelectedLanguage(id=65538, isUsed=true, engName=English, inputType=qwerty, activeOptionList=[auto_replace, auto_spacing, writing_assistant], bilingualId=-1, isUsedBilingual=false)]) 
02-23 02:14:00.568  7072  7072 I HBD     : g updateSelectedLanguageCache is succeeded. English 
02-23 02:14:00.568  7072  7072 I HBD     : h writeToFile path : /data/user/0/com.samsung.android.honeyboard/files/selected.json 
02-23 02:14:00.568  7072  7072 I HBD     : h writeToFile json : {"version":"4.1","currentLanguageOrder":0,"selected":[{"activeOptionList":["auto_replace","auto_spacing","writing_assistant"],"bilingualId":-1,"engName":"English","id":65538,"inputType":"qwerty","isUsed":true,"isUsedBilingual":false}]} 
02-23 02:14:00.570  1656  1656 I Layer   : id=81809 Destroyed com.sec.android.app.launcher/com.sec.android.app.launcher.activities.LauncherActivity$_4505#81809
02-23 02:14:00.571  1656  1656 I Layer   : id=81831 Destroyed Surface(name=5fa1179 StatusBar)/@0x9dce99e - animation-leash of insets_animation#81831
02-23 02:14:00.571  1656  1656 I Layer   : id=81808 Destroyed $_7946#81808
02-23 02:14:00.571  1656  1656 I Layer   : id=81839 Destroyed Surface(name=5fa1179 StatusBar)/@0x9dce99e - animation-leash of insets_animation#81839
02-23 02:14:00.571  1656  1656 I Layer   : id=81838 Destroyed Surface(name=edfe357 NavigationBar0)/@0x6864123 - animation-leash of insets_animation#81838
02-23 02:14:00.572  1656  1656 I Layer   : id=81830 Destroyed Surface(name=edfe357 NavigationBar0)/@0x6864123 - animation-leash of insets_animation#81830
02-23 02:14:00.572  1656  1656 I SurfaceFlinger: id=81816 Removed Surface(name=c80fa88 InputMethod)/@0x66f3734 - animation-leash of insets_animation#81816 (185)
02-23 02:14:00.573  7072  7072 I HBD     : h writeToFile complete 
02-23 02:14:00.574  7072  7072 I HBD     : g isCoverDisplay : false, cached selected json info : SelectedLanguageInfo(languageVersion=4.1, currentLanguageOrder=0, selectedLanguageList=[SelectedLanguage(id=65538, isUsed=true, engName=English, inputType=qwerty, activeOptionList=[auto_replace, auto_spacing, writing_assistant], bilingualId=-1, isUsedBilingual=false)]) 
02-23 02:14:00.574  7072  7072 I HBD     : p updateActionOptionFromPreference  
02-23 02:14:00.574  7072  7072 I HBD     : p before lang.activeOptionList =  [Ljava.lang.String;@341fb80 
02-23 02:14:00.574  7072  7072 I HBD     : p after lang.activeOptionList = [Ljava.lang.String;@270f2f1 
02-23 02:14:00.574  7072  7072 I HBD     : h writeToFile path : /data/user/0/com.samsung.android.honeyboard/files/selected.json 
02-23 02:14:00.574  7072  7072 I HBD     : h writeToFile json : {"version":"4.1","currentLanguageOrder":0,"selected":[{"activeOptionList":["auto_replace","auto_spacing","writing_assistant"],"bilingualId":-1,"engName":"English","id":65538,"inputType":"qwerty","isUsed":true,"isUsedBilingual":false}]} 
02-23 02:14:00.575  7072  5445 I HBD     : h Write selected lang for DE  
02-23 02:14:00.575  7072  5445 I HBD     : h writeToFile path : /data/user_de/0/com.samsung.android.honeyboard/files/selected.json 
02-23 02:14:00.575  7072  5445 I HBD     : h writeToFile json : {"version":"4.1","currentLanguageOrder":0,"selected":[{"activeOptionList":["auto_replace","auto_spacing","writing_assistant"],"bilingualId":-1,"engName":"English","id":65538,"inputType":"qwerty","isUsed":true,"isUsedBilingual":false}]} 
02-23 02:14:00.575  7072  7072 I HBD     : h writeToFile complete 
02-23 02:14:00.576  7072  7072 I HBD     : n normal : updateLanguage : English 
02-23 02:14:00.576  7072  7072 I HBD     : g isCoverDisplay : false, cached selected json info : SelectedLanguageInfo(languageVersion=4.1, currentLanguageOrder=0, selectedLanguageList=[SelectedLanguage(id=65538, isUsed=true, engName=English, inputType=qwerty, activeOptionList=[auto_replace, auto_spacing, writing_assistant], bilingualId=-1, isUsedBilingual=false)]) 
02-23 02:14:00.576  7072  7072 I HBD     : g isCoverDisplay : false, cached selected json info : SelectedLanguageInfo(languageVersion=4.1, currentLanguageOrder=0, selectedLanguageList=[SelectedLanguage(id=65538, isUsed=true, engName=English, inputType=qwerty, activeOptionList=[auto_replace, auto_spacing, writing_assistant], bilingualId=-1, isUsedBilingual=false)]) 
02-23 02:14:00.576  7072  7072 I HBD     : p updateActionOptionFromPreference  
02-23 02:14:00.576  7072  7072 I HBD     : p before lang.activeOptionList =  [Ljava.lang.String;@270f2f1 
02-23 02:14:00.576  7072  7072 I HBD     : p after lang.activeOptionList = [Ljava.lang.String;@2f5e844 
02-23 02:14:00.576  7072  7072 I HBD     : h writeToFile path : /data/user/0/com.samsung.android.honeyboard/files/selected.json 
02-23 02:14:00.576  7072  7072 I HBD     : h writeToFile json : {"version":"4.1","currentLanguageOrder":0,"selected":[{"activeOptionList":["auto_replace","auto_spacing","writing_assistant"],"bilingualId":-1,"engName":"English","id":65538,"inputType":"qwerty","isUsed":true,"isUsedBilingual":false}]} 
02-23 02:14:00.576  7072  5445 I HBD     : h writeToFile complete 
02-23 02:14:00.577  7072  7072 I HBD     : h writeToFile complete 
02-23 02:14:00.577  7072  5446 I HBD     : h Write selected lang for DE  
02-23 02:14:00.577  7072  5446 I HBD     : h writeToFile path : /data/user_de/0/com.samsung.android.honeyboard/files/selected.json 
02-23 02:14:00.577  7072  5446 I HBD     : h writeToFile json : {"version":"4.1","currentLanguageOrder":0,"selected":[{"activeOptionList":["auto_replace","auto_spacing","writing_assistant"],"bilingualId":-1,"engName":"English","id":65538,"inputType":"qwerty","isUsed":true,"isUsedBilingual":false}]} 
02-23 02:14:00.577  7072  7072 I HBD     : n normal : updateLanguage : English 
02-23 02:14:00.577  7072  5447 I HBD     : h Write selected lang for DE  
02-23 02:14:00.577  7072  7072 I HBD     : g isCoverDisplay : false, cached selected json info : SelectedLanguageInfo(languageVersion=4.1, currentLanguageOrder=0, selectedLanguageList=[SelectedLanguage(id=65538, isUsed=true, engName=English, inputType=qwerty, activeOptionList=[auto_replace, auto_spacing, writing_assistant], bilingualId=-1, isUsedBilingual=false)]) 
02-23 02:14:00.577  7072  5447 I HBD     : h writeToFile path : /data/user_de/0/com.samsung.android.honeyboard/files/selected.json 
02-23 02:14:00.577  7072  5447 I HBD     : h writeToFile json : {"version":"4.1","currentLanguageOrder":0,"selected":[{"activeOptionList":["auto_replace","auto_spacing","writing_assistant"],"bilingualId":-1,"engName":"English","id":65538,"inputType":"qwerty","isUsed":true,"isUsedBilingual":false}]} 
02-23 02:14:00.577  7072  7072 I HBD     : g isCoverDisplay : false, cached selected json info : SelectedLanguageInfo(languageVersion=4.1, currentLanguageOrder=0, selectedLanguageList=[SelectedLanguage(id=65538, isUsed=true, engName=English, inputType=qwerty, activeOptionList=[auto_replace, auto_spacing, writing_assistant], bilingualId=-1, isUsedBilingual=false)]) 
02-23 02:14:00.577  7072  7072 I HBD     : g updateSelectedLanguageCache is succeeded. English 
02-23 02:14:00.577  7072  7072 I HBD     : h writeToFile path : /data/user/0/com.samsung.android.honeyboard/files/selected.json 
02-23 02:14:00.577  7072  7072 I HBD     : h writeToFile json : {"version":"4.1","currentLanguageOrder":0,"selected":[{"activeOptionList":["auto_replace","auto_spacing","writing_assistant"],"bilingualId":-1,"engName":"English","id":65538,"inputType":"qwerty","isUsed":true,"isUsedBilingual":false}]} 
02-23 02:14:00.578  7072  5447 I HBD     : h writeToFile complete 
02-23 02:14:00.578  7072  7072 I HBD     : h writeToFile complete 
02-23 02:14:00.579  7072  5448 I HBD     : h Write selected lang for DE  
02-23 02:14:00.579  7072  5448 I HBD     : h writeToFile path : /data/user_de/0/com.samsung.android.honeyboard/files/selected.json 
02-23 02:14:00.579  7072  5448 I HBD     : h writeToFile json : {"version":"4.1","currentLanguageOrder":0,"selected":[{"activeOptionList":["auto_replace","auto_spacing","writing_assistant"],"bilingualId":-1,"engName":"English","id":65538,"inputType":"qwerty","isUsed":true,"isUsedBilingual":false}]} 
02-23 02:14:00.579  7072  7072 I HBD     : g isCoverDisplay : false, cached selected json info : SelectedLanguageInfo(languageVersion=4.1, currentLanguageOrder=0, selectedLanguageList=[SelectedLanguage(id=65538, isUsed=true, engName=English, inputType=qwerty, activeOptionList=[auto_replace, auto_spacing, writing_assistant], bilingualId=-1, isUsedBilingual=false)]) 
02-23 02:14:00.579  7072  7072 I HBD     : g updateSelectedLanguageCache is succeeded. English 
02-23 02:14:00.579  7072  7072 I HBD     : h writeToFile path : /data/user/0/com.samsung.android.honeyboard/files/selected.json 
02-23 02:14:00.579  2545  6911 D KNOX_MDM_SettingsProvider: isChangeAllowed() : name = enabled_input_methods
02-23 02:14:00.579  2545  6911 D KNOX_MDM_SettingsProvider: edmUri: content://com.sec.knox.provider/RestrictionPolicy3
02-23 02:14:00.579  2545  6911 D KNOX_MDM_SettingsProvider: projectionArgs: isSettingsChangesAllowed
02-23 02:14:00.579  2545  6911 D KNOX_MDM_SettingsProvider: selectionArgs: false
02-23 02:14:00.579  2545  6911 D KNOX_MDM_SettingsProvider: selectionArgs: 10212
02-23 02:14:00.579  7072  7072 I HBD     : h writeToFile json : {"version":"4.1","currentLanguageOrder":0,"selected":[{"activeOptionList":["auto_replace","auto_spacing","writing_assistant"],"bilingualId":-1,"engName":"English","id":65538,"inputType":"qwerty","isUsed":true,"isUsedBilingual":false}]} 
02-23 02:14:00.579  2545  6911 D SecContentProvider: query(), uri = 17 selection = isSettingsChangesAllowed
02-23 02:14:00.579  2545  6911 D SecContentProvider: called from android.uid.honeyboard:10212
02-23 02:14:00.579  2545  6911 D RestrictionPolicy: isSettingsChangesAllowedAsUser, userId 0 : true
02-23 02:14:00.579  2545  6911 D KNOX_MDM_SettingsProvider: ret = 1
02-23 02:14:00.580  2545  6911 D KNOX_MDM_SettingsProvider: isChangeAllowed() : name = default_input_method
02-23 02:14:00.580  2545  6911 D KNOX_MDM_SettingsProvider: edmUri: content://com.sec.knox.provider/RestrictionPolicy3
02-23 02:14:00.580  2545  6911 D KNOX_MDM_SettingsProvider: projectionArgs: isSettingsChangesAllowed
02-23 02:14:00.580  2545  6911 D KNOX_MDM_SettingsProvider: selectionArgs: false
02-23 02:14:00.580  2545  6911 D KNOX_MDM_SettingsProvider: selectionArgs: 10212
02-23 02:14:00.580  2545  6911 D SecContentProvider: query(), uri = 17 selection = isSettingsChangesAllowed
02-23 02:14:00.580  2545  6911 D SecContentProvider: called from android.uid.honeyboard:10212
02-23 02:14:00.580  2545  6911 D RestrictionPolicy: isSettingsChangesAllowedAsUser, userId 0 : true
02-23 02:14:00.580  2545  6911 D KNOX_MDM_SettingsProvider: ret = 1
02-23 02:14:00.580  7072 24501 I HBD     : p updated Sub Types. English 
02-23 02:14:00.581  7072  5449 I HBD     : a InputMethodSubtype is set as local:en_GB 
02-23 02:14:00.581  2545  2545 I InputMethodManagerService: subtype state: oldSubtype = android.view.inputmethod.InputMethodSubtype@10002 newSubtype = android.view.inputmethod.InputMethodSubtype@10002 force = false, intent received : false
02-23 02:14:00.582  5285  5359 W qdgralloc: getInterlacedFlag: getMetaData returned 3, defaulting to interlaced_flag = 0
02-23 02:14:00.588  1656  1656 I SurfaceFlinger: destroyed Surface(name=c80fa88 InputMethod)/@0x66f3734 - animation-leash of insets_animation#81816
02-23 02:14:00.589  1656  1656 I Layer   : id=81816 Destroyed Surface(name=c80fa88 InputMethod)/@0x66f3734 - animation-leash of insets_animation#81816
02-23 02:14:00.595  7072  5446 I HBD     : h writeToFile complete 
02-23 02:14:00.595  7072  7072 I HBD     : h writeToFile complete 
02-23 02:14:00.595  7072  5450 I HBD     : h Write selected lang for DE  
02-23 02:14:00.595  7072  5450 I HBD     : h writeToFile path : /data/user_de/0/com.samsung.android.honeyboard/files/selected.json 
02-23 02:14:00.596  7072  5450 I HBD     : h writeToFile json : {"version":"4.1","currentLanguageOrder":0,"selected":[{"activeOptionList":["auto_replace","auto_spacing","writing_assistant"],"bilingualId":-1,"engName":"English","id":65538,"inputType":"qwerty","isUsed":true,"isUsedBilingual":false}]} 
02-23 02:14:00.596  7072  7072 I HBD     : a [UpdatePolicy] [post] a: 31 cl: 65538 kit: [0/0] vt: 0 ir: 1 
02-23 02:14:00.596  7072  7072 I HBD     : HoneyBoardService [PF_OP][onStartInput]  56 ms 
02-23 02:14:00.596  2545  6911 D KNOX_MDM_SettingsProvider: isChangeAllowed() : name = enabled_input_methods
02-23 02:14:00.596  2545  6911 D KNOX_MDM_SettingsProvider: edmUri: content://com.sec.knox.provider/RestrictionPolicy3
02-23 02:14:00.596  2545  6911 D KNOX_MDM_SettingsProvider: projectionArgs: isSettingsChangesAllowed
02-23 02:14:00.596  2545  6911 D KNOX_MDM_SettingsProvider: selectionArgs: false
02-23 02:14:00.596  2545  6911 D KNOX_MDM_SettingsProvider: selectionArgs: 10212
02-23 02:14:00.596  7072  7072 I InputMethodService: scheduleImeSurfaceRemoval: removeImeSurface is posted.
02-23 02:14:00.596  2545  6911 D SecContentProvider: query(), uri = 17 selection = isSettingsChangesAllowed
02-23 02:14:00.596  2545  6911 D SecContentProvider: called from android.uid.honeyboard:10212
02-23 02:14:00.596  7072  7072 I HBD     : [DirectWriting] DirectWriting emitInputConnection : RemoteInputConnection{idHash=#501cc7b} 
02-23 02:14:00.596  2545  6911 D RestrictionPolicy: isSettingsChangesAllowedAsUser, userId 0 : true
02-23 02:14:00.596  2545  6911 D KNOX_MDM_SettingsProvider: ret = 1
02-23 02:14:00.596  2545  6911 D KNOX_MDM_SettingsProvider: isChangeAllowed() : name = default_input_method
02-23 02:14:00.596  2545  6911 D KNOX_MDM_SettingsProvider: edmUri: content://com.sec.knox.provider/RestrictionPolicy3
02-23 02:14:00.596  2545  6911 D KNOX_MDM_SettingsProvider: projectionArgs: isSettingsChangesAllowed
02-23 02:14:00.596  2545  6911 D KNOX_MDM_SettingsProvider: selectionArgs: false
02-23 02:14:00.596  2545  6911 D KNOX_MDM_SettingsProvider: selectionArgs: 10212
02-23 02:14:00.596  2545  6911 D SecContentProvider: query(), uri = 17 selection = isSettingsChangesAllowed
02-23 02:14:00.596  2545  6911 D SecContentProvider: called from android.uid.honeyboard:10212
02-23 02:14:00.596  2545  6911 D RestrictionPolicy: isSettingsChangesAllowedAsUser, userId 0 : true
02-23 02:14:00.596  2545  6911 D KNOX_MDM_SettingsProvider: ret = 1
02-23 02:14:00.597  7072 24501 I HBD     : p updated Sub Types. English 
02-23 02:14:00.598  2545  2545 I InputMethodManagerService: subtype state: oldSubtype = android.view.inputmethod.InputMethodSubtype@10002 newSubtype = android.view.inputmethod.InputMethodSubtype@10002 force = false, intent received : false
02-23 02:14:00.598  7072  5452 I HBD     : a InputMethodSubtype is set as local:en_GB 
02-23 02:14:00.599  7072 13703 I HBD     : h [SKE_SPECIFIC] specific model[com.sikwin.app] loaded, 2579895 ns
02-23 02:14:00.604  7072  5448 I HBD     : h writeToFile complete 
02-23 02:14:00.606  7072  5450 E AtomicFile: Failed to rename /data/user_de/0/com.samsung.android.honeyboard/files/selected.json.new to /data/user_de/0/com.samsung.android.honeyboard/files/selected.json
02-23 02:14:00.606  7072  5450 I HBD     : h writeToFile complete 
02-23 02:14:00.654  2545  3710 D MdnieScenarioControlService:  packageName : com.sikwin.app    className : com.sikwin.app.MainActivity
02-23 02:14:00.654  2545  3710 V MdnieScenarioControlService: setUIMode from UI function(3)
02-23 02:14:00.723  5285  5359 W qdgralloc: getInterlacedFlag: getMetaData returned 3, defaulting to interlaced_flag = 0
02-23 02:14:00.739  1561 15753 I sensors-hal: handle_sns_client_event:422, [0][138314] gyro_sample_cal(cal_available:1)(3) [-0.001, 0.012,-0.027] bias[ 0.002,-0.006,-0.008] 195497011393569
02-23 02:14:00.755  2545  3710 V MdnieScenarioControlService: mAclOffEnabled : false
02-23 02:14:00.779  1561 16539 I sensors-hal: handle_sns_client_event:341, [100564] mag_sample_cal(magcal_available:1): ts=195497012204558 ns; cal = [-25.433273, 1.939888, -12.780144], uncal = [-58.613274, -83.920113, -75.420143], bias = [-33.180000, -85.860001, -62.639999], status=3
02-23 02:14:00.797  7298  7451 I SDHMS:N0: p2p-if:: false, , 
02-23 02:14:00.798  7298  7451 I N0      : limitCPUFreq:: freq = 2630400
02-23 02:14:00.798  7298  7451 I SemDvfsHyPerManager: acquire hyper - SIOP_ARM_MAX/7298@2, type = 301993986
02-23 02:14:00.801  1567  1597 I HYPER-HAL: [RequestManager.cpp]acquire(): Acquired ID : 26648652  [7298 / 2]    HINT :      list : [CPUMaxFreq / 2630400] 
02-23 02:14:00.813  1567  5438 I HYPER-HAL: [RequestManager.cpp]releaseLocked(): Released ID : 3290915
02-23 02:14:00.831  2415 14926 D LOWI-9.0.1.74: [LOWI-Scan] wait_event:Wait done with Cmd 103
02-23 02:14:00.831  2415 14926 D LOWI-9.0.1.74: [LOWI-Scan] do_listen_events: Rcvd valid Netlink Cmd 0 Err 0
02-23 02:14:00.831  1563 14924 I WifiHAL : event received NL80211_CMD_VENDOR, vendor_id = 0x1374, subcmd = 0xb6
02-23 02:14:00.832  2173  2173 I cnss-daemon: nl80211 response handler invoked
02-23 02:14:00.832  2173  2173 I cnss-daemon: nl80211_response_handler: cmd 103, vendorID 4980, subcmd 182  received
02-23 02:14:00.834  1548  1573 D vendor.qti.hardware.bttpi-impl: setTpiParams: reqType:38, size:24
02-23 02:14:00.834  1548  1573 D vendor.qti.hardware.bttpi-impl: sendFragment: pendingReq(38), nextSeqNum(0), remainingLen(24)
02-23 02:14:00.834  1548  1573 D vendor.qti.hardware.bttpi-impl: sendDataToController:
02-23 02:14:00.834  1548  1573 D vendor.qti.hardware.bttpi-impl: sendDataToController: sending VS cmd, starting timer
02-23 02:14:00.834  1548  1573 D vendor.qti.hardware.bttpi-impl: BtTpiTimerStart: is_timer_created=1
02-23 02:14:00.834  1548  1573 D vendor.qti.bluetooth@1.1-data_handler: SendBtTpiData
02-23 02:14:00.834  1548  1573 D vendor.qti.bluetooth@1.1-data_handler: isProtocolInitialized:
02-23 02:14:00.834  1548  1573 I vendor.qti.bluetooth@1.1-data_handler: isProtocolInitialized: status:1
02-23 02:14:00.834  1548  1573 D vendor.qti.bluetooth@1.1-ibs_handler: SerialClockVote: vote for UART CLK ON
02-23 02:14:00.835  1548  1573 D vendor.qti.bluetooth@1.1-wake_lock: Acquire wakelock is acquired 
02-23 02:14:00.835  1548  1573 I vendor.qti.bluetooth@1.1-ibs_handler: DeviceWakeUp: Writing IBS_WAKE_IND
02-23 02:14:00.840  1548  5100 I vendor.qti.bluetooth@1.1-ibs_handler: ProcessIbsCmd: Received IBS_WAKE_ACK: 0xFC
02-23 02:14:00.841  1548  5100 I vendor.qti.bluetooth@1.1-ibs_handler: ProcessIbsCmd: Signal wack_cond_
02-23 02:14:00.841  1548  1573 D vendor.qti.bluetooth@1.1-ibs_handler: DeviceWakeUp: Unblocked from waiting for FC, pthread_cond_timedwait ret = 0
02-23 02:14:00.841  1548  1573 D vendor.qti.hardware.bttpi-impl: sendDataToController: Command is sent
02-23 02:14:00.842  1548  5100 I vendor.qti.bluetooth@1.1-ibs_handler: ProcessIbsCmd: Received IBS_WAKE_IND: 0xFD
02-23 02:14:00.842  1548  5100 I vendor.qti.bluetooth@1.1-ibs_handler: ProcessIbsCmd: Writing IBS_WAKE_ACK
02-23 02:14:00.849  1548  5100 D vendor.qti.bluetooth@1.1-data_handler: isBtTpiEvent: cmd_opcode: fcda cmd_subopcode: 26 opcode: fcda subopcode: 26
02-23 02:14:00.849  1548  5100 D vendor.qti.bluetooth@1.1-data_handler: isBtTpiEvent: true
02-23 02:14:00.849  1548  5100 D vendor.qti.hardware.bttpi-impl: operator(): HCI event received. Status(00)
02-23 02:14:00.849  1548  5100 D vendor.qti.hardware.bttpi-impl: BtTpiTimerStop: is_timer_created= 1
02-23 02:14:00.894  1548  5100 I vendor.qti.bluetooth@1.1-ibs_handler: ProcessIbsCmd: Received IBS_SLEEP_IND: 0xFE
02-23 02:14:00.953  1561 16542 I sensors-hal: handle_sns_std_sensor_event:158, [50287] Pressure 1003.980, cal -0.289, sw_offset 0.000 (lsb(bit) 0x5f 0xbb 0x3e)
02-23 02:14:00.970  5285  5412 I okhttp.OkHttpClient: <-- 200 https://gunduata.online/api/game/version/ (541ms)
02-23 02:14:00.970  5285  5412 I okhttp.OkHttpClient: server: nginx/1.24.0 (Ubuntu)
02-23 02:14:00.970  5285  5412 I okhttp.OkHttpClient: date: Sun, 22 Feb 2026 20:44:01 GMT
02-23 02:14:00.970  5285  5412 I okhttp.OkHttpClient: content-type: application/json
02-23 02:14:00.970  5285  5412 I okhttp.OkHttpClient: content-length: 160
02-23 02:14:00.970  5285  5412 I okhttp.OkHttpClient: vary: Accept, origin, Cookie
02-23 02:14:00.970  5285  5412 I okhttp.OkHttpClient: allow: GET, OPTIONS
02-23 02:14:00.970  5285  5412 I okhttp.OkHttpClient: x-frame-options: DENY
02-23 02:14:00.970  5285  5412 I okhttp.OkHttpClient: x-content-type-options: nosniff
02-23 02:14:00.970  5285  5412 I okhttp.OkHttpClient: referrer-policy: same-origin
02-23 02:14:00.970  5285  5412 I okhttp.OkHttpClient: cross-origin-opener-policy: same-origin
02-23 02:14:00.970  5285  5412 I okhttp.OkHttpClient: access-control-allow-origin: *
02-23 02:14:00.970  5285  5412 I okhttp.OkHttpClient: access-control-allow-methods: GET, POST, OPTIONS, PUT, DELETE
02-23 02:14:00.970  5285  5412 I okhttp.OkHttpClient: access-control-allow-headers: DNT,User-Agent,X-Requested-With,If-Modified-Since,Cache-Control,Content-Type,Range,Authorization
02-23 02:14:00.971  5285  5412 I okhttp.OkHttpClient: {"version_code":1,"version_name":"1.0.0","download_url":"https://gunduata.online/download/","force_update":false,"timestamp":"2026-02-22T20:44:01.205061+00:00"}
02-23 02:14:00.971  5285  5412 I okhttp.OkHttpClient: <-- END HTTP (160-byte body)
02-23 02:14:01.034  7105 14963 W AiSuggestionModuleProvider: createAiSuggestionApiImplInstance, failed to create instance
02-23 02:14:01.039  2545  2789 D SGM:GameManager: identifyForegroundApp. com.sikwin.app, mCurrentUserId: 0, callerUserId: 0
02-23 02:14:01.039  2545  2789 D SGM:SemGameManager: isForegroundGame(), ret=false
02-23 02:14:01.040  2545  5466 D SemInputDeviceManager: setProperty: (0) CMD,GRIP_DATA,1,60,10,20,936
02-23 02:14:01.040  2545  5466 D TspStateManager: wrote command: cmd=1,60,10,20,936, type=1
02-23 02:14:01.040  2545  3752 D SemInputDevice:TSP: SetPropertyTask: CMD,set_grip_data,1,60,10,20,936 [02-23 02:14:01.040]
02-23 02:14:01.042  1614  1636 I sysinput:aidl: onReportInformation:91, 1, cmd@set_grip_data,1,60,10,20,9
02-23 02:14:01.043  1614  1636 I sysinput:Touch1: operator():237, OK
02-23 02:14:01.043  2545  3752 D SysinputHAL_AIDL: setProperty(TSP(1)): CMD, set_grip_data,1,60,10,20,936 ret=0
