--------- beginning of system
02-19 02:47:00.980  2557  2990 D PowerManagerService: displayReady: false groupId=0
02-19 02:47:00.980  2557  2990 D DisplayPowerController2[0]: animateScreenStateChange: target=ON, mIsEnabled=true
02-19 02:47:00.980  2557  2990 D PowerManagerService: displayReady: true groupId=0
--------- beginning of main
02-19 02:47:00.984  1554 26706 I sensors-hal: handle_sns_std_sensor_event:90, light_cct: ts = 42320592180712 ns; value = [13, 13, 77, 84, 0, 35, 1, 0, 2496, 0]
02-19 02:47:01.004  4488 23914 I HoneySpace.LiveIconSupplier: time tick - 71, CLOCK, 02:47 - 02:46, view: #a434b86, parent: ApplistCellLayout#ca24e9b
02-19 02:47:01.008  4488 23914 I LauncherActivityInfo: Trying to load live icon for com.sec.android.app.clockpackage
02-19 02:47:01.010  4488 23914 I ApplicationPackageManager: package : com.sec.android.app.clockpackage, useAppIconResources : false
02-19 02:47:01.010  4488 23914 I LiveIconUtil: getLiveIcon was called in ClockPackage
02-19 02:47:01.010  4488 23914 I LiveIconUtil: getLiveIcon res = com.sec.android.app.clockpackage
02-19 02:47:01.011  4488 23914 I LiveIconUtil: stdIconSize : 180 , targetIconSize : 217
02-19 02:47:01.012  4488 23914 I LiveIconUtil: iconDpi : 720 , mTargetIconDpi : 600
02-19 02:47:01.042  4488 23914 E AppIconSolution: Couldn't get theme package resources, package is null
02-19 02:47:01.043  4488 23914 I AppIconSolution: load= live icon for com.sec.android.app.clockpackage, from overlay = false
02-19 02:47:01.043  4488 23914 I LauncherActivityInfo: packageName: com.sec.android.app.clockpackage, useThemeIcon: false, height: 324, width: 324, density: 640
02-19 02:47:01.046  4488 23914 I HoneySpace.LiveIconSupplier: updateIcon - 71, CLOCK, true - 02:47, view: #a434b86, parent: ApplistCellLayout#ca24e9b
02-19 02:47:01.057  1642  1781 I VSyncReactor: Current= 60, Period= 60, Distance= 1
02-19 02:47:01.074  1642  2145 I VSyncReactor: Current= 60, Period= 60, Distance= 60
02-19 02:47:01.074  1642  1642 I SurfaceFlinger: SFWD update time=40727531678212
02-19 02:47:01.076  1642  1642 I LayerHistory: com.sec.android.app.launcher/com.sec.android.app.launcher.activities.LauncherActivity$_4488#16487 Max (can't resolve refresh rate)
02-19 02:47:01.076  1642  1642 I LayerHistory: StatusBar$_3927#96 Max (can't resolve refresh rate)
02-19 02:47:01.076  1642  1642 I SurfaceFlinger: Weight ignores StatusBar$_3927#96 (type=Max, weight=0.04, seamlessness=Default) 0.00 Hz's 80.00 Hz
02-19 02:47:01.076  1642  1642 I SurfaceFlinger: Weight ignores StatusBar$_3927#96 (type=Max, weight=0.04, seamlessness=Default) 0.00 Hz's 120.00 Hz
02-19 02:47:01.076  1642  1642 I SurfaceFlinger: scored - choose 120.00 Hz
02-19 02:47:01.077  1642  1642 I HWComposer: [4630946315032985731] ActiveConfigToHWC, ID : 0
02-19 02:47:01.081  1642  1642 D SurfaceFlinger: GPIS:: requestGPISForClientComposition
02-19 02:47:01.082  1572  2027 I SDM     : HWDeviceDRM::SetDisplaySwitchMode: [DispConfigs] check hs_mode 1
02-19 02:47:01.082  1572  2027 W SDM     : HWDeviceDRM::GetSupportedBitClkRate: Requested rate not supported: 1362080000
02-19 02:47:01.082  1572  2027 I SDM     : HWDeviceDRM::SetDisplaySwitchMode: [DispConfigs] Set mode index:0 1440x3120x120xcmdHS, hs_mode(1), found_mode(1)
02-19 02:47:01.082  1572  2027 I SDM     : HWDeviceDRM::UpdateMixerAttributes: Mixer WxH 1440x3120-1 for Peripheral
02-19 02:47:01.083  1572  2027 I SDM     : HWCDisplay::SubmitDisplayConfig: [MultiResolution] Set FrameBuffer to config = 0, wh = (1440, 3120)
02-19 02:47:01.083  1572  2027 I SDM     : DisplayBase::SetFrameBufferConfig: New framebuffer resolution (1440x3120)
02-19 02:47:01.083  1572  2027 I SDM     : HWCDisplay::SetFrameBufferConfig: New framebuffer resolution (1440x3120)
02-19 02:47:01.083  1572  2027 I SDM     : HWCDisplay::SubmitDisplayConfig: Active configuration changed from config 2 to 0
02-19 02:47:01.091  1642  2145 I VSyncReactor: Current= 60, Period= 120, hwcPeriod= 120
02-19 02:47:01.101  2557  2908 D LocalDisplayAdapter: updateActiveModeLocked for d=4630946315032985731, mActiveModeId=1, mActiveSfDisplayMode=DisplayMode{id=0, width=1440, height=3120, xDpi=508.0, yDpi=504.764, peakRefreshRate=120.00001, vsyncRate=120.00001, appVsyncOffsetNanos=0, presentationDeadlineNanos=9333333, supportedHdrTypes=[4, 2, 3], group=1440}
02-19 02:47:01.103  2557  2908 I DisplayDeviceRepository: Display device changed render timings: "Built-in Screen", renderFrameRate=120.00001, presentationDeadlineNanos=17666666, appVsyncOffsetNanos=0
02-19 02:47:01.107  2557  2990 D BrightnessThermalClamper: Thermal status observer already started
02-19 02:47:01.108  2557  2557 D SGM:GameManager: onDisplayChanged. displyId: 0, state: 2
02-19 02:47:01.108  2557  2557 D SGM:GameManager: dpi: 600, longPixel: 3120, shortPixel: 1440
02-19 02:47:01.108  1642  2145 I VSyncReactor: Current= 120, Period= 120, Distance= 20
02-19 02:47:01.108  2557  3575 D SGM:FgCheckThread: onLooperPrepared(), msg: MSG_LCD_ON
02-19 02:47:01.108  2557  2557 D AODManagerService: requestReCalToTSP IsSingleTouchMode = falserequestedReCalToTSP = false / previousDisplayState = ON
02-19 02:47:01.108  1630 25590 D AudioFlinger: setParameters: filtered dev setParameters keyvalue screen_state=on
02-19 02:47:01.109  2557  5739 D LiftUpHandler: [LTW] Stopped already.
02-19 02:47:01.109  1537  1603 D AHAL: AudioDevice: SetParameters: 1865: enter
02-19 02:47:01.109  1537  1603 D AHAL: AudioVoice: VoiceSetParameters: 200: Enter
02-19 02:47:01.110  1537  1603 D AHAL: AudioVoice: VoiceSetParameters: 479: Exit ret: 0
02-19 02:47:01.110  1537  1603 D AHAL: hfp: hfp_set_parameters: 444: enter
02-19 02:47:01.110  1537  1603 D AHAL: AudioDevice: SetParameters: 1945:  - screen = on
02-19 02:47:01.110  1537  1603 I PAL: ResourceManager: setParameter: 10683: Screen State:1
02-19 02:47:01.110  1537  1603 D AHAL: AudioDevice: SetParameters: 2798: exit: screen_state=on
02-19 02:47:01.115  4488  4488 I VRI[LauncherActivity]@66a84ac: onDisplayChanged oldDisplayState=2 newDisplayState=2
02-19 02:47:01.115  4488 23914 I HoneySpace.RefreshRateSource: singleFrameMs 8
02-19 02:47:01.115  4488  4488 I VRI[RecentsTransitionOverlay]@df5a686: onDisplayChanged oldDisplayState=2 newDisplayState=2
02-19 02:47:01.115  4488  4488 I VRI[RecentsActivity]@17dccb4: onDisplayChanged oldDisplayState=2 newDisplayState=2
02-19 02:47:01.115  4488  4488 I VRI[CocktailBarService]@f2d6caa: onDisplayChanged oldDisplayState=2 newDisplayState=2
02-19 02:47:01.115  4488 23916 I HoneySpace.Memory-Monitor: current state = 2, didTrim = false
02-19 02:47:01.116  1642  2145 I VSyncReactor: Current= 120, Period= 120, Distance= 120
02-19 02:47:01.117  8468  8468 I VRI[InputMethod]@fa7a747: onDisplayChanged oldDisplayState=2 newDisplayState=2
02-19 02:47:01.117  8468  8468 I SPenContext: virtual void SPen::Context::SetDisplayRefreshRate(float) framerate=120
02-19 02:47:01.117  8468  8468 I LatencyConfiguration: void SPen::LatencyConfiguration::UpdateRefreshRate(float) RefreshRate=120.000008
02-19 02:47:01.117  8468  8468 I LatencyConfiguration: void SPen::LatencyConfiguration::UpdateRefreshRate(float) RefreshRateCallback 0xb400006fd7292910
02-19 02:47:01.117  8468  8468 I PredictorBase: virtual void SPen::PredictorBase::SetRefreshRate(float) Refresh rate: 120.000
02-19 02:47:01.117  8468  8468 I spe_log : virtual void SPen::FbrDrawPad::SetRefreshRate(float) = 120.000
02-19 02:47:01.117  8468  8468 I spe_log : virtual void SPen::FbrDrawPad::SetRefreshRate(float) mFrameDurationNano=8333333, mDisplayRefreshDurationNano: 8333333
02-19 02:47:01.117  8468  8468 I spe_log : virtual void SPen::LowLatencyStrokeView::SetRefreshRate(float) refresh rate=120.000
02-19 02:47:01.117  3927  3927 D DisplayLifecycle: updateDisplay id = 0
02-19 02:47:01.117  7614  7614 I VRI[]@5c3d758: onDisplayChanged oldDisplayState=2 newDisplayState=2
02-19 02:47:01.118  2557  2908 D RefreshRateModeManager: updateDefaultDisplayToken: android.os.BinderProxy@5dc8ade, isChanged: false
02-19 02:47:01.118  3927  3927 I VRI[LockscreenShortcutBlur]@183c7ad: onDisplayChanged oldDisplayState=2 newDisplayState=2
02-19 02:47:01.118  3927  3927 I VRI[NavigationBar0]@10aacdf: onDisplayChanged oldDisplayState=2 newDisplayState=2
02-19 02:47:01.118  3927  3927 I VRI[EdgeBackGestureHandler0]@5fbf465: onDisplayChanged oldDisplayState=2 newDisplayState=2
02-19 02:47:01.118  3927  3927 I VRI[NotificationShade]@52c1f8f: onDisplayChanged oldDisplayState=2 newDisplayState=2
02-19 02:47:01.119  3927  3927 I VRI[StatusBar]@6be7187: onDisplayChanged oldDisplayState=2 newDisplayState=2
02-19 02:47:01.119  3927  3927 I VRI[Bouncer]@dd53cc5: onDisplayChanged oldDisplayState=2 newDisplayState=2
02-19 02:47:01.119  3927  3927 I VRI[SecondaryHomeHandle0]@c09f045: onDisplayChanged oldDisplayState=2 newDisplayState=2
02-19 02:47:01.119  3927  3927 I VRI[KeyguardBiometricToastView]@7fe46cc: onDisplayChanged oldDisplayState=2 newDisplayState=2
02-19 02:47:01.119 10576 10576 I VRI[WindowManager$LayoutParams]@874de3f: onDisplayChanged oldDisplayState=2 newDisplayState=2
02-19 02:47:01.120  3927  4019 I VRI[ShellDropTarget]@fa71c1a: onDisplayChanged oldDisplayState=2 newDisplayState=2
02-19 02:47:01.120  3927  4050 D StackScroller: onDisplayChanged for predraw skip to 2
02-19 02:47:01.120  2557  2748 D WifiDisplayAdapter: isFitToActiveDisplayLocked : false
02-19 02:47:01.144  1554 13402 I sensors-hal: handle_sns_std_sensor_event:409, [SSC_LIGHT] P: 15(15),c:13,b:35,m:13,cl:1,l:15,s:0,l0:2688,l1:0,s0:0,s1:0,acl:1,opr:0.32,f(r):87,u(bl):100,if:0,wi:0,si:0,po:0(N:0)
02-19 02:47:01.144  1554  3896 I sensors-hal: handle_sns_std_sensor_event:131, [SSC_LIGHT] A: 15(15),c:13,b:35,m:13,cl:1,l:15,s:0,l0:2688,l1:0,s0:0,s1:0,acl:1,opr:0.32,f(r):87,u(bl):100,if:0,wi:0,si:0,po:0(N:0)
02-19 02:47:01.180  2557  2990 D PowerManagerService: displayReady: false groupId=0
02-19 02:47:01.181  2557  2990 D DisplayPowerController2[0]: animateScreenStateChange: target=ON, mIsEnabled=true
02-19 02:47:01.181  2557  2990 D PowerManagerService: displayReady: true groupId=0
02-19 02:47:01.381  2557  2990 D PowerManagerService: displayReady: false groupId=0
02-19 02:47:01.381  2557  2990 D DisplayPowerController2[0]: animateScreenStateChange: target=ON, mIsEnabled=true
02-19 02:47:01.382  2557  2990 D PowerManagerService: displayReady: true groupId=0
02-19 02:47:01.417  2557  3806 D WifiConnectivityMonitor.NetworkStatsAnalyzer: Backhaul result - RSSI:-59, CE:8, PE:9, TI:14, PTI:15, TW:0, PTW:0, Tx:7, Rx:5, TxS:5, RxS:3, RESULT:true, IC:0, ICT:5, WC:0, WCT:5, R:1, RC:0, IE:0, EC:0
02-19 02:47:01.469  1554 12945 I sensors-hal: handle_sns_client_event:375, [0][4689125] accel_sample [ 0.752,  0.341,  9.841] 42321029483003
02-19 02:47:01.471  1554 11962 I sensors-hal: handle_sns_std_sensor_event:158, [24400] Pressure 1008.122, cal -0.289, sw_offset 0.000 (lsb(bit) 0x4b 0xfd 0x3e)
02-19 02:47:01.581  2557  2990 D PowerManagerService: displayReady: false groupId=0
02-19 02:47:01.582  2557  2990 D DisplayPowerController2[0]: animateScreenStateChange: target=ON, mIsEnabled=true
02-19 02:47:01.582  2557  2990 D PowerManagerService: displayReady: true groupId=0
02-19 02:47:01.778  6075 27195 I gle.android.gms: Explicit concurrent mark compact GC freed 10023KB AllocSpace bytes, 10(456KB) LOS objects, 54% free, 40MB/88MB, paused 325us,1.917ms total 128.513ms
02-19 02:47:01.783  2557  2990 D PowerManagerService: displayReady: false groupId=0
02-19 02:47:01.783  2557  2990 D DisplayPowerController2[0]: animateScreenStateChange: target=ON, mIsEnabled=true
02-19 02:47:01.783  2557  2990 D PowerManagerService: displayReady: true groupId=0
02-19 02:47:01.783  6075  6097 W gle.android.gms: ApkAssets: Deleting an ApkAssets object '<empty> and /data/app/~~MHFbemp9lJNVqn5IW0nQXw==/com.sikwin.app-v9X3KtTOeHoI88AqLgbSGQ==/base.apk' with 1 weak references
02-19 02:47:01.784  6075  6097 W gle.android.gms: ApkAssets: Deleting an ApkAssets object '<empty> and /data/app/~~BdQAl8guVoVJoMniaXAbWQ==/com.company.dicegame-ifW32nBK5YuPKtchtXbMqg==/base.apk' with 1 weak references
02-19 02:47:01.801  2557  4943 D FreecessController: com.company.dicegame(10676) is important[7]
02-19 02:47:01.843  1059  1059 D io_stats: !@   8,0 r 9171158 129637796 w 3288617 36093836 d 400472 15615536 f 56928 123731 iot 1521456 0 th 0 0 0 pt 0 inp 0 0 40728.300
02-19 02:47:01.844  1059  1059 D io_stats: !@ Read_top(KB): ompany.dicegame(26551) 112
02-19 02:47:01.844  1059  1059 D io_stats: !@ Write_top(KB): kworker/u16:1(28126) 3864 sait.sohservice(29529) 36 system_server(2557) 4
02-19 02:47:01.849  2557  5879 D SemWifiUsabilityStatsMonitor: onWifiUsabilityStats - seqNum 12252, isSameBssidAndFreq true
02-19 02:47:01.850  4110  4110 I EPDG -- SIM0 [SMARTWIFI]: isProfiling, hash=168687865, started=true
02-19 02:47:01.850  4110  4110 W Settings: Setting wifi_on has moved from android.provider.Settings.System to android.provider.Settings.Secure, returning read-only value.
02-19 02:47:01.850  4110  4110 W Settings: Setting wifi_on has moved from android.provider.Settings.Secure to android.provider.Settings.Global.
02-19 02:47:01.850  4110  4110 I EPDG -- SIM0 [SMARTWIFI]: isProfiling, hash=168687865, started=true
02-19 02:47:01.851  2557  3662 D ConnectivityService: notifyType CALLBACK_CAP_CHANGED for [105 WIFI]
02-19 02:47:01.852  4110  4110 I EPDG -- SIM0 [SMARTWIFI]: Rssi : -58 highrange : -75 lowrange : -85 mIsRssiInHystersis : false
02-19 02:47:01.852  4110  4110 I EPDG -- SIM0 [SMARTWIFI]: Rssi : -58 highrange : -75 lowrange : -85 mIsRssiInHystersis : false
02-19 02:47:01.852  4110  4110 I EPDG -- SIM0 [SMARTWIFI]: getHandoverThresholdMet: value is: false
02-19 02:47:01.854  2557  3721 D SemWifiApNsd:Client: lpInterface:wlan0
02-19 02:47:01.854  2557  3721 D SemWifiSwitchForIndividualAppsService: stopTCPMonitoring : already stopped
02-19 02:47:01.854  2557  3721 I WifiConnectivityMonitor.NCC: sNetworkCallback(oCC) FULL : 105(valid: true/captive: false)
02-19 02:47:01.854  2557  3721 I WifiConnectivityMonitor.NCC: [ Transports: WIFI Capabilities: NOT_METERED&INTERNET&NOT_RESTRICTED&TRUSTED&NOT_VPN&VALIDATED&NOT_ROAMING&FOREGROUND&NOT_CONGESTED&NOT_SUSPENDED&NOT_VCN_MANAGED&NOT_BANDWIDTH_CONSTRAINED LinkUpBandwidth>=18986Kbps LinkDnBandwidth>=24435Kbps TransportInfo: <SSID: <unknown ssid>, BSSID: 02:00:00:**:**:00, MAC: 02:00:00:**:**:00, IP: /192.***.*.4, Security type: 2, Supplicant state: COMPLETED, Wi-Fi standard: 11ax, RSSI: -58, Link speed: 432Mbps, Tx Link speed: 432Mbps, Max Supported Tx Link speed: 2401Mbps, Rx Link speed: 576Mbps, Max Supported Rx Link speed: 2401Mbps, Frequency: 5200MHz, Net ID: -1, Metered hint: false, score: 60, isUsable: true, CarrierMerged: false, SubscriptionId: -1, IsPrimary: 1, Trusted: true, Restricted: false, Ephemeral: false, OEM paid: false, OEM private: false, OSU AP: false, FQDN: <none>, Provider friendly name: <none>, Requesting package name: <none><none>MLO Information: , Is TID-To-Link negotiation supported by the AP: false, AP MLD Address: <none>, AP MLO Link Id: <none>, AP MLO Affiliated links: <none>, Vendor Data: <none>> SignalStrength: -58 AdminUids: [1000] SSID: "Airtel_FARM HOUSE" UnderlyingNetworks: Null]
02-19 02:47:01.857  2557  3721 D SemWifiApTrafficPriority: onCapabilitiesChanged Wifi:wlan0,mGapiValue:24.435Uplink: 18.986
02-19 02:47:01.857  3927  4249 D WifiPickerTracker: updateWifiEntries capabilities
02-19 02:47:01.858  2557  3795 D SemApeService: Deducted link capacity (M: R=403 T=302) RSSI=-58
02-19 02:47:01.859  2557  3795 D SemApeService: Deducted link capacity (M: R=403 T=302) on (wlan0) GoogleAPI(M: R=24 T=18) RSSI=-58 isDefault=false isMlo=false
02-19 02:47:01.859  2557  3803 D WifiConnectivityMonitor: HANDLE_ON_CAPABILITIES_CHANGED
02-19 02:47:01.859  2557  3803 I WifiConnectivityMonitor: determineMode : MODE_NON_SWITCHABLE_BY_POOR_NETWORK_DETECTION_DISABLED
02-19 02:47:01.859  2557  3803 D OpenNetworkQos[4.00]: updateBssidNoInternet: mBssidNoInternet = false
02-19 02:47:01.860  2557  3803 D OpenNetworkQos[4.00]: getOpenNetworkQosNoInternetStatus: false
02-19 02:47:01.860  2557  3803 D OpenNetworkQos[4.00]: getOpenNetworkQosScores: 26 26 19 
02-19 02:47:01.860  2557  3803 D KNOX_MDM_SettingsProvider: isChangeAllowed() : name = wifi_wcm_qos_sharing_score_summary
02-19 02:47:01.860  2557  3803 I WifiProfileShare: network QoS data was changed (internet), updateQoSData networkType: true, qosData: false
02-19 02:47:01.860  6667  7765 I BugleRcsEngine: Connected state: [1], networkType: [WIFI] [CONTEXT thread_id=116 ]
02-19 02:47:01.860  6667  8109 I BugleRcsEngine: handleMessage processing message:[NOTIFY_UPTIME_IGNORE_STATE_CHANGED] with [non-null]:RcsEngineImpl reference [CONTEXT log_prefix="RcsEngineImpl[DUAL_REG]:[69aab36d-b03c]>Handler" thread_id=122 ]
02-19 02:47:01.860  8468  9412 I HBD     : i onCapabilitiesChanged network : 105 current network state : wifi 
02-19 02:47:01.861  3927  4249 D WifiPickerTracker: update AutoHotspot Entries() : bleAccessPoints -> 0
02-19 02:47:01.861  3927  4249 D WifiPickerTracker: handleNetworkCapabilitiesChanged
02-19 02:47:01.861  2557  4952 V WifiProfileShare.Caster: update wips network, size: 0
02-19 02:47:01.861  2557  4952 D WifiProfileShare: nearby scanning settings run
02-19 02:47:01.861  2557  4952 D WifiProfileShare: network score provider settings enabled
02-19 02:47:01.861  2557  4952 D OpenNetworkQos[4.00]: getOpenNetworkQosScores: 26 26 19 
02-19 02:47:01.862  2557  4952 D OpenNetworkQos[4.00]: getOpenNetworkQosNoInternetStatus: false
02-19 02:47:01.862  4229  6066 D txpwrJni: sendNetworkInfo start
02-19 02:47:01.862  4229  6066 D txpwrJni: sendNetworkInfo RatType 0
02-19 02:47:01.862  2557  4952 I WifiProfileShare.Caster: current network type: 0, score: [26, 26, 19]
02-19 02:47:01.865  2557  4952 V WifiProfileShare.Cache: update network score 24:de:8a:**:**:db
02-19 02:47:01.868  2557  3792 D SGM:GameManager: identifyGamePackage. com.sec.android.app.launcher, mCurrentUserId: 0, callerUserId: 0, callingMethodInfo: com.samsung.android.game.SemGameManager.isGamePackage(SemGameManager.java:105)
02-19 02:47:01.868  2557  3792 D SGM:SemGameManager: isGamePackage(), pkgName=com.sec.android.app.launcher, ret=false
02-19 02:47:01.868  2557  4952 D WifiProfileShare.ScanMatcher: getMcfDataList size:2
02-19 02:47:01.868  2557  4952 I WifiProfileShare.Caster: qos data was updated , before:type:QOS, pBssid:a2:05:ff, qosData:7b after:type:QOS, pBssid:a2:05:ff, qosData:7b
02-19 02:47:01.868  2557  4952 I [MCFSDK_android_1.2.27006]_4_McfCasterImpl: isNetworkEnabled - type : 1 ret : true
02-19 02:47:01.868  2557  4952 D WifiProfileShare.McfCast: -ME--- mIsNetworkEnabled :true
02-19 02:47:01.868  2557  4952 D WifiProfileShare.McfCast: updateQoSData ignored, same contents
02-19 02:47:01.868  2557  4952 D WifiProfileShare.MCF: success update QosData !
02-19 02:47:01.868  2557  4952 I [MCFSDK_android_1.2.27006]_4_McfCasterImpl: isNetworkEnabled - type : 1 ret : true
02-19 02:47:01.868 20863 20888 D txpwrJni: sendNetworkInfo start
02-19 02:47:01.868  2557  4952 D WifiProfileShare.McfCast: -ME--- mIsNetworkEnabled :true
02-19 02:47:01.868  2557  4952 D WifiProfileShare.McfCast: -ME--- updatePasswordDate pwdData size:2
02-19 02:47:01.868 20863 20888 D txpwrJni: sendNetworkInfo RatType 0
02-19 02:47:01.870  5356  5356 D BoundBrokerSvc: onRebind: Intent { act=com.google.android.gms.common.telemetry.service.START dat=chimera-action:/... cmp=com.google.android.gms/.chimera.PersistentApiService }
02-19 02:47:01.870  6667  8109 I BugleRcsEngine: Rcs is enabled from user settings: true [CONTEXT log_prefix="ProvisioningEngineDataRetriever" thread_id=122 ]
02-19 02:47:01.964  8468  8468 I HBD     : i onCapabilityChanged  setNetworkState currentNetworkState : wifi 
02-19 02:47:01.984  2557  2990 D PowerManagerService: displayReady: false groupId=0
02-19 02:47:01.985  2557  2990 D DisplayPowerController2[0]: animateScreenStateChange: target=ON, mIsEnabled=true
02-19 02:47:01.986  2557  2990 D PowerManagerService: displayReady: true groupId=0
02-19 02:47:02.054  1559 27682 I HYPER-HAL: [RequestManager.cpp]releaseLocked(): Released ID : 3492403
02-19 02:47:02.186  2557  2990 D PowerManagerService: displayReady: false groupId=0
02-19 02:47:02.186  2557  2990 D DisplayPowerController2[0]: animateScreenStateChange: target=ON, mIsEnabled=true
02-19 02:47:02.186  2557  2990 D PowerManagerService: displayReady: true groupId=0
02-19 02:47:02.368  5356 14084 I NearbySharing: Network state changed: NetworkState(isRestricted=false, isOnline=true, isCongested=false, isMetered=false, isWifiConnected=true)
02-19 02:47:02.387  2557  2990 D PowerManagerService: displayReady: false groupId=0
02-19 02:47:02.387  2557  2990 D DisplayPowerController2[0]: animateScreenStateChange: target=ON, mIsEnabled=true
02-19 02:47:02.387  2557  2990 D PowerManagerService: displayReady: true groupId=0
02-19 02:47:02.455  1554 11966 I sensors-hal: handle_sns_client_event:341, [48811] mag_sample_cal(magcal_available:1): ts=42322022314930 ns; cal = [490.623383, -77.347366, 813.598145], uncal = [369.963379, -244.747360, 560.758118], bias = [-120.659996, -167.399994, -252.839996], status=0
02-19 02:47:02.588  2557  2990 D PowerManagerService: displayReady: false groupId=0
02-19 02:47:02.588  2557  2990 D DisplayPowerController2[0]: animateScreenStateChange: target=ON, mIsEnabled=true
02-19 02:47:02.589  2557  2990 D PowerManagerService: displayReady: true groupId=0
02-19 02:47:02.788  2557  2990 D PowerManagerService: displayReady: false groupId=0
02-19 02:47:02.789  2557  2990 D DisplayPowerController2[0]: animateScreenStateChange: target=ON, mIsEnabled=true
02-19 02:47:02.789  2557  2990 D PowerManagerService: displayReady: true groupId=0
02-19 02:47:02.989  2557  2990 D PowerManagerService: displayReady: false groupId=0
02-19 02:47:02.989  2557  2990 D DisplayPowerController2[0]: animateScreenStateChange: target=ON, mIsEnabled=true
02-19 02:47:02.990  2557  2990 D PowerManagerService: displayReady: true groupId=0
02-19 02:47:03.189  2557  2990 D PowerManagerService: displayReady: false groupId=0
02-19 02:47:03.189  2557  2990 D DisplayPowerController2[0]: animateScreenStateChange: target=ON, mIsEnabled=true
02-19 02:47:03.190  2557  2990 D PowerManagerService: displayReady: true groupId=0
02-19 02:47:03.297  6075  6075 D BoundBrokerSvc: onUnbind: Intent { act=com.google.android.gms.semanticlocationhistory.service.START dat=chimera-action:/... cmp=com.google.android.gms/.chimera.GmsApiService }
02-19 02:47:03.298  2557  6949 I ActivityManager: Changes in 99008 3 to 10, 56 to 0
02-19 02:47:03.299  2557  6949 I ActivityManager: Changes in 10116 3 to 10, 56 to 0
02-19 02:47:03.314  1642  1781 I VSyncReactor: Current= 120, Period= 120, Distance= 0
02-19 02:47:03.319  6075  6075 D BoundBrokerSvc: onUnbind: Intent { act=com.google.android.gms.common.BIND_SHARED_PREFS pkg=com.google.android.gms }
02-19 02:47:03.322  1642  1781 I VSyncReactor: Current= 120, Period= 120, Distance= 120
02-19 02:47:03.390  2557  2990 D PowerManagerService: displayReady: false groupId=0
02-19 02:47:03.390  2557  2990 D DisplayPowerController2[0]: animateScreenStateChange: target=ON, mIsEnabled=true
02-19 02:47:03.391  2557  2990 D PowerManagerService: displayReady: true groupId=0
02-19 02:47:03.472  1554 11962 I sensors-hal: handle_sns_std_sensor_event:158, [24410] Pressure 1008.122, cal -0.289, sw_offset 0.000 (lsb(bit) 0x65 0xfd 0x3e)
02-19 02:47:03.478  1554 12945 I sensors-hal: handle_sns_client_event:375, [0][4689145] accel_sample [ 0.736,  0.318,  9.824] 42323039086180
02-19 02:47:03.544  1554 26706 I sensors-hal: handle_sns_std_sensor_event:90, light_cct: ts = 42323152180868 ns; value = [15, 15, 77, 84, 0, 35, 1, 0, 2592, 0]
02-19 02:47:03.590  2557  2990 D PowerManagerService: [api] BrightnessLimitRunnable done
02-19 02:47:03.769 18036 18036 D BoundBrokerSvc: onUnbind: Intent { act=com.google.android.gms.common.BIND_SHARED_PREFS pkg=com.google.android.gms }
02-19 02:47:03.845  1059  1059 D io_stats: !@   8,0 r 9171159 129637908 w 3288651 36094180 d 400752 15618860 f 56928 123731 iot 1521612 0 th 0 0 0 pt 0 inp 0 0 40730.301
02-19 02:47:04.024  1554 13402 I sensors-hal: handle_sns_std_sensor_event:409, [SSC_LIGHT] P: 14(14),c:13,b:35,m:13,cl:1,l:14,s:0,l0:2560,l1:0,s0:0,s1:0,acl:1,opr:0.32,f(r):87,u(bl):100,if:0,wi:0,si:0,po:0(N:0)
02-19 02:47:04.027  1635  1652 D HeatmapThread: wait_for_battery_event : occured : change@/devices/platform/samsung_mobile_device/samsung_mobile_device:battery/power_supply/battery 
02-19 02:47:04.028  1635  1652 I HeatmapThread: Heatmap battery event
02-19 02:47:04.028  1635  1652 D HeatmapThread: !@ batteryplugType : 2
02-19 02:47:04.028  1635  1652 D HeatmapThread: !@ batteryLevel : 51  batteryTemperature : 358 
02-19 02:47:04.029  1635  1652 D HeatmapThread: !@ Heatmap currtime: 29524157
02-19 02:47:04.029  1635  1652 D HeatmapThread: !@ Heatmap prevtime: 29524145
02-19 02:47:04.029  1635  1652 D HeatmapThread: !@ Heatmap plugstarttime: 29524147
02-19 02:47:04.031  1596  1742 E BatteryDump: !@new_battery_dump : 3996,1707,1825,3331,51,358,327,438,358,0,379,438,0,Charging,NO_CHARGING,Normal,Good,PDIC,0,Normal,0,0,9300,0x8000,0x10010000,0x0,0,0,0000,0000,ffff0700,0,0,0,0,621,3899,5195,1000,0,
02-19 02:47:04.032  2557  3479 D [SS]BattFunctions: [sendRemainingChargingTimeChangedIntent]remainingChargingTime:2774 ,mLastRemainingChargingTime:2785
02-19 02:47:04.033  1611  1611 I seh_thermal_service: getTemperaturesWithType SehTemperatureType: 3
02-19 02:47:04.033  1596  1596 I sehhealth-service: updateLrpSysfs: write: 377
02-19 02:47:04.034  3927  3927 D PowerUI : Charging time is changed, check charging notification
02-19 02:47:04.035  3927  3927 D PowerUI.Notification: showChargingNotice - oldBatteryLevel : 50 , BatteryLevel : 51 / oldChargingType : 11 , ChargingType : 11 / oldChargingTime : 2785, ChargingTime : 2774 / oldMaximumEnabled : true , MaximumEnabled : true / oldMaximumThreshold : 80 , MaximumThreshold : 80
02-19 02:47:04.037  3927  3927 I NotificationManager: com.android.systemui: notify(2131363874, charging_state, Notification(channel=CHR shortcut=null contentView=null vibrate=null sound=null defaults=0 flags=ONGOING_EVENT|ONLY_ALERT_ONCE color=0x00000000 category=sys groupKey=CHARGING vis=PUBLIC semFlags=0x0 semPriority=0 semMissedCount=0)) as user
02-19 02:47:04.041  2557  3479 W PermissionService: getPermissionFlags: Unknown user -1
02-19 02:47:04.041  2557  3479 W PermissionService: getPermissionFlags: Unknown user -1
02-19 02:47:04.042  3927  3927 I AODBatteryManager: updateBatteryData: ACTION_BATTERY_CHANGED
02-19 02:47:04.042  3927  3927 I ChargingInfoManager: updateChargingInfo: newState = AOD ChargingInfo [mState=BATTERY_AND_REMAIN_TIME, mIsCharging=true, mIsPlugged=true, mIsFullyCharged=false, mIsBatteryProtectMode=false, mBetteryLevel=51, mBetteryProtectModeType1, mIsSlowChargingfalse], oldState = AOD ChargingInfo [mState=BATTERY_AND_REMAIN_TIME, mIsCharging=true, mIsPlugged=true, mIsFullyCharged=false, mIsBatteryProtectMode=false, mBetteryLevel=51, mBetteryProtectModeType1, mIsSlowChargingfalse]
02-19 02:47:04.245  2557  2557 I Telecom : SamsungTelecomServiceImpl : isInManagedCall - callingPackage : android / callingUser : UserHandle{0} / hasCrossUserAccess : true
02-19 02:47:04.256  2557  4919 D ActivityManager: unpendingScheduleServiceRestart: u=10316, drop=false
02-19 02:47:04.260  4488  8718 I HoneySpace.NotificationListener: onNotificationPosted com.android.systemui: -1|com.android.systemui|2131363874|charging_state|10050: 0
02-19 02:47:04.260  4488  8718 I HoneySpace.NotificationListener: invalid notification: com.android.systemui UserHandle{-1}: canShowBadge is false
02-19 02:47:04.262  2557  4917 D FreecessController: UFZ : com.samsung.android.game.gamehome(10316) [8070] reason: Binder(1)-android.service.notification.INotificatio
02-19 02:47:04.263  2557  4943 W LocationManagerService: onFreezeStateChanged, uid[10316]=false
02-19 02:47:04.263  2557  4943 I PowerManagerService: [PWL] SetWakeLockEnableDisable uid = 10316 , disable= false
02-19 02:47:04.264  2557  4943 I PowerManagerService: [PWL] can not change uid =  10316
02-19 02:47:04.271  1642  1781 I VSyncReactor: Current= 120, Period= 120, Distance= 1
02-19 02:47:04.273  3927  3927 D SubscreenNotificationListCoordinator: onAfterRenderList() isSubScreen = false, pluginLockMode = 0, doNotShowOnCover = false
02-19 02:47:04.274  3927  3927 I LockscreenNotificationIconsOnlyController: onNotificationInfoUpdated 0
02-19 02:47:04.274  3927  3927 I AODNotificationManager: updateNotification() 
02-19 02:47:04.280  1642  1781 I VSyncReactor: Current= 120, Period= 120, Distance= 120
02-19 02:47:04.282  1642  1642 I LayerHistory: StatusBar$_3927#96 Max (can't resolve refresh rate)
02-19 02:47:04.282  1642  1642 I SurfaceFlinger: Weight ignores StatusBar$_3927#96 (type=Max, weight=0.04, seamlessness=Default) 0.00 Hz's 80.00 Hz
02-19 02:47:04.282  1642  1642 I SurfaceFlinger: Weight ignores StatusBar$_3927#96 (type=Max, weight=0.04, seamlessness=Default) 0.00 Hz's 120.00 Hz
02-19 02:47:04.282  1642  1642 I SurfaceFlinger: scored - choose 60.00 Hz
02-19 02:47:04.282  1642  1642 I HWComposer: [4630946315032985731] ActiveConfigToHWC, ID : 2
02-19 02:47:04.288  1642  1642 D SurfaceFlinger: GPIS:: requestGPISForClientComposition
02-19 02:47:04.288  1642  1781 I VSyncReactor: Current= 120, Period= 60, hwcPeriod= 60
02-19 02:47:04.289  1572  2027 I SDM     : HWDeviceDRM::SetDisplaySwitchMode: [DispConfigs] check hs_mode 1
02-19 02:47:04.289  1572  2027 W SDM     : HWDeviceDRM::GetSupportedBitClkRate: Requested rate not supported: 1362080000
02-19 02:47:04.289  1572  2027 I SDM     : HWDeviceDRM::SetDisplaySwitchMode: [DispConfigs] Set mode index:2 1440x3120x60xcmdHS, hs_mode(1), found_mode(1)
02-19 02:47:04.289  1572  2027 I SDM     : HWDeviceDRM::UpdateMixerAttributes: Mixer WxH 1440x3120-1 for Peripheral
02-19 02:47:04.289  1572  2027 I SDM     : HWCDisplay::SubmitDisplayConfig: [MultiResolution] Set FrameBuffer to config = 2, wh = (1440, 3120)
02-19 02:47:04.290  1572  2027 I SDM     : DisplayBase::SetFrameBufferConfig: New framebuffer resolution (1440x3120)
02-19 02:47:04.290  1572  2027 I SDM     : HWCDisplay::SetFrameBufferConfig: New framebuffer resolution (1440x3120)
02-19 02:47:04.290  1572  2027 I SDM     : HWCDisplay::SubmitDisplayConfig: Active configuration changed from config 0 to 2
02-19 02:47:04.296  2557  2908 D LocalDisplayAdapter: updateActiveModeLocked for d=4630946315032985731, mActiveModeId=3, mActiveSfDisplayMode=DisplayMode{id=2, width=1440, height=3120, xDpi=508.0, yDpi=504.764, peakRefreshRate=60.000004, vsyncRate=60.000004, appVsyncOffsetNanos=0, presentationDeadlineNanos=17666666, supportedHdrTypes=[4, 2, 3], group=1440}
02-19 02:47:04.296  1642  1781 I VSyncReactor: Current= 60, Period= 60, Distance= 40
02-19 02:47:04.296  1642  4829 D NativeSemDvfsManager: acquire:: timeout = 2000 mIsAcquired = 1  mTagName : SurfaceFlinger 
02-19 02:47:04.297  1642  4829 E NativeCustomFrequencyManager: [NativeCFMS] BpCustomFrequencyManager::acquire()
02-19 02:47:04.297  2557  2908 I DisplayDeviceRepository: Display device changed render timings: "Built-in Screen", renderFrameRate=60.000004, presentationDeadlineNanos=17666666, appVsyncOffsetNanos=0
02-19 02:47:04.297  1559  1739 I HYPER-HAL: [RequestManager.cpp]acquire(): Acquired ID : 3492403  [1642 / 1000]    HINT : SF_GPU_MINLOCK    list : [TIMEOUT / 2000] 
02-19 02:47:04.300  2557  2990 D BrightnessThermalClamper: Thermal status observer already started
02-19 02:47:04.301  2557  2557 D SGM:GameManager: onDisplayChanged. displyId: 0, state: 2
02-19 02:47:04.301  2557  5739 D LiftUpHandler: [LTW] Stopped already.
02-19 02:47:04.301  2557  2557 D SGM:GameManager: dpi: 600, longPixel: 3120, shortPixel: 1440
02-19 02:47:04.301  2557  3575 D SGM:FgCheckThread: onLooperPrepared(), msg: MSG_LCD_ON
02-19 02:47:04.301  2557  2557 D AODManagerService: requestReCalToTSP IsSingleTouchMode = falserequestedReCalToTSP = false / previousDisplayState = ON
02-19 02:47:04.301  1630  5430 D AudioFlinger: setParameters: filtered dev setParameters keyvalue screen_state=on
02-19 02:47:04.302  1537  1603 D AHAL: AudioDevice: SetParameters: 1865: enter
02-19 02:47:04.302  1537  1603 D AHAL: AudioVoice: VoiceSetParameters: 200: Enter
02-19 02:47:04.302  1537  1603 D AHAL: AudioVoice: VoiceSetParameters: 479: Exit ret: 0
02-19 02:47:04.302  1537  1603 D AHAL: hfp: hfp_set_parameters: 444: enter
02-19 02:47:04.302  1537  1603 D AHAL: AudioDevice: SetParameters: 1945:  - screen = on
02-19 02:47:04.302  1537  1603 I PAL: ResourceManager: setParameter: 10683: Screen State:1
02-19 02:47:04.302  1537  1603 D AHAL: AudioDevice: SetParameters: 2798: exit: screen_state=on
02-19 02:47:04.303  4488 23914 I HoneySpace.RefreshRateSource: singleFrameMs 16
02-19 02:47:04.303  4488  4488 I VRI[LauncherActivity]@66a84ac: onDisplayChanged oldDisplayState=2 newDisplayState=2
02-19 02:47:04.304  8468  8468 I VRI[InputMethod]@fa7a747: onDisplayChanged oldDisplayState=2 newDisplayState=2
02-19 02:47:04.304  8468  8468 I SPenContext: virtual void SPen::Context::SetDisplayRefreshRate(float) framerate=60
02-19 02:47:04.304  4488  4488 I VRI[RecentsTransitionOverlay]@df5a686: onDisplayChanged oldDisplayState=2 newDisplayState=2
02-19 02:47:04.304  8468  8468 I LatencyConfiguration: void SPen::LatencyConfiguration::UpdateRefreshRate(float) RefreshRate=60.000004
02-19 02:47:04.304  8468  8468 I LatencyConfiguration: void SPen::LatencyConfiguration::UpdateRefreshRate(float) RefreshRateCallback 0xb400006fd7292910
02-19 02:47:04.304  8468  8468 I PredictorBase: virtual void SPen::PredictorBase::SetRefreshRate(float) Refresh rate: 60.000
02-19 02:47:04.304  8468  8468 I spe_log : virtual void SPen::FbrDrawPad::SetRefreshRate(float) = 60.000
02-19 02:47:04.304  8468  8468 I spe_log : virtual void SPen::FbrDrawPad::SetRefreshRate(float) mFrameDurationNano=16666667, mDisplayRefreshDurationNano: 16666667
02-19 02:47:04.304  8468  8468 I spe_log : virtual void SPen::LowLatencyStrokeView::SetRefreshRate(float) refresh rate=60.000
02-19 02:47:04.304  4488 23914 I HoneySpace.Memory-Monitor: current state = 2, didTrim = false
02-19 02:47:04.305  1642  1781 I VSyncReactor: Current= 60, Period= 60, Distance= 120
02-19 02:47:04.304  4488  4488 I VRI[RecentsActivity]@17dccb4: onDisplayChanged oldDisplayState=2 newDisplayState=2
02-19 02:47:04.305  4488  4488 I VRI[CocktailBarService]@f2d6caa: onDisplayChanged oldDisplayState=2 newDisplayState=2
02-19 02:47:04.305 10576 10576 I VRI[WindowManager$LayoutParams]@874de3f: onDisplayChanged oldDisplayState=2 newDisplayState=2
02-19 02:47:04.306  2557  2908 D RefreshRateModeManager: updateDefaultDisplayToken: android.os.BinderProxy@5dc8ade, isChanged: false
02-19 02:47:04.308  7614  7614 I VRI[]@5c3d758: onDisplayChanged oldDisplayState=2 newDisplayState=2
02-19 02:47:04.308  3927  3927 D DisplayLifecycle: updateDisplay id = 0
02-19 02:47:04.308  3927  4019 I VRI[ShellDropTarget]@fa71c1a: onDisplayChanged oldDisplayState=2 newDisplayState=2
02-19 02:47:04.309  2557  6949 D WifiDisplayAdapter: isFitToActiveDisplayLocked : false
02-19 02:47:04.309  3927  4050 D StackScroller: onDisplayChanged for predraw skip to 2
02-19 02:47:04.309  3927  3927 I VRI[LockscreenShortcutBlur]@183c7ad: onDisplayChanged oldDisplayState=2 newDisplayState=2
02-19 02:47:04.309  3927  3927 I VRI[NavigationBar0]@10aacdf: onDisplayChanged oldDisplayState=2 newDisplayState=2
02-19 02:47:04.309  3927  3927 I VRI[EdgeBackGestureHandler0]@5fbf465: onDisplayChanged oldDisplayState=2 newDisplayState=2
02-19 02:47:04.309  3927  3927 I VRI[NotificationShade]@52c1f8f: onDisplayChanged oldDisplayState=2 newDisplayState=2
02-19 02:47:04.309  3927  3927 I VRI[StatusBar]@6be7187: onDisplayChanged oldDisplayState=2 newDisplayState=2
02-19 02:47:04.309  3927  3927 I VRI[Bouncer]@dd53cc5: onDisplayChanged oldDisplayState=2 newDisplayState=2
02-19 02:47:04.309  3927  3927 I VRI[SecondaryHomeHandle0]@c09f045: onDisplayChanged oldDisplayState=2 newDisplayState=2
02-19 02:47:04.310  3927  3927 I VRI[KeyguardBiometricToastView]@7fe46cc: onDisplayChanged oldDisplayState=2 newDisplayState=2
02-19 02:47:04.313  1642  1781 I VSyncReactor: Current= 60, Period= 60, Distance= 120
02-19 02:47:04.329  1642  1781 I VSyncReactor: Current= 60, Period= 60, Distance= 60
02-19 02:47:04.359  2201  3865 D LOWI-9.0.1.74: [LOWI-Scan] wait_event:Wait done with Cmd 103
02-19 02:47:04.359  2201  3865 D LOWI-9.0.1.74: [LOWI-Scan] do_listen_events: Rcvd valid Netlink Cmd 0 Err 0
02-19 02:47:04.360  2161  2161 I cnss-daemon: nl80211 response handler invoked
02-19 02:47:04.360  2161  2161 I cnss-daemon: nl80211_response_handler: cmd 103, vendorID 4980, subcmd 182  received
02-19 02:47:04.360  1556  3861 I WifiHAL : event received NL80211_CMD_VENDOR, vendor_id = 0x1374, subcmd = 0xb6
02-19 02:47:04.456  1554 11966 I sensors-hal: handle_sns_client_event:341, [48831] mag_sample_cal(magcal_available:1): ts=42324022314930 ns; cal = [490.347382, -76.884796, 811.282349], uncal = [369.687378, -244.284790, 558.442383], bias = [-120.659996, -167.399994, -252.839996], status=0
02-19 02:47:04.465  3927  3927 D Bubbles : onEntryUpdated : shouldBubbleUp=false ,key=-1|com.android.systemui|2131363874|charging_state|10050
02-19 02:47:04.467  3927  3927 D InterruptionStateProvider:  no Heads up : edgelighting enabled app. -1|com.android.systemui|2131363874|charging_state|10050
02-19 02:47:04.484  3927  3927 D SubscreenNotificationListCoordinator: onAfterRenderList() isSubScreen = false, pluginLockMode = 0, doNotShowOnCover = false
02-19 02:47:04.492  3927  3927 I LockscreenNotificationIconsOnlyController: onNotificationInfoUpdated 0
02-19 02:47:04.492  3927  3927 I AODNotificationManager: updateNotification() 
02-19 02:47:04.499  3927  4577 D LocalImageResolver: Couldn't use ImageDecoder for drawable, falling back to non-resized load.
02-19 02:47:04.500  3927  4577 D LocalImageResolver: Couldn't use ImageDecoder for drawable, falling back to non-resized load.
02-19 02:47:04.504  3927  3927 D LocalImageResolver: Couldn't use ImageDecoder for drawable, falling back to non-resized load.
02-19 02:47:04.519  3927  3927 D S.S.N.  : entryViewBound parent :-1|com.android.systemui|2131363874|charging_state|10050
02-19 02:47:04.520  3927  3927 D LocalImageResolver: Couldn't use ImageDecoder for drawable, falling back to non-resized load.
02-19 02:47:04.530  3927  3927 D SubscreenNotificationListCoordinator: onAfterRenderList() isSubScreen = false, pluginLockMode = 0, doNotShowOnCover = false
02-19 02:47:04.539  3927  3927 I LockscreenNotificationIconsOnlyController: onNotificationInfoUpdated 0
02-19 02:47:04.539  3927  3927 I AODNotificationManager: updateNotification() 
02-19 02:47:04.871  4110  4110 I EPDG -- SIM0 [SMARTWIFI]: isProfiling, hash=168687865, started=true
02-19 02:47:04.871  2557  5879 D SemWifiUsabilityStatsMonitor: onWifiUsabilityStats - seqNum 12253, isSameBssidAndFreq true
02-19 02:47:04.871  4110  4110 W Settings: Setting wifi_on has moved from android.provider.Settings.System to android.provider.Settings.Secure, returning read-only value.
02-19 02:47:04.871  4110  4110 W Settings: Setting wifi_on has moved from android.provider.Settings.Secure to android.provider.Settings.Global.
02-19 02:47:04.872  2557  3662 D ConnectivityService: notifyType CALLBACK_CAP_CHANGED for [105 WIFI]
02-19 02:47:04.875  4110  4110 I EPDG -- SIM0 [SMARTWIFI]: isProfiling, hash=168687865, started=true
02-19 02:47:04.875  2557  3721 D SemWifiApNsd:Client: lpInterface:wlan0
02-19 02:47:04.875  2557  3721 D SemWifiSwitchForIndividualAppsService: stopTCPMonitoring : already stopped
02-19 02:47:04.876  2557  3721 I WifiConnectivityMonitor.NCC: sNetworkCallback(oCC) FULL : 105(valid: true/captive: false)
02-19 02:47:04.876  4110  4110 I EPDG -- SIM0 [SMARTWIFI]: Rssi : -59 highrange : -75 lowrange : -85 mIsRssiInHystersis : false
02-19 02:47:04.876  4110  4110 I EPDG -- SIM0 [SMARTWIFI]: Rssi : -59 highrange : -75 lowrange : -85 mIsRssiInHystersis : false
02-19 02:47:04.876  4110  4110 I EPDG -- SIM0 [SMARTWIFI]: getHandoverThresholdMet: value is: false
02-19 02:47:04.877  2557  3721 I WifiConnectivityMonitor.NCC: [ Transports: WIFI Capabilities: NOT_METERED&INTERNET&NOT_RESTRICTED&TRUSTED&NOT_VPN&VALIDATED&NOT_ROAMING&FOREGROUND&NOT_CONGESTED&NOT_SUSPENDED&NOT_VCN_MANAGED&NOT_BANDWIDTH_CONSTRAINED LinkUpBandwidth>=18986Kbps LinkDnBandwidth>=24435Kbps TransportInfo: <SSID: <unknown ssid>, BSSID: 02:00:00:**:**:00, MAC: 02:00:00:**:**:00, IP: /192.***.*.4, Security type: 2, Supplicant state: COMPLETED, Wi-Fi standard: 11ax, RSSI: -59, Link speed: 288Mbps, Tx Link speed: 288Mbps, Max Supported Tx Link speed: 2401Mbps, Rx Link speed: 864Mbps, Max Supported Rx Link speed: 2401Mbps, Frequency: 5200MHz, Net ID: -1, Metered hint: false, score: 60, isUsable: true, CarrierMerged: false, SubscriptionId: -1, IsPrimary: 1, Trusted: true, Restricted: false, Ephemeral: false, OEM paid: false, OEM private: false, OSU AP: false, FQDN: <none>, Provider friendly name: <none>, Requesting package name: <none><none>MLO Information: , Is TID-To-Link negotiation supported by the AP: false, AP MLD Address: <none>, AP MLO Link Id: <none>, AP MLO Affiliated links: <none>, Vendor Data: <none>> SignalStrength: -59 AdminUids: [1000] SSID: "Airtel_FARM HOUSE" UnderlyingNetworks: Null]
02-19 02:47:04.878  3927  4249 D WifiPickerTracker: updateWifiEntries capabilities
02-19 02:47:04.879  2557  3795 D SemApeService: Deducted link capacity (M: R=604 T=201) RSSI=-59
02-19 02:47:04.879  2557  3795 D SemApeService: Deducted link capacity (M: R=604 T=201) on (wlan0) GoogleAPI(M: R=24 T=18) RSSI=-59 isDefault=false isMlo=false
02-19 02:47:04.880  2557  3721 D SemWifiApTrafficPriority: onCapabilitiesChanged Wifi:wlan0,mGapiValue:24.435Uplink: 18.986
02-19 02:47:04.880  3927  4249 D WifiPickerTracker: update AutoHotspot Entries() : bleAccessPoints -> 0
02-19 02:47:04.880  3927  4249 D WifiPickerTracker: handleNetworkCapabilitiesChanged
02-19 02:47:04.881  4229  6066 D txpwrJni: sendNetworkInfo start
02-19 02:47:04.882  4229  6066 D txpwrJni: sendNetworkInfo RatType 0
02-19 02:47:04.882  8468  9412 I HBD     : i onCapabilitiesChanged network : 105 current network state : wifi 
02-19 02:47:04.882  2557  3792 D SGM:GameManager: identifyGamePackage. com.sec.android.app.launcher, mCurrentUserId: 0, callerUserId: 0, callingMethodInfo: com.samsung.android.game.SemGameManager.isGamePackage(SemGameManager.java:105)
02-19 02:47:04.883  6667  7765 I BugleRcsEngine: Connected state: [1], networkType: [WIFI] [CONTEXT thread_id=116 ]
02-19 02:47:04.883  2557  3792 D SGM:SemGameManager: isGamePackage(), pkgName=com.sec.android.app.launcher, ret=false
02-19 02:47:04.884  6667  8109 I BugleRcsEngine: handleMessage processing message:[NOTIFY_UPTIME_IGNORE_STATE_CHANGED] with [non-null]:RcsEngineImpl reference [CONTEXT log_prefix="RcsEngineImpl[DUAL_REG]:[69aab36d-b03c]>Handler" thread_id=122 ]
02-19 02:47:04.888  2557  3803 D WifiConnectivityMonitor: HANDLE_ON_CAPABILITIES_CHANGED
02-19 02:47:04.888  2557  3803 I WifiConnectivityMonitor: determineMode : MODE_NON_SWITCHABLE_BY_POOR_NETWORK_DETECTION_DISABLED
02-19 02:47:04.888  2557  3803 D OpenNetworkQos[4.00]: updateBssidNoInternet: mBssidNoInternet = false
02-19 02:47:04.888  2557  3803 D OpenNetworkQos[4.00]: getOpenNetworkQosNoInternetStatus: false
02-19 02:47:04.888  2557  3803 D OpenNetworkQos[4.00]: getOpenNetworkQosScores: 26 26 19 
02-19 02:47:04.888  2557  3803 D KNOX_MDM_SettingsProvider: isChangeAllowed() : name = wifi_wcm_qos_sharing_score_summary
02-19 02:47:04.889  2557  3803 I WifiProfileShare: network QoS data was changed (internet), updateQoSData networkType: true, qosData: false
02-19 02:47:04.889  6667  8109 I BugleRcsEngine: Rcs is enabled from user settings: true [CONTEXT log_prefix="ProvisioningEngineDataRetriever" thread_id=122 ]
02-19 02:47:04.889  2557  4952 V WifiProfileShare.Caster: update wips network, size: 0
02-19 02:47:04.889  2557  4952 D WifiProfileShare: nearby scanning settings run
02-19 02:47:04.889  2557  4952 D WifiProfileShare: network score provider settings enabled
02-19 02:47:04.889  2557  4952 D OpenNetworkQos[4.00]: getOpenNetworkQosScores: 26 26 19 
02-19 02:47:04.889  2557  4952 D OpenNetworkQos[4.00]: getOpenNetworkQosNoInternetStatus: false
02-19 02:47:04.889  2557  4952 I WifiProfileShare.Caster: current network type: 0, score: [26, 26, 19]
02-19 02:47:04.889  2557  4952 V WifiProfileShare.Cache: update network score 24:de:8a:**:**:db
02-19 02:47:04.889  2557  4952 D WifiProfileShare.ScanMatcher: getMcfDataList size:2
02-19 02:47:04.889  2557  4952 I WifiProfileShare.Caster: qos data was updated , before:type:QOS, pBssid:a2:05:ff, qosData:7b after:type:QOS, pBssid:a2:05:ff, qosData:7b
02-19 02:47:04.890  2557  4952 I [MCFSDK_android_1.2.27006]_4_McfCasterImpl: isNetworkEnabled - type : 1 ret : true
02-19 02:47:04.890  2557  4952 D WifiProfileShare.McfCast: -ME--- mIsNetworkEnabled :true
02-19 02:47:04.890  2557  4952 D WifiProfileShare.McfCast: updateQoSData ignored, same contents
02-19 02:47:04.890  2557  4952 D WifiProfileShare.MCF: success update QosData !
02-19 02:47:04.890  2557  4952 I [MCFSDK_android_1.2.27006]_4_McfCasterImpl: isNetworkEnabled - type : 1 ret : true
02-19 02:47:04.890  2557  4952 D WifiProfileShare.McfCast: -ME--- mIsNetworkEnabled :true
02-19 02:47:04.890  2557  4952 D WifiProfileShare.McfCast: -ME--- updatePasswordDate pwdData size:2
02-19 02:47:04.892 20863 20888 D txpwrJni: sendNetworkInfo start
02-19 02:47:04.892 20863 20888 D txpwrJni: sendNetworkInfo RatType 0
02-19 02:47:04.986  8468  8468 I HBD     : i onCapabilityChanged  setNetworkState currentNetworkState : wifi 
02-19 02:47:05.070  2557  4943 D FreecessController: com.sikwin.app(10679) is important[2]
02-19 02:47:05.263  6955  6955 I SDHMS:LOAD: type: LoadsFreqs, value: 0:0:0:672000:672000:672000:634367:1612800:499200:422:422:422
02-19 02:47:05.388  5356 29552 I NearbySharing: Network state changed: NetworkState(isRestricted=false, isOnline=true, isCongested=false, isMetered=false, isWifiConnected=true)
02-19 02:47:05.392  3880  3880 I wpa_supplicant: Heartbeat 4154
02-19 02:47:05.472  1554 11962 I sensors-hal: handle_sns_std_sensor_event:158, [24420] Pressure 1008.117, cal -0.289, sw_offset 0.000 (lsb(bit) 0x4c 0xfd 0x3e)
02-19 02:47:05.488  1554 12945 I sensors-hal: handle_sns_client_event:375, [0][4689165] accel_sample [ 0.732,  0.317,  9.828] 42325048689722
02-19 02:47:05.567  1559 27569 I HYPER-HAL: [RequestManager.cpp]releaseLocked(): Released ID : 3324352
02-19 02:47:05.846  1059  1059 D io_stats: !@   8,0 r 9171159 129637908 w 3288654 36094192 d 401040 15622240 f 56928 123731 iot 1521752 0 th 0 0 0 pt 0 inp 0 0 40732.303
02-19 02:47:05.846  1059  1059 D io_stats: !@ Read_top(KB): .apps.messaging(6347) 112
02-19 02:47:05.847  1059  1059 D io_stats: !@ Write_top(KB): kworker/u16:1(28126) 344 vendor.samsung.(1596) 12
02-19 02:47:06.104  1554 26706 I sensors-hal: handle_sns_std_sensor_event:90, light_cct: ts = 42325712188628 ns; value = [14, 14, 77, 84, 0, 35, 1, 0, 2528, 0]
02-19 02:47:06.299  1559 27691 I HYPER-HAL: [RequestManager.cpp]releaseLocked(): Released ID : 3492403
02-19 02:47:06.456  1554 11966 I sensors-hal: handle_sns_client_event:341, [48851] mag_sample_cal(magcal_available:1): ts=42326022314930 ns; cal = [490.621216, -77.301056, 811.687866], uncal = [369.961212, -244.701050, 558.847839], bias = [-120.659996, -167.399994, -252.839996], status=0
02-19 02:47:06.806  2557  4943 D FreecessController: com.company.dicegame(10676) is important[7]
02-19 02:47:06.875  5356  5356 D BoundBrokerSvc: onUnbind: Intent { act=com.google.android.gms.common.telemetry.service.START dat=chimera-action:/... cmp=com.google.android.gms/.chimera.PersistentApiService }
02-19 02:47:07.064  1554 13402 I sensors-hal: handle_sns_std_sensor_event:409, [SSC_LIGHT] P: 15(15),c:13,b:35,m:13,cl:1,l:15,s:0,l0:2592,l1:0,s0:0,s1:0,acl:1,opr:0.32,f(r):87,u(bl):100,if:0,wi:0,si:0,po:0(N:0)
02-19 02:47:07.064  1554  3896 I sensors-hal: handle_sns_std_sensor_event:131, [SSC_LIGHT] A: 15(15),c:13,b:35,m:13,cl:1,l:15,s:0,l0:2592,l1:0,s0:0,s1:0,acl:1,opr:0.32,f(r):87,u(bl):100,if:0,wi:0,si:0,po:0(N:0)
02-19 02:47:07.474  1554 11962 I sensors-hal: handle_sns_std_sensor_event:158, [24430] Pressure 1008.113, cal -0.289, sw_offset 0.000 (lsb(bit) 0x21 0xfd 0x3e)
02-19 02:47:07.497  1554 12945 I sensors-hal: handle_sns_client_event:375, [0][4689185] accel_sample [ 0.737,  0.315,  9.833] 42327058293003
02-19 02:47:07.848  1059  1059 D io_stats: !@   8,0 r 9171159 129637908 w 3288654 36094192 d 401328 15626188 f 56928 123731 iot 1521912 0 th 0 0 0 pt 0 inp 0 0 40734.305
02-19 02:47:07.910  2557  5879 D SemWifiUsabilityStatsMonitor: onWifiUsabilityStats - seqNum 12254, isSameBssidAndFreq true
02-19 02:47:07.911  4110  4110 I EPDG -- SIM0 [SMARTWIFI]: isProfiling, hash=168687865, started=true
02-19 02:47:07.911  4110  4110 W Settings: Setting wifi_on has moved from android.provider.Settings.System to android.provider.Settings.Secure, returning read-only value.
02-19 02:47:07.911  4110  4110 W Settings: Setting wifi_on has moved from android.provider.Settings.Secure to android.provider.Settings.Global.
02-19 02:47:07.911  4110  4110 I EPDG -- SIM0 [SMARTWIFI]: isProfiling, hash=168687865, started=true
02-19 02:47:07.912  4110  4110 I EPDG -- SIM0 [SMARTWIFI]: Rssi : -58 highrange : -75 lowrange : -85 mIsRssiInHystersis : false
02-19 02:47:07.913  4110  4110 I EPDG -- SIM0 [SMARTWIFI]: Rssi : -58 highrange : -75 lowrange : -85 mIsRssiInHystersis : false
02-19 02:47:07.913  4110  4110 I EPDG -- SIM0 [SMARTWIFI]: getHandoverThresholdMet: value is: false
