02-19 02:47:07.921  2557  3792 D SGM:GameManager: identifyGamePackage. com.sec.android.app.launcher, mCurrentUserId: 0, callerUserId: 0, callingMethodInfo: com.samsung.android.game.SemGameManager.isGamePackage(SemGameManager.java:105)
02-19 02:47:07.922  2557  3792 D SGM:SemGameManager: isGamePackage(), pkgName=com.sec.android.app.launcher, ret=false
02-19 02:47:08.333  2557  3662 D InetDiagMessage: Destroyed 0 sockets, proto=IPPROTO_TCP, family=AF_INET, states=14
02-19 02:47:08.335  2557  3662 D InetDiagMessage: Destroyed 0 sockets, proto=IPPROTO_TCP, family=AF_INET6, states=14
02-19 02:47:08.335  2557  3662 D InetDiagMessage: Destroyed live tcp sockets for uids={10116} in 5ms
02-19 02:47:08.337  2557  3662 D InetDiagMessage: Destroyed 0 sockets, proto=IPPROTO_TCP, family=AF_INET, states=14
02-19 02:47:08.339  2557  3662 D InetDiagMessage: Destroyed 0 sockets, proto=IPPROTO_TCP, family=AF_INET6, states=14
02-19 02:47:08.339  2557  3662 D InetDiagMessage: Destroyed live tcp sockets for uids={20116} in 3ms
02-19 02:47:08.457  1554 11966 I sensors-hal: handle_sns_client_event:341, [48871] mag_sample_cal(magcal_available:1): ts=42328022314930 ns; cal = [477.257111, -71.637283, 830.739990], uncal = [356.597107, -239.037277, 577.899963], bias = [-120.659996, -167.399994, -252.839996], status=0
02-19 02:47:08.664  1554 26706 I sensors-hal: handle_sns_std_sensor_event:90, light_cct: ts = 42328272190660 ns; value = [16, 16, 77, 84, 0, 35, 1, 0, 2720, 0]
02-19 02:47:09.063  2557  3826 D NetdEventListenerService: DNS Requested by 105, 10258(com.google.android.gsf,...), SUCCESS, 3ms
02-19 02:47:09.472  1554 11962 I sensors-hal: handle_sns_std_sensor_event:158, [24440] Pressure 1008.107, cal -0.289, sw_offset 0.000 (lsb(bit) 0x31 0xfd 0x3e)
02-19 02:47:09.508  1554 12945 I sensors-hal: handle_sns_client_event:375, [0][4689205] accel_sample [ 0.740,  0.316,  9.823] 42329067895399
02-19 02:47:09.849  1059  1059 D io_stats: !@   8,0 r 9171159 129637908 w 3288790 36095624 d 401480 15627796 f 56928 123731 iot 1522004 0 th 0 0 0 pt 0 inp 0 0 40736.306
02-19 02:47:09.850  1059  1059 D io_stats: !@ Write_top(KB): kworker/u16:1(28126) 1432
02-19 02:47:09.897  1556  3861 I WifiHAL : event received NL80211_CMD_VENDOR, vendor_id = 0x1374, subcmd = 0xb6
02-19 02:47:09.897  2201  3865 D LOWI-9.0.1.74: [LOWI-Scan] wait_event:Wait done with Cmd 103
02-19 02:47:09.897  2201  3865 D LOWI-9.0.1.74: [LOWI-Scan] do_listen_events: Rcvd valid Netlink Cmd 0 Err 0
02-19 02:47:09.898  2161  2161 I cnss-daemon: nl80211 response handler invoked
02-19 02:47:09.898  2161  2161 I cnss-daemon: nl80211_response_handler: cmd 103, vendorID 4980, subcmd 182  received
02-19 02:47:10.075  2557  4943 D FreecessController: com.sikwin.app(10679) is important[2]
02-19 02:47:10.263  2557  4943 I NSLocationMonitor: getGPSUsingApps() called
02-19 02:47:10.264  4929  6541 I NSLocationManager_FLP: getGPSUsingApps, No change
02-19 02:47:10.276  2557  4943 D FreecessController: com.samsung.android.game.gamehome(state: Initial -> Frozen, Reason: Binder(1)-android.service.notification.INotificatio)
02-19 02:47:10.286  2557  4943 D FreecessController: FZ : com.samsung.android.game.gamehome(10316) [8070] reason: Bg
02-19 02:47:10.286  2557  4943 W LocationManagerService: onFreezeStateChanged, uid[10316]=true
02-19 02:47:10.286  2557  4943 I PowerManagerService: [PWL] SetWakeLockEnableDisable uid = 10316 , disable= true
02-19 02:47:10.287  2557  4943 I PowerManagerService: [PWL] can not change uid =  10316
02-19 02:47:10.456  1554 11966 I sensors-hal: handle_sns_client_event:341, [48891] mag_sample_cal(magcal_available:1): ts=42330022314930 ns; cal = [475.741150, -71.667801, 831.860107], uncal = [355.081146, -239.067795, 579.020081], bias = [-120.659996, -167.399994, -252.839996], status=0
02-19 02:47:10.540  6955  7535 I SDHMS:x : SIOP:: AP:405 BAT:358 USB:327 CHG:432 PA:407 WIFI:395 CF:372 BLK:0 SUBBAT:0 LRPTHM:365 SKIN:375 SKINF:355 SKINB:375 LRP2:375 LRF2:355 LRB2:375 AP2:375 CHG2:371 WIFI2:375 RCV2:346 SPK2:313 FCAM:327 UPSPK:370 DNSPK:327 VAP02:413 VWIFI:395 AMB2:268 AVGCUR:1616 AVGSYS:386 POWER:6434
02-19 02:47:10.544  6955  7066 I SDHMS:N0: p2p-if:: false, , 
02-19 02:47:10.544  6955  7066 I N0      : limitCPUFreq:: freq = -1
02-19 02:47:10.546  1559  1739 I HYPER-HAL: [RequestManager.cpp]releaseLocked(): Released ID : 24203405
02-19 02:47:10.586  1554 13402 I sensors-hal: handle_sns_std_sensor_event:409, [SSC_LIGHT] P: 15(15),c:13,b:35,m:13,cl:1,l:15,s:0,l0:2688,l1:0,s0:0,s1:0,acl:1,opr:0.32,f(r):87,u(bl):100,if:0,wi:0,si:0,po:0(N:0)
02-19 02:47:10.718  1554  3896 I sensors-hal: handle_sns_client_event:190, auto_rotation_debug_2 mode,255, type,1,0 acc,0.756,0.306,9.825, ar,0, ver,12, pedo,1,e,1,i,3
02-19 02:47:10.930  2557  5879 D SemWifiUsabilityStatsMonitor: onWifiUsabilityStats - seqNum 12255, isSameBssidAndFreq true
02-19 02:47:10.932  2557  3662 D ConnectivityService: notifyType CALLBACK_CAP_CHANGED for [105 WIFI]
02-19 02:47:10.936  2557  3721 D SemWifiApNsd:Client: lpInterface:wlan0
02-19 02:47:10.937  2557  3721 D SemWifiSwitchForIndividualAppsService: stopTCPMonitoring : already stopped
02-19 02:47:10.937  2557  3721 I WifiConnectivityMonitor.NCC: sNetworkCallback(oCC) FULL : 105(valid: true/captive: false)
02-19 02:47:10.938  2557  3795 D SemApeService: Deducted link capacity (M: R=403 T=302) RSSI=-58
02-19 02:47:10.938  2557  3795 D SemApeService: Deducted link capacity (M: R=403 T=302) on (wlan0) GoogleAPI(M: R=24 T=18) RSSI=-58 isDefault=false isMlo=false
02-19 02:47:10.938  2557  3721 I WifiConnectivityMonitor.NCC: [ Transports: WIFI Capabilities: NOT_METERED&INTERNET&NOT_RESTRICTED&TRUSTED&NOT_VPN&VALIDATED&NOT_ROAMING&FOREGROUND&NOT_CONGESTED&NOT_SUSPENDED&NOT_VCN_MANAGED&NOT_BANDWIDTH_CONSTRAINED LinkUpBandwidth>=18986Kbps LinkDnBandwidth>=24435Kbps TransportInfo: <SSID: <unknown ssid>, BSSID: 02:00:00:**:**:00, MAC: 02:00:00:**:**:00, IP: /192.***.*.4, Security type: 2, Supplicant state: COMPLETED, Wi-Fi standard: 11ax, RSSI: -58, Link speed: 432Mbps, Tx Link speed: 432Mbps, Max Supported Tx Link speed: 2401Mbps, Rx Link speed: 576Mbps, Max Supported Rx Link speed: 2401Mbps, Frequency: 5200MHz, Net ID: -1, Metered hint: false, score: 60, isUsable: true, CarrierMerged: false, SubscriptionId: -1, IsPrimary: 1, Trusted: true, Restricted: false, Ephemeral: false, OEM paid: false, OEM private: false, OSU AP: false, FQDN: <none>, Provider friendly name: <none>, Requesting package name: <none><none>MLO Information: , Is TID-To-Link negotiation supported by the AP: false, AP MLD Address: <none>, AP MLO Link Id: <none>, AP MLO Affiliated links: <none>, Vendor Data: <none>> SignalStrength: -58 AdminUids: [1000] SSID: "Airtel_FARM HOUSE" UnderlyingNetworks: Null]
02-19 02:47:10.940  2557  3803 D WifiConnectivityMonitor: HANDLE_ON_CAPABILITIES_CHANGED
02-19 02:47:10.940  2557  3792 D SGM:GameManager: identifyGamePackage. com.sec.android.app.launcher, mCurrentUserId: 0, callerUserId: 0, callingMethodInfo: com.samsung.android.game.SemGameManager.isGamePackage(SemGameManager.java:105)
02-19 02:47:10.940  2557  3792 D SGM:SemGameManager: isGamePackage(), pkgName=com.sec.android.app.launcher, ret=false
02-19 02:47:10.940  2557  3803 I WifiConnectivityMonitor: determineMode : MODE_NON_SWITCHABLE_BY_POOR_NETWORK_DETECTION_DISABLED
02-19 02:47:10.940  2557  3803 D OpenNetworkQos[4.00]: updateBssidNoInternet: mBssidNoInternet = false
02-19 02:47:10.941  2557  3803 D OpenNetworkQos[4.00]: getOpenNetworkQosNoInternetStatus: false
02-19 02:47:10.941  2557  3803 D OpenNetworkQos[4.00]: getOpenNetworkQosScores: 26 26 19 
02-19 02:47:10.941  2557  3803 D KNOX_MDM_SettingsProvider: isChangeAllowed() : name = wifi_wcm_qos_sharing_score_summary
02-19 02:47:10.941  2557  3803 I WifiProfileShare: network QoS data was changed (internet), updateQoSData networkType: true, qosData: false
02-19 02:47:10.943  2557  4952 V WifiProfileShare.Caster: update wips network, size: 0
02-19 02:47:10.943  2557  4952 D WifiProfileShare: nearby scanning settings run
02-19 02:47:10.943  2557  4952 D WifiProfileShare: network score provider settings enabled
02-19 02:47:10.943  2557  4952 D OpenNetworkQos[4.00]: getOpenNetworkQosScores: 26 26 19 
02-19 02:47:10.943  2557  4952 D OpenNetworkQos[4.00]: getOpenNetworkQosNoInternetStatus: false
02-19 02:47:10.943  2557  4952 I WifiProfileShare.Caster: current network type: 0, score: [26, 26, 19]
02-19 02:47:10.943  2557  4952 V WifiProfileShare.Cache: update network score 24:de:8a:**:**:db
02-19 02:47:10.943  2557  4952 D WifiProfileShare.ScanMatcher: getMcfDataList size:2
02-19 02:47:10.944  2557  4952 I WifiProfileShare.Caster: qos data was updated , before:type:QOS, pBssid:a2:05:ff, qosData:7b after:type:QOS, pBssid:a2:05:ff, qosData:7b
02-19 02:47:10.944  3927  4249 D WifiPickerTracker: updateWifiEntries capabilities
02-19 02:47:10.945  2557  3721 D SemWifiApTrafficPriority: onCapabilitiesChanged Wifi:wlan0,mGapiValue:24.435Uplink: 18.986
02-19 02:47:10.948  2557  4952 I [MCFSDK_android_1.2.27006]_4_McfCasterImpl: isNetworkEnabled - type : 1 ret : true
02-19 02:47:10.948  2557  4952 D WifiProfileShare.McfCast: -ME--- mIsNetworkEnabled :true
02-19 02:47:10.948  2557  4952 D WifiProfileShare.McfCast: updateQoSData ignored, same contents
02-19 02:47:10.948  2557  4952 D WifiProfileShare.MCF: success update QosData !
02-19 02:47:10.948  2557  4952 I [MCFSDK_android_1.2.27006]_4_McfCasterImpl: isNetworkEnabled - type : 1 ret : true
02-19 02:47:10.949  2557  4952 D WifiProfileShare.McfCast: -ME--- mIsNetworkEnabled :true
02-19 02:47:10.949  2557  4952 D WifiProfileShare.McfCast: -ME--- updatePasswordDate pwdData size:2
02-19 02:47:10.950  3927  4249 D WifiPickerTracker: update AutoHotspot Entries() : bleAccessPoints -> 0
02-19 02:47:10.950  3927  4249 D WifiPickerTracker: handleNetworkCapabilitiesChanged
02-19 02:47:10.951  4229  6066 D txpwrJni: sendNetworkInfo start
02-19 02:47:10.951  4229  6066 D txpwrJni: sendNetworkInfo RatType 0
02-19 02:47:10.952  8468  9412 I HBD     : i onCapabilitiesChanged network : 105 current network state : wifi 
02-19 02:47:10.952  6667  8109 I BugleRcsEngine: handleMessage processing message:[NOTIFY_UPTIME_IGNORE_STATE_CHANGED] with [non-null]:RcsEngineImpl reference [CONTEXT log_prefix="RcsEngineImpl[DUAL_REG]:[69aab36d-b03c]>Handler" thread_id=122 ]
02-19 02:47:10.959  6667  7765 I BugleRcsEngine: Connected state: [1], networkType: [WIFI] [CONTEXT thread_id=116 ]
02-19 02:47:10.961  5356  5356 D BoundBrokerSvc: onRebind: Intent { act=com.google.android.gms.common.telemetry.service.START dat=chimera-action:/... cmp=com.google.android.gms/.chimera.PersistentApiService }
02-19 02:47:10.964  6667  8109 I BugleRcsEngine: Rcs is enabled from user settings: true [CONTEXT log_prefix="ProvisioningEngineDataRetriever" thread_id=122 ]
02-19 02:47:10.965 20863 20888 D txpwrJni: sendNetworkInfo start
02-19 02:47:10.965 20863 20888 D txpwrJni: sendNetworkInfo RatType 0
02-19 02:47:11.053  8468  8468 I HBD     : i onCapabilityChanged  setNetworkState currentNetworkState : wifi 
02-19 02:47:11.224  1554 26706 I sensors-hal: handle_sns_std_sensor_event:90, light_cct: ts = 42330832184566 ns; value = [15, 15, 77, 84, 0, 35, 1, 0, 2656, 0]
02-19 02:47:11.430  2557  3806 D WifiConnectivityMonitor.NetworkStatsAnalyzer: Backhaul result - RSSI:-58, CE:7, PE:8, TI:13, PTI:14, TW:1, PTW:0, Tx:8, Rx:8, TxS:6, RxS:6, RESULT:true, IC:0, ICT:5, WC:0, WCT:5, R:0, RC:0, IE:0, EC:0
02-19 02:47:11.461  5356 29552 I NearbySharing: Network state changed: NetworkState(isRestricted=false, isOnline=true, isCongested=false, isMetered=false, isWifiConnected=true)
02-19 02:47:11.472  1554 11962 I sensors-hal: handle_sns_std_sensor_event:158, [24450] Pressure 1008.116, cal -0.289, sw_offset 0.000 (lsb(bit) 0x29 0xfd 0x3e)
02-19 02:47:11.517  1554 12945 I sensors-hal: handle_sns_client_event:375, [0][4689225] accel_sample [ 0.741,  0.313,  9.827] 42331077496597
02-19 02:47:11.812  2557  4943 D FreecessController: com.company.dicegame(10676) is important[7]
02-19 02:47:11.852  1059  1059 D io_stats: !@   8,0 r 9171160 129637912 w 3288794 36095648 d 401480 15627796 f 56928 123731 iot 1522012 0 th 0 0 0 pt 0 inp 0 0 40738.309
02-19 02:47:12.024  1554  3896 I sensors-hal: handle_sns_std_sensor_event:131, [SSC_LIGHT] A: 14(14),c:13,b:35,m:13,cl:1,l:15,s:0,l0:2592,l1:0,s0:0,s1:0,acl:1,opr:0.32,f(r):87,u(bl):100,if:0,wi:0,si:0,po:0(N:0)
02-19 02:47:12.432  2557  3792 I BatteryService_BatteryPropertiesRegistrar: [getProperty]id:6
02-19 02:47:12.438  2557  3792 I BatteryService_BatteryPropertiesRegistrar: [getProperty]prop.long:-9223372036854775808 ,prop.string:null
02-19 02:47:12.441  2557  3792 I BatteryService_BatteryPropertiesRegistrar: [getProperty]id:4
02-19 02:47:12.441  2557  3792 I BatteryService_BatteryPropertiesRegistrar: [getProperty]prop.long:-9223372036854775808 ,prop.string:null
02-19 02:47:12.443  2557  3792 I SemWifiIntelligentConnectionManager: IWH Tr. cond. check: 7sCpQVGsQT / true / 1 / true / 1 / false / 1099 / 100
02-19 02:47:12.444  2557  3792 I BatteryService_BatteryPropertiesRegistrar: [getProperty]id:6
02-19 02:47:12.444  2557  3792 I BatteryService_BatteryPropertiesRegistrar: [getProperty]prop.long:-9223372036854775808 ,prop.string:null
02-19 02:47:12.445  2557  3792 I BatteryService_BatteryPropertiesRegistrar: [getProperty]id:4
02-19 02:47:12.445  2557  3792 I BatteryService_BatteryPropertiesRegistrar: [getProperty]prop.long:-9223372036854775808 ,prop.string:null
02-19 02:47:12.456  1554 11966 I sensors-hal: handle_sns_client_event:341, [48911] mag_sample_cal(magcal_available:1): ts=42332022314930 ns; cal = [472.552979, -72.105133, 834.602783], uncal = [351.892975, -239.505127, 581.762817], bias = [-120.659996, -167.399994, -252.839996], status=0
02-19 02:47:13.472  1554 11962 I sensors-hal: handle_sns_std_sensor_event:158, [24460] Pressure 1008.116, cal -0.289, sw_offset 0.000 (lsb(bit) 0x36 0xfd 0x3e)
02-19 02:47:13.528  1554 12945 I sensors-hal: handle_sns_client_event:375, [0][4689245] accel_sample [ 0.740,  0.315,  9.825] 42333087096493
02-19 02:47:13.584 13495 13634 I TapTracker: 1.3)Thread operation monitoring ::: 02/19_02:47:13
02-19 02:47:13.784  1554 26706 I sensors-hal: handle_sns_std_sensor_event:90, light_cct: ts = 42333392179670 ns; value = [14, 14, 77, 84, 0, 35, 1, 0, 2496, 0]
02-19 02:47:13.856  1059  1059 D io_stats: !@   8,0 r 9171174 129638236 w 3288866 36096672 d 401480 15627796 f 56928 123731 iot 1522028 0 th 0 0 0 pt 0 inp 0 0 40740.313
02-19 02:47:13.856  1059  1059 D io_stats: !@ Read_top(KB): hbox:interactor(6639) 324 android.vending(15172) 4
02-19 02:47:13.857  1059  1059 D io_stats: !@ Write_top(KB): kworker/u16:1(28126) 1024 sait.sohservice(29529) 24
02-19 02:47:13.969  2557  5879 D SemWifiUsabilityStatsMonitor: onWifiUsabilityStats - seqNum 12256, isSameBssidAndFreq true
02-19 02:47:13.984  2557  3792 D SGM:GameManager: identifyGamePackage. com.sec.android.app.launcher, mCurrentUserId: 0, callerUserId: 0, callingMethodInfo: com.samsung.android.game.SemGameManager.isGamePackage(SemGameManager.java:105)
02-19 02:47:13.984  2557  3792 D SGM:SemGameManager: isGamePackage(), pkgName=com.sec.android.app.launcher, ret=false
02-19 02:47:14.184  1635  1652 D HeatmapThread: wait_for_battery_event : occured : change@/devices/platform/samsung_mobile_device/samsung_mobile_device:battery/power_supply/battery 
02-19 02:47:14.185  1635  1652 I HeatmapThread: Heatmap battery event
02-19 02:47:14.185  1635  1652 D HeatmapThread: !@ batteryplugType : 2
02-19 02:47:14.186  1635  1652 D HeatmapThread: !@ batteryLevel : 52  batteryTemperature : 358 
02-19 02:47:14.186  1635  1652 D HeatmapThread: !@ Heatmap currtime: 29524157
02-19 02:47:14.186  1635  1652 D HeatmapThread: !@ Heatmap prevtime: 29524145
02-19 02:47:14.186  1635  1652 D HeatmapThread: !@ Heatmap plugstarttime: 29524147
02-19 02:47:14.192  2557  6897 D [SS]BattFunctions: [sendRemainingChargingTimeChangedIntent]remainingChargingTime:2764 ,mLastRemainingChargingTime:2774
02-19 02:47:14.192  2557  6897 D BatteryService: [processValuesLocked]batteryLevel:52 ,LastbatteryLevel:51 ,mPlugType:2 ,batteryStatus:2
02-19 02:47:14.192  2557  6897 D BatteryService: [countBatteryChangedConditions]mBatteryChangedConditionCounts:[29, 3, 1, 164, 39, 115, 37, 0, 0, 31, 31, 0, 30, 0, 0, 24, 150, 39, 0, 0, 0, 1]
02-19 02:47:14.192  2557  6897 D BatteryService: Sending ACTION_BATTERY_CHANGED: level:52, status:2, health:2, remain:2764, ac:false, usb:true, wireless:false, pogo:false, misc:0x10010000, charge_type:1, charger_type:1, voltage:3999, temperature:358, online:19, charging_status:0, cycle_count:0, current_avg:1669, ps:false, hvc:true, current_event:0x8000, mcc:0, mcv:0, cc:2546733, present:true, scale:100, technology:Li-ion, protection:0
02-19 02:47:14.193  2557  6897 D [SS]BattUtils: [readNode]path:/efs/FactoryApp/bsoh ,value:100.00
02-19 02:47:14.195  3927  3927 I AODBatteryManager: updateBatteryData: ACTION_BATTERY_CHANGED
02-19 02:47:14.195  3927  3927 I ChargingInfoManager: updateChargingInfo: newState = AOD ChargingInfo [mState=BATTERY_AND_REMAIN_TIME, mIsCharging=true, mIsPlugged=true, mIsFullyCharged=false, mIsBatteryProtectMode=false, mBetteryLevel=51, mBetteryProtectModeType1, mIsSlowChargingfalse], oldState = AOD ChargingInfo [mState=BATTERY_AND_REMAIN_TIME, mIsCharging=true, mIsPlugged=true, mIsFullyCharged=false, mIsBatteryProtectMode=false, mBetteryLevel=51, mBetteryProtectModeType1, mIsSlowChargingfalse]
02-19 02:47:14.195  3927  3927 D PowerUI : Charging time is changed, check charging notification
02-19 02:47:14.195  1611  1611 I seh_thermal_service: getTemperaturesWithType SehTemperatureType: 3
02-19 02:47:14.196  1596  1596 I sehhealth-service: updateLrpSysfs: write: 375
02-19 02:47:14.196  3927  3927 D PowerUI.Notification: showChargingNotice - oldBatteryLevel : 50 , BatteryLevel : 51 / oldChargingType : 11 , ChargingType : 11 / oldChargingTime : 2774, ChargingTime : 2764 / oldMaximumEnabled : true , MaximumEnabled : true / oldMaximumThreshold : 80 , MaximumThreshold : 80
02-19 02:47:14.197  1596  1742 E BatteryDump: !@new_battery_dump : 3999,1821,1825,3331,52,358,327,429,358,0,377,429,0,Charging,NO_CHARGING,Normal,Good,PDIC,0,Normal,0,0,9300,0x8000,0x10010000,0x0,0,0,0000,0000,ffff0700,0,0,0,0,621,3900,5205,1000,0,
02-19 02:47:14.197  2557  3820 I DeviceBatteryInfoService: action: android.intent.action.BATTERY_CHANGED
02-19 02:47:14.197  2557  3820 I DeviceBatteryInfoService: phone battery level: 52
02-19 02:47:14.197  2557  3820 I DeviceBatteryInfoService: phone battery status: 2
02-19 02:47:14.197  2557  3820 D DeviceBatteryInfoService: setBatteryStatus : 2
02-19 02:47:14.198  3927  3927 I NotificationManager: com.android.systemui: notify(2131363874, charging_state, Notification(channel=CHR shortcut=null contentView=null vibrate=null sound=null defaults=0 flags=ONGOING_EVENT|ONLY_ALERT_ONCE color=0x00000000 category=sys groupKey=CHARGING vis=PUBLIC semFlags=0x0 semPriority=0 semMissedCount=0)) as user
02-19 02:47:14.198  2557  3624 D MotionRecognitionService: [SAR]  onReceive : ACTION_BATTERY_CHANGED, Plugged: 2
02-19 02:47:14.200  3908  3908 D SemBigDataInfoController: Intent: android.intent.action.BATTERY_CHANGED
02-19 02:47:14.200  3908  3908 D SemBigDataInfoController: Intent: android.intent.action.BATTERY_CHANGED
02-19 02:47:14.200  4238  4238 I NfcWirelessCharge: chargeMode: 2, isWirelessCharging: false
02-19 02:47:14.201  2557  6897 W PermissionService: getPermissionFlags: Unknown user -1
02-19 02:47:14.201  6955  6955 I SDHMS:RutCore: Current options : ScreenBrightness(100), sScreenResolutionLevel(2), PerformanceRestricted, DataRestricted(PSM), AOD(Off), DarkMode, 
02-19 02:47:14.201  2557  6897 W PermissionService: getPermissionFlags: Unknown user -1
02-19 02:47:14.201  6955  6955 I SDHMS:RutCore: PSM gain = 109 -> Default(101), Brightness(0), Resolution(-1), PerfRestrict(3), DarkMode(6), 
02-19 02:47:14.202  6955  6955 I SDHMS:RutCore: UPSM gain = 252 -> Default(245), Brightness(0), Resolution(-2), PerfRestrict(3), DarkMode(6), 
02-19 02:47:14.202  2557  2557 D AdaptiveBrightnessLongtermModelBuilder: Received android.intent.action.BATTERY_CHANGED
02-19 02:47:14.202  3927  3927 I AODBatteryManager: updateBatteryData: ACTION_BATTERY_CHANGED
02-19 02:47:14.203  3927  3927 I AODBatteryManager: saveBatteryData : AOD BatteryData [mBatteryLevel=52, mBatteryStatus=CHARGING, mBatteryPlugType=USB, mBatteryPlugged=true, mRemainingChargeTime=2764000, mBatteryChargingType=2, mBatteryChargerType=FAST, mBatteryOnline=NOT_DEFINED, mBatterySwellingMode=NONE, mBatteryProtectMode=false, mBatteryProtectModeType=1, mSleepChargingEvent=null, mSleepChargingEventFinishTime=null, mBatteryHealth=2, mIsDirectPowerMode=false, mIsUsbRestriction=false]
02-19 02:47:14.203  3927  3927 I ChargingInfoManager: updateChargingInfo: newState = AOD ChargingInfo [mState=BATTERY_AND_REMAIN_TIME, mIsCharging=true, mIsPlugged=true, mIsFullyCharged=false, mIsBatteryProtectMode=false, mBetteryLevel=52, mBetteryProtectModeType1, mIsSlowChargingfalse], oldState = AOD ChargingInfo [mState=BATTERY_AND_REMAIN_TIME, mIsCharging=true, mIsPlugged=true, mIsFullyCharged=false, mIsBatteryProtectMode=false, mBetteryLevel=51, mBetteryProtectModeType1, mIsSlowChargingfalse]
02-19 02:47:14.203  3927  3927 I PowerUI : mBootCompleted = true |  mFullyConnected = true
02-19 02:47:14.203  3927  3927 I PowerUI : BATTERY_HEALTH_CHECK / batteryHealth : 2 / wirelessOverheat : false
02-19 02:47:14.203  3927  3927 W PowerUI : Skip charging animation - by Plug reason
02-19 02:47:14.203  3927  3927 W PowerUI : Skip charging sound & vibrate - by Plug reason
02-19 02:47:14.203  3927  3927 D PowerUI : oldMisalign : false, curMisalign : false
02-19 02:47:14.203  3927 31955 D PowerUI.Notification: updateNotification mWarning = false mPlaySound = false
02-19 02:47:14.204  3927  3927 D PowerUI.Notification: showChargingNotice - oldBatteryLevel : 51 , BatteryLevel : 52 / oldChargingType : 11 , ChargingType : 11 / oldChargingTime : 2764, ChargingTime : 2764 / oldMaximumEnabled : true , MaximumEnabled : true / oldMaximumThreshold : 80 , MaximumThreshold : 80
02-19 02:47:14.205  3927  3927 I NotificationManager: com.android.systemui: notify(2131363874, charging_state, Notification(channel=CHR shortcut=null contentView=null vibrate=null sound=null defaults=0 flags=ONGOING_EVENT|ONLY_ALERT_ONCE color=0x00000000 category=sys groupKey=CHARGING vis=PUBLIC semFlags=0x0 semPriority=0 semMissedCount=0)) as user
02-19 02:47:14.207  2557  2557 D SemWifiApIntentHandler: rcvd:android.intent.action.BATTERY_LEVEL_CHANGED
02-19 02:47:14.208  2557  6900 W PermissionService: getPermissionFlags: Unknown user -1
02-19 02:47:14.208  2557  6900 W PermissionService: getPermissionFlags: Unknown user -1
02-19 02:47:14.209  2557  6900 D KNOX_MDM_SettingsProvider: isChangeAllowed() : name = ltc_highsoc_exceed_time
02-19 02:47:14.209  2557  6900 D KNOX_MDM_SettingsProvider: edmUri: content://com.sec.knox.provider/RestrictionPolicy3
02-19 02:47:14.209  2557  6900 D KNOX_MDM_SettingsProvider: projectionArgs: isSettingsChangesAllowed
02-19 02:47:14.209  2557  6900 D KNOX_MDM_SettingsProvider: selectionArgs: false
02-19 02:47:14.209  2557  6900 D KNOX_MDM_SettingsProvider: selectionArgs: 10050
02-19 02:47:14.209  2557  6900 D SecContentProvider: query(), uri = 17 selection = isSettingsChangesAllowed
02-19 02:47:14.209  2557  6900 D SecContentProvider: called from android.uid.systemui:10050
02-19 02:47:14.209  2557  6900 D RestrictionPolicy: isSettingsChangesAllowedAsUser, userId 0 : true
02-19 02:47:14.209  2557  6900 D KNOX_MDM_SettingsProvider: ret = 1
02-19 02:47:14.211  3927  3927 D KeyguardUpdateMonitor: handleBatteryUpdate
02-19 02:47:14.212  3927  3927 D KeyguardSecIndicationController: addTrustAgentHelp false
02-19 02:47:14.212  3927  3927 D KeyguardSecIndicationPolicy:  remove Item pos = DEFAULT, type =     TRUST_AGENT_HELP
02-19 02:47:14.212  3927  3927 D KeyguardSecIndicationController: addUsbRestriction false/isSecure=true
02-19 02:47:14.213  3927  3927 D KeyguardSecIndicationPolicy:  remove Item pos = DEFAULT, type =      USB_RESTRICTION
02-19 02:47:14.213  3927  3927 D KeyguardSecIndicationController: addBatteryAndOwnerInfoIndication() battery status = BatteryStatus{status=2,level=52,plugged=2,chargingStatus=0,maxChargingWattage=-1,remaining=2764000ultraFastCharger=1}
02-19 02:47:14.213  3927  3927 D KeyguardSecIndicationController: addIndicationTimeout() returned - unlocking
02-19 02:47:14.213  3927  3927 D KeyguardSecIndicationController: addIndication() returned - unlocking
02-19 02:47:14.213  3927  3927 D KeyguardSecIndicationController: addIndication() returned - unlocking
02-19 02:47:14.213  3927  3927 D SamsungBatteryMeterDrawable: onBatteryLevelChanged isSomethingChanged: true
02-19 02:47:14.214  3927  3927 D SamsungBatteryMeterDrawable: onBatteryLevelChanged isSomethingChanged: true
02-19 02:47:14.215  3927  3927 D SamsungBatteryMeterDrawable: onBatteryLevelChanged isSomethingChanged: true
02-19 02:47:14.215  3927  3927 D SamsungBatteryMeterDrawable: onBatteryLevelChanged isSomethingChanged: true
02-19 02:47:14.219  1642  1781 I VSyncReactor: Current= 60, Period= 60, Distance= 0
02-19 02:47:14.234  3927  3927 W View    : requestLayout() improperly called by com.android.systemui.qs.SecQSGradationDrawableView{5156ef V.E...... ......ID 0,0-1440,443 #7f0a0977 app:id/qs_gradation_view} during layout: running second layout pass
02-19 02:47:14.234  3927  3927 W View    : requestLayout() improperly called by android.widget.FrameLayout{6f905fc V.E...... ......ID 0,202-1440,3120 #7f0a0975 app:id/qs_frame} during layout: running second layout pass
02-19 02:47:14.236  1642  1781 I VSyncReactor: Current= 60, Period= 60, Distance= 60
02-19 02:47:14.254  1642  1642 D SurfaceFlinger: GPIS:: requestGPISForClientComposition
02-19 02:47:14.261  1642  4829 D NativeSemDvfsManager: acquire:: timeout = 2000 mIsAcquired = 1  mTagName : SurfaceFlinger 
02-19 02:47:14.263  1642  4829 E NativeCustomFrequencyManager: [NativeCFMS] BpCustomFrequencyManager::acquire()
02-19 02:47:14.264  1559  1739 I HYPER-HAL: [RequestManager.cpp]acquire(): Acquired ID : 3492403  [1642 / 1000]    HINT : SF_GPU_MINLOCK    list : [TIMEOUT / 2000] 
02-19 02:47:14.408  2557  2557 I Telecom : SamsungTelecomServiceImpl : isInManagedCall - callingPackage : android / callingUser : UserHandle{0} / hasCrossUserAccess : true
02-19 02:47:14.416  2557  2557 I Telecom : SamsungTelecomServiceImpl : isInManagedCall - callingPackage : android / callingUser : UserHandle{0} / hasCrossUserAccess : true
02-19 02:47:14.425  2557  4919 D ActivityManager: unpendingScheduleServiceRestart: u=10316, drop=false
02-19 02:47:14.428  4488  8718 I HoneySpace.NotificationListener: onNotificationPosted com.android.systemui: -1|com.android.systemui|2131363874|charging_state|10050: 0
02-19 02:47:14.428  4488  8718 I HoneySpace.NotificationListener: invalid notification: com.android.systemui UserHandle{-1}: canShowBadge is false
02-19 02:47:14.428  2557  4917 D FreecessController: UFZ : com.samsung.android.game.gamehome(10316) [8070] reason: Binder(1)-android.service.notification.INotificatio
02-19 02:47:14.431  2557  4943 W LocationManagerService: onFreezeStateChanged, uid[10316]=false
02-19 02:47:14.431  2557  4943 I PowerManagerService: [PWL] SetWakeLockEnableDisable uid = 10316 , disable= false
02-19 02:47:14.432  2557  4943 I PowerManagerService: [PWL] can not change uid =  10316
02-19 02:47:14.432  4488  8718 I HoneySpace.NotificationListener: onNotificationPosted com.android.systemui: -1|com.android.systemui|2131363874|charging_state|10050: 0
02-19 02:47:14.432  4488  8718 I HoneySpace.NotificationListener: invalid notification: com.android.systemui UserHandle{-1}: canShowBadge is false
02-19 02:47:14.456  1554 11966 I sensors-hal: handle_sns_client_event:341, [48931] mag_sample_cal(magcal_available:1): ts=42334022314930 ns; cal = [471.953552, -69.530472, 837.741943], uncal = [351.293549, -236.930466, 584.901978], bias = [-120.659996, -167.399994, -252.839996], status=0
02-19 02:47:14.469  3927  3927 D Bubbles : onEntryUpdated : shouldBubbleUp=false ,key=-1|com.android.systemui|2131363874|charging_state|10050
02-19 02:47:14.469  3927  3927 D InterruptionStateProvider:  no Heads up : edgelighting enabled app. -1|com.android.systemui|2131363874|charging_state|10050
02-19 02:47:14.470  3927  3927 D InterruptionStateProvider:  no Heads up : edgelighting enabled app. -1|com.android.systemui|2131363874|charging_state|10050
02-19 02:47:14.472  3927  3927 D SubscreenNotificationListCoordinator: onAfterRenderList() isSubScreen = false, pluginLockMode = 0, doNotShowOnCover = false
02-19 02:47:14.477  3927  3927 I LockscreenNotificationIconsOnlyController: onNotificationInfoUpdated 0
02-19 02:47:14.477  3927  3927 I AODNotificationManager: updateNotification() 
02-19 02:47:14.481  3927  4577 D LocalImageResolver: Couldn't use ImageDecoder for drawable, falling back to non-resized load.
02-19 02:47:14.482  3927  4577 D LocalImageResolver: Couldn't use ImageDecoder for drawable, falling back to non-resized load.
02-19 02:47:14.484  3927  3927 D LocalImageResolver: Couldn't use ImageDecoder for drawable, falling back to non-resized load.
02-19 02:47:14.497  3927  3927 D S.S.N.  : entryViewBound parent :-1|com.android.systemui|2131363874|charging_state|10050
02-19 02:47:14.499  3927  3927 D LocalImageResolver: Couldn't use ImageDecoder for drawable, falling back to non-resized load.
02-19 02:47:14.504  3927  3927 D SubscreenNotificationListCoordinator: onAfterRenderList() isSubScreen = false, pluginLockMode = 0, doNotShowOnCover = false
02-19 02:47:14.506  3927  3927 I LockscreenNotificationIconsOnlyController: onNotificationInfoUpdated 0
02-19 02:47:14.506  3927  3927 I AODNotificationManager: updateNotification() 
02-19 02:47:14.670  3927  3927 D Bubbles : onEntryUpdated : shouldBubbleUp=false ,key=-1|com.android.systemui|2131363874|charging_state|10050
02-19 02:47:14.672  3927  3927 D InterruptionStateProvider:  no Heads up : edgelighting enabled app. -1|com.android.systemui|2131363874|charging_state|10050
02-19 02:47:14.689  3927  3927 D SubscreenNotificationListCoordinator: onAfterRenderList() isSubScreen = false, pluginLockMode = 0, doNotShowOnCover = false
02-19 02:47:14.694  3927  3927 I LockscreenNotificationIconsOnlyController: onNotificationInfoUpdated 0
02-19 02:47:14.695  3927  3927 I AODNotificationManager: updateNotification() 
02-19 02:47:14.704  3927  4577 D LocalImageResolver: Couldn't use ImageDecoder for drawable, falling back to non-resized load.
02-19 02:47:14.706  3927  4577 D LocalImageResolver: Couldn't use ImageDecoder for drawable, falling back to non-resized load.
02-19 02:47:14.711  3927  3927 D LocalImageResolver: Couldn't use ImageDecoder for drawable, falling back to non-resized load.
02-19 02:47:14.728  3927  3927 D S.S.N.  : entryViewBound parent :-1|com.android.systemui|2131363874|charging_state|10050
02-19 02:47:14.730  3927  3927 D LocalImageResolver: Couldn't use ImageDecoder for drawable, falling back to non-resized load.
02-19 02:47:14.736  3927  3927 D SubscreenNotificationListCoordinator: onAfterRenderList() isSubScreen = false, pluginLockMode = 0, doNotShowOnCover = false
02-19 02:47:14.740  3927  3927 I LockscreenNotificationIconsOnlyController: onNotificationInfoUpdated 0
02-19 02:47:14.740  3927  3927 I AODNotificationManager: updateNotification() 
02-19 02:47:14.882  2557  2915 E Watchdog: !@Sync: 1358 heap(MB): 157 / 189 FD: 1400 [2026-02-19 02:47:14.881]
02-19 02:47:15.080  2557  4943 D FreecessController: com.sikwin.app(10679) is important[2]
02-19 02:47:15.384  1554 13402 I sensors-hal: handle_sns_std_sensor_event:409, [SSC_LIGHT] P: 15(15),c:13,b:35,m:13,cl:1,l:15,s:0,l0:2592,l1:0,s0:0,s1:0,acl:1,opr:0.32,f(r):87,u(bl):100,if:0,wi:0,si:0,po:0(N:0)
02-19 02:47:15.387  6955  6955 I SDHMS:LOAD: type: LoadsFreqs, value: 0:0:0:672000:672000:672000:614400:614400:499200:422:422:422
02-19 02:47:15.394  3880  3880 I wpa_supplicant: Heartbeat 4155
02-19 02:47:15.476  1554 11962 I sensors-hal: handle_sns_std_sensor_event:158, [24470] Pressure 1008.112, cal -0.289, sw_offset 0.000 (lsb(bit) 0x38 0xfd 0x3e)
02-19 02:47:15.541  1554 12945 I sensors-hal: handle_sns_client_event:375, [0][4689265] accel_sample [ 0.743,  0.316,  9.824] 42335096694826
02-19 02:47:15.857  1059  1059 D io_stats: !@   8,0 r 9171174 129638236 w 3288868 36096680 d 401480 15627796 f 56928 123731 iot 1522040 0 th 0 0 0 pt 0 inp 0 0 40742.314
02-19 02:47:15.867  6955  7273 I FASProvider: makeValuesForFasUpdate contentValues = package_name=com.microsoft.skydrive uid=10113 level=1 resetTime=1771449435862
02-19 02:47:15.971  5356  5356 D BoundBrokerSvc: onUnbind: Intent { act=com.google.android.gms.common.telemetry.service.START dat=chimera-action:/... cmp=com.google.android.gms/.chimera.PersistentApiService }
02-19 02:47:16.267  1559 27703 I HYPER-HAL: [RequestManager.cpp]releaseLocked(): Released ID : 3492403
02-19 02:47:16.344  1554 26706 I sensors-hal: handle_sns_std_sensor_event:90, light_cct: ts = 42335952176858 ns; value = [15, 15, 77, 84, 0, 35, 1, 0, 2720, 0]
02-19 02:47:16.456  1554 11966 I sensors-hal: handle_sns_client_event:341, [48951] mag_sample_cal(magcal_available:1): ts=42336022314930 ns; cal = [470.310394, -70.203857, 838.761353], uncal = [349.650391, -237.603851, 585.921326], bias = [-120.659996, -167.399994, -252.839996], status=0
02-19 02:47:16.505  1554  3896 I sensors-hal: handle_sns_std_sensor_event:131, [SSC_LIGHT] A: 16(16),c:13,b:35,m:13,cl:1,l:16,s:0,l0:2720,l1:0,s0:0,s1:0,acl:1,opr:0.32,f(r):87,u(bl):100,if:0,wi:0,si:0,po:0(N:0)
02-19 02:47:16.818  2557  4943 D FreecessController: com.company.dicegame(10676) is important[7]
02-19 02:47:16.826  1540  4813 I vendor.qti.bluetooth@1.1-ibs_handler: ProcessIbsCmd: Received IBS_WAKE_IND: 0xFD
02-19 02:47:16.826  1540  4813 D vendor.qti.bluetooth@1.1-ibs_handler: SerialClockVote: vote for UART CLK ON
02-19 02:47:16.827  1540  4813 D vendor.qti.bluetooth@1.1-wake_lock: Acquire wakelock is acquired 
02-19 02:47:16.827  1540  4813 I vendor.qti.bluetooth@1.1-ibs_handler: ProcessIbsCmd: Writing IBS_WAKE_ACK
02-19 02:47:16.835  4182  4433 W l2c_ble : system/stack/l2cap/l2c_ble.cc:101 l2cble_notify_le_connection: 
02-19 02:47:16.837  4182  4831 W bt_btif_gattc: system/btif/src/btif_gatt_client.cc:211 btif_gattc_upstreams_evt: Event BTA_GATTC_NOTIF_EVT [10]
02-19 02:47:16.840  6611  6132 I [AirCmd]_BleDriver: GattCallback : onCharacteristicChanged : E2.d@d50fadd / UUID_CHARGE_STATUS, RAWDATA : [0]
02-19 02:47:16.841  6611  6132 I [AirCmd]_SpenCommonDriver: onCharacteristicChanged : Charge:DISCHARGING
02-19 02:47:16.841  6611  6132 I [AirCmd]_BleSpenGenericChargeController: onChargeStateChanged : spenInstanceId=BUILTIN, chargeState=DISCHARGING
02-19 02:47:16.878  1540  4813 I vendor.qti.bluetooth@1.1-ibs_handler: ProcessIbsCmd: Received IBS_SLEEP_IND: 0xFE
02-19 02:47:16.879  1540  4813 D vendor.qti.bluetooth@1.1-ibs_handler: SerialClockVote: vote for UART CLK OFF
02-19 02:47:16.926  1559  1739 I HYPER-HAL: [RequestManager.cpp]acquire(): Acquired ID : 21126685  [1564 / 4935]    HINT :      list : [TID_LOW_LATENCY / 1] [TID / 27503] [TID / 27504] [TID / 27454] [TID / 27499] 
02-19 02:47:16.928  1559  1739 I HYPER-HAL: [RequestManager.cpp]acquire(): Acquired ID : 21126685  [1564 / 4935]    HINT :      list : [TID_LOW_LATENCY / 0] [TID / 27503] [TID / 27504] [TID / 27454] [TID / 27499] 
02-19 02:47:16.931  1559  1739 I HYPER-HAL: [RequestManager.cpp]acquire(): Acquired ID : 21126685  [1564 / 4935]    HINT :      list : [TID_LOW_LATENCY / 0] [TID / 27503] [TID / 27504] [TID / 27454] [TID / 27499] 
02-19 02:47:16.931  1559  1739 I HYPER-HAL: [RequestManager.cpp]acquire(): Acquired ID : 21133186  [1564 / 4936]    HINT :      list : [UCLAMP_MIN_BOOST / 0] [TID / 27503] [TID / 27504] [TID / 27454] [TID / 27499] 
02-19 02:47:16.932  1559  1739 I HYPER-HAL: [RequestManager.cpp]releaseLocked(): Released ID : 21126685
02-19 02:47:16.932  1559  1739 I HYPER-HAL: [RequestManager.cpp]releaseLocked(): Released ID : 21133186
02-19 02:47:17.009  2557  5879 D SemWifiUsabilityStatsMonitor: onWifiUsabilityStats - seqNum 12257, isSameBssidAndFreq true
02-19 02:47:17.010  4110  4110 I EPDG -- SIM0 [SMARTWIFI]: isProfiling, hash=168687865, started=true
02-19 02:47:17.011  4110  4110 W Settings: Setting wifi_on has moved from android.provider.Settings.System to android.provider.Settings.Secure, returning read-only value.
02-19 02:47:17.011  4110  4110 W Settings: Setting wifi_on has moved from android.provider.Settings.Secure to android.provider.Settings.Global.
02-19 02:47:17.011  4110  4110 I EPDG -- SIM0 [SMARTWIFI]: isProfiling, hash=168687865, started=true
02-19 02:47:17.012  4110  4110 I EPDG -- SIM0 [SMARTWIFI]: Rssi : -59 highrange : -75 lowrange : -85 mIsRssiInHystersis : false
02-19 02:47:17.012  4110  4110 I EPDG -- SIM0 [SMARTWIFI]: Rssi : -59 highrange : -75 lowrange : -85 mIsRssiInHystersis : false
02-19 02:47:17.012  4110  4110 I EPDG -- SIM0 [SMARTWIFI]: getHandoverThresholdMet: value is: false
02-19 02:47:17.025  2557  3792 D SGM:GameManager: identifyGamePackage. com.sec.android.app.launcher, mCurrentUserId: 0, callerUserId: 0, callingMethodInfo: com.samsung.android.game.SemGameManager.isGamePackage(SemGameManager.java:105)
02-19 02:47:17.026  2557  3792 D SGM:SemGameManager: isGamePackage(), pkgName=com.sec.android.app.launcher, ret=false
02-19 02:47:17.029  1540  4448 D vendor.qti.bluetooth@1.1-wake_lock: Release wakelock is released 
02-19 02:47:17.472  1554 11962 I sensors-hal: handle_sns_std_sensor_event:158, [24480] Pressure 1008.114, cal -0.289, sw_offset 0.000 (lsb(bit) 0x26 0xfd 0x3e)
02-19 02:47:17.547  1554 12945 I sensors-hal: handle_sns_client_event:375, [0][4689285] accel_sample [ 0.738,  0.316,  9.831] 42337106291233
02-19 02:47:17.852  2557  6900 I SpenGestureManagerService: getBleSpenAddress
02-19 02:47:17.858  6611  6611 W [AirCmd]_PairedSpenManager: getSpenNickName : BT device nickName is null.
02-19 02:47:17.859  1059  1059 D io_stats: !@   8,0 r 9171175 129638240 w 3288868 36096680 d 401480 15627796 f 56928 123731 iot 1522048 0 th 0 0 0 pt 0 inp 0 0 40744.316
02-19 02:47:17.859  6611  6611 I [AirCmd]_DeviceBatteryInfoHandler: setDeviceBatteryInfo : Address = E8:A8:48:0C:DA:B3, BatteryLevel = 100, BatteryStatus = 3
02-19 02:47:17.859  1059  1059 D io_stats: !@ Read_top(KB): c.android.sdhms(6955) 4
02-19 02:47:17.860  1059  1059 D io_stats: !@ Write_top(KB): vendor.samsung.(1596) 8
02-19 02:47:17.860  2557  6900 I BatteryStatsService: setDeviceBatteryInfo()
02-19 02:47:17.860  2557  6900 I DeviceBatteryInfoService: setDeviceBatteryInfo()
02-19 02:47:17.861  2557  3820 I DeviceBatteryInfoService: address : E8A848_3
02-19 02:47:17.861  2557  3820 I DeviceBatteryInfoService: semGetBatteryInfo() : E8A848_3
02-19 02:47:18.455  1554 11966 I sensors-hal: handle_sns_client_event:341, [48971] mag_sample_cal(magcal_available:1): ts=42338022314930 ns; cal = [468.002533, -69.783203, 842.075317], uncal = [347.342529, -237.183197, 589.235352], bias = [-120.659996, -167.399994, -252.839996], status=0
02-19 02:47:18.904  1554 13402 I sensors-hal: handle_sns_std_sensor_event:409, [SSC_LIGHT] P: 14(14),c:13,b:35,m:13,cl:1,l:13,s:0,l0:2400,l1:0,s0:0,s1:0,acl:1,opr:0.32,f(r):87,u(bl):100,if:0,wi:0,si:0,po:0(N:0)
02-19 02:47:18.905  1554 26706 I sensors-hal: handle_sns_std_sensor_event:90, light_cct: ts = 42338512186753 ns; value = [14, 14, 77, 84, 0, 35, 1, 0, 2400, 0]
02-19 02:47:19.472  1554 11962 I sensors-hal: handle_sns_std_sensor_event:158, [24490] Pressure 1008.115, cal -0.289, sw_offset 0.000 (lsb(bit) 0x1b 0xfd 0x3e)
02-19 02:47:19.557  1554 12945 I sensors-hal: handle_sns_client_event:375, [0][4689305] accel_sample [ 0.739,  0.314,  9.828] 42339115885325
02-19 02:47:19.860  1059  1059 D io_stats: !@   8,0 r 9171175 129638240 w 3288894 36096852 d 401519 15628056 f 56928 123731 iot 1522068 0 th 0 0 0 pt 0 inp 0 0 40746.317
02-19 02:47:19.906  3927  4050 D Tile.SoundModeTile: handleSetListening: listening true
02-19 02:47:19.909  3927  4050 D Tile.SoundModeTile: handleUpdateState: profile 1, muteAllSound false
02-19 02:47:19.910  3927  4050 D Tile.SoundModeTile: handleSetListening: listening false
02-19 02:47:19.932  3927  4050 D DeviceState: isESIM() :0 : false
02-19 02:47:19.932  3927  4050 D NetworkController.MobileSignalController(1): isPowerOffServiceState,mCurrentState.getVoiceServiceState() = 0,mCurrentState.airplaneMode = false,mCurrentState.canCellularVoiceService() = true,mCurrentState.getMobileDataRegState() = true
02-19 02:47:19.932  3927  4050 D Tile.AirplaneModeTile:  handleUpdateState mIsWiFiOnlyDevice false isNoSimState false isPowerOffServiceState false mSetting.getValue() 0 isSatelliteModeOn false isChinaDevice false
02-19 02:47:19.932  3927  4050 D Tile.AirplaneModeTile:  handleUpdateState:  value = false, state = 1
02-19 02:47:19.935  3927  4050 D SRotationLockTile:  mRotationLocked: true handleUpdateState: false orientation = true
02-19 02:47:19.937  3927  4050 D SRotationLockTile:  mRotationLocked: true handleUpdateState: false orientation = true
02-19 02:47:19.939  3927  4050 D SRotationLockTile:  mRotationLocked: true handleUpdateState: false orientation = true
02-19 02:47:19.940  3927  4050 D DeviceState: isESIM() :0 : false
02-19 02:47:19.940  3927  4050 D NetworkController.MobileSignalController(1): isPowerOffServiceState,mCurrentState.getVoiceServiceState() = 0,mCurrentState.airplaneMode = false,mCurrentState.canCellularVoiceService() = true,mCurrentState.getMobileDataRegState() = true
02-19 02:47:19.940  3927  4050 D Tile.AirplaneModeTile:  handleUpdateState mIsWiFiOnlyDevice false isNoSimState false isPowerOffServiceState false mSetting.getValue() 0 isSatelliteModeOn false isChinaDevice false
02-19 02:47:19.940  3927  4050 D Tile.AirplaneModeTile:  handleUpdateState:  value = false, state = 1
02-19 02:47:19.949  3927  3927 D ZenModeController: Added callback class com.android.systemui.qs.tiles.DndTile$4
02-19 02:47:19.952  3927  4050 D Tile.MobileDataTile: handleUpdateState : state true
02-19 02:47:19.953  3927  4050 D Tile.MobileDataTile: handleUpdateState : state true
02-19 02:47:19.953  3927  4050 D Tile.DndTile: handleUpdateState zen 0  state = QSTile$BooleanState[spec=Dnd,icon=ResourceIcon[resId=0x7f080e6d],nextIcon=null,iconSupplier=null,label=Do not disturb,secondaryLabel=null,contentDescription=null,stateDescription=null,dualLabelContentDescription=null,expandedAccessibilityClassName=null,disabledByPolicy=false,dualTarget=true,isTransient=false,state=1,sideViewCustomDrawable=null,tileClassName=null,value=false,forceExpandIcon=false]
02-19 02:47:19.954  3927  4050 D Tile.SecDeviceControlsTile: handleUpdateState appName = SmartThings
02-19 02:47:19.957  3927  3927 D SBluetoothControllerImpl: handleMessage : 3
02-19 02:47:19.957  3927  3927 D SBluetoothControllerImpl: handleMessage : 2
02-19 02:47:19.958  3927  3927 D ZenModeController: Removed callback class com.android.systemui.qs.tiles.DndTile$4
02-19 02:47:19.959  3927  4050 D SBluetoothTile:  handleUpdateState enabled = false connected = false connecting = false changedState =false bluetoothState = 10 enabledChanging = false state = QSTile$BooleanState[spec=Bluetooth,icon=ResourceIcon[resId=0x7f080e68],nextIcon=null,iconSupplier=null,label=Bluetooth,secondaryLabel=,contentDescription=Bluetooth,stateDescription=null,dualLabelContentDescription=null,expandedAccessibilityClassName=null,disabledByPolicy=false,dualTarget=true,isTransient=false,state=1,sideViewCustomDrawable=null,tileClassName=null,value=false,forceExpandIcon=false]
02-19 02:47:19.959  3927  4050 D SBluetoothTile:  handleUpdateState enabled = false connected = false connecting = false changedState =false bluetoothState = 10 enabledChanging = false state = QSTile$BooleanState[spec=Bluetooth,icon=ResourceIcon[resId=0x7f080e68],nextIcon=null,iconSupplier=null,label=Bluetooth,secondaryLabel=,contentDescription=Bluetooth,stateDescription=null,dualLabelContentDescription=null,expandedAccessibilityClassName=null,disabledByPolicy=false,dualTarget=true,isTransient=false,state=1,sideViewCustomDrawable=null,tileClassName=null,value=false,forceExpandIcon=false]
02-19 02:47:19.959  3927  4050 D SBluetoothTile:  handleUpdateState enabled = false connected = false connecting = false changedState =false bluetoothState = 10 enabledChanging = false state = QSTile$BooleanState[spec=Bluetooth,icon=ResourceIcon[resId=0x7f080e68],nextIcon=null,iconSupplier=null,label=Bluetooth,secondaryLabel=,contentDescription=Bluetooth,stateDescription=null,dualLabelContentDescription=null,expandedAccessibilityClassName=null,disabledByPolicy=false,dualTarget=true,isTransient=false,state=1,sideViewCustomDrawable=null,tileClassName=null,value=false,forceExpandIcon=false]
02-19 02:47:19.960  3927  4050 I HotspotTile: handleUpdateState
02-19 02:47:19.960  3927  3927 I HotspotTile: onDataSaverChanged: false
02-19 02:47:19.960  3927  3927 I HotspotTile: onHotspotChanged: false
02-19 02:47:19.960  3927  3927 D SBluetoothControllerImpl: handleMessage : 4
02-19 02:47:19.962  3927  4050 I HotspotTile: handleUpdateState
02-19 02:47:19.963  3927  4050 I HotspotTile: handleUpdateState
02-19 02:47:19.964  3927  4050 I HotspotTile: handleUpdateState
02-19 02:47:20.047  2557  5879 D SemWifiUsabilityStatsMonitor: onWifiUsabilityStats - seqNum 12258, isSameBssidAndFreq true
02-19 02:47:20.050  4110  4110 I EPDG -- SIM0 [SMARTWIFI]: isProfiling, hash=168687865, started=true
02-19 02:47:20.050  4110  4110 W Settings: Setting wifi_on has moved from android.provider.Settings.System to android.provider.Settings.Secure, returning read-only value.
02-19 02:47:20.051  4110  4110 W Settings: Setting wifi_on has moved from android.provider.Settings.Secure to android.provider.Settings.Global.
02-19 02:47:20.051  4110  4110 I EPDG -- SIM0 [SMARTWIFI]: isProfiling, hash=168687865, started=true
02-19 02:47:20.053  4110  4110 I EPDG -- SIM0 [SMARTWIFI]: Rssi : -60 highrange : -75 lowrange : -85 mIsRssiInHystersis : false
02-19 02:47:20.053  4110  4110 I EPDG -- SIM0 [SMARTWIFI]: Rssi : -60 highrange : -75 lowrange : -85 mIsRssiInHystersis : false
02-19 02:47:20.053  4110  4110 I EPDG -- SIM0 [SMARTWIFI]: getHandoverThresholdMet: value is: false
02-19 02:47:20.061  2557  3792 D SGM:GameManager: identifyGamePackage. com.sec.android.app.launcher, mCurrentUserId: 0, callerUserId: 0, callingMethodInfo: com.samsung.android.game.SemGameManager.isGamePackage(SemGameManager.java:105)
02-19 02:47:20.061  2557  3792 D SGM:SemGameManager: isGamePackage(), pkgName=com.sec.android.app.launcher, ret=false
02-19 02:47:20.085  2557  4943 D FreecessController: com.sikwin.app(10679) is important[2]
02-19 02:47:20.431  2557  4943 I NSLocationMonitor: getGPSUsingApps() called
02-19 02:47:20.433  4929  6541 I NSLocationManager_FLP: getGPSUsingApps, No change
02-19 02:47:20.446  2557  4943 D FreecessController: com.samsung.android.game.gamehome(state: Initial -> Frozen, Reason: Binder(1)-android.service.notification.INotificatio)
02-19 02:47:20.457  1554 11966 I sensors-hal: handle_sns_client_event:341, [48991] mag_sample_cal(magcal_available:1): ts=42340022314908 ns; cal = [467.555145, -68.380325, 843.559448], uncal = [346.895142, -235.780319, 590.719482], bias = [-120.659996, -167.399994, -252.839996], status=0
02-19 02:47:20.457  2557  4943 D FreecessController: FZ : com.samsung.android.game.gamehome(10316) [8070] reason: Bg
02-19 02:47:20.458  2557  4943 W LocationManagerService: onFreezeStateChanged, uid[10316]=true
02-19 02:47:20.458  2557  4943 I PowerManagerService: [PWL] SetWakeLockEnableDisable uid = 10316 , disable= true
02-19 02:47:20.458  2557  4943 I PowerManagerService: [PWL] can not change uid =  10316
02-19 02:47:20.565  6955  7535 I SDHMS:x : SIOP:: AP:396 BAT:358 USB:327 CHG:426 PA:399 WIFI:388 CF:370 BLK:0 SUBBAT:0 LRPTHM:364 SKIN:373 SKINF:353 SKINB:373 LRP2:373 LRF2:353 LRB2:373 AP2:372 CHG2:369 WIFI2:373 RCV2:346 SPK2:313 FCAM:327 UPSPK:370 DNSPK:327 VAP02:404 VWIFI:394 AMB2:268 AVGCUR:1731 AVGSYS:267 POWER:6922
02-19 02:47:20.569  6955  7066 I SDHMS:N0: p2p-if:: false, , 
