02-19 02:51:32.407  1554  3896 I sensors-hal: handle_sns_client_event:190, auto_rotation_debug_2 mode,255, type,1,0 acc,0.732,0.402,9.811, ar,0, ver,12, pedo,1,e,1,i,3
02-19 02:51:32.455  1554 11966 I sensors-hal: handle_sns_client_event:341, [51511] mag_sample_cal(magcal_available:1): ts=42592022314035 ns; cal = [17.027119, -115.016266, 151.015198], uncal = [-63.312878, -232.136261, -63.844795], bias = [-80.339996, -117.119995, -214.860001], status=0
02-19 02:51:32.552  2557  2990 D PowerManagerService: displayReady: false groupId=0
02-19 02:51:32.552  2557  2990 D DisplayPowerController2[0]: animateScreenStateChange: target=ON, mIsEnabled=true
02-19 02:51:32.553  2557  2990 D PowerManagerService: displayReady: true groupId=0
02-19 02:51:32.752  2557  2990 D PowerManagerService: displayReady: false groupId=0
02-19 02:51:32.753  2557  2990 D DisplayPowerController2[0]: animateScreenStateChange: target=ON, mIsEnabled=true
02-19 02:51:32.753  2557  2990 D PowerManagerService: displayReady: true groupId=0
02-19 02:51:32.954  2557  2990 D PowerManagerService: displayReady: false groupId=0
02-19 02:51:32.954  2557  2990 D DisplayPowerController2[0]: animateScreenStateChange: target=ON, mIsEnabled=true
02-19 02:51:32.954  2557  2990 D PowerManagerService: displayReady: true groupId=0
02-19 02:51:33.154  2557  2990 D PowerManagerService: displayReady: false groupId=0
02-19 02:51:33.155  2557  2990 D DisplayPowerController2[0]: animateScreenStateChange: target=ON, mIsEnabled=true
02-19 02:51:33.155  2557  2990 D PowerManagerService: displayReady: true groupId=0
02-19 02:51:33.356  2557  2990 D PowerManagerService: displayReady: false groupId=0
02-19 02:51:33.356  2557  2990 D DisplayPowerController2[0]: animateScreenStateChange: target=ON, mIsEnabled=true
02-19 02:51:33.357  2557  2990 D PowerManagerService: displayReady: true groupId=0
02-19 02:51:33.415  1554 29929 I sensors-hal: handle_sns_client_event:422, [0][6467] gyro_sample_cal(cal_available:1)(3) [-0.001, 0.002,-0.000] bias[ 0.002,-0.005,-0.007] 42593014321692
02-19 02:51:33.464  1554  3896 I sensors-hal: handle_sns_std_sensor_event:131, [SSC_LIGHT] A: 15(15),c:16,b:35,m:13,cl:1,l:15,s:0,l0:2688,l1:0,s0:0,s1:0,acl:1,opr:0.27,f(r):87,u(bl):100,if:0,wi:0,si:0,po:0(N:0)
02-19 02:51:33.464  1554 13402 I sensors-hal: handle_sns_std_sensor_event:409, [SSC_LIGHT] P: 15(15),c:16,b:35,m:13,cl:1,l:15,s:0,l0:2688,l1:0,s0:0,s1:0,acl:1,opr:0.27,f(r):87,u(bl):100,if:0,wi:0,si:0,po:0(N:0)
02-19 02:51:33.471  1554 11962 I sensors-hal: handle_sns_std_sensor_event:158, [25760] Pressure 1008.120, cal -0.289, sw_offset 0.000 (lsb(bit) 0x3b 0xfd 0x3e)
02-19 02:51:33.556  2557  2990 D PowerManagerService: displayReady: false groupId=0
02-19 02:51:33.557  2557  2990 D DisplayPowerController2[0]: animateScreenStateChange: target=ON, mIsEnabled=true
02-19 02:51:33.557  2557  2990 D PowerManagerService: displayReady: true groupId=0
02-19 02:51:33.757  2557  2990 D PowerManagerService: displayReady: false groupId=0
02-19 02:51:33.757  2557  2990 D DisplayPowerController2[0]: animateScreenStateChange: target=ON, mIsEnabled=true
02-19 02:51:33.757  2557  2990 D PowerManagerService: displayReady: true groupId=0
02-19 02:51:33.958  2557  2990 D PowerManagerService: displayReady: false groupId=0
02-19 02:51:33.958  2557  2990 D DisplayPowerController2[0]: animateScreenStateChange: target=ON, mIsEnabled=true
02-19 02:51:33.958  2557  2990 D PowerManagerService: displayReady: true groupId=0
02-19 02:51:34.033  1059  1059 D io_stats: !@   8,0 r 9231886 130350884 w 3343676 36765920 d 405881 15868100 f 57686 125512 iot 1533904 0 th 0 0 0 pt 0 inp 0 0 41000.490
02-19 02:51:34.034  1059  1059 D io_stats: !@ Read_top(KB): c.android.sdhms(6955) 8
02-19 02:51:34.034  1059  1059 D io_stats: !@ Write_top(KB): kworker/u16:0(27298) 456 c.android.sdhms(6955) 408 sait.sohservice(29529) 24
02-19 02:51:34.145  1554 12945 I sensors-hal: handle_sns_client_event:375, [0][4755502] accel_sample [ 0.737,  0.392,  9.835] 42593754663463
02-19 02:51:34.159  2557  2990 D PowerManagerService: displayReady: false groupId=0
02-19 02:51:34.159  2557  2990 D DisplayPowerController2[0]: animateScreenStateChange: target=ON, mIsEnabled=true
02-19 02:51:34.159  2557  2990 D PowerManagerService: displayReady: true groupId=0
02-19 02:51:34.360  2557  2990 D PowerManagerService: displayReady: false groupId=0
02-19 02:51:34.360  2557  2990 D DisplayPowerController2[0]: animateScreenStateChange: target=ON, mIsEnabled=true
02-19 02:51:34.360  2557  2990 D PowerManagerService: displayReady: true groupId=0
02-19 02:51:34.455  1554 11966 I sensors-hal: handle_sns_client_event:341, [51531] mag_sample_cal(magcal_available:1): ts=42594022314035 ns; cal = [15.666084, -116.643951, 148.671646], uncal = [-64.673912, -233.763947, -66.188354], bias = [-80.339996, -117.119995, -214.860001], status=0
02-19 02:51:34.493  2557  4943 I NSLocationMonitor: getGPSUsingApps() called
02-19 02:51:34.494  4929  6539 I NSLocationManager_FLP: getGPSUsingApps, No change
02-19 02:51:34.508  2557  4943 D FreecessController: com.samsung.android.game.gamehome(state: Initial -> Frozen, Reason: Binder(1)-android.service.notification.INotificatio)
02-19 02:51:34.520  2557  4943 D FreecessController: FZ : com.samsung.android.game.gamehome(10316) [8070] reason: Bg
02-19 02:51:34.520  2557  4943 W LocationManagerService: onFreezeStateChanged, uid[10316]=true
02-19 02:51:34.521  2557  4943 I PowerManagerService: [PWL] SetWakeLockEnableDisable uid = 10316 , disable= true
02-19 02:51:34.521  2557  4943 I PowerManagerService: [PWL] can not change uid =  10316
02-19 02:51:34.560  2557  2990 D PowerManagerService: displayReady: false groupId=0
02-19 02:51:34.560  2557  2990 D DisplayPowerController2[0]: animateScreenStateChange: target=ON, mIsEnabled=true
02-19 02:51:34.560  2557  2990 D PowerManagerService: displayReady: true groupId=0
02-19 02:51:34.598  1556  3861 I WifiHAL : event received NL80211_CMD_VENDOR, vendor_id = 0x1374, subcmd = 0xb6
02-19 02:51:34.599  2201  3865 D LOWI-9.0.1.74: [LOWI-Scan] wait_event:Wait done with Cmd 103
02-19 02:51:34.599  2201  3865 D LOWI-9.0.1.74: [LOWI-Scan] do_listen_events: Rcvd valid Netlink Cmd 0 Err 0
02-19 02:51:34.599  2161  2161 I cnss-daemon: nl80211 response handler invoked
02-19 02:51:34.599  2161  2161 I cnss-daemon: nl80211_response_handler: cmd 103, vendorID 4980, subcmd 182  received
02-19 02:51:34.612  1635  1652 D HeatmapThread: wait_for_battery_event : occured : change@/devices/virtual/xt_idletimer/timers 
02-19 02:51:34.615  2557  3662 D ConnectivityService: reportNetworkActive, notify 2 listeners
02-19 02:51:34.638  2557  5879 D SemWifiUsabilityStatsMonitor: onWifiUsabilityStats - seqNum 12342, isSameBssidAndFreq true
02-19 02:51:34.641  2557  3662 D ConnectivityService: notifyType CALLBACK_CAP_CHANGED for [105 WIFI]
02-19 02:51:34.644  2557  3721 D SemWifiApNsd:Client: lpInterface:wlan0
02-19 02:51:34.644  2557  3721 D SemWifiSwitchForIndividualAppsService: stopTCPMonitoring : already stopped
02-19 02:51:34.644  2557  3721 I WifiConnectivityMonitor.NCC: sNetworkCallback(oCC) FULL : 105(valid: true/captive: false)
02-19 02:51:34.644  2557  3721 I WifiConnectivityMonitor.NCC: [ Transports: WIFI Capabilities: NOT_METERED&INTERNET&NOT_RESTRICTED&TRUSTED&NOT_VPN&VALIDATED&NOT_ROAMING&FOREGROUND&NOT_CONGESTED&NOT_SUSPENDED&NOT_VCN_MANAGED&NOT_BANDWIDTH_CONSTRAINED LinkUpBandwidth>=18986Kbps LinkDnBandwidth>=24435Kbps TransportInfo: <SSID: <unknown ssid>, BSSID: 02:00:00:**:**:00, MAC: 02:00:00:**:**:00, IP: /192.***.*.4, Security type: 2, Supplicant state: COMPLETED, Wi-Fi standard: 11ax, RSSI: -59, Link speed: 288Mbps, Tx Link speed: 288Mbps, Max Supported Tx Link speed: 2401Mbps, Rx Link speed: 576Mbps, Max Supported Rx Link speed: 2401Mbps, Frequency: 5200MHz, Net ID: -1, Metered hint: false, score: 60, isUsable: true, CarrierMerged: false, SubscriptionId: -1, IsPrimary: 1, Trusted: true, Restricted: false, Ephemeral: false, OEM paid: false, OEM private: false, OSU AP: false, FQDN: <none>, Provider friendly name: <none>, Requesting package name: <none><none>MLO Information: , Is TID-To-Link negotiation supported by the AP: false, AP MLD Address: <none>, AP MLO Link Id: <none>, AP MLO Affiliated links: <none>, Vendor Data: <none>> SignalStrength: -59 AdminUids: [1000] SSID: "Airtel_FARM HOUSE" UnderlyingNetworks: Null]
02-19 02:51:34.645  2557  3803 D WifiConnectivityMonitor: HANDLE_ON_CAPABILITIES_CHANGED
02-19 02:51:34.646  2557  3795 D SemApeService: Deducted link capacity (M: R=403 T=201) RSSI=-59
02-19 02:51:34.646  2557  3795 D SemApeService: Deducted link capacity (M: R=403 T=201) on (wlan0) GoogleAPI(M: R=24 T=18) RSSI=-59 isDefault=false isMlo=false
02-19 02:51:34.649  2557  3721 D SemWifiApTrafficPriority: onCapabilitiesChanged Wifi:wlan0,mGapiValue:24.435Uplink: 18.986
02-19 02:51:34.650  3927  4249 D WifiPickerTracker: updateWifiEntries capabilities
02-19 02:51:34.653  3927  4249 D WifiPickerTracker: update AutoHotspot Entries() : bleAccessPoints -> 0
02-19 02:51:34.654  3927  4249 D WifiPickerTracker: handleNetworkCapabilitiesChanged
02-19 02:51:34.654  8468  9412 I HBD     : i onCapabilitiesChanged network : 105 current network state : wifi 
02-19 02:51:34.654  4229  6066 D txpwrJni: sendNetworkInfo start
02-19 02:51:34.654  4229  6066 D txpwrJni: sendNetworkInfo RatType 0
02-19 02:51:34.655  6667  8109 I BugleRcsEngine: handleMessage processing message:[NOTIFY_UPTIME_IGNORE_STATE_CHANGED] with [non-null]:RcsEngineImpl reference [CONTEXT log_prefix="RcsEngineImpl[DUAL_REG]:[69aab36d-b03c]>Handler" thread_id=122 ]
02-19 02:51:34.655  6667  7765 I BugleRcsEngine: Connected state: [1], networkType: [WIFI] [CONTEXT thread_id=116 ]
02-19 02:51:34.656  2557  3792 D SGM:GameManager: identifyGamePackage. com.sec.android.app.launcher, mCurrentUserId: 0, callerUserId: 0, callingMethodInfo: com.samsung.android.game.SemGameManager.isGamePackage(SemGameManager.java:105)
02-19 02:51:34.656  2557  3792 D SGM:SemGameManager: isGamePackage(), pkgName=com.sec.android.app.launcher, ret=false
02-19 02:51:34.665  2557  3803 I WifiConnectivityMonitor: determineMode : MODE_NON_SWITCHABLE_BY_POOR_NETWORK_DETECTION_DISABLED
02-19 02:51:34.666  2557  3803 D OpenNetworkQos[4.00]: updateBssidNoInternet: mBssidNoInternet = false
02-19 02:51:34.666  2557  3803 D OpenNetworkQos[4.00]: getOpenNetworkQosNoInternetStatus: false
02-19 02:51:34.666  2557  3803 D OpenNetworkQos[4.00]: getOpenNetworkQosScores: 26 26 19 
02-19 02:51:34.666  2557  3803 D KNOX_MDM_SettingsProvider: isChangeAllowed() : name = wifi_wcm_qos_sharing_score_summary
02-19 02:51:34.666  2557  3803 I WifiProfileShare: network QoS data was changed (internet), updateQoSData networkType: true, qosData: false
02-19 02:51:34.667  2557  4952 V WifiProfileShare.Caster: update wips network, size: 0
02-19 02:51:34.667  2557  4952 D WifiProfileShare: nearby scanning settings run
02-19 02:51:34.667  2557  4952 D WifiProfileShare: network score provider settings enabled
02-19 02:51:34.667  2557  4952 D OpenNetworkQos[4.00]: getOpenNetworkQosScores: 26 26 19 
02-19 02:51:34.667  2557  4952 D OpenNetworkQos[4.00]: getOpenNetworkQosNoInternetStatus: false
02-19 02:51:34.668  5356  5356 D BoundBrokerSvc: onRebind: Intent { act=com.google.android.gms.common.telemetry.service.START dat=chimera-action:/... cmp=com.google.android.gms/.chimera.PersistentApiService }
02-19 02:51:34.668  2557  4952 I WifiProfileShare.Caster: current network type: 0, score: [26, 26, 19]
02-19 02:51:34.668  2557  4952 V WifiProfileShare.Cache: update network score 24:de:8a:**:**:db
02-19 02:51:34.668  2557  4952 D WifiProfileShare.ScanMatcher: getMcfDataList size:2
02-19 02:51:34.668  2557  4952 I WifiProfileShare.Caster: qos data was updated , before:type:QOS, pBssid:a2:05:ff, qosData:7b after:type:QOS, pBssid:a2:05:ff, qosData:7b
02-19 02:51:34.669  2557  4952 I [MCFSDK_android_1.2.27006]_4_McfCasterImpl: isNetworkEnabled - type : 1 ret : true
02-19 02:51:34.669  2557  4952 D WifiProfileShare.McfCast: -ME--- mIsNetworkEnabled :true
02-19 02:51:34.669  2557  4952 D WifiProfileShare.McfCast: updateQoSData ignored, same contents
02-19 02:51:34.669  2557  4952 D WifiProfileShare.MCF: success update QosData !
02-19 02:51:34.670  2557  4952 I [MCFSDK_android_1.2.27006]_4_McfCasterImpl: isNetworkEnabled - type : 1 ret : true
02-19 02:51:34.670  2557  4952 D WifiProfileShare.McfCast: -ME--- mIsNetworkEnabled :true
02-19 02:51:34.670  2557  4952 D WifiProfileShare.McfCast: -ME--- updatePasswordDate pwdData size:2
02-19 02:51:34.671  6667  8109 I BugleRcsEngine: Rcs is enabled from user settings: true [CONTEXT log_prefix="ProvisioningEngineDataRetriever" thread_id=122 ]
02-19 02:51:34.673 20863 20888 D txpwrJni: sendNetworkInfo start
02-19 02:51:34.673 20863 20888 D txpwrJni: sendNetworkInfo RatType 0
02-19 02:51:34.758  8468  8468 I HBD     : i onCapabilityChanged  setNetworkState currentNetworkState : wifi 
02-19 02:51:34.761  2557  2990 D PowerManagerService: displayReady: false groupId=0
02-19 02:51:34.762  2557  2990 D DisplayPowerController2[0]: animateScreenStateChange: target=ON, mIsEnabled=true
02-19 02:51:34.763  2557  2990 D PowerManagerService: displayReady: true groupId=0
02-19 02:51:34.904  1554 26706 I sensors-hal: handle_sns_std_sensor_event:90, light_cct: ts = 42594512178671 ns; value = [15, 15, 60, 69, 0, 35, 1, 0, 2624, 0]
02-19 02:51:34.962  2557  2990 D PowerManagerService: displayReady: false groupId=0
02-19 02:51:34.962  2557  2990 D DisplayPowerController2[0]: animateScreenStateChange: target=ON, mIsEnabled=true
02-19 02:51:34.963  2557  2990 D PowerManagerService: displayReady: true groupId=0
02-19 02:51:35.162  2557  2990 D PowerManagerService: displayReady: false groupId=0
02-19 02:51:35.162  2557  2990 D DisplayPowerController2[0]: animateScreenStateChange: target=ON, mIsEnabled=true
02-19 02:51:35.163  2557  2990 D PowerManagerService: displayReady: true groupId=0
02-19 02:51:35.170  5356 29552 I NearbySharing: Network state changed: NetworkState(isRestricted=false, isOnline=true, isCongested=false, isMetered=false, isWifiConnected=true)
02-19 02:51:35.363  2557  2990 D PowerManagerService: displayReady: false groupId=0
02-19 02:51:35.363  2557  2990 D DisplayPowerController2[0]: animateScreenStateChange: target=ON, mIsEnabled=true
02-19 02:51:35.363  2557  2990 D PowerManagerService: displayReady: true groupId=0
02-19 02:51:35.402  1554 29929 I sensors-hal: handle_sns_client_event:422, [0][6562] gyro_sample_cal(cal_available:1)(3) [-0.000, 0.001,-0.000] bias[ 0.002,-0.005,-0.007] 42595002937056
02-19 02:51:35.437  3880  3880 I wpa_supplicant: Heartbeat 4181
02-19 02:51:35.472  1554 11962 I sensors-hal: handle_sns_std_sensor_event:158, [25770] Pressure 1008.113, cal -0.289, sw_offset 0.000 (lsb(bit) 0x10 0xfd 0x3e)
02-19 02:51:35.563  2557  2990 D PowerManagerService: displayReady: false groupId=0
02-19 02:51:35.563  2557  2990 D DisplayPowerController2[0]: animateScreenStateChange: target=ON, mIsEnabled=true
02-19 02:51:35.564  2557  2990 D PowerManagerService: displayReady: true groupId=0
02-19 02:51:35.763  2557  2990 D PowerManagerService: displayReady: false groupId=0
02-19 02:51:35.764  2557  2990 D DisplayPowerController2[0]: animateScreenStateChange: target=ON, mIsEnabled=true
02-19 02:51:35.764  2557  2990 D PowerManagerService: displayReady: true groupId=0
02-19 02:51:35.964  2557  2990 D PowerManagerService: displayReady: false groupId=0
02-19 02:51:35.964  2557  2990 D DisplayPowerController2[0]: animateScreenStateChange: target=ON, mIsEnabled=true
02-19 02:51:35.964  2557  2990 D PowerManagerService: displayReady: true groupId=0
02-19 02:51:36.146  1554 12945 I sensors-hal: handle_sns_client_event:375, [0][4756458] accel_sample [ 0.718,  0.402,  9.815] 42595755837733
02-19 02:51:36.165  2557  2990 D PowerManagerService: displayReady: false groupId=0
02-19 02:51:36.165  2557  2990 D DisplayPowerController2[0]: animateScreenStateChange: target=ON, mIsEnabled=true
02-19 02:51:36.165  2557  2990 D PowerManagerService: displayReady: true groupId=0
02-19 02:51:36.329 13495 13634 I TapTracker: 1.3) Sensor update info : 02/19_02:51:36, 0.751 , 0.412, 9.835
02-19 02:51:36.366  2557  2990 D PowerManagerService: displayReady: false groupId=0
02-19 02:51:36.366  2557  2990 D DisplayPowerController2[0]: animateScreenStateChange: target=ON, mIsEnabled=true
02-19 02:51:36.366  2557  2990 D PowerManagerService: displayReady: true groupId=0
02-19 02:51:36.388  2557 31165 D WifiConnectivityMonitor.DnsThread:  [|211] []
02-19 02:51:36.389  2557  3806 D WifiConnectivityMonitor.NetworkStatsAnalyzer: DNS resultType : 0, responseTime : 211
02-19 02:51:36.389  2557  3803 D OpenNetworkQos[4.00]: updateBssidLatestDnsResultType - result: 0
02-19 02:51:36.389  2557  3803 D OpenNetworkQos[4.00]: updateBssidNoInternet: mBssidNoInternet = false
02-19 02:51:36.389  2557  3803 D OpenNetworkQos[4.00]: getOpenNetworkQosNoInternetStatus: false
02-19 02:51:36.389  2557  3803 D OpenNetworkQos[4.00]: getOpenNetworkQosScores: 26 26 19 
02-19 02:51:36.389  2557  3803 D KNOX_MDM_SettingsProvider: isChangeAllowed() : name = wifi_wcm_qos_sharing_score_summary
02-19 02:51:36.390  2557  3803 I WifiProfileShare: network QoS data was changed (internet), updateQoSData networkType: true, qosData: false
02-19 02:51:36.390  2557  4952 V WifiProfileShare.Caster: update wips network, size: 0
02-19 02:51:36.391  2557  4952 D WifiProfileShare: nearby scanning settings run
02-19 02:51:36.391  2557  4952 D WifiProfileShare: network score provider settings enabled
02-19 02:51:36.391  2557  4952 D OpenNetworkQos[4.00]: getOpenNetworkQosScores: 26 26 19 
02-19 02:51:36.391  2557  4952 D OpenNetworkQos[4.00]: getOpenNetworkQosNoInternetStatus: false
02-19 02:51:36.392  2557  4952 I WifiProfileShare.Caster: current network type: 0, score: [26, 26, 19]
02-19 02:51:36.392  2557  4952 V WifiProfileShare.Cache: update network score 24:de:8a:**:**:db
02-19 02:51:36.393  2557  4952 D WifiProfileShare.ScanMatcher: getMcfDataList size:2
02-19 02:51:36.393  2557  4952 I WifiProfileShare.Caster: qos data was updated , before:type:QOS, pBssid:a2:05:ff, qosData:7b after:type:QOS, pBssid:a2:05:ff, qosData:7b
02-19 02:51:36.394  2557  4952 I [MCFSDK_android_1.2.27006]_4_McfCasterImpl: isNetworkEnabled - type : 1 ret : true
02-19 02:51:36.394  2557  4952 D WifiProfileShare.McfCast: -ME--- mIsNetworkEnabled :true
02-19 02:51:36.394  2557  4952 D WifiProfileShare.McfCast: updateQoSData ignored, same contents
02-19 02:51:36.394  2557  4952 D WifiProfileShare.MCF: success update QosData !
02-19 02:51:36.395  2557  4952 I [MCFSDK_android_1.2.27006]_4_McfCasterImpl: isNetworkEnabled - type : 1 ret : true
02-19 02:51:36.395  2557  4952 D WifiProfileShare.McfCast: -ME--- mIsNetworkEnabled :true
02-19 02:51:36.395  2557  4952 D WifiProfileShare.McfCast: -ME--- updatePasswordDate pwdData size:2
02-19 02:51:36.455  1554 11966 I sensors-hal: handle_sns_client_event:341, [51551] mag_sample_cal(magcal_available:1): ts=42596022314035 ns; cal = [16.018387, -117.599243, 150.089676], uncal = [-64.321609, -234.719238, -64.770325], bias = [-80.339996, -117.119995, -214.860001], status=0
02-19 02:51:36.566  2557  2990 D PowerManagerService: displayReady: false groupId=0
02-19 02:51:36.566  2557  2990 D DisplayPowerController2[0]: animateScreenStateChange: target=ON, mIsEnabled=true
02-19 02:51:36.567  2557  2990 D PowerManagerService: displayReady: true groupId=0
02-19 02:51:36.766  2557  2990 D PowerManagerService: displayReady: false groupId=0
02-19 02:51:36.767  2557  2990 D DisplayPowerController2[0]: animateScreenStateChange: target=ON, mIsEnabled=true
02-19 02:51:36.767  2557  2990 D PowerManagerService: displayReady: true groupId=0
02-19 02:51:36.967  2557  2990 D PowerManagerService: displayReady: false groupId=0
02-19 02:51:36.967  2557  2990 D DisplayPowerController2[0]: animateScreenStateChange: target=ON, mIsEnabled=true
02-19 02:51:36.967  2557  2990 D PowerManagerService: displayReady: true groupId=0
02-19 02:51:36.984  1554 13402 I sensors-hal: handle_sns_std_sensor_event:409, [SSC_LIGHT] P: 16(16),c:16,b:35,m:13,cl:1,l:16,s:0,l0:2720,l1:0,s0:0,s1:0,acl:1,opr:0.27,f(r):87,u(bl):100,if:0,wi:0,si:0,po:0(N:0)
02-19 02:51:37.167  2557  2990 D PowerManagerService: displayReady: false groupId=0
02-19 02:51:37.168  2557  2990 D DisplayPowerController2[0]: animateScreenStateChange: target=ON, mIsEnabled=true
02-19 02:51:37.168  2557  2990 D PowerManagerService: displayReady: true groupId=0
02-19 02:51:37.368  2557  2990 D PowerManagerService: displayReady: false groupId=0
02-19 02:51:37.369  2557  2990 D DisplayPowerController2[0]: animateScreenStateChange: target=ON, mIsEnabled=true
02-19 02:51:37.369  2557  2990 D PowerManagerService: displayReady: true groupId=0
02-19 02:51:37.412  1554 29929 I sensors-hal: handle_sns_client_event:422, [0][6658] gyro_sample_cal(cal_available:1)(3) [-0.009, 0.010,-0.000] bias[ 0.002,-0.005,-0.007] 42597012483202
02-19 02:51:37.464  1554 26706 I sensors-hal: handle_sns_std_sensor_event:90, light_cct: ts = 42597072182056 ns; value = [16, 16, 60, 69, 0, 35, 1, 0, 2752, 0]
02-19 02:51:37.472  1554 11962 I sensors-hal: handle_sns_std_sensor_event:158, [25780] Pressure 1008.116, cal -0.289, sw_offset 0.000 (lsb(bit) 0x23 0xfd 0x3e)
02-19 02:51:37.569  2557  2990 D PowerManagerService: displayReady: false groupId=0
02-19 02:51:37.569  2557  2990 D DisplayPowerController2[0]: animateScreenStateChange: target=ON, mIsEnabled=true
02-19 02:51:37.569  2557  2990 D PowerManagerService: displayReady: true groupId=0
02-19 02:51:37.671  2557  5879 D SemWifiUsabilityStatsMonitor: onWifiUsabilityStats - seqNum 12343, isSameBssidAndFreq true
02-19 02:51:37.673  2557  3662 D ConnectivityService: notifyType CALLBACK_CAP_CHANGED for [105 WIFI]
02-19 02:51:37.678  2557  3721 D SemWifiApNsd:Client: lpInterface:wlan0
02-19 02:51:37.679  2557  3721 D SemWifiSwitchForIndividualAppsService: stopTCPMonitoring : already stopped
02-19 02:51:37.680  2557  3721 I WifiConnectivityMonitor.NCC: sNetworkCallback(oCC) FULL : 105(valid: true/captive: false)
02-19 02:51:37.681  2557  3795 D SemApeService: Deducted link capacity (M: R=403 T=302) RSSI=-59
02-19 02:51:37.681  2557  3795 D SemApeService: Deducted link capacity (M: R=403 T=302) on (wlan0) GoogleAPI(M: R=24 T=18) RSSI=-59 isDefault=false isMlo=false
02-19 02:51:37.681  2557  3721 I WifiConnectivityMonitor.NCC: [ Transports: WIFI Capabilities: NOT_METERED&INTERNET&NOT_RESTRICTED&TRUSTED&NOT_VPN&VALIDATED&NOT_ROAMING&FOREGROUND&NOT_CONGESTED&NOT_SUSPENDED&NOT_VCN_MANAGED&NOT_BANDWIDTH_CONSTRAINED LinkUpBandwidth>=18986Kbps LinkDnBandwidth>=24435Kbps TransportInfo: <SSID: <unknown ssid>, BSSID: 02:00:00:**:**:00, MAC: 02:00:00:**:**:00, IP: /192.***.*.4, Security type: 2, Supplicant state: COMPLETED, Wi-Fi standard: 11ax, RSSI: -59, Link speed: 432Mbps, Tx Link speed: 432Mbps, Max Supported Tx Link speed: 2401Mbps, Rx Link speed: 576Mbps, Max Supported Rx Link speed: 2401Mbps, Frequency: 5200MHz, Net ID: -1, Metered hint: false, score: 60, isUsable: true, CarrierMerged: false, SubscriptionId: -1, IsPrimary: 1, Trusted: true, Restricted: false, Ephemeral: false, OEM paid: false, OEM private: false, OSU AP: false, FQDN: <none>, Provider friendly name: <none>, Requesting package name: <none><none>MLO Information: , Is TID-To-Link negotiation supported by the AP: false, AP MLD Address: <none>, AP MLO Link Id: <none>, AP MLO Affiliated links: <none>, Vendor Data: <none>> SignalStrength: -59 AdminUids: [1000] SSID: "Airtel_FARM HOUSE" UnderlyingNetworks: Null]
02-19 02:51:37.682  3927  4249 D WifiPickerTracker: updateWifiEntries capabilities
02-19 02:51:37.682  2557  3721 D SemWifiApTrafficPriority: onCapabilitiesChanged Wifi:wlan0,mGapiValue:24.435Uplink: 18.986
02-19 02:51:37.685  4229  6066 D txpwrJni: sendNetworkInfo start
02-19 02:51:37.685  4229  6066 D txpwrJni: sendNetworkInfo RatType 0
02-19 02:51:37.685  2557  3792 D SGM:GameManager: identifyGamePackage. com.sec.android.app.launcher, mCurrentUserId: 0, callerUserId: 0, callingMethodInfo: com.samsung.android.game.SemGameManager.isGamePackage(SemGameManager.java:105)
02-19 02:51:37.686  2557  3792 D SGM:SemGameManager: isGamePackage(), pkgName=com.sec.android.app.launcher, ret=false
02-19 02:51:37.686  2557  3803 D WifiConnectivityMonitor: HANDLE_ON_CAPABILITIES_CHANGED
02-19 02:51:37.688  3927  4249 D WifiPickerTracker: update AutoHotspot Entries() : bleAccessPoints -> 0
02-19 02:51:37.688  3927  4249 D WifiPickerTracker: handleNetworkCapabilitiesChanged
02-19 02:51:37.688  8468  9412 I HBD     : i onCapabilitiesChanged network : 105 current network state : wifi 
02-19 02:51:37.689  2557  3803 I WifiConnectivityMonitor: determineMode : MODE_NON_SWITCHABLE_BY_POOR_NETWORK_DETECTION_DISABLED
02-19 02:51:37.689  2557  3803 D OpenNetworkQos[4.00]: updateBssidNoInternet: mBssidNoInternet = false
02-19 02:51:37.689  2557  3803 D OpenNetworkQos[4.00]: getOpenNetworkQosNoInternetStatus: false
02-19 02:51:37.690  2557  3803 D OpenNetworkQos[4.00]: getOpenNetworkQosScores: 26 26 19 
02-19 02:51:37.690  2557  3803 D KNOX_MDM_SettingsProvider: isChangeAllowed() : name = wifi_wcm_qos_sharing_score_summary
02-19 02:51:37.691  2557  3803 I WifiProfileShare: network QoS data was changed (internet), updateQoSData networkType: true, qosData: false
02-19 02:51:37.691  2557  4952 V WifiProfileShare.Caster: update wips network, size: 0
02-19 02:51:37.691  2557  4952 D WifiProfileShare: nearby scanning settings run
02-19 02:51:37.692  6667  8109 I BugleRcsEngine: handleMessage processing message:[NOTIFY_UPTIME_IGNORE_STATE_CHANGED] with [non-null]:RcsEngineImpl reference [CONTEXT log_prefix="RcsEngineImpl[DUAL_REG]:[69aab36d-b03c]>Handler" thread_id=122 ]
02-19 02:51:37.693  2557  4952 D WifiProfileShare: network score provider settings enabled
02-19 02:51:37.693  6667  7765 I BugleRcsEngine: Connected state: [1], networkType: [WIFI] [CONTEXT thread_id=116 ]
02-19 02:51:37.694  2557  4952 D OpenNetworkQos[4.00]: getOpenNetworkQosScores: 26 26 19 
02-19 02:51:37.694  2557  4952 D OpenNetworkQos[4.00]: getOpenNetworkQosNoInternetStatus: false
02-19 02:51:37.694  2557  4952 I WifiProfileShare.Caster: current network type: 0, score: [26, 26, 19]
02-19 02:51:37.695  2557  4952 V WifiProfileShare.Cache: update network score 24:de:8a:**:**:db
02-19 02:51:37.695  2557  4952 D WifiProfileShare.ScanMatcher: getMcfDataList size:2
02-19 02:51:37.695  2557  4952 I WifiProfileShare.Caster: qos data was updated , before:type:QOS, pBssid:a2:05:ff, qosData:7b after:type:QOS, pBssid:a2:05:ff, qosData:7b
02-19 02:51:37.696  2557  4952 I [MCFSDK_android_1.2.27006]_4_McfCasterImpl: isNetworkEnabled - type : 1 ret : true
02-19 02:51:37.696  2557  4952 D WifiProfileShare.McfCast: -ME--- mIsNetworkEnabled :true
02-19 02:51:37.696  2557  4952 D WifiProfileShare.McfCast: updateQoSData ignored, same contents
02-19 02:51:37.696  2557  4952 D WifiProfileShare.MCF: success update QosData !
02-19 02:51:37.696  2557  4952 I [MCFSDK_android_1.2.27006]_4_McfCasterImpl: isNetworkEnabled - type : 1 ret : true
02-19 02:51:37.696  2557  4952 D WifiProfileShare.McfCast: -ME--- mIsNetworkEnabled :true
02-19 02:51:37.696  2557  4952 D WifiProfileShare.McfCast: -ME--- updatePasswordDate pwdData size:2
02-19 02:51:37.700  6667  8109 I BugleRcsEngine: Rcs is enabled from user settings: true [CONTEXT log_prefix="ProvisioningEngineDataRetriever" thread_id=122 ]
02-19 02:51:37.701 20863 20888 D txpwrJni: sendNetworkInfo start
02-19 02:51:37.701 20863 20888 D txpwrJni: sendNetworkInfo RatType 0
02-19 02:51:37.770  2557  2990 D PowerManagerService: displayReady: false groupId=0
02-19 02:51:37.771  2557  2990 D DisplayPowerController2[0]: animateScreenStateChange: target=ON, mIsEnabled=true
02-19 02:51:37.772  2557  2990 D PowerManagerService: displayReady: true groupId=0
02-19 02:51:37.792  8468  8468 I HBD     : i onCapabilityChanged  setNetworkState currentNetworkState : wifi 
02-19 02:51:37.970  2557  2990 D PowerManagerService: displayReady: false groupId=0
02-19 02:51:37.971  2557  2990 D DisplayPowerController2[0]: animateScreenStateChange: target=ON, mIsEnabled=true
02-19 02:51:37.971  2557  2990 D PowerManagerService: displayReady: true groupId=0
02-19 02:51:38.147  1554 12945 I sensors-hal: handle_sns_client_event:375, [0][4757414] accel_sample [ 0.732,  0.392,  9.815] 42597757010129
02-19 02:51:38.171  2557  2990 D PowerManagerService: displayReady: false groupId=0
02-19 02:51:38.172  2557  2990 D DisplayPowerController2[0]: animateScreenStateChange: target=ON, mIsEnabled=true
02-19 02:51:38.172  2557  2990 D PowerManagerService: displayReady: true groupId=0
02-19 02:51:38.196  6955  6955 I SDHMS:LOAD: type: LoadsFreqs, value: 0:0:0:676607:902400:672000:619007:844800:499200:231:231:231
02-19 02:51:38.198  5356 29552 I NearbySharing: Network state changed: NetworkState(isRestricted=false, isOnline=true, isCongested=false, isMetered=false, isWifiConnected=true)
02-19 02:51:38.373  2557  2990 D PowerManagerService: displayReady: false groupId=0
02-19 02:51:38.373  2557  2990 D DisplayPowerController2[0]: animateScreenStateChange: target=ON, mIsEnabled=true
02-19 02:51:38.373  2557  2990 D PowerManagerService: displayReady: true groupId=0
02-19 02:51:38.403  1635  1652 D HeatmapThread: wait_for_battery_event : occured : change@/devices/platform/samsung_mobile_device/samsung_mobile_device:battery/power_supply/battery 
02-19 02:51:38.403  1635  1652 I HeatmapThread: Heatmap battery event
02-19 02:51:38.404  1635  1652 D HeatmapThread: !@ batteryplugType : 2
02-19 02:51:38.404  1635  1652 D HeatmapThread: !@ batteryLevel : 54  batteryTemperature : 357 
02-19 02:51:38.404  1635  1652 D HeatmapThread: !@ Heatmap currtime: 29524161
02-19 02:51:38.404  1635  1652 D HeatmapThread: !@ Heatmap prevtime: 29524145
02-19 02:51:38.404  1635  1652 D HeatmapThread: !@ Heatmap plugstarttime: 29524147
02-19 02:51:38.412  1596  1742 E BatteryDump: !@new_battery_dump : 4024,1671,1825,3331,54,357,327,412,357,0,368,412,0,Charging,NO_CHARGING,Normal,Good,PDIC,0,Normal,0,0,9300,0x8000,0x10010000,0x0,0,0,0000,0000,ffff0700,0,0,0,0,621,3921,5451,1000,0,
02-19 02:51:38.412  2557  6950 D [SS]BattFunctions: [sendRemainingChargingTimeChangedIntent]remainingChargingTime:2522 ,mLastRemainingChargingTime:2533
02-19 02:51:38.413  1611  1611 I seh_thermal_service: getTemperaturesWithType SehTemperatureType: 3
02-19 02:51:38.413  1596  1596 I sehhealth-service: updateLrpSysfs: write: 367
02-19 02:51:38.415  3927  3927 I AODBatteryManager: updateBatteryData: ACTION_BATTERY_CHANGED
02-19 02:51:38.415  3927  3927 I ChargingInfoManager: updateChargingInfo: newState = AOD ChargingInfo [mState=BATTERY_AND_REMAIN_TIME, mIsCharging=true, mIsPlugged=true, mIsFullyCharged=false, mIsBatteryProtectMode=false, mBetteryLevel=54, mBetteryProtectModeType1, mIsSlowChargingfalse], oldState = AOD ChargingInfo [mState=BATTERY_AND_REMAIN_TIME, mIsCharging=true, mIsPlugged=true, mIsFullyCharged=false, mIsBatteryProtectMode=false, mBetteryLevel=54, mBetteryProtectModeType1, mIsSlowChargingfalse]
02-19 02:51:38.416  3927  3927 D PowerUI : Charging time is changed, check charging notification
02-19 02:51:38.417  3927  3927 D PowerUI.Notification: showChargingNotice - oldBatteryLevel : 53 , BatteryLevel : 54 / oldChargingType : 11 , ChargingType : 11 / oldChargingTime : 2533, ChargingTime : 2522 / oldMaximumEnabled : true , MaximumEnabled : true / oldMaximumThreshold : 80 , MaximumThreshold : 80
02-19 02:51:38.420  3927  3927 I NotificationManager: com.android.systemui: notify(2131363874, charging_state, Notification(channel=CHR shortcut=null contentView=null vibrate=null sound=null defaults=0 flags=ONGOING_EVENT|ONLY_ALERT_ONCE color=0x00000000 category=sys groupKey=CHARGING vis=PUBLIC semFlags=0x0 semPriority=0 semMissedCount=0)) as user
02-19 02:51:38.425  2557  6950 W PermissionService: getPermissionFlags: Unknown user -1
02-19 02:51:38.425  2557  6950 W PermissionService: getPermissionFlags: Unknown user -1
02-19 02:51:38.456  1554 11966 I sensors-hal: handle_sns_client_event:341, [51571] mag_sample_cal(magcal_available:1): ts=42598022314035 ns; cal = [16.243179, -115.829147, 149.501160], uncal = [-64.096817, -232.949142, -65.358841], bias = [-80.339996, -117.119995, -214.860001], status=0
02-19 02:51:38.574  2557  2990 D PowerManagerService: displayReady: false groupId=0
02-19 02:51:38.574  2557  2990 D DisplayPowerController2[0]: animateScreenStateChange: target=ON, mIsEnabled=true
02-19 02:51:38.574  2557  2990 D PowerManagerService: displayReady: true groupId=0
02-19 02:51:38.584  1554  3896 I sensors-hal: handle_sns_std_sensor_event:131, [SSC_LIGHT] A: 17(17),c:16,b:35,m:13,cl:1,l:17,s:0,l0:2848,l1:0,s0:0,s1:0,acl:1,opr:0.27,f(r):87,u(bl):100,if:0,wi:0,si:0,po:0(N:0)
02-19 02:51:38.632  2557  2557 I Telecom : SamsungTelecomServiceImpl : isInManagedCall - callingPackage : android / callingUser : UserHandle{0} / hasCrossUserAccess : true
02-19 02:51:38.643  2557  4919 D ActivityManager: unpendingScheduleServiceRestart: u=10316, drop=false
02-19 02:51:38.647  4488  8718 I HoneySpace.NotificationListener: onNotificationPosted com.android.systemui: -1|com.android.systemui|2131363874|charging_state|10050: 0
02-19 02:51:38.647  4488  8718 I HoneySpace.NotificationListener: invalid notification: com.android.systemui UserHandle{-1}: canShowBadge is false
02-19 02:51:38.650  2557  4917 D FreecessController: UFZ : com.samsung.android.game.gamehome(10316) [8070] reason: Binder(1)-android.service.notification.INotificatio
02-19 02:51:38.650  2557  4943 W LocationManagerService: onFreezeStateChanged, uid[10316]=false
02-19 02:51:38.652  2557  4943 I PowerManagerService: [PWL] SetWakeLockEnableDisable uid = 10316 , disable= false
02-19 02:51:38.652  2557  4943 I PowerManagerService: [PWL] can not change uid =  10316
02-19 02:51:38.659  1642  1782 I VSyncReactor: Current= 60, Period= 60, Distance= 0
02-19 02:51:38.669  3927  3927 D SubscreenNotificationListCoordinator: onAfterRenderList() isSubScreen = false, pluginLockMode = 0, doNotShowOnCover = false
02-19 02:51:38.670  3927  3927 I LockscreenNotificationIconsOnlyController: onNotificationInfoUpdated 0
02-19 02:51:38.671  3927  3927 I AODNotificationManager: updateNotification() 
02-19 02:51:38.676  1642  1782 I VSyncReactor: Current= 60, Period= 60, Distance= 60
02-19 02:51:38.775  2557  2990 D PowerManagerService: displayReady: false groupId=0
02-19 02:51:38.775  2557  2990 D DisplayPowerController2[0]: animateScreenStateChange: target=ON, mIsEnabled=true
02-19 02:51:38.776  2557  2990 D PowerManagerService: displayReady: true groupId=0
02-19 02:51:38.863  3927  3927 D Bubbles : onEntryUpdated : shouldBubbleUp=false ,key=-1|com.android.systemui|2131363874|charging_state|10050
02-19 02:51:38.864  3927  3927 D InterruptionStateProvider:  no Heads up : edgelighting enabled app. -1|com.android.systemui|2131363874|charging_state|10050
02-19 02:51:38.880  3927  3927 D SubscreenNotificationListCoordinator: onAfterRenderList() isSubScreen = false, pluginLockMode = 0, doNotShowOnCover = false
02-19 02:51:38.890  3927  3927 I LockscreenNotificationIconsOnlyController: onNotificationInfoUpdated 0
02-19 02:51:38.890  3927  3927 I AODNotificationManager: updateNotification() 
02-19 02:51:38.897  3927  4577 D LocalImageResolver: Couldn't use ImageDecoder for drawable, falling back to non-resized load.
02-19 02:51:38.899  3927  4577 D LocalImageResolver: Couldn't use ImageDecoder for drawable, falling back to non-resized load.
02-19 02:51:38.903  3927  3927 D LocalImageResolver: Couldn't use ImageDecoder for drawable, falling back to non-resized load.
02-19 02:51:38.921  3927  3927 D S.S.N.  : entryViewBound parent :-1|com.android.systemui|2131363874|charging_state|10050
02-19 02:51:38.923  3927  3927 D LocalImageResolver: Couldn't use ImageDecoder for drawable, falling back to non-resized load.
02-19 02:51:38.928  3927  3927 D SubscreenNotificationListCoordinator: onAfterRenderList() isSubScreen = false, pluginLockMode = 0, doNotShowOnCover = false
02-19 02:51:38.932  3927  3927 I LockscreenNotificationIconsOnlyController: onNotificationInfoUpdated 0
02-19 02:51:38.933  3927  3927 I AODNotificationManager: updateNotification() 
02-19 02:51:38.975  2557  2990 D PowerManagerService: displayReady: false groupId=0
02-19 02:51:38.975  2557  2990 D DisplayPowerController2[0]: animateScreenStateChange: target=ON, mIsEnabled=true
02-19 02:51:38.976  2557  2990 D PowerManagerService: displayReady: true groupId=0
02-19 02:51:38.999 18036 18086 I gle.android.gms: Explicit concurrent mark compact GC freed 3490KB AllocSpace bytes, 14(600KB) LOS objects, 54% free, 6881KB/14MB, paused 329us,2.662ms total 66.380ms
02-19 02:51:39.002 18036 18061 W gle.android.gms: ApkAssets: Deleting an ApkAssets object '<empty> and /data/app/~~24gwApSRouhwWrs_jgYCCw==/com.sikwin.app-U53USrCxYZqrHFAggWyjUQ==/base.apk' with 1 weak references
02-19 02:51:39.176  2557  2990 D PowerManagerService: displayReady: false groupId=0
02-19 02:51:39.176  2557  2990 D DisplayPowerController2[0]: animateScreenStateChange: target=ON, mIsEnabled=true
02-19 02:51:39.176  2557  2990 D PowerManagerService: displayReady: true groupId=0
02-19 02:51:39.377  2557  2990 D PowerManagerService: displayReady: false groupId=0
02-19 02:51:39.377  2557  2990 D DisplayPowerController2[0]: animateScreenStateChange: target=ON, mIsEnabled=true
02-19 02:51:39.377  2557  2990 D PowerManagerService: displayReady: true groupId=0
02-19 02:51:39.401  1554 29929 I sensors-hal: handle_sns_client_event:422, [0][6753] gyro_sample_cal(cal_available:1)(3) [-0.000, 0.001, 0.000] bias[ 0.002,-0.005,-0.007] 42599001094973
02-19 02:51:39.472  1554 11962 I sensors-hal: handle_sns_std_sensor_event:158, [25790] Pressure 1008.114, cal -0.289, sw_offset 0.000 (lsb(bit) 0x14 0xfd 0x3e)
02-19 02:51:39.578  2557  2990 D PowerManagerService: displayReady: false groupId=0
02-19 02:51:39.578  2557  2990 D DisplayPowerController2[0]: animateScreenStateChange: target=ON, mIsEnabled=true
02-19 02:51:39.578  2557  2990 D PowerManagerService: displayReady: true groupId=0
02-19 02:51:39.681  5356  5356 D BoundBrokerSvc: onUnbind: Intent { act=com.google.android.gms.common.telemetry.service.START dat=chimera-action:/... cmp=com.google.android.gms/.chimera.PersistentApiService }
02-19 02:51:39.780  2557  2990 D PowerManagerService: displayReady: false groupId=0
02-19 02:51:39.780  2557  2990 D DisplayPowerController2[0]: animateScreenStateChange: target=ON, mIsEnabled=true
02-19 02:51:39.780  2557  2990 D PowerManagerService: displayReady: true groupId=0
02-19 02:51:39.982  2557  2990 D PowerManagerService: displayReady: false groupId=0
02-19 02:51:39.986  2557  2990 D DisplayPowerController2[0]: animateScreenStateChange: target=ON, mIsEnabled=true
02-19 02:51:39.987  2557  2990 D PowerManagerService: displayReady: true groupId=0
02-19 02:51:40.024  1554 26706 I sensors-hal: handle_sns_std_sensor_event:90, light_cct: ts = 42599632177108 ns; value = [17, 17, 60, 69, 0, 35, 1, 0, 2880, 0]
02-19 02:51:40.037  1059  1059 D io_stats: !@   8,0 r 9231886 130350884 w 3343839 36767052 d 405881 15868100 f 57686 125512 iot 1533928 0 th 0 0 0 pt 0 inp 0 0 41006.494
02-19 02:51:40.148  1554 12945 I sensors-hal: handle_sns_client_event:375, [0][4758370] accel_sample [ 0.727,  0.383,  9.801] 42599758180963
02-19 02:51:40.187  2557  2990 D PowerManagerService: displayReady: false groupId=0
02-19 02:51:40.187  2557  2990 D DisplayPowerController2[0]: animateScreenStateChange: target=ON, mIsEnabled=true
02-19 02:51:40.187  2557  2990 D PowerManagerService: displayReady: true groupId=0
02-19 02:51:40.388  2557  2990 D PowerManagerService: displayReady: false groupId=0
02-19 02:51:40.388  2557  2990 D DisplayPowerController2[0]: animateScreenStateChange: target=ON, mIsEnabled=true
02-19 02:51:40.389  2557  2990 D PowerManagerService: displayReady: true groupId=0
02-19 02:51:40.455  1554 11966 I sensors-hal: handle_sns_client_event:341, [51591] mag_sample_cal(magcal_available:1): ts=42600022314035 ns; cal = [17.634529, -117.105682, 150.773468], uncal = [-62.705467, -234.225677, -64.086533], bias = [-80.339996, -117.119995, -214.860001], status=0
02-19 02:51:40.504  1554 13402 I sensors-hal: handle_sns_std_sensor_event:409, [SSC_LIGHT] P: 16(16),c:16,b:35,m:13,cl:1,l:15,s:0,l0:2688,l1:0,s0:0,s1:0,acl:1,opr:0.27,f(r):87,u(bl):100,if:0,wi:0,si:0,po:0(N:0)
02-19 02:51:40.589  2557  2990 D PowerManagerService: displayReady: false groupId=0
02-19 02:51:40.589  2557  2990 D DisplayPowerController2[0]: animateScreenStateChange: target=ON, mIsEnabled=true
02-19 02:51:40.590  2557  2990 D PowerManagerService: displayReady: true groupId=0
02-19 02:51:40.679  2557  3551 D InputReader: Btn_touch(5): value=1 when=41007.136242
02-19 02:51:40.680  2557  3551 I InputReader: Touch event's action is 0x0 (id=6, t=0) [pCnt=1, s=0.12000 ] when=41007.136242
02-19 02:51:40.683  2557  3550 I InputDispatcher: Delivering touch to (3927): action: 0x4, f=0x0, d=0, 'b6f87e5', t=1 
02-19 02:51:40.683  2557  3550 I InputDispatcher: Delivering touch to (4488): action: 0x0, f=0x0, d=0, '9913617', t=1 
02-19 02:51:40.684  2557  3550 D PowerManagerService: [api] userActivityFromNative : touch displayId=0 eventTime=41007136
02-19 02:51:40.684  2557  2906 I GestureDetector: obtain mCurrentDownEvent. id: 623670522 caller: com.android.server.wm.SystemGesturesPointerEventListener.onPointerEvent:17 com.android.server.wm.PointerEventDispatcher.onInputEvent:51 android.view.InputEventReceiver.dispatchInputEvent:385 
02-19 02:51:40.684  2557  2906 I GestureDetector: obtain mCurrentDownEvent. id: 623670522 caller: com.android.server.wm.SystemPerformancePointerEventListener.onPointerEvent:13 com.android.server.wm.PointerEventDispatcher.onInputEvent:51 android.view.InputEventReceiver.dispatchInputEvent:385 
02-19 02:51:40.684  4488  4488 I VRI[LauncherActivity]@66a84ac: ViewPostIme pointer 0
02-19 02:51:40.685  2557  3550 D PowerManagerService: UserActivityStateListenerState: 1
02-19 02:51:40.685  2557  2906 I MultiWindowEdgeDetector: [Service] isTopTaskHomeOrRecents
02-19 02:51:40.685  4488  4488 I HoneySpace.LongPressTouchController: ACTION_DOWN, (1082.4609, 2286.6797)
02-19 02:51:40.685  4488  4488 I HoneySpace.LongPressTouchController: startLongPressJob, touchDownState = com.honeyspace.sdk.HomeScreen$Normal@b7bbd4e
02-19 02:51:40.686  4488  4488 I GestureDetector: obtain mCurrentDownEvent. id: 623670522 caller: com.honeyspace.ui.honeypots.homescreen.presentation.HomeView.f:154 com.honeyspace.ui.honeypots.homescreen.presentation.HomeView.dispatchTouchEvent:316 android.view.ViewGroup.dispatchTransformedTouchEvent:3353 
02-19 02:51:40.686  1642  1642 I SurfaceFlinger: Touch Boost - choose 120.00 Hz
02-19 02:51:40.686  4488  4488 I HoneySpace.HomeView: findControllerToHandleTouch ev = 0
02-19 02:51:40.686  4488  4488 I HoneySpace.StatusBarTouchController: canInterceptTouch showNotificationPanel : true systemUiProxy.isActive() = true honeyScreenManager.currentHoneyScreen : HOME honeyScreen.currentHoneyState : com.honeyspace.sdk.HomeScreen$Normal@b7bbd4e
02-19 02:51:40.686  4488  4488 I HoneySpace.FinderTouchController: onControllerInterceptTouchEvent :: canInterceptTouch() = false, QuickOptionUtil.isShowQuickOption() : false QuickOptionUtil.isDragging : false
02-19 02:51:40.686  4488  4488 I HoneySpace.HomeAppsTouchController: currentChangeState : com.honeyspace.sdk.HomeScreen$Normal@b7bbd4e, currentHoneyState : com.honeyspace.sdk.HomeScreen$Normal@b7bbd4e, EditLockPopup : false, isOpenFolderMode : false, isChildScrolling : false, isDragAnimRunning : false
02-19 02:51:40.686  4488  4488 I HoneySpace.HomeAppsTouchController: currentChangeState : com.honeyspace.sdk.HomeScreen$Normal@b7bbd4e, currentHoneyState : com.honeyspace.sdk.HomeScreen$Normal@b7bbd4e, EditLockPopup : false, isOpenFolderMode : false, isChildScrolling : false, isDragAnimRunning : false
02-19 02:51:40.686  6955  6955 I SemDvfsHyPerManager: acquire hyper - TATouchBoost/6955@27, type = -999
02-19 02:51:40.686  4488  4488 I HoneySpace.PageEditTouchController: onControllerInterceptTouchEvent, isInProgress = false
02-19 02:51:40.687  6955  6955 I SemDvfsHyPerManager: acquire hyper - TA_TOUCH_SHARE/6955@28, type = -999
02-19 02:51:40.687  1642  1642 I HWComposer: [4630946315032985731] ActiveConfigToHWC, ID : 0
02-19 02:51:40.687  4488  4488 I HoneySpace.WorkspaceFastRecyclerView: dispatchTouchEvent() event.action=0
02-19 02:51:40.687  4488  4488 I HoneySpace.WorkspaceFastRecyclerView: processDownMotionEvent, index = 0, id = 0
02-19 02:51:40.687  4488  4488 I HoneySpace.WorkspaceFastRecyclerView: initTouchPoint, index = 0, id = 0
02-19 02:51:40.688  1559  1739 I HYPER-HAL: [RequestManager.cpp]acquire(): Acquired ID : 24377680  [6955 / 27]    HINT :      list : [TABoost / 1] [TIMEOUT / 1500] 
02-19 02:51:40.688  4488  4488 I VRI[LauncherActivity]@66a84ac: call setFrameRateCategory for touch hint category=high hint, reason=touch, vri=VRI[LauncherActivity]@66a84ac
02-19 02:51:40.689  4488  4488 I HoneySpace.GestureInputHandler: inputConsumers = [com.honeyspace.gesture.inputconsumer.InputConsumer$Companion$NO_OP$1@601ee75]
02-19 02:51:40.689  1559  1739 I HYPER-HAL: [RequestManager.cpp]acquire(): Acquired ID : 24384664  [6955 / 28]    HINT : TA_TOUCH_SHARE    list : [TIMEOUT / 1500] 
02-19 02:51:40.689  4488  4488 I HoneySpace.InputSession: inputConsumers = NO_OP
02-19 02:51:40.689  2557  2906 I GestureDetector: obtain mCurrentMotionEventRaw. action: 2 id: 882413381
02-19 02:51:40.689  2557  2906 I GestureDetector: obtain mCurrentMotionEventRaw. action: 2 id: 882413381
02-19 02:51:40.689  4488  4488 I HoneySpace.InputSession: open
02-19 02:51:40.690  1572  2027 I SDM     : HWDeviceDRM::SetDisplaySwitchMode: [DispConfigs] check hs_mode 1
02-19 02:51:40.690  1572  2027 W SDM     : HWDeviceDRM::GetSupportedBitClkRate: Requested rate not supported: 1362080000
02-19 02:51:40.690  1572  2027 I SDM     : HWDeviceDRM::SetDisplaySwitchMode: [DispConfigs] Set mode index:0 1440x3120x120xcmdHS, hs_mode(1), found_mode(1)
02-19 02:51:40.690  1572  2027 I SDM     : HWDeviceDRM::UpdateMixerAttributes: Mixer WxH 1440x3120-1 for Peripheral
02-19 02:51:40.691  1572  2027 I SDM     : HWCDisplay::SubmitDisplayConfig: [MultiResolution] Set FrameBuffer to config = 0, wh = (1440, 3120)
02-19 02:51:40.691  1572  2027 I SDM     : DisplayBase::SetFrameBufferConfig: New framebuffer resolution (1440x3120)
02-19 02:51:40.691  1572  2027 I SDM     : HWCDisplay::SetFrameBufferConfig: New framebuffer resolution (1440x3120)
02-19 02:51:40.691  3927  3927 I MultiWindowEdgeDetector: [EdgeBack] isTopTaskHomeOrRecents
02-19 02:51:40.691  1642  1781 I VSyncReactor: Current= 60, Period= 120, hwcPeriod= 120
02-19 02:51:40.691  1572  2027 I SDM     : HWCDisplay::SubmitDisplayConfig: Active configuration changed from config 2 to 0
02-19 02:51:40.693  4488  4488 I GestureDetector: obtain mCurrentMotionEventRaw. action: 2 id: 882413381
02-19 02:51:40.693  4488  4488 I HoneySpace.HomeView: findControllerToHandleTouch ev = 2
02-19 02:51:40.693  4488  4488 I HoneySpace.FinderTouchController: onControllerInterceptTouchEvent :: canInterceptTouch() = false, QuickOptionUtil.isShowQuickOption() : false QuickOptionUtil.isDragging : false
02-19 02:51:40.693  4488  4488 I HoneySpace.HomeAppsTouchController: currentChangeState : com.honeyspace.sdk.HomeScreen$Normal@b7bbd4e, currentHoneyState : com.honeyspace.sdk.HomeScreen$Normal@b7bbd4e, EditLockPopup : false, isOpenFolderMode : false, isChildScrolling : false, isDragAnimRunning : false
02-19 02:51:40.693  4488  4488 I HoneySpace.PageEditTouchController: onControllerInterceptTouchEvent, isInProgress = false
02-19 02:51:40.693  4488  4488 I HoneySpace.MinusOnePageController: ACTION_MOVE isValidState: true isNormalState: true shouldStartScroll: false delta: -0.7871094 isScrollableItemTouch: false touchSlop: 30.0 minusOnePageMover: q3.k@2bcb64c
02-19 02:51:40.693  4488  4488 I HoneySpace.WorkspaceFastRecyclerView: updateIsBeingDraggedOnTouchDown touchSlop:30, diff:0, moved:false, useLongTouchSlop:false
02-19 02:51:40.693  2557  5879 D SemWifiUsabilityStatsMonitor: onWifiUsabilityStats - seqNum 12344, isSameBssidAndFreq true
02-19 02:51:40.700  2557  3792 D SGM:GameManager: identifyGamePackage. com.sec.android.app.launcher, mCurrentUserId: 0, callerUserId: 0, callingMethodInfo: com.samsung.android.game.SemGameManager.isGamePackage(SemGameManager.java:105)
02-19 02:51:40.700  2557  3792 D SGM:SemGameManager: isGamePackage(), pkgName=com.sec.android.app.launcher, ret=false
02-19 02:51:40.700  1642  1642 I SurfaceFlinger: [com.sec.android.app.launcher/com.sec.android.app.launcher.activities.LauncherActivity$_4488#16788] setFrameRateCategory: HighHint
02-19 02:51:40.701  2557  2908 D LocalDisplayAdapter: updateActiveModeLocked for d=4630946315032985731, mActiveModeId=1, mActiveSfDisplayMode=DisplayMode{id=0, width=1440, height=3120, xDpi=508.0, yDpi=504.764, peakRefreshRate=120.00001, vsyncRate=120.00001, appVsyncOffsetNanos=0, presentationDeadlineNanos=9333333, supportedHdrTypes=[4, 2, 3], group=1440}
02-19 02:51:40.701  2557  2908 I DisplayDeviceRepository: Display device changed render timings: "Built-in Screen", renderFrameRate=120.00001, presentationDeadlineNanos=17666666, appVsyncOffsetNanos=0
02-19 02:51:40.703  2557  5739 D LiftUpHandler: [LTW] Stopped already.
02-19 02:51:40.703  1630 25590 D AudioFlinger: setParameters: filtered dev setParameters keyvalue screen_state=on
02-19 02:51:40.705  4488  4488 I VRI[LauncherActivity]@66a84ac: onDisplayChanged oldDisplayState=2 newDisplayState=2
02-19 02:51:40.705  4488  4488 I VRI[RecentsTransitionOverlay]@df5a686: onDisplayChanged oldDisplayState=2 newDisplayState=2
02-19 02:51:40.705  4488  4488 I VRI[RecentsActivity]@17dccb4: onDisplayChanged oldDisplayState=2 newDisplayState=2
