02-19 02:50:56.760 27425 27432 I artd    : Loading /data/dalvik-cache/arm64/data@app@~~7fzu8aPRQs0I3jI1GTGs-Q==@com.samsung.SMT.lang_en_gb_l02-O6nbr1OuQ5n-7DIvCNSNIQ==@base.apk@classes.dex with executable: 0
02-19 02:50:56.760 27425 27432 I artd    : OatFileAssistant test for existing oat file /data/dalvik-cache/arm64/data@app@~~7fzu8aPRQs0I3jI1GTGs-Q==@com.samsung.SMT.lang_en_gb_l02-O6nbr1OuQ5n-7DIvCNSNIQ==@base.apk@classes.dex: File /data/dalvik-cache/arm64/data@app@~~7fzu8aPRQs0I3jI1GTGs-Q==@com.samsung.SMT.lang_en_gb_l02-O6nbr1OuQ5n-7DIvCNSNIQ==@base.apk@classes.vdex does not exist.
02-19 02:50:56.760 27425 27432 I artd    : GetBestInfo checking odex next to the dex file (/data/app/~~7fzu8aPRQs0I3jI1GTGs-Q==/com.samsung.SMT.lang_en_gb_l02-O6nbr1OuQ5n-7DIvCNSNIQ==/oat/arm64/base.odex)
02-19 02:50:56.760 27425 27432 I artd    : Loading /data/app/~~7fzu8aPRQs0I3jI1GTGs-Q==/com.samsung.SMT.lang_en_gb_l02-O6nbr1OuQ5n-7DIvCNSNIQ==/oat/arm64/base.odex with executable: 0
02-19 02:50:56.760 27425 27432 I artd    : Successfully loaded /data/app/~~7fzu8aPRQs0I3jI1GTGs-Q==/com.samsung.SMT.lang_en_gb_l02-O6nbr1OuQ5n-7DIvCNSNIQ==/oat/arm64/base.odex with executable: 0
02-19 02:50:56.760 27425 27432 I artd    : Failed to verify checksums of oat file /data/app/~~7fzu8aPRQs0I3jI1GTGs-Q==/com.samsung.SMT.lang_en_gb_l02-O6nbr1OuQ5n-7DIvCNSNIQ==/oat/arm64/base.odex error: Oat boot class path (/apex/com.android.art/javalib/core-oj.jar:/apex/com.android.art/javalib/core-libart.jar:/apex/com.android.art/javalib/okhttp.jar:/apex/com.android.art/javalib/bouncycastle.jar:/apex/com.android.art/javalib/apache-xml.jar:/system/framework/framework.jar:/system/framework/framework-graphics.jar:/system/framework/ext.jar:/system/framework/telephony-common.jar:/system/framework/voip-common.jar:/system/framework/ims-common.jar:/system/framework/knoxsdk.jar:/system/framework/tcmiface.jar:/system/framework/telephony-ext.jar:/system/framework/QPerformance.jar:/system/framework/UxPerformance.jar:/system/framework/esecomm.jar:/apex/com.android.i18n/javalib/core-icu4j.jar:/apex/com.android.adservices/javalib/framework-adservices.jar:/apex/com.android.adservices/javalib/framework-sdksandbox.jar:/apex/com.android.appsearch/javalib/framework-appsearch.jar:/apex/com.android.btservices/javalib/framework-bluetooth.jar:/apex/com.android.configinfrastructure/javalib/framework-configinfrastructure.jar:/apex/com.android.conscrypt/javalib/conscrypt.jar:/apex/com.android.devicelock/javalib/framework-devicelock.jar:/apex/com.android.healthfitness/javalib/framework-healthfitness.jar:/apex/com.android.ipsec/javalib/android.net.ipsec.ike.jar:/apex/com.android.media/javalib/updatable-media.jar:/apex/com.android.mediaprovider/javalib/framework-mediaprovider.jar:/apex/com.android.mediaprovider/javalib/framework-pdf.jar:/apex/com.android.mediaprovider/javalib/framework-photopicker.jar:/apex/com.android.ondevicepersonalization/javalib/framework-ondevicepersonalization.jar:/apex/com.android.os.statsd/javalib/framework-statsd.jar:/apex/com.android.permission/javalib/framework-permission.jar:/apex/com.android.permission/javalib/framework-permission-s.jar:/apex/com.android.scheduling/javalib/framework-scheduling.jar:/apex/com.android.sdkext/javalib/framework-sdkextensions.jar:/apex/com.android.tethering/javalib/framework-connectivity.jar:/apex/com.android.tethering/javalib/framework-connectivity-t.jar:/apex/com.android.tethering/javalib/framework-tethering.jar:/apex/com.android.uwb/javalib/framework-uwb.jar:/apex/com.android.virt/javalib/framework-virtualization.jar:/apex/com.android.wifi/javalib/framework-wifi.jar:/apex/com.samsung.android.lifeguard/javalib/framework-lifeguard.jar:/apex/com.samsung.android.shell/javalib/framework-samsung-shell.jar) is not a prefix of runtime boot class path (/apex/com.android.art/javalib/core-oj.jar:/apex/com.android.art/javalib/core-libart.jar:/apex/com.android.art/javalib/okhttp.jar:/apex/com.android.art/javalib/bouncycastle.jar:/apex/com.android.art/javalib/apache-xml.jar:/system/framework/framework.jar:/system/framework/framework-graphics.jar:/system/framework/framework-location.jar:/system/framework/ext.jar:/system/framework/telephony-common.jar:/system/framework/voip-common.jar:/system/framework/ims-common.jar:/system/framework/knoxsdk.jar:/system/framework/com.samsung.android.uwb_extras.jar:/system/framework/framework-nfc.jar:/system/framework/tcmiface.jar:/system/framework/telephony-ext.jar:/system/framework/QPerformance.jar:/system/framework/UxPerformance.jar:/system/framework/esecomm.jar:/apex/com.android.i18n/javalib/core-icu4j.jar:/apex/com.android.adservices/javalib/framework-adservices.jar:/apex/com.android.adservices/javalib/framework-sdksandbox.jar:/apex/com.android.appsearch/javalib/framework-appsearch.jar:/apex/com.android.btservices/javalib/framework-bluetooth.jar:/apex/com.android.configinfrastructure/javalib/framework-configinfrastructure.jar:/apex/com.android.conscrypt/javalib/conscrypt.jar:/apex/com.android.devicelock/javalib/framework-devicelock.jar:/apex/com.android.healthfitness/javalib/framework-healthfitness.jar:/apex/com.android.ipsec/javalib/android.net.ipsec.ike.jar:/apex/com.android.media/javalib/updatable-media.jar:/apex/com.android.mediaprovider/javalib/framework-mediaprovider.
02-19 02:50:56.760 27425 27432 I artd    : Oat image checksum does not match image checksum.
02-19 02:50:56.760 27425 27432 I artd    : /data/app/~~7fzu8aPRQs0I3jI1GTGs-Q==/com.samsung.SMT.lang_en_gb_l02-O6nbr1OuQ5n-7DIvCNSNIQ==/oat/arm64/base.odex is kOatBootImageOutOfDate with filter verify
02-19 02:50:56.760 27425 27432 I artd    : GetBestInfo checking vdex in dalvik-cache (/data/dalvik-cache/arm64/data@app@~~7fzu8aPRQs0I3jI1GTGs-Q==@com.samsung.SMT.lang_en_gb_l02-O6nbr1OuQ5n-7DIvCNSNIQ==@base.apk@classes.vdex)
02-19 02:50:56.760 27425 27432 I artd    : unable to open vdex file /data/dalvik-cache/arm64/data@app@~~7fzu8aPRQs0I3jI1GTGs-Q==@com.samsung.SMT.lang_en_gb_l02-O6nbr1OuQ5n-7DIvCNSNIQ==@base.apk@classes.vdex: File /data/dalvik-cache/arm64/data@app@~~7fzu8aPRQs0I3jI1GTGs-Q==@com.samsung.SMT.lang_en_gb_l02-O6nbr1OuQ5n-7DIvCNSNIQ==@base.apk@classes.vdex does not exist.
02-19 02:50:56.760 27425 27432 I artd    : OatFileAssistant test for existing oat file /data/dalvik-cache/arm64/data@app@~~7fzu8aPRQs0I3jI1GTGs-Q==@com.samsung.SMT.lang_en_gb_l02-O6nbr1OuQ5n-7DIvCNSNIQ==@base.apk@classes.vdex: File /data/dalvik-cache/arm64/data@app@~~7fzu8aPRQs0I3jI1GTGs-Q==@com.samsung.SMT.lang_en_gb_l02-O6nbr1OuQ5n-7DIvCNSNIQ==@base.apk@classes.vdex does not exist.
02-19 02:50:56.760 27425 27432 I artd    : GetBestInfo checking vdex next to the dex file (/data/app/~~7fzu8aPRQs0I3jI1GTGs-Q==/com.samsung.SMT.lang_en_gb_l02-O6nbr1OuQ5n-7DIvCNSNIQ==/oat/arm64/base.vdex)
02-19 02:50:56.760 27425 27432 I artd    : Successfully loaded /data/app/~~7fzu8aPRQs0I3jI1GTGs-Q==/com.samsung.SMT.lang_en_gb_l02-O6nbr1OuQ5n-7DIvCNSNIQ==/oat/arm64/base.vdex with executable: 0
02-19 02:50:56.760 27425 27432 I artd    : Image checksum test skipped for vdex file /data/app/~~7fzu8aPRQs0I3jI1GTGs-Q==/com.samsung.SMT.lang_en_gb_l02-O6nbr1OuQ5n-7DIvCNSNIQ==/oat/arm64/base.vdex
02-19 02:50:56.760 27425 27432 I artd    : /data/app/~~7fzu8aPRQs0I3jI1GTGs-Q==/com.samsung.SMT.lang_en_gb_l02-O6nbr1OuQ5n-7DIvCNSNIQ==/oat/arm64/base.vdex is kOatUpToDate with filter verify
02-19 02:50:56.766 27425 27432 I artd    : Dex parent of /data/app/~~dgkDolTcLH13vuVhNNTiaA==/com.google.android.gm-fiVZrxIzTjpftb7AGlZHNA==/base.apk is not writable: Permission denied
02-19 02:50:56.767 27425 27432 I artd    : GetBestInfo checking odex in dalvik-cache (/data/dalvik-cache/arm64/data@app@~~dgkDolTcLH13vuVhNNTiaA==@com.google.android.gm-fiVZrxIzTjpftb7AGlZHNA==@base.apk@classes.dex)
02-19 02:50:56.767 27425 27432 I artd    : Loading /data/dalvik-cache/arm64/data@app@~~dgkDolTcLH13vuVhNNTiaA==@com.google.android.gm-fiVZrxIzTjpftb7AGlZHNA==@base.apk@classes.dex with executable: 0
02-19 02:50:56.767 27425 27432 I artd    : OatFileAssistant test for existing oat file /data/dalvik-cache/arm64/data@app@~~dgkDolTcLH13vuVhNNTiaA==@com.google.android.gm-fiVZrxIzTjpftb7AGlZHNA==@base.apk@classes.dex: File /data/dalvik-cache/arm64/data@app@~~dgkDolTcLH13vuVhNNTiaA==@com.google.android.gm-fiVZrxIzTjpftb7AGlZHNA==@base.apk@classes.vdex does not exist.
02-19 02:50:56.767 27425 27432 I artd    : GetBestInfo checking odex next to the dex file (/data/app/~~dgkDolTcLH13vuVhNNTiaA==/com.google.android.gm-fiVZrxIzTjpftb7AGlZHNA==/oat/arm64/base.odex)
02-19 02:50:56.767 27425 27432 I artd    : Loading /data/app/~~dgkDolTcLH13vuVhNNTiaA==/com.google.android.gm-fiVZrxIzTjpftb7AGlZHNA==/oat/arm64/base.odex with executable: 0
02-19 02:50:56.768 27425 27432 I artd    : Successfully loaded /data/app/~~dgkDolTcLH13vuVhNNTiaA==/com.google.android.gm-fiVZrxIzTjpftb7AGlZHNA==/oat/arm64/base.odex with executable: 0
02-19 02:50:56.768 27425 27432 I artd    : /data/app/~~dgkDolTcLH13vuVhNNTiaA==/com.google.android.gm-fiVZrxIzTjpftb7AGlZHNA==/oat/arm64/base.odex is kOatUpToDate with filter speed-profile
02-19 02:50:56.769 15172 15172 W Finsky  : [2] STU: Failed to get storage stats for package 'com.samsung.android.lifeguard' (1601: Error getting stats: android.content.pm.PackageManager.NameNotFoundException)
02-19 02:50:56.772 27425 27433 I artd    : Dex parent of /data/app/~~Y9vW0QeXpmTQDjmGsSZNOA==/com.suntv.sunnxt-pYGlr7hCfA3msbdajmNWvQ==/base.apk is not writable: Permission denied
02-19 02:50:56.773 27425 27433 I artd    : GetBestInfo checking odex in dalvik-cache (/data/dalvik-cache/arm64/data@app@~~Y9vW0QeXpmTQDjmGsSZNOA==@com.suntv.sunnxt-pYGlr7hCfA3msbdajmNWvQ==@base.apk@classes.dex)
02-19 02:50:56.773 27425 27433 I artd    : Loading /data/dalvik-cache/arm64/data@app@~~Y9vW0QeXpmTQDjmGsSZNOA==@com.suntv.sunnxt-pYGlr7hCfA3msbdajmNWvQ==@base.apk@classes.dex with executable: 0
02-19 02:50:56.773 27425 27433 I artd    : OatFileAssistant test for existing oat file /data/dalvik-cache/arm64/data@app@~~Y9vW0QeXpmTQDjmGsSZNOA==@com.suntv.sunnxt-pYGlr7hCfA3msbdajmNWvQ==@base.apk@classes.dex: File /data/dalvik-cache/arm64/data@app@~~Y9vW0QeXpmTQDjmGsSZNOA==@com.suntv.sunnxt-pYGlr7hCfA3msbdajmNWvQ==@base.apk@classes.vdex does not exist.
02-19 02:50:56.773 27425 27433 I artd    : GetBestInfo checking odex next to the dex file (/data/app/~~Y9vW0QeXpmTQDjmGsSZNOA==/com.suntv.sunnxt-pYGlr7hCfA3msbdajmNWvQ==/oat/arm64/base.odex)
02-19 02:50:56.773 27425 27433 I artd    : Loading /data/app/~~Y9vW0QeXpmTQDjmGsSZNOA==/com.suntv.sunnxt-pYGlr7hCfA3msbdajmNWvQ==/oat/arm64/base.odex with executable: 0
02-19 02:50:56.773 27425 27433 I artd    : Successfully loaded /data/app/~~Y9vW0QeXpmTQDjmGsSZNOA==/com.suntv.sunnxt-pYGlr7hCfA3msbdajmNWvQ==/oat/arm64/base.odex with executable: 0
02-19 02:50:56.773 27425 27433 I artd    : /data/app/~~Y9vW0QeXpmTQDjmGsSZNOA==/com.suntv.sunnxt-pYGlr7hCfA3msbdajmNWvQ==/oat/arm64/base.odex is kOatUpToDate with filter speed-profile
02-19 02:50:56.773 27425 27673 W artd    : Could not get dex checksums for location /data/app/~~X-zZQ4W7NmeKQxDP6OvHQA==/com.suntv.sunnxt-h9Iw-B207zP8SVDLTBJqbg==/base.apk, fd=-1
02-19 02:50:56.774  2557  4112 E ArtService: Failed to get dexopt status [packageName = com.suntv.sunnxt, dexPath = /data/user/0/com.suntv.sunnxt/app_pccache/5/C032827D49137A4DE859DC0AEDE2EAF97B8599B0/pcam.jar, isa = arm64, classLoaderContext = PCL[];PCL[/data/app/~~X-zZQ4W7NmeKQxDP6OvHQA==/com.suntv.sunnxt-h9Iw-B207zP8SVDLTBJqbg==/base.apk]]
02-19 02:50:56.774  2557  4112 E ArtService: android.os.ServiceSpecificException: Failed to create OatFileAssistant: Failed to load class loader context files for '/data/user/0/com.suntv.sunnxt/app_pccache/5/C032827D49137A4DE859DC0AEDE2EAF97B8599B0/pcam.jar' with context 'PCL[];PCL[/data/app/~~X-zZQ4W7NmeKQxDP6OvHQA==/com.suntv.sunnxt-h9Iw-B207zP8SVDLTBJqbg==/base.apk]' (code 1)
02-19 02:50:56.774  2557  4112 E ArtService: 	at android.os.Parcel.createExceptionOrNull(Parcel.java:3271)
02-19 02:50:56.774  2557  4112 E ArtService: 	at android.os.Parcel.createException(Parcel.java:3241)
02-19 02:50:56.774  2557  4112 E ArtService: 	at android.os.Parcel.readException(Parcel.java:3224)
02-19 02:50:56.774  2557  4112 E ArtService: 	at android.os.Parcel.readException(Parcel.java:3166)
02-19 02:50:56.774  2557  4112 E ArtService: 	at com.android.server.art.IArtd$Stub$Proxy.getDexoptStatus(IArtd.java:778)
02-19 02:50:56.774  2557  4112 E ArtService: 	at com.android.server.art.ArtFileManager.getUsableArtifacts(ArtFileManager.java:149)
02-19 02:50:56.774  2557  4112 E ArtService: 	at com.android.server.art.ArtManagerLocal.getArtManagedFileStats(ArtManagerLocal.java:1005)
02-19 02:50:56.774  2557  4112 E ArtService: 	at com.android.server.usage.StorageStatsService.computeAppStatsByDataTypes(qb/95038144 0ba830a6ad55cb920f76c0bf08c337f3bf5b5f7e0d571af2367f2696bbde2abb:75)
02-19 02:50:56.774  2557  4112 E ArtService: 	at com.android.server.usage.StorageStatsService.queryStatsForUid(qb/95038144 0ba830a6ad55cb920f76c0bf08c337f3bf5b5f7e0d571af2367f2696bbde2abb:138)
02-19 02:50:56.774  2557  4112 E ArtService: 	at com.android.server.usage.StorageStatsService.queryStatsForPackage(qb/95038144 0ba830a6ad55cb920f76c0bf08c337f3bf5b5f7e0d571af2367f2696bbde2abb:83)
02-19 02:50:56.774  2557  4112 E ArtService: 	at android.app.usage.IStorageStatsManager$Stub.onTransact(IStorageStatsManager.java:265)
02-19 02:50:56.774  2557  4112 E ArtService: 	at android.os.Binder.execTransactInternal(Binder.java:1536)
02-19 02:50:56.774  2557  4112 E ArtService: 	at android.os.Binder.execTransact(Binder.java:1480)
02-19 02:50:56.774 27425 27434 W artd    : Could not get dex checksums for location /data/app/~~X-zZQ4W7NmeKQxDP6OvHQA==/com.suntv.sunnxt-h9Iw-B207zP8SVDLTBJqbg==/base.apk, fd=-1
02-19 02:50:56.774  2557  4112 E ArtService: Failed to get dexopt status [packageName = com.suntv.sunnxt, dexPath = /data/user/0/com.suntv.sunnxt/app_pccache/5/362BAA1E742037C69CD8BF98C5D97909342864E7/pcam.jar, isa = arm64, classLoaderContext = PCL[];PCL[/data/app/~~X-zZQ4W7NmeKQxDP6OvHQA==/com.suntv.sunnxt-h9Iw-B207zP8SVDLTBJqbg==/base.apk]]
02-19 02:50:56.774  2557  4112 E ArtService: android.os.ServiceSpecificException: Failed to create OatFileAssistant: Failed to load class loader context files for '/data/user/0/com.suntv.sunnxt/app_pccache/5/362BAA1E742037C69CD8BF98C5D97909342864E7/pcam.jar' with context 'PCL[];PCL[/data/app/~~X-zZQ4W7NmeKQxDP6OvHQA==/com.suntv.sunnxt-h9Iw-B207zP8SVDLTBJqbg==/base.apk]' (code 1)
02-19 02:50:56.774  2557  4112 E ArtService: 	at android.os.Parcel.createExceptionOrNull(Parcel.java:3271)
02-19 02:50:56.774  2557  4112 E ArtService: 	at android.os.Parcel.createException(Parcel.java:3241)
02-19 02:50:56.774  2557  4112 E ArtService: 	at android.os.Parcel.readException(Parcel.java:3224)
02-19 02:50:56.774  2557  4112 E ArtService: 	at android.os.Parcel.readException(Parcel.java:3166)
02-19 02:50:56.774  2557  4112 E ArtService: 	at com.android.server.art.IArtd$Stub$Proxy.getDexoptStatus(IArtd.java:778)
02-19 02:50:56.774  2557  4112 E ArtService: 	at com.android.server.art.ArtFileManager.getUsableArtifacts(ArtFileManager.java:149)
02-19 02:50:56.774  2557  4112 E ArtService: 	at com.android.server.art.ArtManagerLocal.getArtManagedFileStats(ArtManagerLocal.java:1005)
02-19 02:50:56.774  2557  4112 E ArtService: 	at com.android.server.usage.StorageStatsService.computeAppStatsByDataTypes(qb/95038144 0ba830a6ad55cb920f76c0bf08c337f3bf5b5f7e0d571af2367f2696bbde2abb:75)
02-19 02:50:56.774  2557  4112 E ArtService: 	at com.android.server.usage.StorageStatsService.queryStatsForUid(qb/95038144 0ba830a6ad55cb920f76c0bf08c337f3bf5b5f7e0d571af2367f2696bbde2abb:138)
02-19 02:50:56.774  2557  4112 E ArtService: 	at com.android.server.usage.StorageStatsService.queryStatsForPackage(qb/95038144 0ba830a6ad55cb920f76c0bf08c337f3bf5b5f7e0d571af2367f2696bbde2abb:83)
02-19 02:50:56.774  2557  4112 E ArtService: 	at android.app.usage.IStorageStatsManager$Stub.onTransact(IStorageStatsManager.java:265)
02-19 02:50:56.774  2557  4112 E ArtService: 	at android.os.Binder.execTransactInternal(Binder.java:1536)
02-19 02:50:56.774  2557  4112 E ArtService: 	at android.os.Binder.execTransact(Binder.java:1480)
02-19 02:50:56.783 15172 15172 I Finsky  : [2] App states replicator found 129 unowned apps
02-19 02:50:56.826  2557  2990 D PowerManagerService: displayReady: false groupId=0
02-19 02:50:56.827  2557  2990 D DisplayPowerController2[0]: animateScreenStateChange: target=ON, mIsEnabled=true
02-19 02:50:56.827  2557  2990 D PowerManagerService: displayReady: true groupId=0
02-19 02:50:56.836  5356 17764 E AuthPII : [RequestTokenManager] getToken() -> BAD_AUTHENTICATION. App: com.android.vending, Service: oauth2:https://www.googleapis.com/auth/googleplay
02-19 02:50:56.836  5356 17764 E AuthPII : becf: Long live credential not available.
02-19 02:50:56.836  5356 17764 E AuthPII : 	at afgr.a(:com.google.android.gms@260438035@26.04.38 (260400-867839860):1351)
02-19 02:50:56.836  5356 17764 E AuthPII : 	at afgy.b(:com.google.android.gms@260438035@26.04.38 (260400-867839860):26)
02-19 02:50:56.836  5356 17764 E AuthPII : 	at afgw.a(:com.google.android.gms@260438035@26.04.38 (260400-867839860):744)
02-19 02:50:56.836  5356 17764 E AuthPII : 	at afgv.b(:com.google.android.gms@260438035@26.04.38 (260400-867839860):142)
02-19 02:50:56.836  5356 17764 E AuthPII : 	at yqe.d(:com.google.android.gms@260438035@26.04.38 (260400-867839860):662)
02-19 02:50:56.836  5356 17764 E AuthPII : 	at afah.getAuthToken(:com.google.android.gms@260438035@26.04.38 (260400-867839860):411)
02-19 02:50:56.836  5356 17764 E AuthPII : 	at android.accounts.AbstractAccountAuthenticator$Transport.getAuthToken(AbstractAccountAuthenticator.java:248)
02-19 02:50:56.836  5356 17764 E AuthPII : 	at android.accounts.IAccountAuthenticator$Stub.onTransact(IAccountAuthenticator.java:250)
02-19 02:50:56.836  5356 17764 E AuthPII : 	at android.os.Binder.transact(Binder.java:1381)
02-19 02:50:56.836  5356 17764 E AuthPII : 	at cioh.onTransact(:com.google.android.gms@260438035@26.04.38 (260400-867839860):10)
02-19 02:50:56.836  5356 17764 E AuthPII : 	at android.os.Binder.transact(Binder.java:1381)
02-19 02:50:56.836  5356 17764 E AuthPII : 	at bweg.onTransact(:com.google.android.gms@260438035@26.04.38 (260400-867839860):161)
02-19 02:50:56.836  5356 17764 E AuthPII : 	at android.os.Binder.execTransactInternal(Binder.java:1541)
02-19 02:50:56.836  5356 17764 E AuthPII : 	at android.os.Binder.execTransact(Binder.java:1480)
02-19 02:50:56.836  5356 17764 E AuthPII : Message is Long live credential not available.
02-19 02:50:56.836  5356 17764 E AuthPII : becf: Long live credential not available.
02-19 02:50:56.836  5356 17764 E AuthPII : 	at afgr.a(:com.google.android.gms@260438035@26.04.38 (260400-867839860):1351)
02-19 02:50:56.836  5356 17764 E AuthPII : 	at afgy.b(:com.google.android.gms@260438035@26.04.38 (260400-867839860):26)
02-19 02:50:56.836  5356 17764 E AuthPII : 	at afgw.a(:com.google.android.gms@260438035@26.04.38 (260400-867839860):744)
02-19 02:50:56.836  5356 17764 E AuthPII : 	at afgv.b(:com.google.android.gms@260438035@26.04.38 (260400-867839860):142)
02-19 02:50:56.836  5356 17764 E AuthPII : 	at yqe.d(:com.google.android.gms@260438035@26.04.38 (260400-867839860):662)
02-19 02:50:56.836  5356 17764 E AuthPII : 	at afah.getAuthToken(:com.google.android.gms@260438035@26.04.38 (260400-867839860):411)
02-19 02:50:56.836  5356 17764 E AuthPII : 	at android.accounts.AbstractAccountAuthenticator$Transport.getAuthToken(AbstractAccountAuthenticator.java:248)
02-19 02:50:56.836  5356 17764 E AuthPII : 	at android.accounts.IAccountAuthenticator$Stub.onTransact(IAccountAuthenticator.java:250)
02-19 02:50:56.836  5356 17764 E AuthPII : 	at android.os.Binder.transact(Binder.java:1381)
02-19 02:50:56.836  5356 17764 E AuthPII : 	at cioh.onTransact(:com.google.android.gms@260438035@26.04.38 (260400-867839860):10)
02-19 02:50:56.836  5356 17764 E AuthPII : 	at android.os.Binder.transact(Binder.java:1381)
02-19 02:50:56.836  5356 17764 E AuthPII : 	at bweg.onTransact(:com.google.android.gms@260438035@26.04.38 (260400-867839860):161)
02-19 02:50:56.836  5356 17764 E AuthPII : 	at android.os.Binder.execTransactInternal(Binder.java:1541)
02-19 02:50:56.836  5356 17764 E AuthPII : 	at android.os.Binder.execTransact(Binder.java:1480)
02-19 02:50:56.844  5356 17764 I Auth    : (REDACTED) [GetToken] GetToken failed for app=%s with userRecoverable status: %s 
02-19 02:50:56.845  5356 17764 W Auth    : [ChimeraGetToken] exception while trying to fetch auth tokens for app=com.google.android.gsf, scope=oauth2:https://www.googleapis.com/auth/googleplay [CONTEXT service_id=153 ]
02-19 02:50:56.845  5356 17764 W Auth    : afgq: GetToken failed with status code and recovery intent: BadAuthentication
02-19 02:50:56.845  5356 17764 W Auth    : 	at afgv.b(:com.google.android.gms@260438035@26.04.38 (260400-867839860):339)
02-19 02:50:56.845  5356 17764 W Auth    : 	at yqe.d(:com.google.android.gms@260438035@26.04.38 (260400-867839860):662)
02-19 02:50:56.845  5356 17764 W Auth    : 	at afah.getAuthToken(:com.google.android.gms@260438035@26.04.38 (260400-867839860):411)
02-19 02:50:56.845  5356 17764 W Auth    : 	at android.accounts.AbstractAccountAuthenticator$Transport.getAuthToken(AbstractAccountAuthenticator.java:248)
02-19 02:50:56.845  5356 17764 W Auth    : 	at android.accounts.IAccountAuthenticator$Stub.onTransact(IAccountAuthenticator.java:250)
02-19 02:50:56.845  5356 17764 W Auth    : 	at android.os.Binder.transact(Binder.java:1381)
02-19 02:50:56.845  5356 17764 W Auth    : 	at cioh.onTransact(:com.google.android.gms@260438035@26.04.38 (260400-867839860):10)
02-19 02:50:56.845  5356 17764 W Auth    : 	at android.os.Binder.transact(Binder.java:1381)
02-19 02:50:56.845  5356 17764 W Auth    : 	at bweg.onTransact(:com.google.android.gms@260438035@26.04.38 (260400-867839860):161)
02-19 02:50:56.845  5356 17764 W Auth    : 	at android.os.Binder.execTransactInternal(Binder.java:1541)
02-19 02:50:56.845  5356 17764 W Auth    : 	at android.os.Binder.execTransact(Binder.java:1480)
02-19 02:50:56.845  5356 17764 W GLSActivity: [GmsAccountAuthenticatorImpl] error status while fetching token:BadAuthentication
02-19 02:50:56.848  5356 17764 E AuthPII : [RequestTokenManager] getToken() -> BAD_AUTHENTICATION. App: com.android.vending, Service: oauth2:https://www.googleapis.com/auth/googleplay
02-19 02:50:56.848  5356 17764 E AuthPII : becf: Long live credential not available.
02-19 02:50:56.848  5356 17764 E AuthPII : 	at afgr.a(:com.google.android.gms@260438035@26.04.38 (260400-867839860):1351)
02-19 02:50:56.848  5356 17764 E AuthPII : 	at afgy.b(:com.google.android.gms@260438035@26.04.38 (260400-867839860):26)
02-19 02:50:56.848  5356 17764 E AuthPII : 	at afgw.a(:com.google.android.gms@260438035@26.04.38 (260400-867839860):744)
02-19 02:50:56.848  5356 17764 E AuthPII : 	at afgv.b(:com.google.android.gms@260438035@26.04.38 (260400-867839860):142)
02-19 02:50:56.848  5356 17764 E AuthPII : 	at yqe.d(:com.google.android.gms@260438035@26.04.38 (260400-867839860):662)
02-19 02:50:56.848  5356 17764 E AuthPII : 	at afah.getAuthToken(:com.google.android.gms@260438035@26.04.38 (260400-867839860):411)
02-19 02:50:56.848  5356 17764 E AuthPII : 	at android.accounts.AbstractAccountAuthenticator$Transport.getAuthToken(AbstractAccountAuthenticator.java:248)
02-19 02:50:56.848  5356 17764 E AuthPII : 	at android.accounts.IAccountAuthenticator$Stub.onTransact(IAccountAuthenticator.java:250)
02-19 02:50:56.848  5356 17764 E AuthPII : 	at android.os.Binder.transact(Binder.java:1381)
02-19 02:50:56.848  5356 17764 E AuthPII : 	at cioh.onTransact(:com.google.android.gms@260438035@26.04.38 (260400-867839860):10)
02-19 02:50:56.848  5356 17764 E AuthPII : 	at android.os.Binder.transact(Binder.java:1381)
02-19 02:50:56.848  5356 17764 E AuthPII : 	at bweg.onTransact(:com.google.android.gms@260438035@26.04.38 (260400-867839860):161)
02-19 02:50:56.848  5356 17764 E AuthPII : 	at android.os.Binder.execTransactInternal(Binder.java:1541)
02-19 02:50:56.848  5356 17764 E AuthPII : 	at android.os.Binder.execTransact(Binder.java:1480)
02-19 02:50:56.848  5356 17764 E AuthPII : Message is Long live credential not available.
02-19 02:50:56.848  5356 17764 E AuthPII : becf: Long live credential not available.
02-19 02:50:56.848  5356 17764 E AuthPII : 	at afgr.a(:com.google.android.gms@260438035@26.04.38 (260400-867839860):1351)
02-19 02:50:56.848  5356 17764 E AuthPII : 	at afgy.b(:com.google.android.gms@260438035@26.04.38 (260400-867839860):26)
02-19 02:50:56.848  5356 17764 E AuthPII : 	at afgw.a(:com.google.android.gms@260438035@26.04.38 (260400-867839860):744)
02-19 02:50:56.848  5356 17764 E AuthPII : 	at afgv.b(:com.google.android.gms@260438035@26.04.38 (260400-867839860):142)
02-19 02:50:56.848  5356 17764 E AuthPII : 	at yqe.d(:com.google.android.gms@260438035@26.04.38 (260400-867839860):662)
02-19 02:50:56.848  5356 17764 E AuthPII : 	at afah.getAuthToken(:com.google.android.gms@260438035@26.04.38 (260400-867839860):411)
02-19 02:50:56.848  5356 17764 E AuthPII : 	at android.accounts.AbstractAccountAuthenticator$Transport.getAuthToken(AbstractAccountAuthenticator.java:248)
02-19 02:50:56.848  5356 17764 E AuthPII : 	at android.accounts.IAccountAuthenticator$Stub.onTransact(IAccountAuthenticator.java:250)
02-19 02:50:56.848  5356 17764 E AuthPII : 	at android.os.Binder.transact(Binder.java:1381)
02-19 02:50:56.848  5356 17764 E AuthPII : 	at cioh.onTransact(:com.google.android.gms@260438035@26.04.38 (260400-867839860):10)
02-19 02:50:56.848  5356 17764 E AuthPII : 	at android.os.Binder.transact(Binder.java:1381)
02-19 02:50:56.848  5356 17764 E AuthPII : 	at bweg.onTransact(:com.google.android.gms@260438035@26.04.38 (260400-867839860):161)
02-19 02:50:56.848  5356 17764 E AuthPII : 	at android.os.Binder.execTransactInternal(Binder.java:1541)
02-19 02:50:56.848  5356 17764 E AuthPII : 	at android.os.Binder.execTransact(Binder.java:1480)
02-19 02:50:56.854  5356 17764 I Auth    : (REDACTED) [GetToken] GetToken failed for app=%s with userRecoverable status: %s 
02-19 02:50:56.855  5356 17764 W Auth    : [ChimeraGetToken] exception while trying to fetch auth tokens for app=com.google.android.gsf, scope=oauth2:https://www.googleapis.com/auth/googleplay [CONTEXT service_id=153 ]
02-19 02:50:56.855  5356 17764 W Auth    : afgq: GetToken failed with status code and recovery intent: BadAuthentication
02-19 02:50:56.855  5356 17764 W Auth    : 	at afgv.b(:com.google.android.gms@260438035@26.04.38 (260400-867839860):339)
02-19 02:50:56.855  5356 17764 W Auth    : 	at yqe.d(:com.google.android.gms@260438035@26.04.38 (260400-867839860):662)
02-19 02:50:56.855  5356 17764 W Auth    : 	at afah.getAuthToken(:com.google.android.gms@260438035@26.04.38 (260400-867839860):411)
02-19 02:50:56.855  5356 17764 W Auth    : 	at android.accounts.AbstractAccountAuthenticator$Transport.getAuthToken(AbstractAccountAuthenticator.java:248)
02-19 02:50:56.855  5356 17764 W Auth    : 	at android.accounts.IAccountAuthenticator$Stub.onTransact(IAccountAuthenticator.java:250)
02-19 02:50:56.855  5356 17764 W Auth    : 	at android.os.Binder.transact(Binder.java:1381)
02-19 02:50:56.855  5356 17764 W Auth    : 	at cioh.onTransact(:com.google.android.gms@260438035@26.04.38 (260400-867839860):10)
02-19 02:50:56.855  5356 17764 W Auth    : 	at android.os.Binder.transact(Binder.java:1381)
02-19 02:50:56.855  5356 17764 W Auth    : 	at bweg.onTransact(:com.google.android.gms@260438035@26.04.38 (260400-867839860):161)
02-19 02:50:56.855  5356 17764 W Auth    : 	at android.os.Binder.execTransactInternal(Binder.java:1541)
02-19 02:50:56.855  5356 17764 W Auth    : 	at android.os.Binder.execTransact(Binder.java:1480)
02-19 02:50:56.855  5356 17764 W GLSActivity: [GmsAccountAuthenticatorImpl] error status while fetching token:BadAuthentication
02-19 02:50:56.859 15172 31117 I Finsky  : [3760] Completed 2 account content syncs with 0 successful.
02-19 02:50:56.859 15172 15172 I Finsky  : [2] [ContentSync] Installation state replication failed, parameters=Id: 12-1, CT: 1771449604509, Constraints: [{ L: 40000, D: 86400000, C: CHARGING_NONE, I: IDLE_NONE, N: NET_ANY, B: BATTERY_ANY }].
02-19 02:50:56.860 15172 15172 I Finsky  : [2] [ContentSync] Scheduling replication attempt 2.
02-19 02:50:56.860 15172 15172 I Finsky  : [2] SCH: jobFinished: 12-1. TimeElapsed: 5329ms.
02-19 02:50:56.860 15172 15172 I Finsky  : [2] WM::SCH: Logging work end for 12-1
02-19 02:50:56.868 15172 30985 I Finsky  : [3755] SCH: Attempting to reschedule job: Id: 12-1, Constraints: [{ L: 60000, D: 86400000, C: CHARGING_NONE, I: IDLE_NONE, N: NET_ANY, B: BATTERY_ANY }]
02-19 02:50:56.875 15172 15285 I Finsky  : [3266] SCH: Scheduling phonesky job Id: 1-1337, CT: 1771415079601, Constraints: [{ L: 43146300, D: 86346300, C: CHARGING_NONE, I: IDLE_NONE, N: NET_ANY, B: BATTERY_ANY }]
02-19 02:50:56.875 15172 15285 I Finsky  : [3266] SCH: Scheduling phonesky job Id: 34-3550, CT: 1771373577435, Constraints: [{ L: 604800000, D: 2573226727, C: CHARGING_NONE, I: IDLE_NONE, N: NET_ANY, B: BATTERY_ANY }]
02-19 02:50:56.879 15172 15274 I Finsky  : [3261] SCH: Scheduling 1 system job(s)
02-19 02:50:56.879 15172 15274 I Finsky  : [3261] SCH: Scheduling system job Id: 9048, L: 8569022, D: 51769022, C: false, I: false, N: 1
02-19 02:50:56.883 15172 31114 I Finsky  : [3759] SCH: job service finished with id 9045.
02-19 02:50:56.911  2557  3769 I SemWifiCtlFeatureMediator: Trf ratio: 0.0% (0.00 / 310.02) (TWT/S-PM: 1.0) v ( NR) || Query: TWT/S-PM false (false) 1.0 1.0 1.0 / BW true (false) 1.0 1.0 1.0 / NSS false (false) 0.9 0.5 1.0 
02-19 02:50:57.027  2557  2990 D PowerManagerService: displayReady: false groupId=0
02-19 02:50:57.027  2557  2990 D DisplayPowerController2[0]: animateScreenStateChange: target=ON, mIsEnabled=true
02-19 02:50:57.027  2557  2990 D PowerManagerService: displayReady: true groupId=0
02-19 02:50:57.070 15172 15187 W android.vending: ApkAssets: Deleting an ApkAssets object '<empty> and /data/app/~~24gwApSRouhwWrs_jgYCCw==/com.sikwin.app-U53USrCxYZqrHFAggWyjUQ==/base.apk' with 1 weak references
02-19 02:50:57.078  2557  3526 D ActivityManager: FCA:Reclamation for pid: 28476
02-19 02:50:57.125 15172 15251 I Finsky  : [3254] WM::SCH: Logging work initialize for 12-1
02-19 02:50:57.130 15172 15285 I Finsky  : [3266] SCH: Scheduling phonesky job Id: 12-1, CT: 1771449656868, Constraints: [{ L: 60000, D: 86400000, C: CHARGING_NONE, I: IDLE_NONE, N: NET_ANY, B: BATTERY_ANY }]
02-19 02:50:57.135 15172 15274 I Finsky  : [3261] SCH: Scheduling 1 system job(s)
02-19 02:50:57.136 15172 15274 I Finsky  : [3261] SCH: Scheduling system job Id: 9048, L: 59732, D: 51768765, C: false, I: false, N: 1
02-19 02:50:57.228  2557  2990 D PowerManagerService: displayReady: false groupId=0
02-19 02:50:57.228  2557  2990 D DisplayPowerController2[0]: animateScreenStateChange: target=ON, mIsEnabled=true
02-19 02:50:57.228  2557  2990 D PowerManagerService: displayReady: true groupId=0
02-19 02:50:57.242  5356  5356 D BoundBrokerSvc: onUnbind: Intent { act=com.google.android.gms.common.telemetry.service.START dat=chimera-action:/... cmp=com.google.android.gms/.chimera.PersistentApiService }
02-19 02:50:57.409  1554 29929 I sensors-hal: handle_sns_client_event:422, [0][4747] gyro_sample_cal(cal_available:1)(3) [-0.000, 0.001, 0.000] bias[ 0.002,-0.005,-0.007] 42557009585412
02-19 02:50:57.430  2557  2990 D PowerManagerService: displayReady: false groupId=0
02-19 02:50:57.430  2557  2990 D DisplayPowerController2[0]: animateScreenStateChange: target=ON, mIsEnabled=true
02-19 02:50:57.431  2557  2990 D PowerManagerService: displayReady: true groupId=0
02-19 02:50:57.472  1554 11962 I sensors-hal: handle_sns_std_sensor_event:158, [25580] Pressure 1008.109, cal -0.289, sw_offset 0.000 (lsb(bit) 0x1c 0xfd 0x3e)
02-19 02:50:57.519  2557  3526 D ActivityManager: FCA:Reclamation for pid: 28428
02-19 02:50:57.630  2557  2990 D PowerManagerService: displayReady: false groupId=0
02-19 02:50:57.630  2557  2990 D DisplayPowerController2[0]: animateScreenStateChange: target=ON, mIsEnabled=true
02-19 02:50:57.631  2557  2990 D PowerManagerService: displayReady: true groupId=0
02-19 02:50:57.719  1635  1652 D HeatmapThread: wait_for_battery_event : occured : change@/devices/platform/samsung_mobile_device/samsung_mobile_device:battery/power_supply/battery 
02-19 02:50:57.720  1635  1652 I HeatmapThread: Heatmap battery event
02-19 02:50:57.721  1635  1652 D HeatmapThread: !@ batteryplugType : 2
02-19 02:50:57.722  1635  1652 D HeatmapThread: !@ batteryLevel : 54  batteryTemperature : 359 
02-19 02:50:57.722  1635  1652 D HeatmapThread: !@ Heatmap currtime: 29524160
02-19 02:50:57.722  1635  1652 D HeatmapThread: !@ Heatmap prevtime: 29524145
02-19 02:50:57.722  1635  1652 D HeatmapThread: !@ Heatmap plugstarttime: 29524147
02-19 02:50:57.727  2557  6950 D [SS]BattFunctions: [sendRemainingChargingTimeChangedIntent]remainingChargingTime:2562 ,mLastRemainingChargingTime:2573
02-19 02:50:57.727  1611  1611 I seh_thermal_service: getTemperaturesWithType SehTemperatureType: 3
02-19 02:50:57.728  1596  1596 I sehhealth-service: updateLrpSysfs: write: 374
02-19 02:50:57.728  1596  1742 E BatteryDump: !@new_battery_dump : 4014,1706,1825,3331,54,359,328,429,359,0,374,429,0,Charging,NO_CHARGING,Normal,Good,PDIC,0,Normal,0,0,9300,0x8000,0x10010000,0x0,0,0,0000,0000,ffff0700,0,0,0,0,621,3916,5410,1000,0,
02-19 02:50:57.732  3927  3927 D PowerUI : Charging time is changed, check charging notification
02-19 02:50:57.734  3927  3927 D PowerUI.Notification: showChargingNotice - oldBatteryLevel : 53 , BatteryLevel : 54 / oldChargingType : 11 , ChargingType : 11 / oldChargingTime : 2573, ChargingTime : 2562 / oldMaximumEnabled : true , MaximumEnabled : true / oldMaximumThreshold : 80 , MaximumThreshold : 80
02-19 02:50:57.736  3927  3927 I NotificationManager: com.android.systemui: notify(2131363874, charging_state, Notification(channel=CHR shortcut=null contentView=null vibrate=null sound=null defaults=0 flags=ONGOING_EVENT|ONLY_ALERT_ONCE color=0x00000000 category=sys groupKey=CHARGING vis=PUBLIC semFlags=0x0 semPriority=0 semMissedCount=0)) as user
02-19 02:50:57.741  2557  6950 W PermissionService: getPermissionFlags: Unknown user -1
02-19 02:50:57.741  2557  6950 W PermissionService: getPermissionFlags: Unknown user -1
02-19 02:50:57.742  3927  3927 I AODBatteryManager: updateBatteryData: ACTION_BATTERY_CHANGED
02-19 02:50:57.742  3927  3927 I ChargingInfoManager: updateChargingInfo: newState = AOD ChargingInfo [mState=BATTERY_AND_REMAIN_TIME, mIsCharging=true, mIsPlugged=true, mIsFullyCharged=false, mIsBatteryProtectMode=false, mBetteryLevel=54, mBetteryProtectModeType1, mIsSlowChargingfalse], oldState = AOD ChargingInfo [mState=BATTERY_AND_REMAIN_TIME, mIsCharging=true, mIsPlugged=true, mIsFullyCharged=false, mIsBatteryProtectMode=false, mBetteryLevel=54, mBetteryProtectModeType1, mIsSlowChargingfalse]
02-19 02:50:57.778  6955  6955 I SDHMS:LOAD: type: LoadsFreqs, value: 0:2:0:835583:3398400:672000:1020671:3148800:499200:231:231:231
02-19 02:50:57.830  2557  2990 D PowerManagerService: displayReady: false groupId=0
02-19 02:50:57.830  2557  2990 D DisplayPowerController2[0]: animateScreenStateChange: target=ON, mIsEnabled=true
02-19 02:50:57.831  2557  2990 D PowerManagerService: displayReady: true groupId=0
02-19 02:50:57.950  2557  2557 I Telecom : SamsungTelecomServiceImpl : isInManagedCall - callingPackage : android / callingUser : UserHandle{0} / hasCrossUserAccess : true
02-19 02:50:57.967  2557  4919 D ActivityManager: unpendingScheduleServiceRestart: u=10316, drop=false
02-19 02:50:57.970  4488  8718 I HoneySpace.NotificationListener: onNotificationPosted com.android.systemui: -1|com.android.systemui|2131363874|charging_state|10050: 0
02-19 02:50:57.970  4488  8718 I HoneySpace.NotificationListener: invalid notification: com.android.systemui UserHandle{-1}: canShowBadge is false
02-19 02:50:57.977  2557  4917 D FreecessController: UFZ : com.samsung.android.game.gamehome(10316) [8070] reason: Binder(1)-android.service.notification.INotificatio
02-19 02:50:57.977  2557  4943 W LocationManagerService: onFreezeStateChanged, uid[10316]=false
02-19 02:50:57.978  2557  4943 I PowerManagerService: [PWL] SetWakeLockEnableDisable uid = 10316 , disable= false
02-19 02:50:57.978  2557  4943 I PowerManagerService: [PWL] can not change uid =  10316
02-19 02:50:57.981  1642  1781 I VSyncReactor: Current= 60, Period= 60, Distance= 0
02-19 02:50:57.985  3927  3927 D SubscreenNotificationListCoordinator: onAfterRenderList() isSubScreen = false, pluginLockMode = 0, doNotShowOnCover = false
02-19 02:50:57.987  3927  3927 I LockscreenNotificationIconsOnlyController: onNotificationInfoUpdated 0
02-19 02:50:57.987  3927  3927 I AODNotificationManager: updateNotification() 
02-19 02:50:57.998  1642  1781 I VSyncReactor: Current= 60, Period= 60, Distance= 60
02-19 02:50:58.008  1059  1059 D io_stats: !@   8,0 r 9231875 130350816 w 3342112 36749072 d 405249 15782760 f 57659 125475 iot 1533280 0 th 0 0 0 pt 0 inp 0 0 40964.465
02-19 02:50:58.009  1059  1059 D io_stats: !@ Read_top(KB): com.jio.myjio(18030) 20616 f2fs_ckpt-254:5(1243) 4
02-19 02:50:58.009  1059  1059 D io_stats: !@ Write_top(KB): kworker/u16:5(27583) 748 f2fs_ckpt-254:5(1243) 640 android.vending(15172) 128
02-19 02:50:58.031  2557  2990 D PowerManagerService: displayReady: false groupId=0
02-19 02:50:58.031  2557  2990 D DisplayPowerController2[0]: animateScreenStateChange: target=ON, mIsEnabled=true
02-19 02:50:58.032  2557  2990 D PowerManagerService: displayReady: true groupId=0
02-19 02:50:58.123  1554 12945 I sensors-hal: handle_sns_client_event:375, [0][4738294] accel_sample [ 0.660,  0.416,  9.839] 42557733191454
02-19 02:50:58.179  3927  3927 D Bubbles : onEntryUpdated : shouldBubbleUp=false ,key=-1|com.android.systemui|2131363874|charging_state|10050
02-19 02:50:58.181  3927  3927 D InterruptionStateProvider:  no Heads up : edgelighting enabled app. -1|com.android.systemui|2131363874|charging_state|10050
02-19 02:50:58.201  3927  3927 D SubscreenNotificationListCoordinator: onAfterRenderList() isSubScreen = false, pluginLockMode = 0, doNotShowOnCover = false
02-19 02:50:58.209  3927  3927 I LockscreenNotificationIconsOnlyController: onNotificationInfoUpdated 0
02-19 02:50:58.210  3927  3927 I AODNotificationManager: updateNotification() 
02-19 02:50:58.223  3927  4577 D LocalImageResolver: Couldn't use ImageDecoder for drawable, falling back to non-resized load.
02-19 02:50:58.227  3927  4577 D LocalImageResolver: Couldn't use ImageDecoder for drawable, falling back to non-resized load.
02-19 02:50:58.232  2557  2990 D PowerManagerService: displayReady: false groupId=0
02-19 02:50:58.232  2557  2990 D DisplayPowerController2[0]: animateScreenStateChange: target=ON, mIsEnabled=true
02-19 02:50:58.232  3927  3927 D LocalImageResolver: Couldn't use ImageDecoder for drawable, falling back to non-resized load.
02-19 02:50:58.232  2557  2990 D PowerManagerService: displayReady: true groupId=0
02-19 02:50:58.236  2557  5879 D SemWifiUsabilityStatsMonitor: onWifiUsabilityStats - seqNum 12330, isSameBssidAndFreq true
02-19 02:50:58.237  2557  3662 D ConnectivityService: notifyType CALLBACK_CAP_CHANGED for [105 WIFI]
02-19 02:50:58.240  2557  3721 D SemWifiApNsd:Client: lpInterface:wlan0
02-19 02:50:58.241  2557  3721 D SemWifiSwitchForIndividualAppsService: stopTCPMonitoring : already stopped
02-19 02:50:58.241  2557  3721 I WifiConnectivityMonitor.NCC: sNetworkCallback(oCC) FULL : 105(valid: true/captive: false)
02-19 02:50:58.242  2557  3721 I WifiConnectivityMonitor.NCC: [ Transports: WIFI Capabilities: NOT_METERED&INTERNET&NOT_RESTRICTED&TRUSTED&NOT_VPN&VALIDATED&NOT_ROAMING&FOREGROUND&NOT_CONGESTED&NOT_SUSPENDED&NOT_VCN_MANAGED&NOT_BANDWIDTH_CONSTRAINED LinkUpBandwidth>=18986Kbps LinkDnBandwidth>=24435Kbps TransportInfo: <SSID: <unknown ssid>, BSSID: 02:00:00:**:**:00, MAC: 02:00:00:**:**:00, IP: /192.***.*.4, Security type: 2, Supplicant state: COMPLETED, Wi-Fi standard: 11ax, RSSI: -60, Link speed: 288Mbps, Tx Link speed: 288Mbps, Max Supported Tx Link speed: 2401Mbps, Rx Link speed: 648Mbps, Max Supported Rx Link speed: 2401Mbps, Frequency: 5200MHz, Net ID: -1, Metered hint: false, score: 60, isUsable: true, CarrierMerged: false, SubscriptionId: -1, IsPrimary: 1, Trusted: true, Restricted: false, Ephemeral: false, OEM paid: false, OEM private: false, OSU AP: false, FQDN: <none>, Provider friendly name: <none>, Requesting package name: <none><none>MLO Information: , Is TID-To-Link negotiation supported by the AP: false, AP MLD Address: <none>, AP MLO Link Id: <none>, AP MLO Affiliated links: <none>, Vendor Data: <none>> SignalStrength: -60 AdminUids: [1000] SSID: "Airtel_FARM HOUSE" UnderlyingNetworks: Null]
02-19 02:50:58.242  2557  3803 D WifiConnectivityMonitor: HANDLE_ON_CAPABILITIES_CHANGED
02-19 02:50:58.242  2557  3803 I WifiConnectivityMonitor: determineMode : MODE_NON_SWITCHABLE_BY_POOR_NETWORK_DETECTION_DISABLED
02-19 02:50:58.242  2557  3803 D OpenNetworkQos[4.00]: updateBssidNoInternet: mBssidNoInternet = false
02-19 02:50:58.243  2557  3803 D OpenNetworkQos[4.00]: getOpenNetworkQosNoInternetStatus: false
02-19 02:50:58.243  2557  3803 D OpenNetworkQos[4.00]: getOpenNetworkQosScores: 26 26 19 
02-19 02:50:58.243  2557  3803 D KNOX_MDM_SettingsProvider: isChangeAllowed() : name = wifi_wcm_qos_sharing_score_summary
02-19 02:50:58.243  2557  3803 I WifiProfileShare: network QoS data was changed (internet), updateQoSData networkType: true, qosData: false
02-19 02:50:58.244  2557  4952 V WifiProfileShare.Caster: update wips network, size: 0
02-19 02:50:58.244  2557  4952 D WifiProfileShare: nearby scanning settings run
02-19 02:50:58.244  2557  4952 D WifiProfileShare: network score provider settings enabled
02-19 02:50:58.244  2557  4952 D OpenNetworkQos[4.00]: getOpenNetworkQosScores: 26 26 19 
02-19 02:50:58.244  2557  4952 D OpenNetworkQos[4.00]: getOpenNetworkQosNoInternetStatus: false
02-19 02:50:58.244  2557  4952 I WifiProfileShare.Caster: current network type: 0, score: [26, 26, 19]
02-19 02:50:58.245  2557  3795 D SemApeService: Deducted link capacity (M: R=453 T=201) RSSI=-60
02-19 02:50:58.245  2557  3795 D SemApeService: Deducted link capacity (M: R=453 T=201) on (wlan0) GoogleAPI(M: R=24 T=18) RSSI=-60 isDefault=false isMlo=false
02-19 02:50:58.245  2557  4952 V WifiProfileShare.Cache: update network score 24:de:8a:**:**:db
02-19 02:50:58.246  2557  4952 D WifiProfileShare.ScanMatcher: getMcfDataList size:2
02-19 02:50:58.246  2557  4952 I WifiProfileShare.Caster: qos data was updated , before:type:QOS, pBssid:a2:05:ff, qosData:7b after:type:QOS, pBssid:a2:05:ff, qosData:7b
02-19 02:50:58.246  2557  3792 D SGM:GameManager: identifyGamePackage. com.sec.android.app.launcher, mCurrentUserId: 0, callerUserId: 0, callingMethodInfo: com.samsung.android.game.SemGameManager.isGamePackage(SemGameManager.java:105)
02-19 02:50:58.247  2557  3792 D SGM:SemGameManager: isGamePackage(), pkgName=com.sec.android.app.launcher, ret=false
02-19 02:50:58.247  2557  4952 I [MCFSDK_android_1.2.27006]_4_McfCasterImpl: isNetworkEnabled - type : 1 ret : true
02-19 02:50:58.247  2557  4952 D WifiProfileShare.McfCast: -ME--- mIsNetworkEnabled :true
02-19 02:50:58.247  2557  4952 D WifiProfileShare.McfCast: updateQoSData ignored, same contents
02-19 02:50:58.247  2557  4952 D WifiProfileShare.MCF: success update QosData !
02-19 02:50:58.247  2557  4952 I [MCFSDK_android_1.2.27006]_4_McfCasterImpl: isNetworkEnabled - type : 1 ret : true
02-19 02:50:58.247  2557  4952 D WifiProfileShare.McfCast: -ME--- mIsNetworkEnabled :true
02-19 02:50:58.247  2557  4952 D WifiProfileShare.McfCast: -ME--- updatePasswordDate pwdData size:2
02-19 02:50:58.249  3927  3927 D S.S.N.  : entryViewBound parent :-1|com.android.systemui|2131363874|charging_state|10050
02-19 02:50:58.250  3927  4249 D WifiPickerTracker: updateWifiEntries capabilities
02-19 02:50:58.251  3927  3927 D LocalImageResolver: Couldn't use ImageDecoder for drawable, falling back to non-resized load.
02-19 02:50:58.252  2557  3721 D SemWifiApTrafficPriority: onCapabilitiesChanged Wifi:wlan0,mGapiValue:24.435Uplink: 18.986
02-19 02:50:58.252  3927  4249 D WifiPickerTracker: update AutoHotspot Entries() : bleAccessPoints -> 0
02-19 02:50:58.252  3927  4249 D WifiPickerTracker: handleNetworkCapabilitiesChanged
02-19 02:50:58.255  4229  6066 D txpwrJni: sendNetworkInfo start
02-19 02:50:58.255  4229  6066 D txpwrJni: sendNetworkInfo RatType 0
02-19 02:50:58.256  3927  3927 D SubscreenNotificationListCoordinator: onAfterRenderList() isSubScreen = false, pluginLockMode = 0, doNotShowOnCover = false
02-19 02:50:58.258  8468  9412 I HBD     : i onCapabilitiesChanged network : 105 current network state : wifi 
02-19 02:50:58.259  6667  8109 I BugleRcsEngine: handleMessage processing message:[NOTIFY_UPTIME_IGNORE_STATE_CHANGED] with [non-null]:RcsEngineImpl reference [CONTEXT log_prefix="RcsEngineImpl[DUAL_REG]:[69aab36d-b03c]>Handler" thread_id=122 ]
02-19 02:50:58.259  6667  7765 I BugleRcsEngine: Connected state: [1], networkType: [WIFI] [CONTEXT thread_id=116 ]
02-19 02:50:58.266  3927  3927 I LockscreenNotificationIconsOnlyController: onNotificationInfoUpdated 0
02-19 02:50:58.266  3927  3927 I AODNotificationManager: updateNotification() 
02-19 02:50:58.267  6667  8109 I BugleRcsEngine: Rcs is enabled from user settings: true [CONTEXT log_prefix="ProvisioningEngineDataRetriever" thread_id=122 ]
02-19 02:50:58.269  5356  5356 D BoundBrokerSvc: onRebind: Intent { act=com.google.android.gms.common.telemetry.service.START dat=chimera-action:/... cmp=com.google.android.gms/.chimera.PersistentApiService }
02-19 02:50:58.275 20863 20888 D txpwrJni: sendNetworkInfo start
02-19 02:50:58.276 20863 20888 D txpwrJni: sendNetworkInfo RatType 0
02-19 02:50:58.362  8468  8468 I HBD     : i onCapabilityChanged  setNetworkState currentNetworkState : wifi 
02-19 02:50:58.433  2557  2990 D PowerManagerService: displayReady: false groupId=0
02-19 02:50:58.433  2557  2990 D DisplayPowerController2[0]: animateScreenStateChange: target=ON, mIsEnabled=true
02-19 02:50:58.434  2557  2990 D PowerManagerService: displayReady: true groupId=0
02-19 02:50:58.455  1554 11966 I sensors-hal: handle_sns_client_event:341, [51171] mag_sample_cal(magcal_available:1): ts=42558022313901 ns; cal = [18.797680, -109.658173, 152.291534], uncal = [-61.542316, -226.778168, -62.568462], bias = [-80.339996, -117.119995, -214.860001], status=0
02-19 02:50:58.634  2557  2990 D PowerManagerService: displayReady: false groupId=0
02-19 02:50:58.634  2557  2990 D DisplayPowerController2[0]: animateScreenStateChange: target=ON, mIsEnabled=true
02-19 02:50:58.634  2557  2990 D PowerManagerService: displayReady: true groupId=0
02-19 02:50:58.767  5356 14084 I NearbySharing: Network state changed: NetworkState(isRestricted=false, isOnline=true, isCongested=false, isMetered=false, isWifiConnected=true)
02-19 02:50:58.835  2557  2990 D PowerManagerService: displayReady: false groupId=0
02-19 02:50:58.835  2557  2990 D DisplayPowerController2[0]: animateScreenStateChange: target=ON, mIsEnabled=true
02-19 02:50:58.835  2557  2990 D PowerManagerService: displayReady: true groupId=0
02-19 02:50:59.035  2557  2990 D PowerManagerService: displayReady: false groupId=0
02-19 02:50:59.035  2557  2990 D DisplayPowerController2[0]: animateScreenStateChange: target=ON, mIsEnabled=true
02-19 02:50:59.036  2557  2990 D PowerManagerService: displayReady: true groupId=0
02-19 02:50:59.064  1554 26706 I sensors-hal: handle_sns_std_sensor_event:90, light_cct: ts = 42558672180933 ns; value = [15, 15, 60, 69, 0, 35, 1, 0, 2656, 0]
02-19 02:50:59.118  5356  5356 D BoundBrokerSvc: onRebind: Intent { act=com.google.android.gms.libs.gmscorelogger.service.START dat=chimera-action:/... cmp=com.google.android.gms/.chimera.PersistentDirectBootAwareApiService }
02-19 02:50:59.158  2557  3526 D ActivityManager: freezing 10895 com.samsung.android.samsungpositioning
02-19 02:50:59.165  2557  3662 D InetDiagMessage: Destroyed 0 sockets, proto=IPPROTO_TCP, family=AF_INET, states=14
02-19 02:50:59.167  2557  3662 D InetDiagMessage: Destroyed 0 sockets, proto=IPPROTO_TCP, family=AF_INET6, states=14
02-19 02:50:59.167  2557  3662 D InetDiagMessage: Destroyed live tcp sockets for uids={5017} in 5ms
02-19 02:50:59.235  2557  2990 D PowerManagerService: displayReady: false groupId=0
02-19 02:50:59.236  2557  2990 D DisplayPowerController2[0]: animateScreenStateChange: target=ON, mIsEnabled=true
02-19 02:50:59.236  2557  2990 D PowerManagerService: displayReady: true groupId=0
02-19 02:50:59.340  2557  4943 D FreecessController: com.jio.myjio(state: Initial -> Frozen, Reason: JOB_ADD)
02-19 02:50:59.351  2557  4943 D ActivityManager: FCA:FCA recordedFileRss = 67424, and changeinRss = 12224
02-19 02:50:59.352  2557  4943 D FreecessController: FZ : com.jio.myjio(10378) [18030] reason: Bg
02-19 02:50:59.352  2557  4943 W LocationManagerService: onFreezeStateChanged, uid[10378]=true
02-19 02:50:59.352  2557  4943 I PowerManagerService: [PWL] SetWakeLockEnableDisable uid = 10378 , disable= true
02-19 02:50:59.352  2557  4943 I PowerManagerService: [PWL] can not change uid =  10378
02-19 02:50:59.353  2557  3532 D ActivityManager: Received BROADCAST intent 0xb3373d9 Key{broadcastIntent pkg=com.google.android.gms/com.google.android.gms.scheduler intent=act=com.google.android.gms.gcm.ACTION_CHECK_QUEUE cmp=com.google.android.gms/.gcm.nts.SchedulerInternalReceiver flags=0x2000000 u=0} requestCode=0 sent=0 from uid 1000
02-19 02:50:59.407  5356 31059 I NetworkScheduler.Stats: (REDACTED) Task %s/%s started execution. cause:%s exec_start_elapsed_seconds: %s
02-19 02:50:59.410  6075 31079 I PlayGamesServices[GamesSyncAdapter]: Starting sync for 11f4c113
