02-19 02:51:41.323  1642  1642 I Layer   : id=16790 Destroyed Surface(name=b6f87e5 NavigationBar0)/@0x24b71ac - animation-leash of insets_animation#16790
02-19 02:51:41.323  1642  1642 I Layer   : id=16789 Destroyed Surface(name=29212b3 StatusBar)/@0x6501fb9 - animation-leash of insets_animation#16789
02-19 02:51:41.323  2557  2908 D WindowManager: mRunner#onAnimationStart for remote wallpaper=[android.view.RemoteAnimationTarget@d4bb321], transaction=startRemoteWallpaperAnimation_206263406
02-19 02:51:41.325  4488 32144 I HoneySpace.WallpaperAnimator: onAnimationStart, wallpapers: Surface(name=Surface(name=RemoteWallpaperAnim:1:1)/@0x7e53207 - animation-leash of remote_wallpaper)/@0x131d7f2
02-19 02:51:41.325  4488  4488 I HoneySpace.WallpaperAnimator: startWallpaperAnimation, isOpen-true, from:1.0, to:1.3, duration:350
02-19 02:51:41.326  4488  4488 I HoneySpace.WallpaperAnimator: wallpaper animation start [154197571]
02-19 02:51:41.329 31182 31182 D CompatChangeReporter: Compat change id reported: 242716250; UID 10680; state: ENABLED
02-19 02:51:41.331  1642  1642 E SurfaceFlinger: alpha changed 0.000 -> 0.006 - Surface(name=Task=323)/@0xe470e60_transition-leash#16803
02-19 02:51:41.331  4488  4488 I HoneySpace.FloatingAnimator: container x: 423.76074, y: 2269.5178, scale : 0.18444815
02-19 02:51:41.332  4488  7467 I VRI[LauncherActivity]@66a84ac: mWNT: t=0xb400006fd72aec90 mBlastBufferQueue=0xb4000070672ee690 fn= 62 HdrRenderState mRenderHdrSdrRatio=1.0 caller= com.android.systemui.shared.launcher.ViewRootImplCompat.mergeWithNextTransaction:4 com.honeyspace.transition.utils.SurfaceTransactionApplier.scheduleApply$lambda$1:26 com.honeyspace.transition.utils.SurfaceTransactionApplier.b:0 
02-19 02:51:41.333  1642  1642 D SurfaceFlinger: Display 4630946315032985731 HWC layers:
02-19 02:51:41.333  1642  1642 D SurfaceFlinger:        CLIENT |   0xb40000745652f710 | 0000 | RGBA_1010102 |    0.0    0.0 1440.0 3120.0 |    0    0 1440 3120 | Wallpaper BBQ wrapper 5_system#99 (266)
02-19 02:51:41.333  1642  1642 D SurfaceFlinger:        CLIENT |   0xb400007456537b40 | 0001 | RGBA_8888    |    0.0    0.0 1440.0 3120.0 |    0    0 1440 3120 | com.sec.android.app.launcher/com.sec[...]ivities.LauncherActivity$_4488#16788 (61)
02-19 02:51:41.333  1642  1642 D SurfaceFlinger:        CLIENT |   0xb40000745651ccf0 | 0001 | RGBA_8888    |    0.0  112.0 1440.0 1632.0 |  429 2300  679 2564 | Splash Screen com.sikwin.app$_3927#16799 (1)
02-19 02:51:41.333  1642  1642 D SurfaceFlinger:        DEVICE |   0xb400007456515f40 | 0001 | RGBA_8888    |    0.0    0.0 1440.0  113.0 |    0    0 1440  113 | StatusBar$_3927#96 (21067)
02-19 02:51:41.333  1642  1642 D SurfaceFlinger:        DEVICE |   0xb40000745655dbe0 | 0001 | RGBA_8888    |    0.0    0.0   67.0  454.0 | 1373 1592 1440 2046 | com.sec.android.app.launcher/com.sam[...]l.app.CocktailBarService$_4488#16565 (1)
02-19 02:51:41.333  1642  1642 D SurfaceFlinger:        DEVICE |   0xb4000074565299b0 | 0001 | RGBA_8888    |    0.0    0.0 1440.0  180.0 |    0 2940 1440 3120 | NavigationBar0$_3927#92 (306
02-19 02:51:41.333  1642  1642 D SurfaceFlinger: 30)
02-19 02:51:41.333  1642  1642 D SurfaceFlinger: 
02-19 02:51:41.334 31182 31182 W ziparchive: Unable to open '/data/app/~~24gwApSRouhwWrs_jgYCCw==/com.sikwin.app-U53USrCxYZqrHFAggWyjUQ==/base.dm': No such file or directory
02-19 02:51:41.334 31182 31182 W ziparchive: Unable to open '/data/app/~~24gwApSRouhwWrs_jgYCCw==/com.sikwin.app-U53USrCxYZqrHFAggWyjUQ==/base.dm': No such file or directory
02-19 02:51:41.339  4488  4488 I HoneySpace.FloatingAnimator: container x: 415.3651, y: 2224.5537, scale : 0.20060599
02-19 02:51:41.340  4488  7468 I VRI[LauncherActivity]@66a84ac: mWNT: t=0xb400006fd7281810 mBlastBufferQueue=0xb4000070672ee690 fn= 63 HdrRenderState mRenderHdrSdrRatio=1.0 caller= com.android.systemui.shared.launcher.ViewRootImplCompat.mergeWithNextTransaction:4 com.honeyspace.transition.utils.SurfaceTransactionApplier.scheduleApply$lambda$1:26 com.honeyspace.transition.utils.SurfaceTransactionApplier.b:0 
02-19 02:51:41.348  4488  4488 I HoneySpace.FloatingAnimator: container x: 402.15436, y: 2153.8013, scale : 0.22603086
02-19 02:51:41.348  4488  7467 I VRI[LauncherActivity]@66a84ac: mWNT: t=0xb400006fd7261e50 mBlastBufferQueue=0xb4000070672ee690 fn= 64 HdrRenderState mRenderHdrSdrRatio=1.0 caller= com.android.systemui.shared.launcher.ViewRootImplCompat.mergeWithNextTransaction:4 com.honeyspace.transition.utils.SurfaceTransactionApplier.scheduleApply$lambda$1:26 com.honeyspace.transition.utils.SurfaceTransactionApplier.b:0 
02-19 02:51:41.356  4488  4488 I HoneySpace.FloatingAnimator: container x: 378.2564, y: 2025.812, scale : 0.27202386
02-19 02:51:41.356  4488  7468 I VRI[LauncherActivity]@66a84ac: mWNT: t=0xb400006fd7290610 mBlastBufferQueue=0xb4000070672ee690 fn= 65 HdrRenderState mRenderHdrSdrRatio=1.0 caller= com.android.systemui.shared.launcher.ViewRootImplCompat.mergeWithNextTransaction:4 com.honeyspace.transition.utils.SurfaceTransactionApplier.scheduleApply$lambda$1:26 com.honeyspace.transition.utils.SurfaceTransactionApplier.b:0 
02-19 02:51:41.364  4488  4488 I HoneySpace.FloatingAnimator: container x: 349.07858, y: 1869.5455, scale : 0.3281783
02-19 02:51:41.365  4488  7467 I VRI[LauncherActivity]@66a84ac: mWNT: t=0xb400006fd72e9150 mBlastBufferQueue=0xb4000070672ee690 fn= 66 HdrRenderState mRenderHdrSdrRatio=1.0 caller= com.android.systemui.shared.launcher.ViewRootImplCompat.mergeWithNextTransaction:4 com.honeyspace.transition.utils.SurfaceTransactionApplier.scheduleApply$lambda$1:26 com.honeyspace.transition.utils.SurfaceTransactionApplier.b:0 
02-19 02:51:41.373  4488  4488 I HoneySpace.FloatingAnimator: container x: 311.9833, y: 1670.876, scale : 0.3995702
02-19 02:51:41.373  4488  7468 I VRI[LauncherActivity]@66a84ac: mWNT: t=0xb400006fd7336310 mBlastBufferQueue=0xb4000070672ee690 fn= 67 HdrRenderState mRenderHdrSdrRatio=1.0 caller= com.android.systemui.shared.launcher.ViewRootImplCompat.mergeWithNextTransaction:4 com.honeyspace.transition.utils.SurfaceTransactionApplier.scheduleApply$lambda$1:26 com.honeyspace.transition.utils.SurfaceTransactionApplier.b:0 
02-19 02:51:41.381  4488  4488 I HoneySpace.FloatingAnimator: container x: 267.9185, y: 1434.8798, scale : 0.4843755
02-19 02:51:41.381  4488  7467 I VRI[LauncherActivity]@66a84ac: mWNT: t=0xb400006fd7263c10 mBlastBufferQueue=0xb4000070672ee690 fn= 68 HdrRenderState mRenderHdrSdrRatio=1.0 caller= com.android.systemui.shared.launcher.ViewRootImplCompat.mergeWithNextTransaction:4 com.honeyspace.transition.utils.SurfaceTransactionApplier.scheduleApply$lambda$1:26 com.honeyspace.transition.utils.SurfaceTransactionApplier.b:0 
02-19 02:51:41.386  7668  7668 I bqat    : onPause
02-19 02:51:41.388  6955  6999 I SDHMS:l : onTaskStackChanged
02-19 02:51:41.388  6955  7285 I SDHMS:l : no app is Resumed!!! mResumedPackages.size = 0
02-19 02:51:41.388  4488 27940 I HoneySpace.RecentTasks: onRecentTasksChanged
02-19 02:51:41.389  4488  4488 I HoneySpace.FloatingAnimator: container x: 233.2603, y: 1249.2625, scale : 0.5510771
02-19 02:51:41.390  4488  7468 I VRI[LauncherActivity]@66a84ac: mWNT: t=0xb400006fd72f04d0 mBlastBufferQueue=0xb4000070672ee690 fn= 69 HdrRenderState mRenderHdrSdrRatio=1.0 caller= com.android.systemui.shared.launcher.ViewRootImplCompat.mergeWithNextTransaction:4 com.honeyspace.transition.utils.SurfaceTransactionApplier.scheduleApply$lambda$1:26 com.honeyspace.transition.utils.SurfaceTransactionApplier.b:0 
02-19 02:51:41.390  4488 27940 I HoneySpace.HistoryViewModel@30671529@OneUI: Illegal access. Unknown type. skip load history items
02-19 02:51:41.390  2557  2990 D PowerManagerService: displayReady: false groupId=0
02-19 02:51:41.390  2557  2990 D DisplayPowerController2[0]: animateScreenStateChange: target=ON, mIsEnabled=true
02-19 02:51:41.390  2557  2990 D PowerManagerService: displayReady: true groupId=0
02-19 02:51:41.391  6611   693 I [AirCmd]_ActivitySwitchDetector: onTaskStackChanged : componentName - ComponentInfo{com.sec.android.app.launcher/com.sec.android.app.launcher.Launcher}
02-19 02:51:41.398  4488  4488 I HoneySpace.FloatingAnimator: container x: 203.81636, y: 1091.5708, scale : 0.6077437
02-19 02:51:41.398  4488  7467 I VRI[LauncherActivity]@66a84ac: mWNT: t=0xb400006fd72e7010 mBlastBufferQueue=0xb4000070672ee690 fn= 70 HdrRenderState mRenderHdrSdrRatio=1.0 caller= com.android.systemui.shared.launcher.ViewRootImplCompat.mergeWithNextTransaction:4 com.honeyspace.transition.utils.SurfaceTransactionApplier.scheduleApply$lambda$1:26 com.honeyspace.transition.utils.SurfaceTransactionApplier.b:0 
02-19 02:51:41.406  4488  4488 I HoneySpace.FloatingAnimator: container x: 175.1551, y: 938.0709, scale : 0.66290396
02-19 02:51:41.406  4488  7468 I VRI[LauncherActivity]@66a84ac: mWNT: t=0xb400006fd7324950 mBlastBufferQueue=0xb4000070672ee690 fn= 71 HdrRenderState mRenderHdrSdrRatio=1.0 caller= com.android.systemui.shared.launcher.ViewRootImplCompat.mergeWithNextTransaction:4 com.honeyspace.transition.utils.SurfaceTransactionApplier.scheduleApply$lambda$1:26 com.honeyspace.transition.utils.SurfaceTransactionApplier.b:0 
02-19 02:51:41.410  1554 29929 I sensors-hal: handle_sns_client_event:422, [0][6849] gyro_sample_cal(cal_available:1)(3) [-0.001, 0.000, 0.001] bias[ 0.002,-0.005,-0.007] 42601010637942
02-19 02:51:41.414  4488  4488 I HoneySpace.FloatingAnimator: container x: 155.96355, y: 835.2875, scale : 0.6998392
02-19 02:51:41.415  4488  7467 I VRI[LauncherActivity]@66a84ac: mWNT: t=0xb400006fd7333210 mBlastBufferQueue=0xb4000070672ee690 fn= 72 HdrRenderState mRenderHdrSdrRatio=1.0 caller= com.android.systemui.shared.launcher.ViewRootImplCompat.mergeWithNextTransaction:4 com.honeyspace.transition.utils.SurfaceTransactionApplier.scheduleApply$lambda$1:26 com.honeyspace.transition.utils.SurfaceTransactionApplier.b:0 
02-19 02:51:41.423  4488  4488 I HoneySpace.FloatingAnimator: container x: 136.82115, y: 732.76733, scale : 0.73667985
02-19 02:51:41.423  4488  7468 I VRI[LauncherActivity]@66a84ac: mWNT: t=0xb400006fd72fcc50 mBlastBufferQueue=0xb4000070672ee690 fn= 73 HdrRenderState mRenderHdrSdrRatio=1.0 caller= com.android.systemui.shared.launcher.ViewRootImplCompat.mergeWithNextTransaction:4 com.honeyspace.transition.utils.SurfaceTransactionApplier.scheduleApply$lambda$1:26 com.honeyspace.transition.utils.SurfaceTransactionApplier.b:0 
02-19 02:51:41.431  4488  4488 I HoneySpace.FloatingAnimator: container x: 119.80791, y: 641.6502, scale : 0.7694228
02-19 02:51:41.431  4488  7467 I VRI[LauncherActivity]@66a84ac: mWNT: t=0xb400006fd731fa90 mBlastBufferQueue=0xb4000070672ee690 fn= 74 HdrRenderState mRenderHdrSdrRatio=1.0 caller= com.android.systemui.shared.launcher.ViewRootImplCompat.mergeWithNextTransaction:4 com.honeyspace.transition.utils.SurfaceTransactionApplier.scheduleApply$lambda$1:26 com.honeyspace.transition.utils.SurfaceTransactionApplier.b:0 
02-19 02:51:41.439  4488  4488 I HoneySpace.FloatingAnimator: container x: 106.80649, y: 572.01904, scale : 0.7944447
02-19 02:51:41.440  4488  7468 I VRI[LauncherActivity]@66a84ac: mWNT: t=0xb400006fd7315450 mBlastBufferQueue=0xb4000070672ee690 fn= 75 HdrRenderState mRenderHdrSdrRatio=1.0 caller= com.android.systemui.shared.launcher.ViewRootImplCompat.mergeWithNextTransaction:4 com.honeyspace.transition.utils.SurfaceTransactionApplier.scheduleApply$lambda$1:26 com.honeyspace.transition.utils.SurfaceTransactionApplier.b:0 
02-19 02:51:41.447  4488  4488 I HoneySpace.FloatingAnimator: container x: 95.070526, y: 509.16522, scale : 0.81703126
02-19 02:51:41.448  4488  7467 I VRI[LauncherActivity]@66a84ac: mWNT: t=0xb400006fd7284590 mBlastBufferQueue=0xb4000070672ee690 fn= 76 HdrRenderState mRenderHdrSdrRatio=1.0 caller= com.android.systemui.shared.launcher.ViewRootImplCompat.mergeWithNextTransaction:4 com.honeyspace.transition.utils.SurfaceTransactionApplier.scheduleApply$lambda$1:26 com.honeyspace.transition.utils.SurfaceTransactionApplier.b:0 
02-19 02:51:41.456  4488  4488 I HoneySpace.FloatingAnimator: container x: 83.1061, y: 445.08786, scale : 0.84005755
02-19 02:51:41.456  4488  7468 I VRI[LauncherActivity]@66a84ac: mWNT: t=0xb400006fd7346290 mBlastBufferQueue=0xb4000070672ee690 fn= 77 HdrRenderState mRenderHdrSdrRatio=1.0 caller= com.android.systemui.shared.launcher.ViewRootImplCompat.mergeWithNextTransaction:4 com.honeyspace.transition.utils.SurfaceTransactionApplier.scheduleApply$lambda$1:26 com.honeyspace.transition.utils.SurfaceTransactionApplier.b:0 
02-19 02:51:41.464  4488  4488 I HoneySpace.FloatingAnimator: container x: 74.213104, y: 397.46005, scale : 0.85717267
02-19 02:51:41.465  4488  7467 I VRI[LauncherActivity]@66a84ac: mWNT: t=0xb400006fd72c09d0 mBlastBufferQueue=0xb4000070672ee690 fn= 78 HdrRenderState mRenderHdrSdrRatio=1.0 caller= com.android.systemui.shared.launcher.ViewRootImplCompat.mergeWithNextTransaction:4 com.honeyspace.transition.utils.SurfaceTransactionApplier.scheduleApply$lambda$1:26 com.honeyspace.transition.utils.SurfaceTransactionApplier.b:0 
02-19 02:51:41.471  1554 11962 I sensors-hal: handle_sns_std_sensor_event:158, [25800] Pressure 1008.113, cal -0.289, sw_offset 0.000 (lsb(bit) 0x7f 0xfc 0x3e)
02-19 02:51:41.472  4488  4488 I HoneySpace.FloatingAnimator: container x: 65.73734, y: 352.0667, scale : 0.87348473
02-19 02:51:41.473  4488  7468 I VRI[LauncherActivity]@66a84ac: mWNT: t=0xb400006fd72e2f50 mBlastBufferQueue=0xb4000070672ee690 fn= 79 HdrRenderState mRenderHdrSdrRatio=1.0 caller= com.android.systemui.shared.launcher.ViewRootImplCompat.mergeWithNextTransaction:4 com.honeyspace.transition.utils.SurfaceTransactionApplier.scheduleApply$lambda$1:26 com.honeyspace.transition.utils.SurfaceTransactionApplier.b:0 
02-19 02:51:41.481  4488  4488 I HoneySpace.FloatingAnimator: container x: 58.432697, y: 312.94556, scale : 0.8875429
02-19 02:51:41.481  4488  7467 I VRI[LauncherActivity]@66a84ac: mWNT: t=0xb400006fd7264690 mBlastBufferQueue=0xb4000070672ee690 fn= 80 HdrRenderState mRenderHdrSdrRatio=1.0 caller= com.android.systemui.shared.launcher.ViewRootImplCompat.mergeWithNextTransaction:4 com.honeyspace.transition.utils.SurfaceTransactionApplier.scheduleApply$lambda$1:26 com.honeyspace.transition.utils.SurfaceTransactionApplier.b:0 
02-19 02:51:41.489  4488  4488 I HoneySpace.FloatingAnimator: container x: 50.765133, y: 271.8807, scale : 0.9022996
02-19 02:51:41.490  4488  7468 I VRI[LauncherActivity]@66a84ac: mWNT: t=0xb400006fd7322d50 mBlastBufferQueue=0xb4000070672ee690 fn= 81 HdrRenderState mRenderHdrSdrRatio=1.0 caller= com.android.systemui.shared.launcher.ViewRootImplCompat.mergeWithNextTransaction:4 com.honeyspace.transition.utils.SurfaceTransactionApplier.scheduleApply$lambda$1:26 com.honeyspace.transition.utils.SurfaceTransactionApplier.b:0 
02-19 02:51:41.497  4488  4488 I HoneySpace.FloatingAnimator: container x: 44.85618, y: 240.23436, scale : 0.91367173
02-19 02:51:41.498  4488  7467 I VRI[LauncherActivity]@66a84ac: mWNT: t=0xb400006fd7324cd0 mBlastBufferQueue=0xb4000070672ee690 fn= 82 HdrRenderState mRenderHdrSdrRatio=1.0 caller= com.android.systemui.shared.launcher.ViewRootImplCompat.mergeWithNextTransaction:4 com.honeyspace.transition.utils.SurfaceTransactionApplier.scheduleApply$lambda$1:26 com.honeyspace.transition.utils.SurfaceTransactionApplier.b:0 
02-19 02:51:41.506  4488  4488 I HoneySpace.FloatingAnimator: container x: 39.157875, y: 209.7162, scale : 0.92463845
02-19 02:51:41.506  4488  7468 I VRI[LauncherActivity]@66a84ac: mWNT: t=0xb400006fd7333910 mBlastBufferQueue=0xb4000070672ee690 fn= 83 HdrRenderState mRenderHdrSdrRatio=1.0 caller= com.android.systemui.shared.launcher.ViewRootImplCompat.mergeWithNextTransaction:4 com.honeyspace.transition.utils.SurfaceTransactionApplier.scheduleApply$lambda$1:26 com.honeyspace.transition.utils.SurfaceTransactionApplier.b:0 
02-19 02:51:41.514  4488  4488 I HoneySpace.FloatingAnimator: container x: 33.893703, y: 181.5231, scale : 0.93476963
02-19 02:51:41.515  4488  7467 I VRI[LauncherActivity]@66a84ac: mWNT: t=0xb400006fd72c6850 mBlastBufferQueue=0xb4000070672ee690 fn= 84 HdrRenderState mRenderHdrSdrRatio=1.0 caller= com.android.systemui.shared.launcher.ViewRootImplCompat.mergeWithNextTransaction:4 com.honeyspace.transition.utils.SurfaceTransactionApplier.scheduleApply$lambda$1:26 com.honeyspace.transition.utils.SurfaceTransactionApplier.b:0 
02-19 02:51:41.522  4488  4488 I HoneySpace.FloatingAnimator: container x: 29.214464, y: 156.46269, scale : 0.9437751
02-19 02:51:41.523  4488  7468 I VRI[LauncherActivity]@66a84ac: mWNT: t=0xb400006fd7323450 mBlastBufferQueue=0xb4000070672ee690 fn= 85 HdrRenderState mRenderHdrSdrRatio=1.0 caller= com.android.systemui.shared.launcher.ViewRootImplCompat.mergeWithNextTransaction:4 com.honeyspace.transition.utils.SurfaceTransactionApplier.scheduleApply$lambda$1:26 com.honeyspace.transition.utils.SurfaceTransactionApplier.b:0 
02-19 02:51:41.531  4488  4488 I HoneySpace.FloatingAnimator: container x: 25.435358, y: 136.22308, scale : 0.9510482
02-19 02:51:41.531  4488  7467 I VRI[LauncherActivity]@66a84ac: mWNT: t=0xb400006fd72ff9d0 mBlastBufferQueue=0xb4000070672ee690 fn= 86 HdrRenderState mRenderHdrSdrRatio=1.0 caller= com.android.systemui.shared.launcher.ViewRootImplCompat.mergeWithNextTransaction:4 com.honeyspace.transition.utils.SurfaceTransactionApplier.scheduleApply$lambda$1:26 com.honeyspace.transition.utils.SurfaceTransactionApplier.b:0 
02-19 02:51:41.539  4488  4488 I HoneySpace.FloatingAnimator: container x: 21.394007, y: 114.578995, scale : 0.95882595
02-19 02:51:41.540  4488  7468 I VRI[LauncherActivity]@66a84ac: mWNT: t=0xb400006fd72e6c90 mBlastBufferQueue=0xb4000070672ee690 fn= 87 HdrRenderState mRenderHdrSdrRatio=1.0 caller= com.android.systemui.shared.launcher.ViewRootImplCompat.mergeWithNextTransaction:4 com.honeyspace.transition.utils.SurfaceTransactionApplier.scheduleApply$lambda$1:26 com.honeyspace.transition.utils.SurfaceTransactionApplier.b:0 
02-19 02:51:41.547  4488  4488 I HoneySpace.FloatingAnimator: container x: 18.01739, y: 96.49498, scale : 0.96532446
02-19 02:51:41.548  4488  7467 I VRI[LauncherActivity]@66a84ac: mWNT: t=0xb400006fd7334c50 mBlastBufferQueue=0xb4000070672ee690 fn= 88 HdrRenderState mRenderHdrSdrRatio=1.0 caller= com.android.systemui.shared.launcher.ViewRootImplCompat.mergeWithNextTransaction:4 com.honeyspace.transition.utils.SurfaceTransactionApplier.scheduleApply$lambda$1:26 com.honeyspace.transition.utils.SurfaceTransactionApplier.b:0 
02-19 02:51:41.556  4488  4488 I HoneySpace.FloatingAnimator: container x: 15.389123, y: 82.418884, scale : 0.97038275
02-19 02:51:41.556  4488  7468 I VRI[LauncherActivity]@66a84ac: mWNT: t=0xb400006fd7267090 mBlastBufferQueue=0xb4000070672ee690 fn= 89 HdrRenderState mRenderHdrSdrRatio=1.0 caller= com.android.systemui.shared.launcher.ViewRootImplCompat.mergeWithNextTransaction:4 com.honeyspace.transition.utils.SurfaceTransactionApplier.scheduleApply$lambda$1:26 com.honeyspace.transition.utils.SurfaceTransactionApplier.b:0 
02-19 02:51:41.564  4488  4488 I HoneySpace.FloatingAnimator: container x: 12.432337, y: 66.58334, scale : 0.9760732
02-19 02:51:41.565  4488  7467 I VRI[LauncherActivity]@66a84ac: mWNT: t=0xb400006fd729c4d0 mBlastBufferQueue=0xb4000070672ee690 fn= 90 HdrRenderState mRenderHdrSdrRatio=1.0 caller= com.android.systemui.shared.launcher.ViewRootImplCompat.mergeWithNextTransaction:4 com.honeyspace.transition.utils.SurfaceTransactionApplier.scheduleApply$lambda$1:26 com.honeyspace.transition.utils.SurfaceTransactionApplier.b:0 
02-19 02:51:41.566  2557  2906 I GestureDetector: handleMessage TAP
02-19 02:51:41.566  2557  2557 I GestureDetector: handleMessage TAP
02-19 02:51:41.573  4488  4488 I HoneySpace.FloatingAnimator: container x: 10.097749, y: 54.080093, scale : 0.9805663
02-19 02:51:41.573  4488  7468 I VRI[LauncherActivity]@66a84ac: mWNT: t=0xb400006fd7344d90 mBlastBufferQueue=0xb4000070672ee690 fn= 91 HdrRenderState mRenderHdrSdrRatio=1.0 caller= com.android.systemui.shared.launcher.ViewRootImplCompat.mergeWithNextTransaction:4 com.honeyspace.transition.utils.SurfaceTransactionApplier.scheduleApply$lambda$1:26 com.honeyspace.transition.utils.SurfaceTransactionApplier.b:0 
02-19 02:51:41.581  4488  4488 I HoneySpace.FloatingAnimator: container x: 8.327703, y: 44.600334, scale : 0.9839728
02-19 02:51:41.581  4488  7467 I VRI[LauncherActivity]@66a84ac: mWNT: t=0xb400006fd7330110 mBlastBufferQueue=0xb4000070672ee690 fn= 92 HdrRenderState mRenderHdrSdrRatio=1.0 caller= com.android.systemui.shared.launcher.ViewRootImplCompat.mergeWithNextTransaction:4 com.honeyspace.transition.utils.SurfaceTransactionApplier.scheduleApply$lambda$1:26 com.honeyspace.transition.utils.SurfaceTransactionApplier.b:0 
02-19 02:51:41.585 31182 31182 D nativeloader: Configuring clns-7 for other apk /data/app/~~24gwApSRouhwWrs_jgYCCw==/com.sikwin.app-U53USrCxYZqrHFAggWyjUQ==/base.apk. target_sdk_version=34, uses_libraries=, library_path=/data/app/~~24gwApSRouhwWrs_jgYCCw==/com.sikwin.app-U53USrCxYZqrHFAggWyjUQ==/lib/arm64:/data/app/~~24gwApSRouhwWrs_jgYCCw==/com.sikwin.app-U53USrCxYZqrHFAggWyjUQ==/base.apk!/lib/arm64-v8a, permitted_path=/data:/mnt/expand:/data/user/0/com.sikwin.app
02-19 02:51:41.589  4488  4488 I HoneySpace.FloatingAnimator: container x: 6.336373, y: 33.935448, scale : 0.9878052
02-19 02:51:41.589 31182 31182 V GraphicsEnvironment: Currently set values for:
02-19 02:51:41.589 31182 31182 V GraphicsEnvironment:   angle_gl_driver_selection_pkgs=[]
02-19 02:51:41.589 31182 31182 V GraphicsEnvironment:   angle_gl_driver_selection_values=[]
02-19 02:51:41.589 31182 31182 V GraphicsEnvironment: Global.Settings values are invalid: number of packages: 0, number of values: 0
02-19 02:51:41.589 31182 31182 V GraphicsEnvironment: App is not on the allowlist for updatable production driver.
02-19 02:51:41.590  4488  7468 I VRI[LauncherActivity]@66a84ac: mWNT: t=0xb400006fd7312510 mBlastBufferQueue=0xb4000070672ee690 fn= 93 HdrRenderState mRenderHdrSdrRatio=1.0 caller= com.android.systemui.shared.launcher.ViewRootImplCompat.mergeWithNextTransaction:4 com.honeyspace.transition.utils.SurfaceTransactionApplier.scheduleApply$lambda$1:26 com.honeyspace.transition.utils.SurfaceTransactionApplier.b:0 
02-19 02:51:41.590  2557  2990 D PowerManagerService: displayReady: false groupId=0
02-19 02:51:41.590  2557  2990 D DisplayPowerController2[0]: animateScreenStateChange: target=ON, mIsEnabled=true
02-19 02:51:41.590  2557  2990 D PowerManagerService: displayReady: true groupId=0
02-19 02:51:41.597  4488  4488 I HoneySpace.FloatingAnimator: container x: 4.6947517, y: 25.143486, scale : 0.99096465
02-19 02:51:41.598  4488  7467 I VRI[LauncherActivity]@66a84ac: mWNT: t=0xb400006fd72c87d0 mBlastBufferQueue=0xb4000070672ee690 fn= 94 HdrRenderState mRenderHdrSdrRatio=1.0 caller= com.android.systemui.shared.launcher.ViewRootImplCompat.mergeWithNextTransaction:4 com.honeyspace.transition.utils.SurfaceTransactionApplier.scheduleApply$lambda$1:26 com.honeyspace.transition.utils.SurfaceTransactionApplier.b:0 
02-19 02:51:41.606  4488  4488 I HoneySpace.FloatingAnimator: container x: 3.6914344, y: 19.77006, scale : 0.99289566
02-19 02:51:41.606  4488  7468 I VRI[LauncherActivity]@66a84ac: mWNT: t=0xb400006fd731e750 mBlastBufferQueue=0xb4000070672ee690 fn= 95 HdrRenderState mRenderHdrSdrRatio=1.0 caller= com.android.systemui.shared.launcher.ViewRootImplCompat.mergeWithNextTransaction:4 com.honeyspace.transition.utils.SurfaceTransactionApplier.scheduleApply$lambda$1:26 com.honeyspace.transition.utils.SurfaceTransactionApplier.b:0 
02-19 02:51:41.614  4488  4488 I HoneySpace.FloatingAnimator: container x: 2.5627375, y: 13.725146, scale : 0.99506783
02-19 02:51:41.614  4488  7467 I VRI[LauncherActivity]@66a84ac: mWNT: t=0xb400006fd72f1110 mBlastBufferQueue=0xb4000070672ee690 fn= 96 HdrRenderState mRenderHdrSdrRatio=1.0 caller= com.android.systemui.shared.launcher.ViewRootImplCompat.mergeWithNextTransaction:4 com.honeyspace.transition.utils.SurfaceTransactionApplier.scheduleApply$lambda$1:26 com.honeyspace.transition.utils.SurfaceTransactionApplier.b:0 
02-19 02:51:41.615  2557  6950 V WindowManager: Computed rotation=ROTATION_0 (0) for display id=0 based on lastOrientation=SCREEN_ORIENTATION_UNSPECIFIED (-1) and oldRotation=ROTATION_0 (0), caller=com.android.server.wm.DisplayRotation.updateOrientation:25 com.android.server.wm.DisplayContent.updateOrientation:65 com.android.server.wm.DisplayContent.updateOrientation:11 com.android.server.wm.RootWindowContainer.ensureVisibilityAndConfig:7 com.android.server.wm.ActivityTaskSupervisor.realStartActivityLocked:213 com.android.server.wm.RootWindowContainer.attachApplication:90 
02-19 02:51:41.615  2557  6950 D SGM:FgCheckThread: notifyAppCreated(), packageName: com.sikwin.app, userId: 0, sendRet: true
02-19 02:51:41.615  2557  3575 D SGM:FgCheckThread: onLooperPrepared(), msg: MSG_APP_CREATE, pkgName: com.sikwin.app, userId: 0
02-19 02:51:41.616  2557  6950 D SGM:FgCheckThread: TaskStackListener.onTaskFocusChanged(), taskId=89, focused=false
02-19 02:51:41.616  2557  6950 D SGM:FgCheckThread: TaskStackListener.onTaskFocusChanged(), taskId=323, focused=true
02-19 02:51:41.616  2557  6950 D SGM:FgCheckThread:   sendRunningComponentFocus(), pkgName: com.sikwin.app, userId: 0
02-19 02:51:41.616  2557  3575 D SGM:FgCheckThread: onLooperPrepared(), msg: MSG_TASK_FOCUSED, pkgName: com.sikwin.app, userId: 0
02-19 02:51:41.616  2557  3575 D SGM:FgCheckThread: handleTaskFocused().
02-19 02:51:41.616  2557  6950 D InputDispatcher: Focused application(0): ActivityRecord{633c6e3 u0 com.sikwin.app/.MainActivity t323}
02-19 02:51:41.616  2557  3575 D SGM:FgCheckThread:   handleTaskFocused(), pkgName: com.sikwin.app, userID:0
02-19 02:51:41.616  2557  3575 D SGM:FgCheckThread: handleResume().
02-19 02:51:41.616  2557  3575 D SGM:FgCheckThread: sendFocusOutConditionally() - mPrevNotiPkg: (unknown), userId: 0
02-19 02:51:41.616  2557  3575 D SGM:FgCheckThread:   handleResume(). pkgName: com.sikwin.app, userId: 0, category: non-game
02-19 02:51:41.616  2557  3575 D SGM:FgCheckThread: notifyFocusInOut(). of pkg: com.sikwin.app, type: 4, isSecGameFamily: false, userId: 0
02-19 02:51:41.616  2557  3575 D SGM:FgCheckThread:   notifyFocusInOut(). unexpected mPrevNotiType: -1
02-19 02:51:41.616  2557  3575 D SGM:SystemHelper: callReleaseBlock needReleaseBlock:false
02-19 02:51:41.616  2557  6950 D ActivityTaskManager: scheduleTopResumedActivityChanged, onTop=true, r=ActivityRecord{633c6e3 u0 com.sikwin.app/.MainActivity t323}, caller=com.android.server.wm.ActivityTaskSupervisor.updateTopResumedActivityIfNeeded:62 com.android.server.wm.TaskFragment.setResumedActivity:29 com.android.server.wm.ActivityRecord.setState:104 com.android.server.wm.ActivityTaskSupervisor.realStartActivityLocked:949 com.android.server.wm.RootWindowContainer.attachApplication:90 com.android.server.wm.ActivityTaskManagerService$LocalService.attachApplication:40 
02-19 02:51:41.617  2557  3704 D AS.MultiSoundManager: mForegroundUid = 10680
02-19 02:51:41.617  2557  2908 I ActivityManager: Changes in 10680 19 to 2, 0 to 127
02-19 02:51:41.617  2557  2906 D PkgPredictorService-SecIpmManagerServiceImpl: onForegroundActivitiesChanged pid:31182 uid:10680
02-19 02:51:41.618  2557  3479 D GraphicsStatsService: requestRenderEngineFor(com.sikwin.app)
02-19 02:51:41.619 31182 31182 D ActivityThread: com.sikwin.app will use render engine as VK
02-19 02:51:41.619  3927  3927 I {OngoingActivityDataHelper}: setBaseActivityComponentName:ComponentInfo{com.sikwin.app/com.sikwin.app.MainActivity}
02-19 02:51:41.619 31182 31182 D HWUI    : HWUI - treat SMPTE_170M as sRGB
02-19 02:51:41.619  6611   693 I [AirCmd]_ActivitySwitchDetector: onTaskFocusChanged : taskId=323, componentName=ComponentInfo{com.sikwin.app/com.sikwin.app.MainActivity}
02-19 02:51:41.619  6611   693 I [AirCmd]_ActivitySwitchDetector: onTaskFocusChanged :mTopMostActivity = ComponentInfo{com.sec.android.app.launcher/com.sec.android.app.launcher.Launcher}
02-19 02:51:41.620  6611   693 I [AirCmd]_CallbackRepeater: stopRepeat : isWorking=false
02-19 02:51:41.620  6611   693 I [AirCmd]_MediaControlStateMonitor: isForegroundAppSupportsMediaButton : mediaSession is empty
02-19 02:51:41.620  6611   693 E [AirCmd]_MediaControlStateMonitor: getActiveNotificationPackageName : notification service monitor is null
02-19 02:51:41.620  6611   693 I [AirCmd]_ButtonEventDetectionThread: enableDoubleClickDetection: enabled= false
02-19 02:51:41.620 31182 31206 D HWUI    : CacheManager constructor. deviceInfo=(1080, 1920)
02-19 02:51:41.620 31182 31206 D vulkan  : searching for layers in '/data/app/~~24gwApSRouhwWrs_jgYCCw==/com.sikwin.app-U53USrCxYZqrHFAggWyjUQ==/lib/arm64'
02-19 02:51:41.620  2557  6897 W UserManagerService: Requested status bar icon for non-badged user 0
02-19 02:51:41.621 31182 31206 D vulkan  : searching for layers in '/data/app/~~24gwApSRouhwWrs_jgYCCw==/com.sikwin.app-U53USrCxYZqrHFAggWyjUQ==/base.apk!/lib/arm64-v8a'
02-19 02:51:41.622  4488  4488 I HoneySpace.FloatingAnimator: container x: 1.55942, y: 8.351721, scale : 0.9969988
02-19 02:51:41.623  4488  7468 I VRI[LauncherActivity]@66a84ac: mWNT: t=0xb400006fd72fc010 mBlastBufferQueue=0xb4000070672ee690 fn= 97 HdrRenderState mRenderHdrSdrRatio=1.0 caller= com.android.systemui.shared.launcher.ViewRootImplCompat.mergeWithNextTransaction:4 com.honeyspace.transition.utils.SurfaceTransactionApplier.scheduleApply$lambda$1:26 com.honeyspace.transition.utils.SurfaceTransactionApplier.b:0 
02-19 02:51:41.623  4488  4661 I HoneySpace.TopTaskSource: onTaskFocusChanged(): taskId = 323
02-19 02:51:41.623  4488  4661 I HoneySpace.TopTaskSource: onTaskMovedToFront : taskId = 323, displayId = 0
02-19 02:51:41.627 31182 31206 E Adreno-AppProfiles: QSPM AIDL service doesn't exist
02-19 02:51:41.627 31182 31206 I AdrenoVK-0: ===== BEGIN DUMP OF OVERRIDDEN SETTINGS =====
02-19 02:51:41.627 31182 31206 I AdrenoVK-0: ===== END DUMP OF OVERRIDDEN SETTINGS =====
02-19 02:51:41.628  2557  3633 V NetworkPolicy: getFirewallRuleWifi UID:10680 policy:0
02-19 02:51:41.628  2557  2906 V GameManagerService: setDefaultFrameRateOverride : 10680 , 0.0
02-19 02:51:41.628  1642  2145 I SurfaceFlinger: setGameDefaultFrameRateOverride: uid 10680, frameRate 0.000000 
02-19 02:51:41.631  4488  4488 I HoneySpace.FloatingAnimator: container x: 1.0262358, y: 5.496168, scale : 0.998025
02-19 02:51:41.631 10069 10519 I Rubin   : [171] S8.h.N(Unknown Source) : Notify com.samsung.android.rubin.inferenceengine.contextanalytics.engine.loggers.AppUsageLogger's database is updated.
02-19 02:51:41.631  4488  7467 I VRI[LauncherActivity]@66a84ac: mWNT: t=0xb400006fd7340cd0 mBlastBufferQueue=0xb4000070672ee690 fn= 98 HdrRenderState mRenderHdrSdrRatio=1.0 caller= com.android.systemui.shared.launcher.ViewRootImplCompat.mergeWithNextTransaction:4 com.honeyspace.transition.utils.SurfaceTransactionApplier.scheduleApply$lambda$1:26 com.honeyspace.transition.utils.SurfaceTransactionApplier.b:0 
02-19 02:51:41.632  2557  6950 D SGM:GameManager: identifyForegroundApp. com.sikwin.app, mCurrentUserId: 0, callerUserId: 0
02-19 02:51:41.633 31182 31206 I AdrenoVK-0: QUALCOMM build          : ae801e1e7c, I15873b352d
02-19 02:51:41.633 31182 31206 I AdrenoVK-0: Build Date              : 01/03/25
02-19 02:51:41.633 31182 31206 I AdrenoVK-0: Shader Compiler Version : E031.45.02.23
02-19 02:51:41.633 31182 31206 I AdrenoVK-0: Local Branch            : 
02-19 02:51:41.633 31182 31206 I AdrenoVK-0: Remote Branch           : refs/tags/AU_LINUX_ANDROID_LA.VENDOR.14.3.0.11.00.00.973.853
02-19 02:51:41.633 31182 31206 I AdrenoVK-0: Remote Branch           : NONE
02-19 02:51:41.633 31182 31206 I AdrenoVK-0: Reconstruct Branch      : NOTHING
02-19 02:51:41.633 31182 31206 I AdrenoVK-0: Build Config            : S P 16.1.2 AArch64
02-19 02:51:41.633 31182 31206 I AdrenoVK-0: Driver Path             : /vendor/lib64/hw/vulkan.adreno.so
02-19 02:51:41.633 31182 31206 I AdrenoVK-0: Driver Version          : 0762.31
02-19 02:51:41.633 31182 31206 I AdrenoVK-0: PFP                     : 0x01520675
02-19 02:51:41.633 31182 31206 I AdrenoVK-0: ME                      : 0x01520023
02-19 02:51:41.633 31182 31206 I AdrenoVK-0: Application Name    : android framework
02-19 02:51:41.633 31182 31206 I AdrenoVK-0: Application Version : 0x00000000
02-19 02:51:41.633 31182 31206 I AdrenoVK-0: Engine Name         : android framework
02-19 02:51:41.633 31182 31206 I AdrenoVK-0: Engine Version      : 0x00000000
02-19 02:51:41.633 31182 31206 I AdrenoVK-0: Api Version         : 0x00401000
02-19 02:51:41.634  2557  6950 D SGM:GameManager: identifyGamePackage. com.sikwin.app, mCurrentUserId: 0, callerUserId: 0, callingMethodInfo: com.samsung.android.game.IGameManagerService$Stub.onTransact(IGameManagerService.java:228)
02-19 02:51:41.635  2557  3806 D WifiConnectivityMonitor.NetworkStatsAnalyzer: Backhaul result - RSSI:-59, CE:15, PE:15, TI:19, PTI:19, TW:0, PTW:0, Tx:9, Rx:10, TxS:3, RxS:3, RESULT:true, IC:0, ICT:5, WC:0, WCT:5, R:0, RC:0, IE:0, EC:0
02-19 02:51:41.636  2557  2908 D EnterpriseDeviceManagerService: isMdmAdminPresentInternal() : MDM Admin Found - com.samsung.knox.securefolder
02-19 02:51:41.637  2557  2908 D SGM:FgCheckThread: noteResumeComponent(), received pkgName: com.sikwin.app, userId: 0
02-19 02:51:41.637  2557  3732 I CocktailBarManagerServiceContainer: handleMessage: entry what = 5
02-19 02:51:41.637  4488  4488 I HoneySpace.EdgePanel.CocktailHostRepositoryImpl: onNoteResume
02-19 02:51:41.637  4488  4488 I HoneySpace.EdgePanel.EdgeContainerViewModel: cocktailHostRepository.edgePanelOperation NoteResumeComponent(componentName=ComponentInfo{com.sikwin.app/com.sikwin.app.MainActivity})
02-19 02:51:41.637  4488 27940 I HoneySpace.EdgePanel.ActivityUtils: HomePackage : com.sec.android.app.launcher, resumePackageName : com.sikwin.app
02-19 02:51:41.637  2557  3575 D SGM:FgCheckThread: onLooperPrepared(), msg: MSG_APP_RESUME, pkgName: com.sikwin.app, userid: 0
02-19 02:51:41.637  2557  3575 D SGM:FgCheckThread: handleResume().
02-19 02:51:41.638  2557  3575 D SGM:FgCheckThread: sendFocusOutConditionally() - mPrevNotiPkg: (unknown), userId: 0
02-19 02:51:41.638  2557  3575 D SGM:FgCheckThread:   handleResume(). pkgName: com.sikwin.app, userId: 0, category: non-game
02-19 02:51:41.638  2557  3575 D SGM:FgCheckThread: notifyFocusInOut(). of pkg: com.sikwin.app, type: 4, isSecGameFamily: false, userId: 0
02-19 02:51:41.638  2557  3575 D SGM:FgCheckThread:   notifyFocusInOut(). unexpected mPrevNotiType: -1
02-19 02:51:41.638  2557  3575 D SGM:SystemHelper: callReleaseBlock needReleaseBlock:false
02-19 02:51:41.638 10069 10519 I Rubin   : [171] com.samsung.android.rubin.inferenceengine.contextanalytics.engine.monitors.moment.exercise.ExercisingWithCmhMonitor.isSatisfiedByCmh(Unknown Source) : isSatisfiedByCmh is false
02-19 02:51:41.638  2557  2908 D SGM:GameManager: identifyGamePackage. com.sikwin.app, mCurrentUserId: 0, callerUserId: 0, callingMethodInfo: com.samsung.android.game.SemGameManager.isGamePackage(SemGameManager.java:105)
02-19 02:51:41.638  2557  2908 D SGM:SemGameManager: isGamePackage(), pkgName=com.sikwin.app, ret=false
02-19 02:51:41.638  6955  8982 I SDHMS:l : handleResumeComponent : put = com.sikwin.app, userid = 0 instanceid =107165593
02-19 02:51:41.639  4488  4488 I HoneySpace.FloatingAnimator: container x: 0.6710033, y: 3.5936642, scale : 0.9987086
02-19 02:51:41.640  4488  7468 I VRI[LauncherActivity]@66a84ac: mWNT: t=0xb400006fd72b7350 mBlastBufferQueue=0xb4000070672ee690 fn= 99 HdrRenderState mRenderHdrSdrRatio=1.0 caller= com.android.systemui.shared.launcher.ViewRootImplCompat.mergeWithNextTransaction:4 com.honeyspace.transition.utils.SurfaceTransactionApplier.scheduleApply$lambda$1:26 com.honeyspace.transition.utils.SurfaceTransactionApplier.b:0 
02-19 02:51:41.647  4488  4488 I HoneySpace.FloatingAnimator: container x: 0.35523248, y: 1.9025037, scale : 0.99931633
02-19 02:51:41.648  4488  7467 I VRI[LauncherActivity]@66a84ac: mWNT: t=0xb400006fd72dc650 mBlastBufferQueue=0xb4000070672ee690 fn= 100 HdrRenderState mRenderHdrSdrRatio=1.0 caller= com.android.systemui.shared.launcher.ViewRootImplCompat.mergeWithNextTransaction:4 com.honeyspace.transition.utils.SurfaceTransactionApplier.scheduleApply$lambda$1:26 com.honeyspace.transition.utils.SurfaceTransactionApplier.b:0 
02-19 02:51:41.656  4488  4488 I HoneySpace.FloatingAnimator: container x: 0.039461672, y: 0.21134323, scale : 0.99992406
02-19 02:51:41.656  4488  7468 I VRI[LauncherActivity]@66a84ac: mWNT: t=0xb400006fd732e6d0 mBlastBufferQueue=0xb4000070672ee690 fn= 101 HdrRenderState mRenderHdrSdrRatio=1.0 caller= com.android.systemui.shared.launcher.ViewRootImplCompat.mergeWithNextTransaction:4 com.honeyspace.transition.utils.SurfaceTransactionApplier.scheduleApply$lambda$1:26 com.honeyspace.transition.utils.SurfaceTransactionApplier.b:0 
02-19 02:51:41.660 31182 31182 I DecorView: setWindowBackground: isPopOver=false color=ff121212 d=android.graphics.drawable.ColorDrawable@378e318
02-19 02:51:41.664  4488  4488 I HoneySpace.FloatingAnimator: container x: 0.0, y: 0.0, scale : 1.0
02-19 02:51:41.664  4488  4488 I HoneySpace.DeJankUtils: postAfterTraversal is called com.honeyspace.common.performance.JankWrapper$addCujInstrumentation$1$4$1@50a72b0, immediate : true detail : app transition end
02-19 02:51:41.664  4488  4488 I HoneySpace.FloatingAnimator: [Player:A(41.303)] value animator:[31053965] end
02-19 02:51:41.664  4488  4488 I HoneySpace.FloatingAnimator: remove positionListener - com.honeyspace.transition.anim.floating.b@28100a8
02-19 02:51:41.664  4488  4488 I HoneySpace.FloatingAnimator: [Player:A(41.303)] reset
02-19 02:51:41.664  4488  4488 I HoneySpace.IconView: setIconVisible : visible-true, currentForceHideBadge-true
02-19 02:51:41.664  4488  4488 I HoneySpace.FloatingAnimator: playerCount : 0
02-19 02:51:41.664  4488  4488 I HoneySpace.FloatingFinishHelper: finishInProgress: true
02-19 02:51:41.664  4488  4488 I HoneySpace.AppLaunchAnimationDelegate: mainAnimatorSet end
02-19 02:51:41.665  4488  4488 I HoneySpace.AnimationResult: finish, false
02-19 02:51:41.665  4488  4488 I HoneySpace.RunnableList: executeAllAndClear() called, size: 1
02-19 02:51:41.665  4488  4488 I HoneySpace.FloatingFinishHelper: isAppShow reset, immediate
02-19 02:51:41.665  4488  4488 I HoneySpace.AppscreenViewModel: endGestureHint
02-19 02:51:41.665  4488  4488 I HoneySpace.AppscreenViewModel: resetAnimatedValues
02-19 02:51:41.665  4488  4488 I HoneySpace.HoneyScreenManagerImpl: transitionAnimator is ended, onCancel: false
02-19 02:51:41.665  4488  4488 I HoneySpace.ContentsAnimator: ContentsAnimator end [233492368]
02-19 02:51:41.665  3927  4019 V WindowManagerShell: Transition animation finished (aborted=false), notifying core (#1167) android.os.BinderProxy@c878167@0
02-19 02:51:41.665  4488  9988 I HoneySpace.AnimationResult: asyncFinishRunnable run
02-19 02:51:41.667  3927  4019 I SurfaceControlRegistry: apply, t=FinishTransaction_SyncId<1167>, caller=android.view.SurfaceControl$Transaction.apply:3135 android.view.SurfaceControl$Transaction.apply:3122 android.view.SurfaceControl$Transaction.apply:3078 com.android.wm.shell.transition.Transitions.onFinish:308 com.android.wm.shell.transition.Transitions$$ExternalSyntheticLambda8.onTransitionFinished:18 com.android.wm.shell.transition.DefaultMixedHandler$$ExternalSyntheticLambda4.onTransitionFinished:17 
02-19 02:51:41.667  2557  6950 V WindowManager: Finish Transition: TransitionRecord{a827f12 id=1167 type=OPEN flags=0x0}, caller=com.android.server.wm.WindowOrganizerController.finishTransitionInner:26 com.android.server.wm.WindowOrganizerController.finishAllTransitions:59 android.window.IWindowOrganizerController$Stub.onTransact:311 
02-19 02:51:41.667  2557  2905 V WindowManager: Finish Transition (#1167): created at 02-19 02:51:41.279 collect-started=0.215ms request-sent=3.676ms started=11.201ms ready=19.739ms sent=20.531ms finished=387.558ms
02-19 02:51:41.667  4488  4488 I HoneySpace.ShellTransitionManager: open normal end
02-19 02:51:41.667  4488  7467 I VRI[LauncherActivity]@66a84ac: mWNT: t=0xb400006fd7336d90 mBlastBufferQueue=0xb4000070672ee690 fn= 102 HdrRenderState mRenderHdrSdrRatio=1.0 caller= com.android.systemui.shared.launcher.ViewRootImplCompat.mergeWithNextTransaction:4 com.honeyspace.transition.utils.SurfaceTransactionApplier.scheduleApply$lambda$1:26 com.honeyspace.transition.utils.SurfaceTransactionApplier.b:0 
02-19 02:51:41.667  4488  4488 I HoneySpace.ShellAnimationRunner: setDelegate, delegate-null, strong-false
02-19 02:51:41.667  4488  4488 I HoneySpace.RunnableList: executeAllAndClear() called, size: 1
02-19 02:51:41.668  4488  4488 I HoneySpace.AnimationResult: completeCallback run
02-19 02:51:41.668  2557  6950 V WindowManager: Setting visibility of Window{be569d1 u0 com.samsung.android.app.spage}: false, caller=com.android.server.wm.WindowContainer.sendAppVisibilityToClients:19 com.android.server.wm.WindowState.sendAppVisibilityToClients:5 com.android.server.wm.WindowContainer.sendAppVisibilityToClients:19 com.android.server.wm.WindowToken.setClientVisible:49 com.android.server.wm.ActivityRecord.setClientVisible:8 
02-19 02:51:41.668  2557  6950 V WindowManager: Setting visibility of Window{9913617 u0 com.sec.android.app.launcher/com.sec.android.app.launcher.activities.LauncherActivity}: false, caller=com.android.server.wm.WindowContainer.sendAppVisibilityToClients:19 com.android.server.wm.WindowToken.setClientVisible:49 com.android.server.wm.ActivityRecord.setClientVisible:8 com.android.server.wm.ActivityRecord.commitVisibility:273 com.android.server.wm.TransitionController.finishTransition:766 
02-19 02:51:41.668  4488 27940 I HoneySpace.ShellAnimationRunner: cleanUp: null, null
02-19 02:51:41.668  2557  6950 V WindowManager: Setting visibility of Window{65b6929 u0 com.samsung.android.wallpaper.live.layered.LayeredWallpaperService}: false, caller=com.android.server.wm.WindowContainer.sendAppVisibilityToClients:19 com.android.server.wm.WindowToken.setClientVisible:49 com.android.server.wm.WallpaperWindowToken.setVisible$1:3 com.android.server.wm.WallpaperWindowToken.commitVisibility:49 com.android.server.wm.TransitionController.finishTransition:1180 
02-19 02:51:41.668  2557  6950 D PersonaActivityHelper: token.toString()  Token{6633799 ActivityRecord{633c6e3 u0 com.sikwin.app/.MainActivity t323}}
02-19 02:51:41.668  2557  6950 D PersonaActivityHelper: mLastResumedSFActivity getPackageName  com.android.intentresolver
02-19 02:51:41.668  2557  6950 D PersonaActivityHelper: mLastResumedSFActivity getShortClassName  .ChooserActivityLauncher
02-19 02:51:41.668  4085 13833 I WallpaperService: dispatchAppVisibility: system, visible=false , mLidState = -1
02-19 02:51:41.668  2557  6950 D PersonaActivityHelper: token.toString()  Token{650f143 ActivityRecord{a560088 u0 com.sec.android.app.launcher/.activities.LauncherActivity t89}}
02-19 02:51:41.668  2557  6950 D PersonaActivityHelper: mLastResumedSFActivity getPackageName  com.android.intentresolver
02-19 02:51:41.668  2557  6950 D PersonaActivityHelper: mLastResumedSFActivity getShortClassName  .ChooserActivityLauncher
02-19 02:51:41.668  4085  4085 I WallpaperService: reportVisibility: visibility changed. visible=false
02-19 02:51:41.668  4085  4085 I SprWallpaper|LayeredWallpaperServiceEngine: onVisibilityChanged : 5 , com.samsung.android.wallpaper.live.layered.c@cc441d4
02-19 02:51:41.668  4085  4085 I SprWallpaper|LayeredController_PH: onVisibilityChanged : false , 2
02-19 02:51:41.668  4085  4085 I SprWallpaper|LayeredImageLayer_PH_single_image: LayerInfo :  , Rect(574, 0 - 2420, 3999) , Rect(0, 0 - 1440, 3120)
02-19 02:51:41.668  4085  4085 I SprWallpaper|LayeredImageLayer_PH_DarkModeFilter: LayerInfo :  , null , null
02-19 02:51:41.668  2557  6950 D ChangeTransitionController: onTransitionFinished: TransitionRecord{a827f12 id=1167 type=OPEN flags=0x0}
02-19 02:51:41.669  4488  4488 I VRI[LauncherActivity]@66a84ac: handleAppVisibility mAppVisible = true visible = false
02-19 02:51:41.669  4085  4085 I SemWallpaperColorsArea: Final area : Rect(90, 18 - 1350, 112)
02-19 02:51:41.669  4085  4085 I SemWallpaperColorsArea: Final area : Rect(48, 202 - 1391, 2366)
02-19 02:51:41.669  4085  4085 I SemWallpaperColorsArea: Final area : Rect(0, 2771 - 1440, 2951)
02-19 02:51:41.669  4085  4085 I SprWallpaper|DarkModeFilter:  Dark mode enabled : opacity :0.15
02-19 02:51:41.669  2557  6897 D KNOX_MDM_SettingsProvider: isChangeAllowed() : name = wallpaper_finish_drawing
02-19 02:51:41.669  2557  6897 D KNOX_MDM_SettingsProvider: edmUri: content://com.sec.knox.provider/RestrictionPolicy3
02-19 02:51:41.669  2557  6897 D KNOX_MDM_SettingsProvider: projectionArgs: isSettingsChangesAllowed
02-19 02:51:41.669  2557  6897 D KNOX_MDM_SettingsProvider: selectionArgs: false
02-19 02:51:41.669  2557  6897 D KNOX_MDM_SettingsProvider: selectionArgs: 10145
02-19 02:51:41.669  2557  6897 D SecContentProvider: query(), uri = 17 selection = isSettingsChangesAllowed
02-19 02:51:41.669  2557  6897 D SecContentProvider: called from com.samsung.android.wallpaper.live
02-19 02:51:41.669  2557  6897 D RestrictionPolicy: isSettingsChangesAllowedAsUser, userId 0 : true
02-19 02:51:41.669  2557  6897 D KNOX_MDM_SettingsProvider: ret = 1
02-19 02:51:41.669  2557  6897 D SettingsProvider: PUT_ret(/system/wallpaper_finish_drawing), callingPackage:com.samsung.android.wallpaper.live
02-19 02:51:41.670  2557  2908 D PowerManagerService: [api] setScreenDimDurationOverrideFromWindowManagerInternal: timeoutMillis: -1
02-19 02:51:41.670  2557  6897 W UserManagerService: Requested status bar icon for non-badged user 0
02-19 02:51:41.670  7614  7614 I VRI[]@5c3d758: handleAppVisibility mAppVisible = true visible = false
02-19 02:51:41.670  3927  4019 V WindowManagerShell: Track 0 became idle
02-19 02:51:41.670  3927  4019 V WindowManagerShell: All active transition animations finished
02-19 02:51:41.671  2557  6946 W UserManagerService: Requested status bar icon for non-badged user 0
02-19 02:51:41.671  4488 27940 I HoneySpace.RecentTasks: onRecentTasksChanged
02-19 02:51:41.672  4488 27940 I HoneySpace.HistoryViewModel@30671529@OneUI: Illegal access. Unknown type. skip load history items
02-19 02:51:41.672  1642  1642 I SurfaceFlinger: Layer [Task=1#52] hidden!! flag(1)
02-19 02:51:41.672  1642  1642 I SurfaceFlinger: [LayerHierarchy{RequestedLayerState{Task=1#52 parentId=11} 2 children}] reparent to LayerHierarchy{RequestedLayerState{DefaultTaskDisplayArea_d0#11 parentId=10} 10 children}
02-19 02:51:41.672  1642  1642 I SurfaceFlinger: [LayerHierarchy{RequestedLayerState{WallpaperWindowToken{30517ae token=android.os.Binder@af4b829}#65 parentId=9 z=1} 1 children}] reparent to LayerHierarchy{RequestedLayerState{Leaf:1:1#9 parentId=8} 2 children}
02-19 02:51:41.672  1642  1642 I SurfaceFlinger: [LayerHierarchy{RequestedLayerState{Task=323#16796 parentId=11 z=3} 1 children}] reparent to LayerHierarchy{RequestedLayerState{DefaultTaskDisplayArea_d0#11 parentId=10} 11 children}
02-19 02:51:41.672  1642  1642 I SurfaceFlinger: [LayerHierarchy{RequestedLayerState{Transition Root: Task=323#16800 z=3} 2 children}] reparent to OffscreenRoot
02-19 02:51:41.672  1642  1642 I SurfaceFlinger: [LayerHierarchy{RequestedLayerState{Transition Root: Task=323#16800 z=3} 2 children}] RelativeParent to null
02-19 02:51:41.672  4488  4488 I HoneySpace.DeJankUtils: traversals callback's received
02-19 02:51:41.672  4488  4488 I HoneySpace.DeJankUtils: doActionRunnable is called com.honeyspace.common.performance.JankWrapper$addCujInstrumentation$1$4$1@50a72b0, immediate = true, detail : app transition end
02-19 02:51:41.673  1642  1642 I SurfaceFlinger: id=16800 Removed Transition Root: Task=323#16800 (139)
02-19 02:51:41.674  1642  1642 D SurfaceFlinger: Display 4630946315032985731 HWC layers:
02-19 02:51:41.674  1642  1642 D SurfaceFlinger:        DEVICE |   0xb400007456510810 | 0000 | RGBA_1010102 |  160.0  346.0 1280.0 2774.0 |    0    0 1440 3120 | Wallpaper BBQ wrapper 5_system#99 (267)
02-19 02:51:41.674  1642  1642 D SurfaceFlinger:        DEVICE |   0xb40000745651ccf0 | 0001 | RGBA_8888    |    0.0    0.0 1440.0 3120.0 |    0    0 1440 3120 | Splash Screen com.sikwin.app$_3927#16799 (1)
02-19 02:51:41.674  1642  1642 D SurfaceFlinger:        DEVICE |   0xb400007456515f40 | 0001 | RGBA_8888    |    0.0    0.0 1440.0  113.0 |    0    0 1440  113 | StatusBar$_3927#96 (21067)
02-19 02:51:41.674  1642  1642 D SurfaceFlinger:        DEVICE |   0xb40000745655dbe0 | 0001 | RGBA_8888    |    0.0    0.0   67.0  454.0 | 1373 1592 1440 2046 | com.sec.android.app.launcher/com.sam[...]l.app.CocktailBarService$_4488#16565 (1)
02-19 02:51:41.674  1642  1642 D SurfaceFlinger:        DEVICE |   0xb4000074565299b0 | 0001 | RGBA_8888    |    0.0    0.0 1440.0  180.0 |    0 2940 1440 3120 | NavigationBar0$_3927#92 (30630)
02-19 02:51:41.674  1642  1642 D SurfaceFlinger: 
02-19 02:51:41.674  2557  6946 V WindowManager: Relayout Window{9913617 u0 com.sec.android.app.launcher/com.sec.android.app.launcher.activities.LauncherActivity}: viewVisibility=8 req=1440x3120 ty=1 d0
02-19 02:51:41.675  2557  6897 V WindowManager: Relayout Window{be569d1 u0 com.samsung.android.app.spage}: viewVisibility=8 req=0x2951 ty=1000 d0
02-19 02:51:41.675  2557  6946 V WindowManager: Relayout hash=9913617, pid=4488, syncId=-1: mAttrs={(0,0)(fillxfill) sim={adjust=nothing forwardNavigation} layoutInDisplayCutoutMode=always ty=BASE_APPLICATION fmt=TRANSPARENT wanim=0x1030301
02-19 02:51:41.675  2557  6946 V WindowManager:   fl=81910100
02-19 02:51:41.675  2557  6946 V WindowManager:   pfl=10008840
02-19 02:51:41.675  2557  6946 V WindowManager:   bhv=2
02-19 02:51:41.675  2557  6946 V WindowManager:   fitSides=0
02-19 02:51:41.675  2557  6946 V WindowManager:   frameRateBoostOnTouch=true
