02-19 02:51:07.469  8468  8468 I HBD     : i onCapabilityChanged  setNetworkState currentNetworkState : wifi 
02-19 02:51:07.472  1554 11962 I sensors-hal: handle_sns_std_sensor_event:158, [25630] Pressure 1008.112, cal -0.289, sw_offset 0.000 (lsb(bit) 0x51 0xfd 0x3e)
02-19 02:51:07.665  2557  2990 D PowerManagerService: displayReady: false groupId=0
02-19 02:51:07.665  2557  2990 D DisplayPowerController2[0]: animateScreenStateChange: target=ON, mIsEnabled=true
02-19 02:51:07.666  2557  2990 D PowerManagerService: displayReady: true groupId=0
02-19 02:51:07.865  2557  2990 D PowerManagerService: displayReady: false groupId=0
02-19 02:51:07.866  2557  2990 D DisplayPowerController2[0]: animateScreenStateChange: target=ON, mIsEnabled=true
02-19 02:51:07.866  2557  2990 D PowerManagerService: displayReady: true groupId=0
02-19 02:51:07.877  5356 29552 I NearbySharing: Network state changed: NetworkState(isRestricted=false, isOnline=true, isCongested=false, isMetered=false, isWifiConnected=true)
02-19 02:51:07.882  1635  1652 D HeatmapThread: wait_for_battery_event : occured : change@/devices/platform/samsung_mobile_device/samsung_mobile_device:battery/power_supply/battery 
02-19 02:51:07.883  1635  1652 I HeatmapThread: Heatmap battery event
02-19 02:51:07.884  1635  1652 D HeatmapThread: !@ batteryplugType : 2
02-19 02:51:07.884  1635  1652 D HeatmapThread: !@ batteryLevel : 54  batteryTemperature : 358 
02-19 02:51:07.884  1635  1652 D HeatmapThread: !@ Heatmap currtime: 29524161
02-19 02:51:07.884  1635  1652 D HeatmapThread: !@ Heatmap prevtime: 29524145
02-19 02:51:07.884  1635  1652 D HeatmapThread: !@ Heatmap plugstarttime: 29524147
02-19 02:51:07.885  6955  6955 I SDHMS:LOAD: type: LoadsFreqs, value: 0:0:0:676607:902400:672000:641279:1612800:499200:231:231:231
02-19 02:51:07.892  1611  1611 I seh_thermal_service: getTemperaturesWithType SehTemperatureType: 3
02-19 02:51:07.892  1596  1742 E BatteryDump: !@new_battery_dump : 4021,1814,1825,3331,54,358,328,423,358,0,374,423,0,Charging,NO_CHARGING,Normal,Good,PDIC,0,Normal,0,0,9300,0x8000,0x10010000,0x0,0,0,0000,0000,ffff0700,0,0,0,0,621,3917,5419,1000,0,
02-19 02:51:07.892  1596  1596 I sehhealth-service: updateLrpSysfs: write: 373
02-19 02:51:08.016  1059  1059 D io_stats: !@   8,0 r 9231881 130350864 w 3343352 36761676 d 405881 15868100 f 57686 125512 iot 1533792 0 th 0 0 0 pt 0 inp 0 0 40974.473
02-19 02:51:08.066  2557  2990 D PowerManagerService: displayReady: false groupId=0
02-19 02:51:08.066  2557  2990 D DisplayPowerController2[0]: animateScreenStateChange: target=ON, mIsEnabled=true
02-19 02:51:08.067  2557  2990 D PowerManagerService: displayReady: true groupId=0
02-19 02:51:08.129  1554 12945 I sensors-hal: handle_sns_client_event:375, [0][4743074] accel_sample [ 0.732,  0.416,  9.806] 42567739209110
02-19 02:51:08.266  2557  2990 D PowerManagerService: displayReady: false groupId=0
02-19 02:51:08.267  2557  2990 D DisplayPowerController2[0]: animateScreenStateChange: target=ON, mIsEnabled=true
02-19 02:51:08.268  2557  2990 D PowerManagerService: displayReady: true groupId=0
02-19 02:51:08.455  1554 11966 I sensors-hal: handle_sns_client_event:341, [51271] mag_sample_cal(magcal_available:1): ts=42568022313901 ns; cal = [19.028271, -109.410110, 152.798599], uncal = [-61.311726, -226.530106, -62.061401], bias = [-80.339996, -117.119995, -214.860001], status=0
02-19 02:51:08.467  2557  2990 D PowerManagerService: displayReady: false groupId=0
02-19 02:51:08.468  2557  2990 D DisplayPowerController2[0]: animateScreenStateChange: target=ON, mIsEnabled=true
02-19 02:51:08.468  2557  2990 D PowerManagerService: displayReady: true groupId=0
02-19 02:51:08.668  2557  2990 D PowerManagerService: displayReady: false groupId=0
02-19 02:51:08.668  2557  2990 D DisplayPowerController2[0]: animateScreenStateChange: target=ON, mIsEnabled=true
02-19 02:51:08.668  2557  2990 D PowerManagerService: displayReady: true groupId=0
02-19 02:51:08.869  2557  2990 D PowerManagerService: displayReady: false groupId=0
02-19 02:51:08.869  2557  2990 D DisplayPowerController2[0]: animateScreenStateChange: target=ON, mIsEnabled=true
02-19 02:51:08.869  2557  2990 D PowerManagerService: displayReady: true groupId=0
02-19 02:51:08.984  1554 13402 I sensors-hal: handle_sns_std_sensor_event:409, [SSC_LIGHT] P: 15(15),c:16,b:35,m:13,cl:1,l:15,s:0,l0:2688,l1:0,s0:0,s1:0,acl:1,opr:0.27,f(r):87,u(bl):100,if:0,wi:0,si:0,po:0(N:0)
02-19 02:51:09.070  2557  2990 D PowerManagerService: displayReady: false groupId=0
02-19 02:51:09.070  2557  2990 D DisplayPowerController2[0]: animateScreenStateChange: target=ON, mIsEnabled=true
02-19 02:51:09.070  2557  2990 D PowerManagerService: displayReady: true groupId=0
02-19 02:51:09.271  2557  2990 D PowerManagerService: displayReady: false groupId=0
02-19 02:51:09.271  2557  2990 D DisplayPowerController2[0]: animateScreenStateChange: target=ON, mIsEnabled=true
02-19 02:51:09.272  2557  2990 D PowerManagerService: displayReady: true groupId=0
02-19 02:51:09.304  1554 26706 I sensors-hal: handle_sns_std_sensor_event:90, light_cct: ts = 42568912179631 ns; value = [16, 16, 60, 69, 0, 35, 1, 0, 2720, 0]
02-19 02:51:09.404  1554 29929 I sensors-hal: handle_sns_client_event:422, [0][5320] gyro_sample_cal(cal_available:1)(3) [-0.000, 0.001,-0.000] bias[ 0.002,-0.005,-0.007] 42569004245516
02-19 02:51:09.472  1554 11962 I sensors-hal: handle_sns_std_sensor_event:158, [25640] Pressure 1008.119, cal -0.289, sw_offset 0.000 (lsb(bit) 0x36 0xfd 0x3e)
02-19 02:51:09.472  2557  2990 D PowerManagerService: displayReady: false groupId=0
02-19 02:51:09.472  2557  2990 D DisplayPowerController2[0]: animateScreenStateChange: target=ON, mIsEnabled=true
02-19 02:51:09.473  2557  2990 D PowerManagerService: displayReady: true groupId=0
02-19 02:51:09.505  2557  6950 I ActivityManager: Killing 28476:com.google.android.apps.photos/u0a335 (adj 999): empty #33
02-19 02:51:09.516  2557  4919 D ActivityManager: unpendingScheduleServiceRestart: u=10335, drop=true
02-19 02:51:09.520  1642  1782 I VSyncReactor: Current= 60, Period= 60, Distance= 0
02-19 02:51:09.522  2557  4917 D FreecessController: UFZ : com.google.android.apps.photos(10335) [28476] reason: Signal
02-19 02:51:09.526  2557  4943 W LocationManagerService: onFreezeStateChanged, uid[10335]=false
02-19 02:51:09.526  2557  4943 I PowerManagerService: [PWL] SetWakeLockEnableDisable uid = 10335 , disable= false
02-19 02:51:09.526  2557  4943 I PowerManagerService: [PWL] can not change uid =  10335
02-19 02:51:09.536  1642  1782 I VSyncReactor: Current= 60, Period= 60, Distance= 60
02-19 02:51:09.580  2557  2940 I libprocessgroup: Removed cgroup /sys/fs/cgroup/uid_10335/pid_28476
02-19 02:51:09.580  1478  1478 I Zygote  : Process 28476 exited due to signal 9 (Killed)
02-19 02:51:09.581  2557  3662 D ConnectivityService: releasing NetworkRequest [ REQUEST id=8107, [ Capabilities: INTERNET&NOT_RESTRICTED&TRUSTED&NOT_VCN_MANAGED&NOT_BANDWIDTH_CONSTRAINED Uid: 10335 RequestorUid: 10335 RequestorPkg: com.google.android.apps.photos UnderlyingNetworks: Null] ] (release request)
02-19 02:51:09.581  2557  3662 D ConnectivityService:  Removing from current network [105 WIFI], leaving 259 requests.
02-19 02:51:09.584  2557  2906 D DisplayManagerService: Drop pending events for gone uid 10335
02-19 02:51:09.672  2557  2990 D PowerManagerService: displayReady: false groupId=0
02-19 02:51:09.673  2557  2990 D DisplayPowerController2[0]: animateScreenStateChange: target=ON, mIsEnabled=true
02-19 02:51:09.673  2557  2990 D PowerManagerService: displayReady: true groupId=0
02-19 02:51:09.722  6075  6097 W gle.android.gms: ApkAssets: Deleting an ApkAssets object '<empty> and /data/app/~~24gwApSRouhwWrs_jgYCCw==/com.sikwin.app-U53USrCxYZqrHFAggWyjUQ==/base.apk' with 1 weak references
02-19 02:51:09.875  2557  2990 D PowerManagerService: displayReady: false groupId=0
02-19 02:51:09.876  2557  2990 D DisplayPowerController2[0]: animateScreenStateChange: target=ON, mIsEnabled=true
02-19 02:51:09.877  2557  2990 D PowerManagerService: displayReady: true groupId=0
02-19 02:51:09.902  2557  2743 I system_server: Background concurrent mark compact GC freed 52MB AllocSpace bytes, 56(2084KB) LOS objects, 25% free, 140MB/188MB, paused 1.328ms,4.214ms total 314.459ms
02-19 02:51:09.916  2557  2745 W system_server: ApkAssets: Deleting an ApkAssets object '<empty> and /data/app/~~rdco5neLIugNIiw-5KgI1Q==/com.samsung.knox.securefolder-5vntmj9g38vA1fgszSSL3A==/base.apk' with 1 weak references
02-19 02:51:10.018  1059  1059 D io_stats: !@   8,0 r 9231881 130350864 w 3343470 36763776 d 405881 15868100 f 57686 125512 iot 1533812 0 th 0 0 0 pt 0 inp 0 0 40976.475
02-19 02:51:10.018  1059  1059 D io_stats: !@ Write_top(KB): kworker/u16:2(10071) 2100 .gms.persistent(5356) 12 vendor.samsung.(1596) 8
02-19 02:51:10.075  2557  2990 D PowerManagerService: displayReady: false groupId=0
02-19 02:51:10.076  2557  2990 D DisplayPowerController2[0]: animateScreenStateChange: target=ON, mIsEnabled=true
02-19 02:51:10.076  2557  2990 D PowerManagerService: displayReady: true groupId=0
02-19 02:51:10.130  1554 12945 I sensors-hal: handle_sns_client_event:375, [0][4744030] accel_sample [ 0.593,  0.455,  9.744] 42569740409474
02-19 02:51:10.152 13495 13634 I TapTracker: 1.3) Sensor update info : 02/19_02:51:10, 0.541 , 0.450, 10.107
02-19 02:51:10.276  2557  2990 D PowerManagerService: displayReady: false groupId=0
02-19 02:51:10.276  2557  2990 D DisplayPowerController2[0]: animateScreenStateChange: target=ON, mIsEnabled=true
02-19 02:51:10.277  2557  2990 D PowerManagerService: displayReady: true groupId=0
02-19 02:51:10.368  2557  5879 D SemWifiUsabilityStatsMonitor: onWifiUsabilityStats - seqNum 12334, isSameBssidAndFreq true
02-19 02:51:10.370  4110  4110 I EPDG -- SIM0 [SMARTWIFI]: isProfiling, hash=168687865, started=true
02-19 02:51:10.370  4110  4110 W Settings: Setting wifi_on has moved from android.provider.Settings.System to android.provider.Settings.Secure, returning read-only value.
02-19 02:51:10.370  4110  4110 W Settings: Setting wifi_on has moved from android.provider.Settings.Secure to android.provider.Settings.Global.
02-19 02:51:10.370  4110  4110 I EPDG -- SIM0 [SMARTWIFI]: isProfiling, hash=168687865, started=true
02-19 02:51:10.371  2557  3662 D ConnectivityService: notifyType CALLBACK_CAP_CHANGED for [105 WIFI]
02-19 02:51:10.371  4110  4110 I EPDG -- SIM0 [SMARTWIFI]: Rssi : -60 highrange : -75 lowrange : -85 mIsRssiInHystersis : false
02-19 02:51:10.372  4110  4110 I EPDG -- SIM0 [SMARTWIFI]: Rssi : -60 highrange : -75 lowrange : -85 mIsRssiInHystersis : false
02-19 02:51:10.372  4110  4110 I EPDG -- SIM0 [SMARTWIFI]: getHandoverThresholdMet: value is: false
02-19 02:51:10.376  2557  3721 D SemWifiApNsd:Client: lpInterface:wlan0
02-19 02:51:10.376  2557  3721 D SemWifiSwitchForIndividualAppsService: stopTCPMonitoring : already stopped
02-19 02:51:10.376  2557  3721 I WifiConnectivityMonitor.NCC: sNetworkCallback(oCC) FULL : 105(valid: true/captive: false)
02-19 02:51:10.377  2557  3795 D SemApeService: Deducted link capacity (M: R=403 T=201) RSSI=-60
02-19 02:51:10.378  2557  3721 I WifiConnectivityMonitor.NCC: [ Transports: WIFI Capabilities: NOT_METERED&INTERNET&NOT_RESTRICTED&TRUSTED&NOT_VPN&VALIDATED&NOT_ROAMING&FOREGROUND&NOT_CONGESTED&NOT_SUSPENDED&NOT_VCN_MANAGED&NOT_BANDWIDTH_CONSTRAINED LinkUpBandwidth>=18986Kbps LinkDnBandwidth>=24435Kbps TransportInfo: <SSID: <unknown ssid>, BSSID: 02:00:00:**:**:00, MAC: 02:00:00:**:**:00, IP: /192.***.*.4, Security type: 2, Supplicant state: COMPLETED, Wi-Fi standard: 11ax, RSSI: -60, Link speed: 288Mbps, Tx Link speed: 288Mbps, Max Supported Tx Link speed: 2401Mbps, Rx Link speed: 576Mbps, Max Supported Rx Link speed: 2401Mbps, Frequency: 5200MHz, Net ID: -1, Metered hint: false, score: 60, isUsable: true, CarrierMerged: false, SubscriptionId: -1, IsPrimary: 1, Trusted: true, Restricted: false, Ephemeral: false, OEM paid: false, OEM private: false, OSU AP: false, FQDN: <none>, Provider friendly name: <none>, Requesting package name: <none><none>MLO Information: , Is TID-To-Link negotiation supported by the AP: false, AP MLD Address: <none>, AP MLO Link Id: <none>, AP MLO Affiliated links: <none>, Vendor Data: <none>> SignalStrength: -60 AdminUids: [1000] SSID: "Airtel_FARM HOUSE" UnderlyingNetworks: Null]
02-19 02:51:10.378  2557  3795 D SemApeService: Deducted link capacity (M: R=403 T=201) on (wlan0) GoogleAPI(M: R=24 T=18) RSSI=-60 isDefault=false isMlo=false
02-19 02:51:10.378  2557  3803 D WifiConnectivityMonitor: HANDLE_ON_CAPABILITIES_CHANGED
02-19 02:51:10.379  2557  3803 I WifiConnectivityMonitor: determineMode : MODE_NON_SWITCHABLE_BY_POOR_NETWORK_DETECTION_DISABLED
02-19 02:51:10.379  2557  3803 D OpenNetworkQos[4.00]: updateBssidNoInternet: mBssidNoInternet = false
02-19 02:51:10.379  2557  3803 D OpenNetworkQos[4.00]: getOpenNetworkQosNoInternetStatus: false
02-19 02:51:10.379  2557  3803 D OpenNetworkQos[4.00]: getOpenNetworkQosScores: 26 26 19 
02-19 02:51:10.380  2557  3803 D KNOX_MDM_SettingsProvider: isChangeAllowed() : name = wifi_wcm_qos_sharing_score_summary
02-19 02:51:10.382  2557  3803 I WifiProfileShare: network QoS data was changed (internet), updateQoSData networkType: true, qosData: false
02-19 02:51:10.382  2557  3792 D SGM:GameManager: identifyGamePackage. com.sec.android.app.launcher, mCurrentUserId: 0, callerUserId: 0, callingMethodInfo: com.samsung.android.game.SemGameManager.isGamePackage(SemGameManager.java:105)
02-19 02:51:10.382  2557  3792 D SGM:SemGameManager: isGamePackage(), pkgName=com.sec.android.app.launcher, ret=false
02-19 02:51:10.383  2557  4952 V WifiProfileShare.Caster: update wips network, size: 0
02-19 02:51:10.383  2557  4952 D WifiProfileShare: nearby scanning settings run
02-19 02:51:10.383  2557  4952 D WifiProfileShare: network score provider settings enabled
02-19 02:51:10.383  2557  4952 D OpenNetworkQos[4.00]: getOpenNetworkQosScores: 26 26 19 
02-19 02:51:10.383  2557  4952 D OpenNetworkQos[4.00]: getOpenNetworkQosNoInternetStatus: false
02-19 02:51:10.384  2557  4952 I WifiProfileShare.Caster: current network type: 0, score: [26, 26, 19]
02-19 02:51:10.384  2557  4952 V WifiProfileShare.Cache: update network score 24:de:8a:**:**:db
02-19 02:51:10.385  2557  4952 D WifiProfileShare.ScanMatcher: getMcfDataList size:2
02-19 02:51:10.385  2557  4952 I WifiProfileShare.Caster: qos data was updated , before:type:QOS, pBssid:a2:05:ff, qosData:7b after:type:QOS, pBssid:a2:05:ff, qosData:7b
02-19 02:51:10.385  3927  4249 D WifiPickerTracker: updateWifiEntries capabilities
02-19 02:51:10.385  2557  4952 I [MCFSDK_android_1.2.27006]_4_McfCasterImpl: isNetworkEnabled - type : 1 ret : true
02-19 02:51:10.386  2557  4952 D WifiProfileShare.McfCast: -ME--- mIsNetworkEnabled :true
02-19 02:51:10.386  2557  4952 D WifiProfileShare.McfCast: updateQoSData ignored, same contents
02-19 02:51:10.386  2557  4952 D WifiProfileShare.MCF: success update QosData !
02-19 02:51:10.386  2557  4952 I [MCFSDK_android_1.2.27006]_4_McfCasterImpl: isNetworkEnabled - type : 1 ret : true
02-19 02:51:10.387  2557  4952 D WifiProfileShare.McfCast: -ME--- mIsNetworkEnabled :true
02-19 02:51:10.387  2557  4952 D WifiProfileShare.McfCast: -ME--- updatePasswordDate pwdData size:2
02-19 02:51:10.388  2557  3721 D SemWifiApTrafficPriority: onCapabilitiesChanged Wifi:wlan0,mGapiValue:24.435Uplink: 18.986
02-19 02:51:10.390  3927  4249 D WifiPickerTracker: update AutoHotspot Entries() : bleAccessPoints -> 0
02-19 02:51:10.391  4229  6066 D txpwrJni: sendNetworkInfo start
02-19 02:51:10.391  4229  6066 D txpwrJni: sendNetworkInfo RatType 0
02-19 02:51:10.392  3927  4249 D WifiPickerTracker: handleNetworkCapabilitiesChanged
02-19 02:51:10.394  8468  9412 I HBD     : i onCapabilitiesChanged network : 105 current network state : wifi 
02-19 02:51:10.395  6667  8109 I BugleRcsEngine: handleMessage processing message:[NOTIFY_UPTIME_IGNORE_STATE_CHANGED] with [non-null]:RcsEngineImpl reference [CONTEXT log_prefix="RcsEngineImpl[DUAL_REG]:[69aab36d-b03c]>Handler" thread_id=122 ]
02-19 02:51:10.397  6667  7765 I BugleRcsEngine: Connected state: [1], networkType: [WIFI] [CONTEXT thread_id=116 ]
02-19 02:51:10.404  6667  8109 I BugleRcsEngine: Rcs is enabled from user settings: true [CONTEXT log_prefix="ProvisioningEngineDataRetriever" thread_id=122 ]
02-19 02:51:10.411 20863 20888 D txpwrJni: sendNetworkInfo start
02-19 02:51:10.411 20863 20888 D txpwrJni: sendNetworkInfo RatType 0
02-19 02:51:10.455  1554 11966 I sensors-hal: handle_sns_client_event:341, [51291] mag_sample_cal(magcal_available:1): ts=42570022313901 ns; cal = [19.305340, -107.842926, 151.569824], uncal = [-61.034657, -224.962921, -63.290180], bias = [-80.339996, -117.119995, -214.860001], status=0
02-19 02:51:10.477  2557  2990 D PowerManagerService: displayReady: false groupId=0
02-19 02:51:10.477  2557  2990 D DisplayPowerController2[0]: animateScreenStateChange: target=ON, mIsEnabled=true
02-19 02:51:10.478  2557  2990 D PowerManagerService: displayReady: true groupId=0
02-19 02:51:10.498  8468  8468 I HBD     : i onCapabilityChanged  setNetworkState currentNetworkState : wifi 
02-19 02:51:10.584  1554  3896 I sensors-hal: handle_sns_std_sensor_event:131, [SSC_LIGHT] A: 17(17),c:16,b:35,m:13,cl:1,l:17,s:0,l0:2848,l1:0,s0:0,s1:0,acl:1,opr:0.27,f(r):87,u(bl):100,if:0,wi:0,si:0,po:0(N:0)
02-19 02:51:10.677  2557  2990 D PowerManagerService: displayReady: false groupId=0
02-19 02:51:10.678  2557  2990 D DisplayPowerController2[0]: animateScreenStateChange: target=ON, mIsEnabled=true
02-19 02:51:10.678  2557  2990 D PowerManagerService: displayReady: true groupId=0
02-19 02:51:10.878  2557  2990 D PowerManagerService: displayReady: false groupId=0
02-19 02:51:10.878  2557  2990 D DisplayPowerController2[0]: animateScreenStateChange: target=ON, mIsEnabled=true
02-19 02:51:10.878  2557  2990 D PowerManagerService: displayReady: true groupId=0
02-19 02:51:10.909  5356 29552 I NearbySharing: Network state changed: NetworkState(isRestricted=false, isOnline=true, isCongested=false, isMetered=false, isWifiConnected=true)
02-19 02:51:11.079  2557  2990 D PowerManagerService: displayReady: false groupId=0
02-19 02:51:11.079  2557  2990 D DisplayPowerController2[0]: animateScreenStateChange: target=ON, mIsEnabled=true
02-19 02:51:11.079  2557  2990 D PowerManagerService: displayReady: true groupId=0
02-19 02:51:11.170  6955  7535 I SDHMS:x : SIOP:: AP:393 BAT:358 USB:328 CHG:422 PA:396 WIFI:384 CF:367 BLK:0 SUBBAT:0 LRPTHM:362 SKIN:370 SKINF:351 SKINB:370 LRP2:370 LRF2:351 LRB2:370 AP2:370 CHG2:367 WIFI2:370 RCV2:344 SPK2:313 FCAM:328 UPSPK:369 DNSPK:327 VAP02:399 VWIFI:390 AMB2:268 AVGCUR:1697 AVGSYS:296 POWER:6813
02-19 02:51:11.173  6955  7066 I SDHMS:N0: p2p-if:: false, , 
02-19 02:51:11.280  2557  2990 D PowerManagerService: displayReady: false groupId=0
02-19 02:51:11.280  2557  2990 D DisplayPowerController2[0]: animateScreenStateChange: target=ON, mIsEnabled=true
02-19 02:51:11.281  2557  2990 D PowerManagerService: displayReady: true groupId=0
02-19 02:51:11.413  1554 29929 I sensors-hal: handle_sns_client_event:422, [0][5416] gyro_sample_cal(cal_available:1)(3) [ 0.000,-0.001,-0.000] bias[ 0.002,-0.005,-0.007] 42571013818120
02-19 02:51:11.471  1554 11962 I sensors-hal: handle_sns_std_sensor_event:158, [25650] Pressure 1008.107, cal -0.289, sw_offset 0.000 (lsb(bit) 0x13 0xfd 0x3e)
02-19 02:51:11.476  1554  3896 I sensors-hal: handle_sns_client_event:190, auto_rotation_debug_2 mode,255, type,1,0 acc,0.737,0.440,9.811, ar,0, ver,12, pedo,1,e,1,i,3
02-19 02:51:11.481  2557  2990 D PowerManagerService: displayReady: false groupId=0
02-19 02:51:11.481  2557  2990 D DisplayPowerController2[0]: animateScreenStateChange: target=ON, mIsEnabled=true
02-19 02:51:11.481  2557  2990 D PowerManagerService: displayReady: true groupId=0
02-19 02:51:11.617  2557  3806 D WifiConnectivityMonitor.NetworkStatsAnalyzer: Backhaul result - RSSI:-60, CE:15, PE:15, TI:19, PTI:19, TW:2, PTW:3, Tx:3, Rx:3, TxS:1, RxS:1, RESULT:true, IC:0, ICT:5, WC:0, WCT:5, R:0, RC:0, IE:0, EC:0
02-19 02:51:11.681  2557  2990 D PowerManagerService: displayReady: false groupId=0
02-19 02:51:11.681  2557  2990 D DisplayPowerController2[0]: animateScreenStateChange: target=ON, mIsEnabled=true
02-19 02:51:11.681  2557  2990 D PowerManagerService: displayReady: true groupId=0
02-19 02:51:11.864  1554 26706 I sensors-hal: handle_sns_std_sensor_event:90, light_cct: ts = 42571472184422 ns; value = [17, 17, 60, 69, 0, 35, 1, 0, 2880, 0]
02-19 02:51:11.881  2557  2990 D PowerManagerService: displayReady: false groupId=0
02-19 02:51:11.881  2557  2990 D DisplayPowerController2[0]: animateScreenStateChange: target=ON, mIsEnabled=true
02-19 02:51:11.882  2557  2990 D PowerManagerService: displayReady: true groupId=0
02-19 02:51:12.019  1059  1059 D io_stats: !@   8,0 r 9231881 130350864 w 3343476 36763808 d 405881 15868100 f 57686 125512 iot 1533824 0 th 0 0 0 pt 0 inp 0 0 40978.476
02-19 02:51:12.081  2557  2990 D PowerManagerService: displayReady: false groupId=0
02-19 02:51:12.082  2557  2990 D DisplayPowerController2[0]: animateScreenStateChange: target=ON, mIsEnabled=true
02-19 02:51:12.082  2557  2990 D PowerManagerService: displayReady: true groupId=0
02-19 02:51:12.131  1554 12945 I sensors-hal: handle_sns_client_event:375, [0][4744986] accel_sample [ 0.727,  0.431,  9.854] 42571741608276
02-19 02:51:12.283  2557  2990 D PowerManagerService: displayReady: false groupId=0
02-19 02:51:12.283  2557  2990 D DisplayPowerController2[0]: animateScreenStateChange: target=ON, mIsEnabled=true
02-19 02:51:12.284  2557  2990 D PowerManagerService: displayReady: true groupId=0
02-19 02:51:12.379  5356  5356 D BoundBrokerSvc: onUnbind: Intent { act=com.google.android.gms.common.telemetry.service.START dat=chimera-action:/... cmp=com.google.android.gms/.chimera.PersistentApiService }
02-19 02:51:12.455  1554 11966 I sensors-hal: handle_sns_client_event:341, [51311] mag_sample_cal(magcal_available:1): ts=42572022313901 ns; cal = [18.123455, -109.669724, 152.177994], uncal = [-62.216541, -226.789719, -62.682007], bias = [-80.339996, -117.119995, -214.860001], status=0
02-19 02:51:12.483  2557  2990 D PowerManagerService: displayReady: false groupId=0
02-19 02:51:12.483  2557  2990 D DisplayPowerController2[0]: animateScreenStateChange: target=ON, mIsEnabled=true
02-19 02:51:12.484  2557  2990 D PowerManagerService: displayReady: true groupId=0
02-19 02:51:12.498  2557  3792 I BatteryService_BatteryPropertiesRegistrar: [getProperty]id:6
02-19 02:51:12.498  2557  3792 I BatteryService_BatteryPropertiesRegistrar: [getProperty]prop.long:-9223372036854775808 ,prop.string:null
02-19 02:51:12.500  2557  3792 I BatteryService_BatteryPropertiesRegistrar: [getProperty]id:4
02-19 02:51:12.501  2557  3792 I BatteryService_BatteryPropertiesRegistrar: [getProperty]prop.long:-9223372036854775808 ,prop.string:null
02-19 02:51:12.502  2557  3792 I SemWifiIntelligentConnectionManager: IWH Tr. cond. check: 7sCpQVGsQT / true / 1 / true / 1 / false / 1099 / 100
02-19 02:51:12.502  2557  3792 I BatteryService_BatteryPropertiesRegistrar: [getProperty]id:6
02-19 02:51:12.502  2557  3792 I BatteryService_BatteryPropertiesRegistrar: [getProperty]prop.long:-9223372036854775808 ,prop.string:null
02-19 02:51:12.503  2557  3792 I BatteryService_BatteryPropertiesRegistrar: [getProperty]id:4
02-19 02:51:12.503  2557  3792 I BatteryService_BatteryPropertiesRegistrar: [getProperty]prop.long:-9223372036854775808 ,prop.string:null
02-19 02:51:12.504  1554 13402 I sensors-hal: handle_sns_std_sensor_event:409, [SSC_LIGHT] P: 16(16),c:16,b:35,m:13,cl:1,l:16,s:0,l0:2816,l1:0,s0:0,s1:0,acl:1,opr:0.27,f(r):87,u(bl):100,if:0,wi:0,si:0,po:0(N:0)
02-19 02:51:12.683  2557  2990 D PowerManagerService: displayReady: false groupId=0
02-19 02:51:12.683  2557  2990 D DisplayPowerController2[0]: animateScreenStateChange: target=ON, mIsEnabled=true
02-19 02:51:12.684  2557  2990 D PowerManagerService: displayReady: true groupId=0
02-19 02:51:12.883  2557  2990 D PowerManagerService: displayReady: false groupId=0
02-19 02:51:12.884  2557  2990 D DisplayPowerController2[0]: animateScreenStateChange: target=ON, mIsEnabled=true
02-19 02:51:12.884  2557  2990 D PowerManagerService: displayReady: true groupId=0
02-19 02:51:13.084  2557  2990 D PowerManagerService: displayReady: false groupId=0
02-19 02:51:13.084  2557  2990 D DisplayPowerController2[0]: animateScreenStateChange: target=ON, mIsEnabled=true
02-19 02:51:13.084  2557  2990 D PowerManagerService: displayReady: true groupId=0
02-19 02:51:13.285  2557  2990 D PowerManagerService: displayReady: false groupId=0
02-19 02:51:13.285  2557  2990 D DisplayPowerController2[0]: animateScreenStateChange: target=ON, mIsEnabled=true
02-19 02:51:13.285  2557  2990 D PowerManagerService: displayReady: true groupId=0
02-19 02:51:13.402  1554 29929 I sensors-hal: handle_sns_client_event:422, [0][5511] gyro_sample_cal(cal_available:1)(3) [ 0.001, 0.000,-0.000] bias[ 0.002,-0.005,-0.007] 42573002455933
02-19 02:51:13.404  2557  5879 D SemWifiUsabilityStatsMonitor: onWifiUsabilityStats - seqNum 12335, isSameBssidAndFreq true
02-19 02:51:13.420  2557  3792 D SGM:GameManager: identifyGamePackage. com.sec.android.app.launcher, mCurrentUserId: 0, callerUserId: 0, callingMethodInfo: com.samsung.android.game.SemGameManager.isGamePackage(SemGameManager.java:105)
02-19 02:51:13.420  2557  3792 D SGM:SemGameManager: isGamePackage(), pkgName=com.sec.android.app.launcher, ret=false
02-19 02:51:13.472  1554 11962 I sensors-hal: handle_sns_std_sensor_event:158, [25660] Pressure 1008.113, cal -0.289, sw_offset 0.000 (lsb(bit) 0x24 0xfd 0x3e)
02-19 02:51:13.485  2557  2990 D PowerManagerService: displayReady: false groupId=0
02-19 02:51:13.486  2557  2990 D DisplayPowerController2[0]: animateScreenStateChange: target=ON, mIsEnabled=true
02-19 02:51:13.486  2557  2990 D PowerManagerService: displayReady: true groupId=0
02-19 02:51:13.605 13495 13634 I TapTracker: 1.3)Thread operation monitoring ::: 02/19_02:51:13
02-19 02:51:13.685  2557  2990 D PowerManagerService: displayReady: false groupId=0
02-19 02:51:13.685  2557  2990 D DisplayPowerController2[0]: animateScreenStateChange: target=ON, mIsEnabled=true
02-19 02:51:13.686  2557  2990 D PowerManagerService: displayReady: true groupId=0
02-19 02:51:13.885  2557  2990 D PowerManagerService: displayReady: false groupId=0
02-19 02:51:13.885  2557  2990 D DisplayPowerController2[0]: animateScreenStateChange: target=ON, mIsEnabled=true
02-19 02:51:13.886  2557  2990 D PowerManagerService: displayReady: true groupId=0
02-19 02:51:14.019  2557  2964 D BatteryExternalStatsWorker: update stats : procstate-change (10)
02-19 02:51:14.019  2557  2964 D BatteryExternalStatsWorker: Fetch WiFi data
02-19 02:51:14.019  2557  2964 D BatteryExternalStatsWorker: Update Rail Energy data
02-19 02:51:14.020  2557  2964 D BatteryExternalStatsWorker: Fetch Bluetooth data
02-19 02:51:14.022  1059  1059 D io_stats: !@   8,0 r 9231882 130350868 w 3343516 36764244 d 405881 15868100 f 57686 125512 iot 1533832 0 th 0 0 0 pt 0 inp 0 0 40980.478
02-19 02:51:14.022  1059  1059 D io_stats: !@ Read_top(KB): android.vending(15172) 4
02-19 02:51:14.023  1059  1059 D io_stats: !@ Write_top(KB): kworker/u16:0(27298) 436 sait.sohservice(29529) 32
02-19 02:51:14.024  2557  6897 W BatteryExternalStatsWorker: error reading Bluetooth stats: 11
02-19 02:51:14.045  2557  2964 D BatteryExternalStatsWorker: mStats lock released
02-19 02:51:14.064  2557  2964 D BatteryStatsImpl: NetworkStats size(wifi): 466
02-19 02:51:14.070  2557  2964 D BatteryExternalStatsWorker: Update wifi state
02-19 02:51:14.071  2557  2964 D BatteryExternalStatsWorker: done updateExternalStatsLocked
02-19 02:51:14.085  2557  2990 D PowerManagerService: displayReady: false groupId=0
02-19 02:51:14.086  2557  2990 D DisplayPowerController2[0]: animateScreenStateChange: target=ON, mIsEnabled=true
02-19 02:51:14.086  2557  2990 D PowerManagerService: displayReady: true groupId=0
02-19 02:51:14.133  1554 12945 I sensors-hal: handle_sns_client_event:375, [0][4745942] accel_sample [ 0.742,  0.426,  9.815] 42573742805256
02-19 02:51:14.134  5356  5356 D BoundBrokerSvc: onUnbind: Intent { act=com.google.android.gms.libs.gmscorelogger.service.START dat=chimera-action:/... cmp=com.google.android.gms/.chimera.PersistentDirectBootAwareApiService }
02-19 02:51:14.286  2557  2990 D PowerManagerService: displayReady: false groupId=0
02-19 02:51:14.286  2557  2990 D DisplayPowerController2[0]: animateScreenStateChange: target=ON, mIsEnabled=true
02-19 02:51:14.286  2557  2990 D PowerManagerService: displayReady: true groupId=0
02-19 02:51:14.424  1554 26706 I sensors-hal: handle_sns_std_sensor_event:90, light_cct: ts = 42574032183537 ns; value = [16, 16, 60, 69, 0, 35, 1, 0, 2720, 0]
02-19 02:51:14.455  1554 11966 I sensors-hal: handle_sns_client_event:341, [51331] mag_sample_cal(magcal_available:1): ts=42574022313901 ns; cal = [19.019615, -108.341217, 152.553436], uncal = [-61.320381, -225.461212, -62.306572], bias = [-80.339996, -117.119995, -214.860001], status=0
02-19 02:51:14.487  2557  2990 D PowerManagerService: displayReady: false groupId=0
02-19 02:51:14.487  2557  2990 D DisplayPowerController2[0]: animateScreenStateChange: target=ON, mIsEnabled=true
02-19 02:51:14.487  2557  2990 D PowerManagerService: displayReady: true groupId=0
02-19 02:51:14.531  2557  3662 D InetDiagMessage: Destroyed 0 sockets, proto=IPPROTO_TCP, family=AF_INET, states=14
02-19 02:51:14.535  2557  3662 D InetDiagMessage: Destroyed 0 sockets, proto=IPPROTO_TCP, family=AF_INET6, states=14
02-19 02:51:14.536  2557  3662 D InetDiagMessage: Destroyed live tcp sockets for uids={10116} in 8ms
02-19 02:51:14.540  2557  3662 D InetDiagMessage: Destroyed 0 sockets, proto=IPPROTO_TCP, family=AF_INET, states=14
02-19 02:51:14.543  2557  3662 D InetDiagMessage: Destroyed 0 sockets, proto=IPPROTO_TCP, family=AF_INET6, states=14
02-19 02:51:14.543  2557  3662 D InetDiagMessage: Destroyed live tcp sockets for uids={20116} in 7ms
02-19 02:51:14.687  2557  2990 D PowerManagerService: displayReady: false groupId=0
02-19 02:51:14.688  2557  2990 D DisplayPowerController2[0]: animateScreenStateChange: target=ON, mIsEnabled=true
02-19 02:51:14.688  2557  2990 D PowerManagerService: displayReady: true groupId=0
02-19 02:51:14.848  1642  1782 I VSyncReactor: Current= 60, Period= 60, Distance= 0
02-19 02:51:14.865  1642  1782 I VSyncReactor: Current= 60, Period= 60, Distance= 60
02-19 02:51:14.889  2557  2990 D PowerManagerService: displayReady: false groupId=0
02-19 02:51:14.890  2557  2990 D DisplayPowerController2[0]: animateScreenStateChange: target=ON, mIsEnabled=true
02-19 02:51:14.890  2557  2990 D PowerManagerService: displayReady: true groupId=0
02-19 02:51:15.070  2557  2915 E Watchdog: !@Sync: 1366 heap(MB): 145 / 188 FD: 1371 [2026-02-19 02:51:15.069]
02-19 02:51:15.090  2557  2990 D PowerManagerService: displayReady: false groupId=0
02-19 02:51:15.091  2557  2990 D DisplayPowerController2[0]: animateScreenStateChange: target=ON, mIsEnabled=true
02-19 02:51:15.092  2557  2990 D PowerManagerService: displayReady: true groupId=0
02-19 02:51:15.291  2557  2990 D PowerManagerService: displayReady: false groupId=0
02-19 02:51:15.291  2557  2990 D DisplayPowerController2[0]: animateScreenStateChange: target=ON, mIsEnabled=true
02-19 02:51:15.291  2557  2990 D PowerManagerService: displayReady: true groupId=0
02-19 02:51:15.387 13495 13634 I TapTracker: 1.3) Sensor update info : 02/19_02:51:15, 0.732 , 0.431, 9.844
02-19 02:51:15.412  1554 29929 I sensors-hal: handle_sns_client_event:422, [0][5607] gyro_sample_cal(cal_available:1)(3) [ 0.000,-0.000,-0.000] bias[ 0.002,-0.005,-0.007] 42575012024891
02-19 02:51:15.431  3880  3880 I wpa_supplicant: Heartbeat 4179
02-19 02:51:15.472  1554 11962 I sensors-hal: handle_sns_std_sensor_event:158, [25670] Pressure 1008.113, cal -0.289, sw_offset 0.000 (lsb(bit) 0x37 0xfd 0x3e)
02-19 02:51:15.492  2557  2990 D PowerManagerService: displayReady: false groupId=0
02-19 02:51:15.492  2557  2990 D DisplayPowerController2[0]: animateScreenStateChange: target=ON, mIsEnabled=true
02-19 02:51:15.493  2557  2990 D PowerManagerService: displayReady: true groupId=0
02-19 02:51:15.693  2557  2990 D PowerManagerService: displayReady: false groupId=0
02-19 02:51:15.693  2557  2990 D DisplayPowerController2[0]: animateScreenStateChange: target=ON, mIsEnabled=true
02-19 02:51:15.694  2557  2990 D PowerManagerService: displayReady: true groupId=0
02-19 02:51:15.895  2557  2990 D PowerManagerService: displayReady: false groupId=0
02-19 02:51:15.895  2557  2990 D DisplayPowerController2[0]: animateScreenStateChange: target=ON, mIsEnabled=true
02-19 02:51:15.895  2557  2990 D PowerManagerService: displayReady: true groupId=0
02-19 02:51:16.097  2557  2990 D PowerManagerService: displayReady: false groupId=0
02-19 02:51:16.097  2557  2990 D DisplayPowerController2[0]: animateScreenStateChange: target=ON, mIsEnabled=true
02-19 02:51:16.098  2557  2990 D PowerManagerService: displayReady: true groupId=0
02-19 02:51:16.134  1554 12945 I sensors-hal: handle_sns_client_event:375, [0][4746898] accel_sample [ 0.761,  0.412,  9.835] 42575744000256
02-19 02:51:16.297  2557  2990 D PowerManagerService: displayReady: false groupId=0
02-19 02:51:16.298  2557  2990 D DisplayPowerController2[0]: animateScreenStateChange: target=ON, mIsEnabled=true
02-19 02:51:16.298  2557  2990 D PowerManagerService: displayReady: true groupId=0
02-19 02:51:16.438  2557  5879 D SemWifiUsabilityStatsMonitor: onWifiUsabilityStats - seqNum 12336, isSameBssidAndFreq true
02-19 02:51:16.440  4110  4110 I EPDG -- SIM0 [SMARTWIFI]: isProfiling, hash=168687865, started=true
02-19 02:51:16.440  4110  4110 W Settings: Setting wifi_on has moved from android.provider.Settings.System to android.provider.Settings.Secure, returning read-only value.
02-19 02:51:16.440  4110  4110 W Settings: Setting wifi_on has moved from android.provider.Settings.Secure to android.provider.Settings.Global.
02-19 02:51:16.440  4110  4110 I EPDG -- SIM0 [SMARTWIFI]: isProfiling, hash=168687865, started=true
02-19 02:51:16.441  2557  3662 D ConnectivityService: notifyType CALLBACK_CAP_CHANGED for [105 WIFI]
02-19 02:51:16.441  4110  4110 I EPDG -- SIM0 [SMARTWIFI]: Rssi : -59 highrange : -75 lowrange : -85 mIsRssiInHystersis : false
02-19 02:51:16.441  4110  4110 I EPDG -- SIM0 [SMARTWIFI]: Rssi : -59 highrange : -75 lowrange : -85 mIsRssiInHystersis : false
02-19 02:51:16.441  4110  4110 I EPDG -- SIM0 [SMARTWIFI]: getHandoverThresholdMet: value is: false
02-19 02:51:16.449  2557  3721 D SemWifiApNsd:Client: lpInterface:wlan0
02-19 02:51:16.449  2557  3721 D SemWifiSwitchForIndividualAppsService: stopTCPMonitoring : already stopped
02-19 02:51:16.450  2557  3721 I WifiConnectivityMonitor.NCC: sNetworkCallback(oCC) FULL : 105(valid: true/captive: false)
02-19 02:51:16.450  2557  3795 D SemApeService: Deducted link capacity (M: R=403 T=302) RSSI=-59
02-19 02:51:16.450  2557  3795 D SemApeService: Deducted link capacity (M: R=403 T=302) on (wlan0) GoogleAPI(M: R=24 T=18) RSSI=-59 isDefault=false isMlo=false
02-19 02:51:16.450  2557  3721 I WifiConnectivityMonitor.NCC: [ Transports: WIFI Capabilities: NOT_METERED&INTERNET&NOT_RESTRICTED&TRUSTED&NOT_VPN&VALIDATED&NOT_ROAMING&FOREGROUND&NOT_CONGESTED&NOT_SUSPENDED&NOT_VCN_MANAGED&NOT_BANDWIDTH_CONSTRAINED LinkUpBandwidth>=18986Kbps LinkDnBandwidth>=24435Kbps TransportInfo: <SSID: <unknown ssid>, BSSID: 02:00:00:**:**:00, MAC: 02:00:00:**:**:00, IP: /192.***.*.4, Security type: 2, Supplicant state: COMPLETED, Wi-Fi standard: 11ax, RSSI: -59, Link speed: 432Mbps, Tx Link speed: 432Mbps, Max Supported Tx Link speed: 2401Mbps, Rx Link speed: 576Mbps, Max Supported Rx Link speed: 2401Mbps, Frequency: 5200MHz, Net ID: -1, Metered hint: false, score: 60, isUsable: true, CarrierMerged: false, SubscriptionId: -1, IsPrimary: 1, Trusted: true, Restricted: false, Ephemeral: false, OEM paid: false, OEM private: false, OSU AP: false, FQDN: <none>, Provider friendly name: <none>, Requesting package name: <none><none>MLO Information: , Is TID-To-Link negotiation supported by the AP: false, AP MLD Address: <none>, AP MLO Link Id: <none>, AP MLO Affiliated links: <none>, Vendor Data: <none>> SignalStrength: -59 AdminUids: [1000] SSID: "Airtel_FARM HOUSE" UnderlyingNetworks: Null]
02-19 02:51:16.451  2557  3803 D WifiConnectivityMonitor: HANDLE_ON_CAPABILITIES_CHANGED
02-19 02:51:16.451  2557  3803 I WifiConnectivityMonitor: determineMode : MODE_NON_SWITCHABLE_BY_POOR_NETWORK_DETECTION_DISABLED
02-19 02:51:16.452  2557  3803 D OpenNetworkQos[4.00]: updateBssidNoInternet: mBssidNoInternet = false
02-19 02:51:16.452  2557  3803 D OpenNetworkQos[4.00]: getOpenNetworkQosNoInternetStatus: false
02-19 02:51:16.452  2557  3803 D OpenNetworkQos[4.00]: getOpenNetworkQosScores: 26 26 19 
02-19 02:51:16.453  2557  3803 D KNOX_MDM_SettingsProvider: isChangeAllowed() : name = wifi_wcm_qos_sharing_score_summary
02-19 02:51:16.453  2557  3803 I WifiProfileShare: network QoS data was changed (internet), updateQoSData networkType: true, qosData: false
02-19 02:51:16.454  2557  3792 D SGM:GameManager: identifyGamePackage. com.sec.android.app.launcher, mCurrentUserId: 0, callerUserId: 0, callingMethodInfo: com.samsung.android.game.SemGameManager.isGamePackage(SemGameManager.java:105)
02-19 02:51:16.454  2557  3792 D SGM:SemGameManager: isGamePackage(), pkgName=com.sec.android.app.launcher, ret=false
02-19 02:51:16.454  2557  4952 V WifiProfileShare.Caster: update wips network, size: 0
02-19 02:51:16.455  2557  4952 D WifiProfileShare: nearby scanning settings run
02-19 02:51:16.455  2557  4952 D WifiProfileShare: network score provider settings enabled
02-19 02:51:16.455  2557  4952 D OpenNetworkQos[4.00]: getOpenNetworkQosScores: 26 26 19 
02-19 02:51:16.455  1554 11966 I sensors-hal: handle_sns_client_event:341, [51351] mag_sample_cal(magcal_available:1): ts=42576022313901 ns; cal = [19.254951, -108.903442, 152.284042], uncal = [-61.085045, -226.023438, -62.575958], bias = [-80.339996, -117.119995, -214.860001], status=0
02-19 02:51:16.455  2557  4952 D OpenNetworkQos[4.00]: getOpenNetworkQosNoInternetStatus: false
02-19 02:51:16.457  3927  4249 D WifiPickerTracker: updateWifiEntries capabilities
02-19 02:51:16.458  2557  4952 I WifiProfileShare.Caster: current network type: 0, score: [26, 26, 19]
02-19 02:51:16.459  2557  4952 V WifiProfileShare.Cache: update network score 24:de:8a:**:**:db
02-19 02:51:16.459  3927  4249 D WifiPickerTracker: update AutoHotspot Entries() : bleAccessPoints -> 0
02-19 02:51:16.459  3927  4249 D WifiPickerTracker: handleNetworkCapabilitiesChanged
02-19 02:51:16.460  2557  4952 D WifiProfileShare.ScanMatcher: getMcfDataList size:2
02-19 02:51:16.460  2557  4952 I WifiProfileShare.Caster: qos data was updated , before:type:QOS, pBssid:a2:05:ff, qosData:7b after:type:QOS, pBssid:a2:05:ff, qosData:7b
02-19 02:51:16.461  8468  9412 I HBD     : i onCapabilitiesChanged network : 105 current network state : wifi 
02-19 02:51:16.463  6667  7765 I BugleRcsEngine: Connected state: [1], networkType: [WIFI] [CONTEXT thread_id=116 ]
02-19 02:51:16.463  6667  8109 I BugleRcsEngine: handleMessage processing message:[NOTIFY_UPTIME_IGNORE_STATE_CHANGED] with [non-null]:RcsEngineImpl reference [CONTEXT log_prefix="RcsEngineImpl[DUAL_REG]:[69aab36d-b03c]>Handler" thread_id=122 ]
02-19 02:51:16.463  4229  6066 D txpwrJni: sendNetworkInfo start
02-19 02:51:16.464  4229  6066 D txpwrJni: sendNetworkInfo RatType 0
02-19 02:51:16.465  2557  4952 I [MCFSDK_android_1.2.27006]_4_McfCasterImpl: isNetworkEnabled - type : 1 ret : true
02-19 02:51:16.465  2557  4952 D WifiProfileShare.McfCast: -ME--- mIsNetworkEnabled :true
02-19 02:51:16.465  2557  4952 D WifiProfileShare.McfCast: updateQoSData ignored, same contents
02-19 02:51:16.465  2557  4952 D WifiProfileShare.MCF: success update QosData !
02-19 02:51:16.465  2557  4952 I [MCFSDK_android_1.2.27006]_4_McfCasterImpl: isNetworkEnabled - type : 1 ret : true
02-19 02:51:16.466  2557  4952 D WifiProfileShare.McfCast: -ME--- mIsNetworkEnabled :true
02-19 02:51:16.466  2557  4952 D WifiProfileShare.McfCast: -ME--- updatePasswordDate pwdData size:2
02-19 02:51:16.467  5356  5356 D BoundBrokerSvc: onRebind: Intent { act=com.google.android.gms.common.telemetry.service.START dat=chimera-action:/... cmp=com.google.android.gms/.chimera.PersistentApiService }
02-19 02:51:16.473  2557  3721 D SemWifiApTrafficPriority: onCapabilitiesChanged Wifi:wlan0,mGapiValue:24.435Uplink: 18.986
02-19 02:51:16.477  6667  8109 I BugleRcsEngine: Rcs is enabled from user settings: true [CONTEXT log_prefix="ProvisioningEngineDataRetriever" thread_id=122 ]
02-19 02:51:16.484 20863 20888 D txpwrJni: sendNetworkInfo start
02-19 02:51:16.484 20863 20888 D txpwrJni: sendNetworkInfo RatType 0
02-19 02:51:16.497  2557  2990 D PowerManagerService: displayReady: false groupId=0
02-19 02:51:16.498  2557  2990 D DisplayPowerController2[0]: animateScreenStateChange: target=ON, mIsEnabled=true
02-19 02:51:16.498  2557  2990 D PowerManagerService: displayReady: true groupId=0
02-19 02:51:16.564  8468  8468 I HBD     : i onCapabilityChanged  setNetworkState currentNetworkState : wifi 
02-19 02:51:16.700  2557  2990 D PowerManagerService: displayReady: false groupId=0
02-19 02:51:16.700  2557  2990 D DisplayPowerController2[0]: animateScreenStateChange: target=ON, mIsEnabled=true
02-19 02:51:16.700  2557  2990 D PowerManagerService: displayReady: true groupId=0
02-19 02:51:16.824  1554 13402 I sensors-hal: handle_sns_std_sensor_event:409, [SSC_LIGHT] P: 14(14),c:16,b:35,m:13,cl:1,l:14,s:0,l0:2560,l1:0,s0:0,s1:0,acl:1,opr:0.27,f(r):87,u(bl):100,if:0,wi:0,si:0,po:0(N:0)
02-19 02:51:16.824  1554  3896 I sensors-hal: handle_sns_std_sensor_event:131, [SSC_LIGHT] A: 14(14),c:16,b:35,m:13,cl:1,l:14,s:0,l0:2560,l1:0,s0:0,s1:0,acl:1,opr:0.27,f(r):87,u(bl):100,if:0,wi:0,si:0,po:0(N:0)
02-19 02:51:16.900  2557  2990 D PowerManagerService: displayReady: false groupId=0
02-19 02:51:16.900  2557  2990 D DisplayPowerController2[0]: animateScreenStateChange: target=ON, mIsEnabled=true
02-19 02:51:16.901  2557  2990 D PowerManagerService: displayReady: true groupId=0
02-19 02:51:16.968  5356 29552 I NearbySharing: Network state changed: NetworkState(isRestricted=false, isOnline=true, isCongested=false, isMetered=false, isWifiConnected=true)
02-19 02:51:16.984  1554 26706 I sensors-hal: handle_sns_std_sensor_event:90, light_cct: ts = 42576592169891 ns; value = [15, 15, 60, 69, 0, 35, 1, 0, 2592, 0]
02-19 02:51:17.101  2557  2990 D PowerManagerService: displayReady: false groupId=0
02-19 02:51:17.101  2557  2990 D DisplayPowerController2[0]: animateScreenStateChange: target=ON, mIsEnabled=true
02-19 02:51:17.102  2557  2990 D PowerManagerService: displayReady: true groupId=0
02-19 02:51:17.302  2557  2990 D PowerManagerService: displayReady: false groupId=0
02-19 02:51:17.302  2557  2990 D DisplayPowerController2[0]: animateScreenStateChange: target=ON, mIsEnabled=true
02-19 02:51:17.302  2557  2990 D PowerManagerService: displayReady: true groupId=0
02-19 02:51:17.400  1554 29929 I sensors-hal: handle_sns_client_event:422, [0][5702] gyro_sample_cal(cal_available:1)(3) [-0.001, 0.002,-0.001] bias[ 0.002,-0.005,-0.007] 42577000658954
02-19 02:51:17.472  1554 11962 I sensors-hal: handle_sns_std_sensor_event:158, [25680] Pressure 1008.112, cal -0.289, sw_offset 0.000 (lsb(bit) 0x1f 0xfd 0x3e)
02-19 02:51:17.502  2557  2990 D PowerManagerService: displayReady: false groupId=0
02-19 02:51:17.503  2557  2990 D DisplayPowerController2[0]: animateScreenStateChange: target=ON, mIsEnabled=true
02-19 02:51:17.503  2557  2990 D PowerManagerService: displayReady: true groupId=0
02-19 02:51:17.704  2557  2990 D PowerManagerService: displayReady: false groupId=0
02-19 02:51:17.704  2557  2990 D DisplayPowerController2[0]: animateScreenStateChange: target=ON, mIsEnabled=true
02-19 02:51:17.704  2557  2990 D PowerManagerService: displayReady: true groupId=0
02-19 02:51:17.905  2557  2990 D PowerManagerService: displayReady: false groupId=0
02-19 02:51:17.905  2557  2990 D DisplayPowerController2[0]: animateScreenStateChange: target=ON, mIsEnabled=true
02-19 02:51:17.905  2557  2990 D PowerManagerService: displayReady: true groupId=0
02-19 02:51:17.993  6955  6955 I SDHMS:LOAD: type: LoadsFreqs, value: 0:0:0:672000:672000:672000:715776:3148800:499200:231:231:231
02-19 02:51:18.056  1635  1652 D HeatmapThread: wait_for_battery_event : occured : change@/devices/platform/samsung_mobile_device/samsung_mobile_device:battery/power_supply/battery 
02-19 02:51:18.056  1635  1652 I HeatmapThread: Heatmap battery event
02-19 02:51:18.057  1635  1652 D HeatmapThread: !@ batteryplugType : 2
02-19 02:51:18.057  1635  1652 D HeatmapThread: !@ batteryLevel : 54  batteryTemperature : 358 
02-19 02:51:18.057  1635  1652 D HeatmapThread: !@ Heatmap currtime: 29524161
02-19 02:51:18.057  1635  1652 D HeatmapThread: !@ Heatmap prevtime: 29524145
02-19 02:51:18.057  1635  1652 D HeatmapThread: !@ Heatmap plugstarttime: 29524147
02-19 02:51:18.062  2557  6678 D [SS]BattFunctions: [sendRemainingChargingTimeChangedIntent]remainingChargingTime:2544 ,mLastRemainingChargingTime:2562
02-19 02:51:18.064  1611  1611 I seh_thermal_service: getTemperaturesWithType SehTemperatureType: 3
02-19 02:51:18.064  1596  1596 I sehhealth-service: updateLrpSysfs: write: 370
02-19 02:51:18.065  1596  1742 E BatteryDump: !@new_battery_dump : 4022,1835,1825,3331,54,358,328,419,358,0,373,419,0,Charging,NO_CHARGING,Normal,Good,PDIC,0,Normal,0,0,9300,0x8000,0x10010000,0x0,0,0,0000,0000,ffff0700,0,0,0,0,621,3918,5430,1000,0,
02-19 02:51:18.066  3927  3927 I AODBatteryManager: updateBatteryData: ACTION_BATTERY_CHANGED
02-19 02:51:18.066  3927  3927 I ChargingInfoManager: updateChargingInfo: newState = AOD ChargingInfo [mState=BATTERY_AND_REMAIN_TIME, mIsCharging=true, mIsPlugged=true, mIsFullyCharged=false, mIsBatteryProtectMode=false, mBetteryLevel=54, mBetteryProtectModeType1, mIsSlowChargingfalse], oldState = AOD ChargingInfo [mState=BATTERY_AND_REMAIN_TIME, mIsCharging=true, mIsPlugged=true, mIsFullyCharged=false, mIsBatteryProtectMode=false, mBetteryLevel=54, mBetteryProtectModeType1, mIsSlowChargingfalse]
02-19 02:51:18.067  3927  3927 D PowerUI : Charging time is changed, check charging notification
02-19 02:51:18.068  3927  3927 D PowerUI.Notification: showChargingNotice - oldBatteryLevel : 53 , BatteryLevel : 54 / oldChargingType : 11 , ChargingType : 11 / oldChargingTime : 2562, ChargingTime : 2544 / oldMaximumEnabled : true , MaximumEnabled : true / oldMaximumThreshold : 80 , MaximumThreshold : 80
02-19 02:51:18.070  3927  3927 I NotificationManager: com.android.systemui: notify(2131363874, charging_state, Notification(channel=CHR shortcut=null contentView=null vibrate=null sound=null defaults=0 flags=ONGOING_EVENT|ONLY_ALERT_ONCE color=0x00000000 category=sys groupKey=CHARGING vis=PUBLIC semFlags=0x0 semPriority=0 semMissedCount=0)) as user
02-19 02:51:18.074  2557  6678 W PermissionService: getPermissionFlags: Unknown user -1
02-19 02:51:18.074  2557  6678 W PermissionService: getPermissionFlags: Unknown user -1
02-19 02:51:18.106  2557  2990 D PowerManagerService: displayReady: false groupId=0
02-19 02:51:18.106  2557  2990 D DisplayPowerController2[0]: animateScreenStateChange: target=ON, mIsEnabled=true
02-19 02:51:18.107  2557  2990 D PowerManagerService: displayReady: true groupId=0
02-19 02:51:18.135  1554 12945 I sensors-hal: handle_sns_client_event:375, [0][4747854] accel_sample [ 0.751,  0.445,  9.830] 42577745193433
02-19 02:51:18.281  2557  2557 I Telecom : SamsungTelecomServiceImpl : isInManagedCall - callingPackage : android / callingUser : UserHandle{0} / hasCrossUserAccess : true
02-19 02:51:18.297  2557  4919 D ActivityManager: unpendingScheduleServiceRestart: u=10316, drop=false
02-19 02:51:18.297  4488  8718 I HoneySpace.NotificationListener: onNotificationPosted com.android.systemui: -1|com.android.systemui|2131363874|charging_state|10050: 0
02-19 02:51:18.298  4488  8718 I HoneySpace.NotificationListener: invalid notification: com.android.systemui UserHandle{-1}: canShowBadge is false
02-19 02:51:18.303  2557  4943 W LocationManagerService: onFreezeStateChanged, uid[10316]=false
02-19 02:51:18.303  2557  4943 I PowerManagerService: [PWL] SetWakeLockEnableDisable uid = 10316 , disable= false
02-19 02:51:18.303  2557  4943 I PowerManagerService: [PWL] can not change uid =  10316
02-19 02:51:18.304  2557  4917 D FreecessController: UFZ : com.samsung.android.game.gamehome(10316) [8070] reason: Binder(1)-android.service.notification.INotificatio
02-19 02:51:18.307  2557  2990 D PowerManagerService: displayReady: false groupId=0
02-19 02:51:18.307  2557  2990 D DisplayPowerController2[0]: animateScreenStateChange: target=ON, mIsEnabled=true
02-19 02:51:18.307  2557  2990 D PowerManagerService: displayReady: true groupId=0
02-19 02:51:18.311  1642  1782 I VSyncReactor: Current= 60, Period= 60, Distance= 0
02-19 02:51:18.316  3927  3927 D SubscreenNotificationListCoordinator: onAfterRenderList() isSubScreen = false, pluginLockMode = 0, doNotShowOnCover = false
02-19 02:51:18.317  3927  3927 I LockscreenNotificationIconsOnlyController: onNotificationInfoUpdated 0
02-19 02:51:18.318  3927  3927 I AODNotificationManager: updateNotification() 
02-19 02:51:18.328  1642  1782 I VSyncReactor: Current= 60, Period= 60, Distance= 60
02-19 02:51:18.331  1642  1642 I SurfaceFlinger: SFWD update time=40984788388166
02-19 02:51:18.455  1554 11966 I sensors-hal: handle_sns_client_event:341, [51371] mag_sample_cal(magcal_available:1): ts=42578022313901 ns; cal = [19.418976, -108.764282, 152.394897], uncal = [-60.921021, -225.884277, -62.465096], bias = [-80.339996, -117.119995, -214.860001], status=0
